Archive member included to satisfy reference by file (symbol)

c:/program files/microchip/xc32/v3.01/bin/bin/../../lib/gcc/pic32c/8.3.1/arm/v5te/nofp\libgcc.a(_udivsi3.o)
                              build/sam_9x75_eb/production/_ext/1479096388/plib_dbgu.o (__aeabi_uidiv)
c:/program files/microchip/xc32/v3.01/bin/bin/../../lib/gcc/pic32c/8.3.1/arm/v5te/nofp\libgcc.a(_dvmd_tls.o)
                              c:/program files/microchip/xc32/v3.01/bin/bin/../../lib/gcc/pic32c/8.3.1/arm/v5te/nofp\libgcc.a(_udivsi3.o) (__aeabi_idiv0)
c:/program files/microchip/xc32/v3.01/bin/bin/../../lib/gcc/pic32c/8.3.1/../../../../pic32c/lib/arm/v5te/nofp\libc_nano.a(lib_a-init.o)
                              build/sam_9x75_eb/production/_ext/2080577836/cstartup.o (__libc_init_array)
c:/program files/microchip/xc32/v3.01/bin/bin/../../lib/gcc/pic32c/8.3.1/../../../../pic32c/lib/arm/v5te/nofp\libc_nano.a(lib_a-strlen.o)
                              build/sam_9x75_eb/production/_ext/40865551/sys_console.o (strlen)
c:/program files/microchip/xc32/v3.01/bin/bin/../../lib/gcc/pic32c/8.3.1/../../../../pic32c/lib/arm/v5te/nofp\libc_nano.a(lib_a-vsnprintf.o)
                              build/sam_9x75_eb/production/_ext/40865551/sys_console.o (vsnprintf)
c:/program files/microchip/xc32/v3.01/bin/bin/../../lib/gcc/pic32c/8.3.1/../../../../pic32c/lib/arm/v5te/nofp\libc_nano.a(lib_a-impure.o)
                              c:/program files/microchip/xc32/v3.01/bin/bin/../../lib/gcc/pic32c/8.3.1/../../../../pic32c/lib/arm/v5te/nofp\libc_nano.a(lib_a-vsnprintf.o) (_impure_ptr)
c:/program files/microchip/xc32/v3.01/bin/bin/../../lib/gcc/pic32c/8.3.1/../../../../pic32c/lib/arm/v5te/nofp\libc_nano.a(lib_a-nano-svfprintf.o)
                              c:/program files/microchip/xc32/v3.01/bin/bin/../../lib/gcc/pic32c/8.3.1/../../../../pic32c/lib/arm/v5te/nofp\libc_nano.a(lib_a-vsnprintf.o) (_svfprintf_r)
c:/program files/microchip/xc32/v3.01/bin/bin/../../lib/gcc/pic32c/8.3.1/../../../../pic32c/lib/arm/v5te/nofp\libc_nano.a(lib_a-nano-vfprintf_float.o)
                              c:/program files/microchip/xc32/v3.01/bin/bin/../../lib/gcc/pic32c/8.3.1/../../../../pic32c/lib/arm/v5te/nofp\libc_nano.a(lib_a-nano-svfprintf.o) (_printf_float)
c:/program files/microchip/xc32/v3.01/bin/bin/../../lib/gcc/pic32c/8.3.1/../../../../pic32c/lib/arm/v5te/nofp\libc_nano.a(lib_a-nano-vfprintf_i.o)
                              c:/program files/microchip/xc32/v3.01/bin/bin/../../lib/gcc/pic32c/8.3.1/../../../../pic32c/lib/arm/v5te/nofp\libc_nano.a(lib_a-nano-vfprintf_float.o) (_printf_common)
c:/program files/microchip/xc32/v3.01/bin/bin/../../lib/gcc/pic32c/8.3.1/../../../../pic32c/lib/arm/v5te/nofp\libc_nano.a(lib_a-__ssputs.o)
                              c:/program files/microchip/xc32/v3.01/bin/bin/../../lib/gcc/pic32c/8.3.1/../../../../pic32c/lib/arm/v5te/nofp\libc_nano.a(lib_a-nano-svfprintf.o) (__ssputs_r)
c:/program files/microchip/xc32/v3.01/bin/bin/../../lib/gcc/pic32c/8.3.1/../../../../pic32c/lib/arm/v5te/nofp\libc_nano.a(lib_a-dtoa.o)
                              c:/program files/microchip/xc32/v3.01/bin/bin/../../lib/gcc/pic32c/8.3.1/../../../../pic32c/lib/arm/v5te/nofp\libc_nano.a(lib_a-nano-vfprintf_float.o) (_dtoa_r)
c:/program files/microchip/xc32/v3.01/bin/bin/../../lib/gcc/pic32c/8.3.1/../../../../pic32c/lib/arm/v5te/nofp\libc_nano.a(lib_a-localeconv.o)
                              c:/program files/microchip/xc32/v3.01/bin/bin/../../lib/gcc/pic32c/8.3.1/../../../../pic32c/lib/arm/v5te/nofp\libc_nano.a(lib_a-nano-vfprintf_float.o) (_localeconv_r)
c:/program files/microchip/xc32/v3.01/bin/bin/../../lib/gcc/pic32c/8.3.1/../../../../pic32c/lib/arm/v5te/nofp\libc_nano.a(lib_a-malloc.o)
                              c:/program files/microchip/xc32/v3.01/bin/bin/../../lib/gcc/pic32c/8.3.1/../../../../pic32c/lib/arm/v5te/nofp\libc_nano.a(lib_a-dtoa.o) (malloc)
c:/program files/microchip/xc32/v3.01/bin/bin/../../lib/gcc/pic32c/8.3.1/../../../../pic32c/lib/arm/v5te/nofp\libc_nano.a(lib_a-memchr-stub.o)
                              c:/program files/microchip/xc32/v3.01/bin/bin/../../lib/gcc/pic32c/8.3.1/../../../../pic32c/lib/arm/v5te/nofp\libc_nano.a(lib_a-nano-svfprintf.o) (memchr)
c:/program files/microchip/xc32/v3.01/bin/bin/../../lib/gcc/pic32c/8.3.1/../../../../pic32c/lib/arm/v5te/nofp\libc_nano.a(lib_a-memcpy-stub.o)
                              c:/program files/microchip/xc32/v3.01/bin/bin/../../lib/gcc/pic32c/8.3.1/../../../../pic32c/lib/arm/v5te/nofp\libc_nano.a(lib_a-__ssputs.o) (memcpy)
c:/program files/microchip/xc32/v3.01/bin/bin/../../lib/gcc/pic32c/8.3.1/../../../../pic32c/lib/arm/v5te/nofp\libc_nano.a(lib_a-memmove.o)
                              c:/program files/microchip/xc32/v3.01/bin/bin/../../lib/gcc/pic32c/8.3.1/../../../../pic32c/lib/arm/v5te/nofp\libc_nano.a(lib_a-__ssputs.o) (memmove)
[...]
Memory Configuration

Name             Origin             Length             Attributes
sram             0x00300000         0x00010000         xw
ram              0x21000000         0x0f000000         xwl !r
ram_nocache      0x20000000         0x01000000         !xrw
rom              0x00000000         0x00000000         xrl
*default*        0x00000000         0xffffffff

Linker script and memory map

LOAD c:/program files/microchip/xc32/v3.01/bin/bin/../../lib/gcc/pic32c/8.3.1/arm/v5te/nofp/crti.o
LOAD c:/program files/microchip/xc32/v3.01/bin/bin/../../lib/gcc/pic32c/8.3.1/arm/v5te/nofp/crtbegin.o
LOAD build/sam_9x75_eb/production/_ext/1360937237/main.o
LOAD build/sam_9x75_eb/production/_ext/2080577836/initialization.o
LOAD build/sam_9x75_eb/production/_ext/2080577836/interrupts.o
LOAD build/sam_9x75_eb/production/_ext/400366566/xc32_monitor.o
LOAD build/sam_9x75_eb/production/_ext/601893115/plib_mmu.o
LOAD build/sam_9x75_eb/production/_ext/601902766/plib_clk.o
LOAD build/sam_9x75_eb/production/_ext/601890362/plib_pio.o
LOAD build/sam_9x75_eb/production/_ext/601904789/plib_aic.o
LOAD build/sam_9x75_eb/production/_ext/2080577836/cstartup.o
LOAD build/sam_9x75_eb/production/_ext/2080577836/vectortrap.o
LOAD build/sam_9x75_eb/production/_ext/40865551/sys_console.o
LOAD build/sam_9x75_eb/production/_ext/1479096388/plib_dbgu.o
LOAD build/sam_9x75_eb/production/_ext/40865551/sys_console_uart.o
LOAD build/sam_9x75_eb/production/_ext/626097884/bsp.o
LOAD build/sam_9x75_eb/production/_ext/1219600167/sys_int.o
LOAD build/sam_9x75_eb/production/_ext/1045604261/sys_cache.o
LOAD build/sam_9x75_eb/production/_ext/1360937237/app.o
LOAD build/sam_9x75_eb/production/_ext/2080577836/tasks.o
LOAD build/sam_9x75_eb/production/_ext/352419531/sys_debug.o
                0x00000001                __MPLAB_BUILD = 0x1
                0x00001000                C_STACK_SIZE = 0x1000
                0x00000060                IRQ_STACK_SIZE = 0x60
                0x00000060                FIQ_STACK_SIZE = 0x60
                0x00001000                SVC_STACK_SIZE = 0x1000
                0x00000040                ABT_STACK_SIZE = 0x40
                0x00000040                UND_STACK_SIZE = 0x40

.text           0x23f00000     0x5d14
                0x23f00000                . = ALIGN (0x4)
                [!provide]                PROVIDE (_sfixed = .)
 *(.textEntry)
 .textEntry     0x23f00000      0x10c build/sam_9x75_eb/production/_ext/2080577836/cstartup.o
                0x23f00000                entry
 *(.text .text.* .gnu.linkonce.t.*)
 .text          0x23f0010c       0x6c c:/program files/microchip/xc32/v3.01/bin/bin/../../lib/gcc/pic32c/8.3.1/arm/v5te/nofp/crtbegin.o
 .text.main     0x23f00178       0x14 build/sam_9x75_eb/production/_ext/1360937237/main.o
                0x23f00178                main
 .text.SYS_Initialize
                0x23f0018c       0xc8 build/sam_9x75_eb/production/_ext/2080577836/initialization.o
                0x23f0018c                SYS_Initialize
 .text.DefaultInterruptHandlerForSpurious
                0x23f00254       0x18 build/sam_9x75_eb/production/_ext/2080577836/interrupts.o
                0x23f00254                DefaultInterruptHandlerForSpurious
 .text.icache_InvalidateAll
                0x23f0026c        0xc build/sam_9x75_eb/production/_ext/601893115/plib_mmu.o
                0x23f0026c                icache_InvalidateAll
 .text.icache_Enable
                0x23f00278       0x20 build/sam_9x75_eb/production/_ext/601893115/plib_mmu.o
                0x23f00278                icache_Enable
 .text.dcache_InvalidateAll
                0x23f00298       0x38 build/sam_9x75_eb/production/_ext/601893115/plib_mmu.o
                0x23f00298                dcache_InvalidateAll
 .text.dcache_Enable
                0x23f002d0       0x20 build/sam_9x75_eb/production/_ext/601893115/plib_mmu.o
                0x23f002d0                dcache_Enable
 .text.MMU_Initialize
                0x23f002f0      0x20c build/sam_9x75_eb/production/_ext/601893115/plib_mmu.o
                0x23f002f0                MMU_Initialize
 .text.CLK_Initialize
                0x23f004fc       0xb0 build/sam_9x75_eb/production/_ext/601902766/plib_clk.o
                0x23f004fc                CLK_Initialize
 .text.PIO_Initialize
                0x23f005ac       0xdc build/sam_9x75_eb/production/_ext/601890362/plib_pio.o
                0x23f005ac                PIO_Initialize
 .text.AIC_INT_Initialize
                0x23f00688      0x110 build/sam_9x75_eb/production/_ext/601904789/plib_aic.o
                0x23f00688                AIC_INT_Initialize
 *fill*         0x23f00798        0x8 
 .text          0x23f007a0       0xa0 build/sam_9x75_eb/production/_ext/2080577836/cstartup.o
 .text.SYS_CONSOLE_Initialize
                0x23f00840       0x98 build/sam_9x75_eb/production/_ext/40865551/sys_console.o
                0x23f00840                SYS_CONSOLE_Initialize
 .text.SYS_CONSOLE_Status
                0x23f008d8       0x94 build/sam_9x75_eb/production/_ext/40865551/sys_console.o
                0x23f008d8                SYS_CONSOLE_Status
 .text.SYS_CONSOLE_HandleGet
                0x23f0096c       0x10 build/sam_9x75_eb/production/_ext/40865551/sys_console.o
                0x23f0096c                SYS_CONSOLE_HandleGet
 .text.SYS_CONSOLE_Read
                0x23f0097c       0x5c build/sam_9x75_eb/production/_ext/40865551/sys_console.o
                0x23f0097c                SYS_CONSOLE_Read
 .text.SYS_CONSOLE_ReadFreeBufferCountGet
                0x23f009d8       0x5c build/sam_9x75_eb/production/_ext/40865551/sys_console.o
                0x23f009d8                SYS_CONSOLE_ReadFreeBufferCountGet
 .text.SYS_CONSOLE_ReadCountGet
                0x23f00a34       0x5c build/sam_9x75_eb/production/_ext/40865551/sys_console.o
                0x23f00a34                SYS_CONSOLE_ReadCountGet
 .text.SYS_CONSOLE_Write
                0x23f00a90       0x5c build/sam_9x75_eb/production/_ext/40865551/sys_console.o
                0x23f00a90                SYS_CONSOLE_Write
 .text.SYS_CONSOLE_WriteFreeBufferCountGet
                0x23f00aec       0x5c build/sam_9x75_eb/production/_ext/40865551/sys_console.o
                0x23f00aec                SYS_CONSOLE_WriteFreeBufferCountGet
 .text.SYS_CONSOLE_WriteCountGet
                0x23f00b48       0x5c build/sam_9x75_eb/production/_ext/40865551/sys_console.o
                0x23f00b48                SYS_CONSOLE_WriteCountGet
 .text.SYS_CONSOLE_Print
                0x23f00ba4       0xcc build/sam_9x75_eb/production/_ext/40865551/sys_console.o
                0x23f00ba4                SYS_CONSOLE_Print
 .text.SYS_CONSOLE_Message
                0x23f00c70       0x58 build/sam_9x75_eb/production/_ext/40865551/sys_console.o
                0x23f00c70                SYS_CONSOLE_Message
 .text.DBGU_WritePendingBytesGet
                0x23f00cc8       0x20 build/sam_9x75_eb/production/_ext/1479096388/plib_dbgu.o
 .text.DBGU_Initialize
                0x23f00ce8       0x6c build/sam_9x75_eb/production/_ext/1479096388/plib_dbgu.o
                0x23f00ce8                DBGU_Initialize
 .text.DBGU_Read
                0x23f00d54       0xcc build/sam_9x75_eb/production/_ext/1479096388/plib_dbgu.o
                0x23f00d54                DBGU_Read
 .text.DBGU_ReadCountGet
                0x23f00e20       0x20 build/sam_9x75_eb/production/_ext/1479096388/plib_dbgu.o
                0x23f00e20                DBGU_ReadCountGet
 .text.DBGU_ReadFreeBufferCountGet
                0x23f00e40       0x10 build/sam_9x75_eb/production/_ext/1479096388/plib_dbgu.o
                0x23f00e40                DBGU_ReadFreeBufferCountGet
 .text.DBGU_WriteCountGet
                0x23f00e50        0xc build/sam_9x75_eb/production/_ext/1479096388/plib_dbgu.o
                0x23f00e50                DBGU_WriteCountGet
 .text.DBGU_Write
                0x23f00e5c       0x94 build/sam_9x75_eb/production/_ext/1479096388/plib_dbgu.o
                0x23f00e5c                DBGU_Write
 .text.DBGU_WriteFreeBufferCountGet
                0x23f00ef0       0x14 build/sam_9x75_eb/production/_ext/1479096388/plib_dbgu.o
                0x23f00ef0                DBGU_WriteFreeBufferCountGet
 .text.DBGU_InterruptHandler
                0x23f00f04      0x224 build/sam_9x75_eb/production/_ext/1479096388/plib_dbgu.o
                0x23f00f04                DBGU_InterruptHandler
 .text.Console_UART_Initialize
                0x23f01128       0x28 build/sam_9x75_eb/production/_ext/40865551/sys_console_uart.o
                0x23f01128                Console_UART_Initialize
 .text.Console_UART_Read
                0x23f01150       0x60 build/sam_9x75_eb/production/_ext/40865551/sys_console_uart.o
                0x23f01150                Console_UART_Read
 .text.Console_UART_Flush
                0x23f011b0        0x8 build/sam_9x75_eb/production/_ext/40865551/sys_console_uart.o
                0x23f011b0                Console_UART_Flush
 .text.Console_UART_Status
                0x23f011b8       0x18 build/sam_9x75_eb/production/_ext/40865551/sys_console_uart.o
                0x23f011b8                Console_UART_Status
 .text.Console_UART_Tasks
                0x23f011d0        0x4 build/sam_9x75_eb/production/_ext/40865551/sys_console_uart.o
                0x23f011d0                Console_UART_Tasks
 .text.Console_UART_WriteCountGet
                0x23f011d4       0x54 build/sam_9x75_eb/production/_ext/40865551/sys_console_uart.o
                0x23f011d4                Console_UART_WriteCountGet
 .text.Console_UART_WriteFreeBufferCountGet
                0x23f01228       0x54 build/sam_9x75_eb/production/_ext/40865551/sys_console_uart.o
                0x23f01228                Console_UART_WriteFreeBufferCountGet
 .text.Console_UART_Write
                0x23f0127c       0x60 build/sam_9x75_eb/production/_ext/40865551/sys_console_uart.o
                0x23f0127c                Console_UART_Write
 .text.Console_UART_ReadFreeBufferCountGet
                0x23f012dc       0x54 build/sam_9x75_eb/production/_ext/40865551/sys_console_uart.o
                0x23f012dc                Console_UART_ReadFreeBufferCountGet
 .text.Console_UART_ReadCountGet
                0x23f01330       0x54 build/sam_9x75_eb/production/_ext/40865551/sys_console_uart.o
                0x23f01330                Console_UART_ReadCountGet
 .text.BSP_Initialize
                0x23f01384       0x20 build/sam_9x75_eb/production/_ext/626097884/bsp.o
                0x23f01384                BSP_Initialize
 .text.APP_Initialize
                0x23f013a4       0x14 build/sam_9x75_eb/production/_ext/1360937237/app.o
                0x23f013a4                APP_Initialize
 .text.APP_Tasks
                0x23f013b8      0x2cc build/sam_9x75_eb/production/_ext/1360937237/app.o
                0x23f013b8                APP_Tasks
 .text.SYS_Tasks
                0x23f01684        0xc build/sam_9x75_eb/production/_ext/2080577836/tasks.o
                0x23f01684                SYS_Tasks
 .text.SYS_DEBUG_Initialize
                0x23f01690       0x30 build/sam_9x75_eb/production/_ext/352419531/sys_debug.o
                0x23f01690                SYS_DEBUG_Initialize
 .text.SYS_DEBUG_ConsoleInstanceGet
                0x23f016c0       0x10 build/sam_9x75_eb/production/_ext/352419531/sys_debug.o
                0x23f016c0                SYS_DEBUG_ConsoleInstanceGet
 .text.SYS_DEBUG_ErrorLevelSet
                0x23f016d0       0x10 build/sam_9x75_eb/production/_ext/352419531/sys_debug.o
                0x23f016d0                SYS_DEBUG_ErrorLevelSet
 .text.SYS_DEBUG_ErrorLevelGet
                0x23f016e0       0x10 build/sam_9x75_eb/production/_ext/352419531/sys_debug.o
                0x23f016e0                SYS_DEBUG_ErrorLevelGet
 .text          0x23f016f0      0x20c c:/program files/microchip/xc32/v3.01/bin/bin/../../lib/gcc/pic32c/8.3.1/arm/v5te/nofp\libgcc.a(_udivsi3.o)
                0x23f016f0                __aeabi_uidiv
                0x23f016f0                __udivsi3
                0x23f018dc                __aeabi_uidivmod
 .text          0x23f018fc        0x4 c:/program files/microchip/xc32/v3.01/bin/bin/../../lib/gcc/pic32c/8.3.1/arm/v5te/nofp\libgcc.a(_dvmd_tls.o)
                0x23f018fc                __aeabi_idiv0
                0x23f018fc                __aeabi_ldiv0
 .text.__libc_init_array
                0x23f01900       0x70 c:/program files/microchip/xc32/v3.01/bin/bin/../../lib/gcc/pic32c/8.3.1/../../../../pic32c/lib/arm/v5te/nofp\libc_nano.a(lib_a-init.o)
                0x23f01900                __libc_init_array
 .text          0x23f01970        0xe c:/program files/microchip/xc32/v3.01/bin/bin/../../lib/gcc/pic32c/8.3.1/../../../../pic32c/lib/arm/v5te/nofp\libc_nano.a(lib_a-strlen.o)
                0x23f01970                strlen
 *fill*         0x23f0197e        0x2 
 .text._vsnprintf_r
                0x23f01980       0x84 c:/program files/microchip/xc32/v3.01/bin/bin/../../lib/gcc/pic32c/8.3.1/../../../../pic32c/lib/arm/v5te/nofp\libc_nano.a(lib_a-vsnprintf.o)
                0x23f01980                _vsniprintf_r
                0x23f01980                _vsnprintf_r
 .text.vsnprintf
                0x23f01a04       0x2c c:/program files/microchip/xc32/v3.01/bin/bin/../../lib/gcc/pic32c/8.3.1/../../../../pic32c/lib/arm/v5te/nofp\libc_nano.a(lib_a-vsnprintf.o)
                0x23f01a04                vsniprintf
                0x23f01a04                vsnprintf
 .text._svfprintf_r
                0x23f01a30      0x2fc c:/program files/microchip/xc32/v3.01/bin/bin/../../lib/gcc/pic32c/8.3.1/../../../../pic32c/lib/arm/v5te/nofp\libc_nano.a(lib_a-nano-svfprintf.o)
                0x23f01a30                _svfiprintf_r
                0x23f01a30                _svfprintf_r
 .text._printf_float
                0x23f01d2c      0x87c c:/program files/microchip/xc32/v3.01/bin/bin/../../lib/gcc/pic32c/8.3.1/../../../../pic32c/lib/arm/v5te/nofp\libc_nano.a(lib_a-nano-vfprintf_float.o)
                0x23f01d2c                _printf_float
 .text._printf_common
                0x23f025a8      0x164 c:/program files/microchip/xc32/v3.01/bin/bin/../../lib/gcc/pic32c/8.3.1/../../../../pic32c/lib/arm/v5te/nofp\libc_nano.a(lib_a-nano-vfprintf_i.o)
                0x23f025a8                _printf_common
 .text._printf_i
                0x23f0270c      0x378 c:/program files/microchip/xc32/v3.01/bin/bin/../../lib/gcc/pic32c/8.3.1/../../../../pic32c/lib/arm/v5te/nofp\libc_nano.a(lib_a-nano-vfprintf_i.o)
                0x23f0270c                _printf_i
 .text.__ssputs_r
                0x23f02a84      0x120 c:/program files/microchip/xc32/v3.01/bin/bin/../../lib/gcc/pic32c/8.3.1/../../../../pic32c/lib/arm/v5te/nofp\libc_nano.a(lib_a-__ssputs.o)
                0x23f02a84                __ssputs_r
 .text.quorem   0x23f02ba4      0x1cc c:/program files/microchip/xc32/v3.01/bin/bin/../../lib/gcc/pic32c/8.3.1/../../../../pic32c/lib/arm/v5te/nofp\libc_nano.a(lib_a-dtoa.o)
 .text._dtoa_r  0x23f02d70     0x115c c:/program files/microchip/xc32/v3.01/bin/bin/../../lib/gcc/pic32c/8.3.1/../../../../pic32c/lib/arm/v5te/nofp\libc_nano.a(lib_a-dtoa.o)
                0x23f02d70                _dtoa_r
 .text._localeconv_r
                0x23f03ecc        0xc c:/program files/microchip/xc32/v3.01/bin/bin/../../lib/gcc/pic32c/8.3.1/../../../../pic32c/lib/arm/v5te/nofp\libc_nano.a(lib_a-localeconv.o)
                0x23f03ecc                _localeconv_r
 .text.malloc   0x23f03ed8       0x14 c:/program files/microchip/xc32/v3.01/bin/bin/../../lib/gcc/pic32c/8.3.1/../../../../pic32c/lib/arm/v5te/nofp\libc_nano.a(lib_a-malloc.o)
                0x23f03ed8                malloc
 .text.memchr   0x23f03eec       0x30 c:/program files/microchip/xc32/v3.01/bin/bin/../../lib/gcc/pic32c/8.3.1/../../../../pic32c/lib/arm/v5te/nofp\libc_nano.a(lib_a-memchr-stub.o)
                0x23f03eec                memchr
 .text.memcpy   0x23f03f1c       0x1c c:/program files/microchip/xc32/v3.01/bin/bin/../../lib/gcc/pic32c/8.3.1/../../../../pic32c/lib/arm/v5te/nofp\libc_nano.a(lib_a-memcpy-stub.o)
                0x23f03f1c                memcpy
 .text.memmove  0x23f03f38       0x4c c:/program files/microchip/xc32/v3.01/bin/bin/../../lib/gcc/pic32c/8.3.1/../../../../pic32c/lib/arm/v5te/nofp\libc_nano.a(lib_a-memmove.o)
                0x23f03f38                memmove
 .text._Balloc  0x23f03f84       0xc4 c:/program files/microchip/xc32/v3.01/bin/bin/../../lib/gcc/pic32c/8.3.1/../../../../pic32c/lib/arm/v5te/nofp\libc_nano.a(lib_a-mprec.o)
                0x23f03f84                _Balloc
 .text._Bfree   0x23f04048       0x58 c:/program files/microchip/xc32/v3.01/bin/bin/../../lib/gcc/pic32c/8.3.1/../../../../pic32c/lib/arm/v5te/nofp\libc_nano.a(lib_a-mprec.o)
                0x23f04048                _Bfree
 .text.__multadd
                0x23f040a0       0xc0 c:/program files/microchip/xc32/v3.01/bin/bin/../../lib/gcc/pic32c/8.3.1/../../../../pic32c/lib/arm/v5te/nofp\libc_nano.a(lib_a-mprec.o)
                0x23f040a0                __multadd
 .text.__hi0bits
                0x23f04160       0x58 c:/program files/microchip/xc32/v3.01/bin/bin/../../lib/gcc/pic32c/8.3.1/../../../../pic32c/lib/arm/v5te/nofp\libc_nano.a(lib_a-mprec.o)
                0x23f04160                __hi0bits
 .text.__lo0bits
                0x23f041b8       0xa0 c:/program files/microchip/xc32/v3.01/bin/bin/../../lib/gcc/pic32c/8.3.1/../../../../pic32c/lib/arm/v5te/nofp\libc_nano.a(lib_a-mprec.o)
                0x23f041b8                __lo0bits
 .text.__i2b    0x23f04258       0x20 c:/program files/microchip/xc32/v3.01/bin/bin/../../lib/gcc/pic32c/8.3.1/../../../../pic32c/lib/arm/v5te/nofp\libc_nano.a(lib_a-mprec.o)
                0x23f04258                __i2b
 .text.__multiply
                0x23f04278      0x198 c:/program files/microchip/xc32/v3.01/bin/bin/../../lib/gcc/pic32c/8.3.1/../../../../pic32c/lib/arm/v5te/nofp\libc_nano.a(lib_a-mprec.o)
                0x23f04278                __multiply
 .text.__pow5mult
                0x23f04410      0x100 c:/program files/microchip/xc32/v3.01/bin/bin/../../lib/gcc/pic32c/8.3.1/../../../../pic32c/lib/arm/v5te/nofp\libc_nano.a(lib_a-mprec.o)
                0x23f04410                __pow5mult
 .text.__lshift
                0x23f04510       0xec c:/program files/microchip/xc32/v3.01/bin/bin/../../lib/gcc/pic32c/8.3.1/../../../../pic32c/lib/arm/v5te/nofp\libc_nano.a(lib_a-mprec.o)
                0x23f04510                __lshift
 .text.__mcmp   0x23f045fc       0x5c c:/program files/microchip/xc32/v3.01/bin/bin/../../lib/gcc/pic32c/8.3.1/../../../../pic32c/lib/arm/v5te/nofp\libc_nano.a(lib_a-mprec.o)
                0x23f045fc                __mcmp
 .text.__mdiff  0x23f04658      0x11c c:/program files/microchip/xc32/v3.01/bin/bin/../../lib/gcc/pic32c/8.3.1/../../../../pic32c/lib/arm/v5te/nofp\libc_nano.a(lib_a-mprec.o)
                0x23f04658                __mdiff
 .text.__d2b    0x23f04774       0xfc c:/program files/microchip/xc32/v3.01/bin/bin/../../lib/gcc/pic32c/8.3.1/../../../../pic32c/lib/arm/v5te/nofp\libc_nano.a(lib_a-mprec.o)
                0x23f04774                __d2b
 .text._calloc_r
                0x23f04870       0x2c c:/program files/microchip/xc32/v3.01/bin/bin/../../lib/gcc/pic32c/8.3.1/../../../../pic32c/lib/arm/v5te/nofp\libc_nano.a(lib_a-nano-callocr.o)
                0x23f04870                _calloc_r
 .text._free_r  0x23f0489c      0x114 c:/program files/microchip/xc32/v3.01/bin/bin/../../lib/gcc/pic32c/8.3.1/../../../../pic32c/lib/arm/v5te/nofp\libc_nano.a(lib_a-nano-freer.o)
                0x23f0489c                _free_r
 .text._malloc_r
                0x23f049b0      0x130 c:/program files/microchip/xc32/v3.01/bin/bin/../../lib/gcc/pic32c/8.3.1/../../../../pic32c/lib/arm/v5te/nofp\libc_nano.a(lib_a-nano-mallocr.o)
                0x23f049b0                _malloc_r
 .text._realloc_r
                0x23f04ae0       0x74 c:/program files/microchip/xc32/v3.01/bin/bin/../../lib/gcc/pic32c/8.3.1/../../../../pic32c/lib/arm/v5te/nofp\libc_nano.a(lib_a-nano-reallocr.o)
                0x23f04ae0                _realloc_r
 .text._sbrk_r  0x23f04b54       0x38 c:/program files/microchip/xc32/v3.01/bin/bin/../../lib/gcc/pic32c/8.3.1/../../../../pic32c/lib/arm/v5te/nofp\libc_nano.a(lib_a-sbrkr.o)
                0x23f04b54                _sbrk_r
 .text.__ascii_mbtowc
                0x23f04b8c       0x40 c:/program files/microchip/xc32/v3.01/bin/bin/../../lib/gcc/pic32c/8.3.1/../../../../pic32c/lib/arm/v5te/nofp\libc_nano.a(lib_a-mbtowc_r.o)
                0x23f04b8c                __ascii_mbtowc
 .text.memset   0x23f04bcc       0x18 c:/program files/microchip/xc32/v3.01/bin/bin/../../lib/gcc/pic32c/8.3.1/../../../../pic32c/lib/arm/v5te/nofp\libc_nano.a(lib_a-memset.o)
                0x23f04bcc                memset
 .text.__malloc_lock
                0x23f04be4        0x4 c:/program files/microchip/xc32/v3.01/bin/bin/../../lib/gcc/pic32c/8.3.1/../../../../pic32c/lib/arm/v5te/nofp\libc_nano.a(lib_a-mlock.o)
                0x23f04be4                __malloc_lock
 .text.__malloc_unlock
                0x23f04be8        0x4 c:/program files/microchip/xc32/v3.01/bin/bin/../../lib/gcc/pic32c/8.3.1/../../../../pic32c/lib/arm/v5te/nofp\libc_nano.a(lib_a-mlock.o)
                0x23f04be8                __malloc_unlock
 .text._malloc_usable_size_r
                0x23f04bec       0x18 c:/program files/microchip/xc32/v3.01/bin/bin/../../lib/gcc/pic32c/8.3.1/../../../../pic32c/lib/arm/v5te/nofp\libc_nano.a(lib_a-nano-msizer.o)
                0x23f04bec                _malloc_usable_size_r
 .text.__ascii_wctomb
                0x23f04c04       0x2c c:/program files/microchip/xc32/v3.01/bin/bin/../../lib/gcc/pic32c/8.3.1/../../../../pic32c/lib/arm/v5te/nofp\libc_nano.a(lib_a-wctomb_r.o)
                0x23f04c04                __ascii_wctomb
 .text._sbrk    0x23f04c30       0x3c c:/program files/microchip/xc32/v3.01/bin/bin/../../lib/gcc/pic32c/8.3.1/../../../../pic32c/lib/arm/v5te/nofp\libpic32c.a(sbrk.o)
                0x23f04c30                _sbrk
 .text          0x23f04c6c      0x240 c:/program files/microchip/xc32/v3.01/bin/bin/../../lib/gcc/pic32c/8.3.1/arm/v5te/nofp\libgcc.a(_divsi3.o)
                0x23f04c6c                __divsi3
                0x23f04c6c                __aeabi_idiv
                0x23f04e8c                __aeabi_idivmod
 .text          0x23f04eac      0x3c0 c:/program files/microchip/xc32/v3.01/bin/bin/../../lib/gcc/pic32c/8.3.1/arm/v5te/nofp\libgcc.a(_arm_addsubdf3.o)
                0x23f04eac                __aeabi_drsub
                0x23f04eb4                __aeabi_dsub
                0x23f04eb4                __subdf3
                0x23f04eb8                __aeabi_dadd
                0x23f04eb8                __adddf3
                0x23f05164                __floatunsidf
                0x23f05164                __aeabi_ui2d
                0x23f05188                __floatsidf
                0x23f05188                __aeabi_i2d
                0x23f051b0                __aeabi_f2d
                0x23f051b0                __extendsfdf2
                0x23f051f8                __floatundidf
                0x23f051f8                __aeabi_ul2d
                0x23f0520c                __floatdidf
                0x23f0520c                __aeabi_l2d
 .text          0x23f0526c      0x470 c:/program files/microchip/xc32/v3.01/bin/bin/../../lib/gcc/pic32c/8.3.1/arm/v5te/nofp\libgcc.a(_arm_muldivdf3.o)
                0x23f0526c                __aeabi_dmul
                0x23f0526c                __muldf3
                0x23f054d8                __divdf3
                0x23f054d8                __aeabi_ddiv
 .text          0x23f056dc      0x12c c:/program files/microchip/xc32/v3.01/bin/bin/../../lib/gcc/pic32c/8.3.1/arm/v5te/nofp\libgcc.a(_arm_cmpdf2.o)
                0x23f056dc                __gtdf2
                0x23f056dc                __gedf2
                0x23f056e4                __ltdf2
                0x23f056e4                __ledf2
                0x23f056ec                __nedf2
                0x23f056ec                __eqdf2
                0x23f056ec                __cmpdf2
                0x23f05774                __aeabi_cdrcmple
                0x23f05790                __aeabi_cdcmpeq
                0x23f05790                __aeabi_cdcmple
                0x23f057a4                __aeabi_dcmpeq
                0x23f057b8                __aeabi_dcmplt
                0x23f057cc                __aeabi_dcmple
                0x23f057e0                __aeabi_dcmpge
                0x23f057f4                __aeabi_dcmpgt
 .text          0x23f05808       0x38 c:/program files/microchip/xc32/v3.01/bin/bin/../../lib/gcc/pic32c/8.3.1/arm/v5te/nofp\libgcc.a(_arm_unorddf2.o)
                0x23f05808                __unorddf2
                0x23f05808                __aeabi_dcmpun
 .text          0x23f05840       0x5c c:/program files/microchip/xc32/v3.01/bin/bin/../../lib/gcc/pic32c/8.3.1/arm/v5te/nofp\libgcc.a(_arm_fixdfsi.o)
                0x23f05840                __aeabi_d2iz
                0x23f05840                __fixdfsi
 *(.rodata .rodata* .gnu.linkonce.r.*)
 .rodata.debugInit
                0x23f0589c        0x4 build/sam_9x75_eb/production/_ext/2080577836/initialization.o
                0x23f0589c                debugInit
 .rodata.sysConsole0Init
                0x23f058a0        0xc build/sam_9x75_eb/production/_ext/2080577836/initialization.o
                0x23f058a0                sysConsole0Init
 .rodata.sysConsole0UARTInitData
                0x23f058ac        0x4 build/sam_9x75_eb/production/_ext/2080577836/initialization.o
                0x23f058ac                sysConsole0UARTInitData
 .rodata.sysConsole0UARTPlibAPI
                0x23f058b0       0x18 build/sam_9x75_eb/production/_ext/2080577836/initialization.o
                0x23f058b0                sysConsole0UARTPlibAPI
 .rodata        0x23f058c8       0x20 build/sam_9x75_eb/production/_ext/601902766/plib_clk.o
 .rodata.sysConsoleUARTDevDesc
                0x23f058e8       0x2c build/sam_9x75_eb/production/_ext/40865551/sys_console_uart.o
                0x23f058e8                sysConsoleUARTDevDesc
 .rodata        0x23f05914      0x15c build/sam_9x75_eb/production/_ext/1360937237/app.o
 .rodata        0x23f05a70       0x11 c:/program files/microchip/xc32/v3.01/bin/bin/../../lib/gcc/pic32c/8.3.1/../../../../pic32c/lib/arm/v5te/nofp\libc_nano.a(lib_a-nano-svfprintf.o)
 .rodata        0x23f05a81       0x12 c:/program files/microchip/xc32/v3.01/bin/bin/../../lib/gcc/pic32c/8.3.1/../../../../pic32c/lib/arm/v5te/nofp\libc_nano.a(lib_a-nano-vfprintf_float.o)
 .rodata        0x23f05a93       0x22 c:/program files/microchip/xc32/v3.01/bin/bin/../../lib/gcc/pic32c/8.3.1/../../../../pic32c/lib/arm/v5te/nofp\libc_nano.a(lib_a-nano-vfprintf_i.o)
 .rodata        0x23f05ab5        0xf c:/program files/microchip/xc32/v3.01/bin/bin/../../lib/gcc/pic32c/8.3.1/../../../../pic32c/lib/arm/v5te/nofp\libc_nano.a(lib_a-dtoa.o)
 *fill*         0x23f05ac4        0x4 
 .rodata.__mprec_bigtens
                0x23f05ac8       0x28 c:/program files/microchip/xc32/v3.01/bin/bin/../../lib/gcc/pic32c/8.3.1/../../../../pic32c/lib/arm/v5te/nofp\libc_nano.a(lib_a-mprec.o)
                0x23f05ac8                __mprec_bigtens
 .rodata.__mprec_tens
                0x23f05af0       0xc8 c:/program files/microchip/xc32/v3.01/bin/bin/../../lib/gcc/pic32c/8.3.1/../../../../pic32c/lib/arm/v5te/nofp\libc_nano.a(lib_a-mprec.o)
                0x23f05af0                __mprec_tens
 .rodata.p05.6146
                0x23f05bb8        0xc c:/program files/microchip/xc32/v3.01/bin/bin/../../lib/gcc/pic32c/8.3.1/../../../../pic32c/lib/arm/v5te/nofp\libc_nano.a(lib_a-mprec.o)
 .rodata        0x23f05bc4        0xb c:/program files/microchip/xc32/v3.01/bin/bin/../../lib/gcc/pic32c/8.3.1/../../../../pic32c/lib/arm/v5te/nofp\libc_nano.a(lib_a-locale.o)
 .rodata._ctype_
                0x23f05bcf      0x101 c:/program files/microchip/xc32/v3.01/bin/bin/../../lib/gcc/pic32c/8.3.1/../../../../pic32c/lib/arm/v5te/nofp\libc_nano.a(lib_a-ctype_.o)
                0x23f05bcf                _ctype_
 *(.ARM.extab* .gnu.linkonce.armextab.*)
                0x23f05cd0                . = ALIGN (0x4)
 *(.init)
 .init          0x23f05cd0        0xc c:/program files/microchip/xc32/v3.01/bin/bin/../../lib/gcc/pic32c/8.3.1/arm/v5te/nofp/crti.o
                0x23f05cd0                _init
 .init          0x23f05cdc        0xc c:/program files/microchip/xc32/v3.01/bin/bin/../../lib/gcc/pic32c/8.3.1/arm/v5te/nofp/crtn.o
                0x23f05ce8                . = ALIGN (0x4)
                0x23f05ce8                PROVIDE (__preinit_array_start = .)
 *(.preinit_array)
                0x23f05ce8                PROVIDE (__preinit_array_end = .)
                0x23f05ce8                . = ALIGN (0x4)
                0x23f05ce8                PROVIDE (__init_array_start = .)
 *(SORT_BY_NAME(.init_array.*))
 *(.init_array)
 .init_array    0x23f05ce8        0x4 c:/program files/microchip/xc32/v3.01/bin/bin/../../lib/gcc/pic32c/8.3.1/arm/v5te/nofp/crtbegin.o
                0x23f05cec                PROVIDE (__init_array_end = .)
                0x23f05cec                . = ALIGN (0x4)
 *crtbegin.o(.ctors)
 *(EXCLUDE_FILE(*crtend.o) .ctors)
 *(SORT_BY_NAME(.ctors.*))
 *crtend.o(.ctors)
                0x23f05cec                . = ALIGN (0x4)
 *(.fini)
 .fini          0x23f05cec        0xc c:/program files/microchip/xc32/v3.01/bin/bin/../../lib/gcc/pic32c/8.3.1/arm/v5te/nofp/crti.o
                0x23f05cec                _fini
 .fini          0x23f05cf8        0xc c:/program files/microchip/xc32/v3.01/bin/bin/../../lib/gcc/pic32c/8.3.1/arm/v5te/nofp/crtn.o
                0x23f05d04                . = ALIGN (0x4)
                [!provide]                PROVIDE (__fini_array_start = .)
 *(.fini_array)
 .fini_array    0x23f05d04        0x4 c:/program files/microchip/xc32/v3.01/bin/bin/../../lib/gcc/pic32c/8.3.1/arm/v5te/nofp/crtbegin.o
 .fini_array.__stub
                0x23f05d08        0xc linker stubs
 *(SORT_BY_NAME(.fini_array.*))
                [!provide]                PROVIDE (__fini_array_end = .)
 *crtbegin.o(.dtors)
 *(EXCLUDE_FILE(*crtend.o) .dtors)
 *(SORT_BY_NAME(.dtors.*))
 *crtend.o(.dtors)
 *(.dinit*)
                0x23f05d14                . = ALIGN (0x4)

.data           0x23f05d14      0x1e8
 *(.data .data.*)
 .data.irqData  0x23f05d14       0x14 build/sam_9x75_eb/production/_ext/2080577836/interrupts.o
                0x23f05d14                irqData
 .data.irqDataEntryCount
                0x23f05d28        0x4 build/sam_9x75_eb/production/_ext/2080577836/interrupts.o
                0x23f05d28                irqDataEntryCount
 .data._impure_ptr
                0x23f05d2c        0x4 c:/program files/microchip/xc32/v3.01/bin/bin/../../lib/gcc/pic32c/8.3.1/../../../../pic32c/lib/arm/v5te/nofp\libc_nano.a(lib_a-impure.o)
                0x23f05d2c                _impure_ptr
 .data.impure_data
                0x23f05d30       0x60 c:/program files/microchip/xc32/v3.01/bin/bin/../../lib/gcc/pic32c/8.3.1/../../../../pic32c/lib/arm/v5te/nofp\libc_nano.a(lib_a-impure.o)
 .data.__global_locale
                0x23f05d90      0x16c c:/program files/microchip/xc32/v3.01/bin/bin/../../lib/gcc/pic32c/8.3.1/../../../../pic32c/lib/arm/v5te/nofp\libc_nano.a(lib_a-locale.o)
                0x23f05d90                __global_locale
                0x23f05efc                . = ALIGN (0x4)
                [!provide]                PROVIDE (_efixed = .)
                [!provide]                PROVIDE (__exidx_start = .)

.ARM.exidx
 *(.ARM.exidx* .gnu.linkonce.armexidx.*)
                [!provide]                PROVIDE (__exidx_end = .)
                0x23f05efc                . = ALIGN (0x4)
                0x23f05efc                PROVIDE (_etext = .)

.relocate       0x00300000       0x40 load address 0x23f05efc
                0x00300000                . = ALIGN (0x4)
                0x00300000                PROVIDE (_srelocate = .)
 *(.vectors .vectors.*)
 .vectors       0x00300000       0x3c build/sam_9x75_eb/production/_ext/2080577836/cstartup.o
 .vectors       0x0030003c        0x4 build/sam_9x75_eb/production/_ext/2080577836/vectortrap.o
                0x0030003c                software_interrupt_irq_handler
                0x0030003c                prefetch_abort_irq_handler
                0x0030003c                data_abort_irq_handler
                0x0030003c                undefined_instruction_irq_handler
 *(.ramfunc)
                0x00300040                . = ALIGN (0x4)
                0x00300040                PROVIDE (_erelocate = .)

.region_cache_aligned_const
                0x23f05efc        0x4
                0x23f05f00                . = ALIGN (0x20)
 *fill*         0x23f05efc        0x4 
 *(.region_cache_aligned_const)
                0x23f05f00                . = ALIGN (0x20)

.region_sram    0x00300040        0x0
                0x00300040                . = ALIGN (0x4)
 *(.region_sram)

.region_ram     0x23f05f00        0x0
                0x23f05f00                . = ALIGN (0x4)
 *(.region_ram)

.region_nocache
                0x20000000        0x0
                0x20000000                . = ALIGN (0x4)
 *(.region_nocache)

.bss            0x23f08000     0x83c0
                0x23f08000                . = ALIGN (0x4)
                0x23f08000                PROVIDE (_szero = .)
 *(.bss .bss.*)
 .bss           0x23f08000       0x1c c:/program files/microchip/xc32/v3.01/bin/bin/../../lib/gcc/pic32c/8.3.1/arm/v5te/nofp/crtbegin.o
 .bss.sysObj    0x23f0801c        0x8 build/sam_9x75_eb/production/_ext/2080577836/initialization.o
                0x23f0801c                sysObj
 .bss.spuriousEventCount
                0x23f08024        0x4 build/sam_9x75_eb/production/_ext/2080577836/interrupts.o
                0x23f08024                spuriousEventCount
 *fill*         0x23f08028     0x3fd8 
 .bss.trns_tbl  0x23f0c000     0x4000 build/sam_9x75_eb/production/_ext/601893115/plib_mmu.o
 .bss.consoleDeviceInstance
                0x23f10000        0xc build/sam_9x75_eb/production/_ext/40865551/sys_console.o
 .bss.consolePrintBuffer
                0x23f1000c       0xc8 build/sam_9x75_eb/production/_ext/40865551/sys_console.o
 .bss.consolePrintBufferMutex
                0x23f100d4        0x1 build/sam_9x75_eb/production/_ext/40865551/sys_console.o
 .bss.isConsoleMutexCreated
                0x23f100d5        0x1 build/sam_9x75_eb/production/_ext/40865551/sys_console.o
 *fill*         0x23f100d6        0x2 
 .bss.DBGU_ReadBuffer
                0x23f100d8       0x80 build/sam_9x75_eb/production/_ext/1479096388/plib_dbgu.o
 .bss.DBGU_WriteBuffer
                0x23f10158      0x200 build/sam_9x75_eb/production/_ext/1479096388/plib_dbgu.o
 .bss.dbguObj   0x23f10358       0x38 build/sam_9x75_eb/production/_ext/1479096388/plib_dbgu.o
                0x23f10358                dbguObj
 .bss.gConsoleUartData
                0x23f10390        0x8 build/sam_9x75_eb/production/_ext/40865551/sys_console_uart.o
 .bss.appData   0x23f10398        0x8 build/sam_9x75_eb/production/_ext/1360937237/app.o
                0x23f10398                appData
 .bss.uart_console_read_buffer
                0x23f103a0        0xa build/sam_9x75_eb/production/_ext/1360937237/app.o
                0x23f103a0                uart_console_read_buffer
 .bss.gblErrLvl
                0x23f103aa        0x1 build/sam_9x75_eb/production/_ext/352419531/sys_debug.o
                0x23f103aa                gblErrLvl
 *fill*         0x23f103ab        0x1 
 .bss.sysDebugInstance
                0x23f103ac        0x4 build/sam_9x75_eb/production/_ext/352419531/sys_debug.o
 .bss.__malloc_free_list
                0x23f103b0        0x4 c:/program files/microchip/xc32/v3.01/bin/bin/../../lib/gcc/pic32c/8.3.1/../../../../pic32c/lib/arm/v5te/nofp\libc_nano.a(lib_a-nano-mallocr.o)
                0x23f103b0                __malloc_free_list
 .bss.__malloc_sbrk_start
                0x23f103b4        0x4 c:/program files/microchip/xc32/v3.01/bin/bin/../../lib/gcc/pic32c/8.3.1/../../../../pic32c/lib/arm/v5te/nofp\libc_nano.a(lib_a-nano-mallocr.o)
                0x23f103b4                __malloc_sbrk_start
 .bss           0x23f103b8        0x4 c:/program files/microchip/xc32/v3.01/bin/bin/../../lib/gcc/pic32c/8.3.1/../../../../pic32c/lib/arm/v5te/nofp\libpic32c.a(sbrk.o)
 *(COMMON)
 COMMON         0x23f103bc        0x4 c:/program files/microchip/xc32/v3.01/bin/bin/../../lib/gcc/pic32c/8.3.1/../../../../pic32c/lib/arm/v5te/nofp\libc_nano.a(lib_a-reent.o)
                0x23f103bc                errno
                0x23f103c0                . = ALIGN (0x4)
                0x23f103c0                PROVIDE (_ezero = .)

.region_cache_aligned
                0x23f103c0        0x0
                0x23f103c0                . = ALIGN (0x20)
 *(.region_cache_aligned)
                0x23f103c0                . = ALIGN (0x20)

.stacks         0x23f103c0     0x2140
                0x23f10420                . = (. + IRQ_STACK_SIZE)
 *fill*         0x23f103c0       0x60 
                0x23f10420                . = ALIGN (0x8)
                0x23f10420                _irqstack = .
                0x23f10480                . = (. + FIQ_STACK_SIZE)
 *fill*         0x23f10420       0x60 
                0x23f10480                . = ALIGN (0x8)
                0x23f10480                _fiqstack = .
                0x23f104c0                . = (. + ABT_STACK_SIZE)
 *fill*         0x23f10480       0x40 
                0x23f104c0                . = ALIGN (0x8)
                0x23f104c0                _abtstack = .
                0x23f10500                . = (. + UND_STACK_SIZE)
 *fill*         0x23f104c0       0x40 
                0x23f10500                . = ALIGN (0x8)
                0x23f10500                _undstack = .
                0x23f11500                . = (. + SVC_STACK_SIZE)
 *fill*         0x23f10500     0x1000 
                0x23f11500                . = ALIGN (0x8)
                0x23f11500                _svcstack = .
                0x23f12500                . = (. + C_STACK_SIZE)
 *fill*         0x23f11500     0x1000 
                0x23f12500                . = ALIGN (0x8)
                0x23f12500                _cstack = .
                0x23f12500                _end = .
                0x23f12500                _ramcode_lma = _end

.ramcode        0x00300040        0x0 load address 0x23f12500
                0x00300040                _sramcode = .
 *(.ramcode_section)
                0x00300040                _eramcode = .
                0x23f12500                _ramdata_lma = ((_end + _eramcode) - _sramcode)

.ramdata        0x00300040        0x0 load address 0x23f12500
                0x00300040                _sramdata = .
 *(.ramdata_section)
                0x00300040                _eramdata = .
                0x00000200                _min_heap_size = 0x200
START GROUP
LOAD c:/program files/microchip/xc32/v3.01/bin/bin/../../lib/gcc/pic32c/8.3.1/../../../../pic32c/lib/arm/v5te/nofp\libpic32c.a
LOAD c:/program files/microchip/xc32/v3.01/bin/bin/../../lib/gcc/pic32c/8.3.1/arm/v5te/nofp\libgcc.a
LOAD c:/program files/microchip/xc32/v3.01/bin/bin/../../lib/gcc/pic32c/8.3.1/../../../../pic32c/lib/arm/v5te/nofp\libm_nano.a
LOAD c:/program files/microchip/xc32/v3.01/bin/bin/../../lib/gcc/pic32c/8.3.1/../../../../pic32c/lib/arm/v5te/nofp\libc_nano.a
END GROUP
LOAD c:/program files/microchip/xc32/v3.01/bin/bin/../../lib/gcc/pic32c/8.3.1/arm/v5te/nofp/crtend.o
LOAD c:/program files/microchip/xc32/v3.01/bin/bin/../../lib/gcc/pic32c/8.3.1/arm/v5te/nofp/crtn.o
OUTPUT(dist/sam_9x75_eb/production/sam_9x75_eb.X.production.elf elf32-littlearm)
LOAD stack

.ARM.attributes
                0x00000000       0x28
 .ARM.attributes
                0x00000000       0x1d c:/program files/microchip/xc32/v3.01/bin/bin/../../lib/gcc/pic32c/8.3.1/arm/v5te/nofp/crti.o
 .ARM.attributes
                0x0000001d       0x2b c:/program files/microchip/xc32/v3.01/bin/bin/../../lib/gcc/pic32c/8.3.1/arm/v5te/nofp/crtbegin.o
 .ARM.attributes
                0x00000048       0x2c build/sam_9x75_eb/production/_ext/1360937237/main.o
 .ARM.attributes
                0x00000074       0x2c build/sam_9x75_eb/production/_ext/2080577836/initialization.o
 .ARM.attributes
                0x000000a0       0x2c build/sam_9x75_eb/production/_ext/2080577836/interrupts.o
 .ARM.attributes
                0x000000cc       0x2c build/sam_9x75_eb/production/_ext/601893115/plib_mmu.o
 .ARM.attributes
                0x000000f8       0x2c build/sam_9x75_eb/production/_ext/601902766/plib_clk.o
 .ARM.attributes
                0x00000124       0x2c build/sam_9x75_eb/production/_ext/601890362/plib_pio.o
 .ARM.attributes
                0x00000150       0x2c build/sam_9x75_eb/production/_ext/601904789/plib_aic.o
 .ARM.attributes
                0x0000017c       0x1c build/sam_9x75_eb/production/_ext/2080577836/cstartup.o
 .ARM.attributes
                0x00000198       0x1c build/sam_9x75_eb/production/_ext/2080577836/vectortrap.o
 .ARM.attributes
                0x000001b4       0x2c build/sam_9x75_eb/production/_ext/40865551/sys_console.o
 .ARM.attributes
                0x000001e0       0x2c build/sam_9x75_eb/production/_ext/1479096388/plib_dbgu.o
 .ARM.attributes
                0x0000020c       0x2c build/sam_9x75_eb/production/_ext/40865551/sys_console_uart.o
 .ARM.attributes
                0x00000238       0x2c build/sam_9x75_eb/production/_ext/626097884/bsp.o
 .ARM.attributes
                0x00000264       0x2c build/sam_9x75_eb/production/_ext/1360937237/app.o
 .ARM.attributes
                0x00000290       0x2c build/sam_9x75_eb/production/_ext/2080577836/tasks.o
 .ARM.attributes
                0x000002bc       0x2c build/sam_9x75_eb/production/_ext/352419531/sys_debug.o
 .ARM.attributes
                0x000002e8       0x1d c:/program files/microchip/xc32/v3.01/bin/bin/../../lib/gcc/pic32c/8.3.1/arm/v5te/nofp\libgcc.a(_udivsi3.o)
 .ARM.attributes
                0x00000305       0x1d c:/program files/microchip/xc32/v3.01/bin/bin/../../lib/gcc/pic32c/8.3.1/arm/v5te/nofp\libgcc.a(_dvmd_tls.o)
 .ARM.attributes
                0x00000322       0x2b c:/program files/microchip/xc32/v3.01/bin/bin/../../lib/gcc/pic32c/8.3.1/../../../../pic32c/lib/arm/v5te/nofp\libc_nano.a(lib_a-init.o)
 .ARM.attributes
                0x0000034d       0x1c c:/program files/microchip/xc32/v3.01/bin/bin/../../lib/gcc/pic32c/8.3.1/../../../../pic32c/lib/arm/v5te/nofp\libc_nano.a(lib_a-strlen.o)
 .ARM.attributes
                0x00000369       0x2b c:/program files/microchip/xc32/v3.01/bin/bin/../../lib/gcc/pic32c/8.3.1/../../../../pic32c/lib/arm/v5te/nofp\libc_nano.a(lib_a-vsnprintf.o)
 .ARM.attributes
                0x00000394       0x2b c:/program files/microchip/xc32/v3.01/bin/bin/../../lib/gcc/pic32c/8.3.1/../../../../pic32c/lib/arm/v5te/nofp\libc_nano.a(lib_a-impure.o)
 .ARM.attributes
                0x000003bf       0x2b c:/program files/microchip/xc32/v3.01/bin/bin/../../lib/gcc/pic32c/8.3.1/../../../../pic32c/lib/arm/v5te/nofp\libc_nano.a(lib_a-nano-svfprintf.o)
 .ARM.attributes
                0x000003ea       0x2b c:/program files/microchip/xc32/v3.01/bin/bin/../../lib/gcc/pic32c/8.3.1/../../../../pic32c/lib/arm/v5te/nofp\libc_nano.a(lib_a-nano-vfprintf_float.o)
 .ARM.attributes
                0x00000415       0x2b c:/program files/microchip/xc32/v3.01/bin/bin/../../lib/gcc/pic32c/8.3.1/../../../../pic32c/lib/arm/v5te/nofp\libc_nano.a(lib_a-nano-vfprintf_i.o)
 .ARM.attributes
                0x00000440       0x2b c:/program files/microchip/xc32/v3.01/bin/bin/../../lib/gcc/pic32c/8.3.1/../../../../pic32c/lib/arm/v5te/nofp\libc_nano.a(lib_a-__ssputs.o)
 .ARM.attributes
                0x0000046b       0x2b c:/program files/microchip/xc32/v3.01/bin/bin/../../lib/gcc/pic32c/8.3.1/../../../../pic32c/lib/arm/v5te/nofp\libc_nano.a(lib_a-dtoa.o)
 .ARM.attributes
                0x00000496       0x2b c:/program files/microchip/xc32/v3.01/bin/bin/../../lib/gcc/pic32c/8.3.1/../../../../pic32c/lib/arm/v5te/nofp\libc_nano.a(lib_a-localeconv.o)
 .ARM.attributes
                0x000004c1       0x2b c:/program files/microchip/xc32/v3.01/bin/bin/../../lib/gcc/pic32c/8.3.1/../../../../pic32c/lib/arm/v5te/nofp\libc_nano.a(lib_a-malloc.o)
 .ARM.attributes
                0x000004ec       0x2b c:/program files/microchip/xc32/v3.01/bin/bin/../../lib/gcc/pic32c/8.3.1/../../../../pic32c/lib/arm/v5te/nofp\libc_nano.a(lib_a-memchr-stub.o)
 .ARM.attributes
                0x00000517       0x2b c:/program files/microchip/xc32/v3.01/bin/bin/../../lib/gcc/pic32c/8.3.1/../../../../pic32c/lib/arm/v5te/nofp\libc_nano.a(lib_a-memcpy-stub.o)
 .ARM.attributes
                0x00000542       0x2b c:/program files/microchip/xc32/v3.01/bin/bin/../../lib/gcc/pic32c/8.3.1/../../../../pic32c/lib/arm/v5te/nofp\libc_nano.a(lib_a-memmove.o)
 .ARM.attributes
                0x0000056d       0x2b c:/program files/microchip/xc32/v3.01/bin/bin/../../lib/gcc/pic32c/8.3.1/../../../../pic32c/lib/arm/v5te/nofp\libc_nano.a(lib_a-mprec.o)
 .ARM.attributes
                0x00000598       0x2b c:/program files/microchip/xc32/v3.01/bin/bin/../../lib/gcc/pic32c/8.3.1/../../../../pic32c/lib/arm/v5te/nofp\libc_nano.a(lib_a-nano-callocr.o)
 .ARM.attributes
                0x000005c3       0x2b c:/program files/microchip/xc32/v3.01/bin/bin/../../lib/gcc/pic32c/8.3.1/../../../../pic32c/lib/arm/v5te/nofp\libc_nano.a(lib_a-nano-freer.o)
 .ARM.attributes
                0x000005ee       0x2b c:/program files/microchip/xc32/v3.01/bin/bin/../../lib/gcc/pic32c/8.3.1/../../../../pic32c/lib/arm/v5te/nofp\libc_nano.a(lib_a-nano-mallocr.o)
 .ARM.attributes
                0x00000619       0x2b c:/program files/microchip/xc32/v3.01/bin/bin/../../lib/gcc/pic32c/8.3.1/../../../../pic32c/lib/arm/v5te/nofp\libc_nano.a(lib_a-nano-reallocr.o)
 .ARM.attributes
                0x00000644       0x2b c:/program files/microchip/xc32/v3.01/bin/bin/../../lib/gcc/pic32c/8.3.1/../../../../pic32c/lib/arm/v5te/nofp\libc_nano.a(lib_a-sbrkr.o)
 .ARM.attributes
                0x0000066f       0x2b c:/program files/microchip/xc32/v3.01/bin/bin/../../lib/gcc/pic32c/8.3.1/../../../../pic32c/lib/arm/v5te/nofp\libc_nano.a(lib_a-locale.o)
 .ARM.attributes
                0x0000069a       0x2b c:/program files/microchip/xc32/v3.01/bin/bin/../../lib/gcc/pic32c/8.3.1/../../../../pic32c/lib/arm/v5te/nofp\libc_nano.a(lib_a-mbtowc_r.o)
 .ARM.attributes
                0x000006c5       0x2b c:/program files/microchip/xc32/v3.01/bin/bin/../../lib/gcc/pic32c/8.3.1/../../../../pic32c/lib/arm/v5te/nofp\libc_nano.a(lib_a-memset.o)
 .ARM.attributes
                0x000006f0       0x2b c:/program files/microchip/xc32/v3.01/bin/bin/../../lib/gcc/pic32c/8.3.1/../../../../pic32c/lib/arm/v5te/nofp\libc_nano.a(lib_a-mlock.o)
 .ARM.attributes
                0x0000071b       0x2b c:/program files/microchip/xc32/v3.01/bin/bin/../../lib/gcc/pic32c/8.3.1/../../../../pic32c/lib/arm/v5te/nofp\libc_nano.a(lib_a-nano-msizer.o)
 .ARM.attributes
                0x00000746       0x2b c:/program files/microchip/xc32/v3.01/bin/bin/../../lib/gcc/pic32c/8.3.1/../../../../pic32c/lib/arm/v5te/nofp\libc_nano.a(lib_a-reent.o)
 .ARM.attributes
                0x00000771       0x2b c:/program files/microchip/xc32/v3.01/bin/bin/../../lib/gcc/pic32c/8.3.1/../../../../pic32c/lib/arm/v5te/nofp\libc_nano.a(lib_a-wctomb_r.o)
 .ARM.attributes
                0x0000079c       0x2b c:/program files/microchip/xc32/v3.01/bin/bin/../../lib/gcc/pic32c/8.3.1/../../../../pic32c/lib/arm/v5te/nofp\libc_nano.a(lib_a-ctype_.o)
 .ARM.attributes
                0x000007c7       0x2b c:/program files/microchip/xc32/v3.01/bin/bin/../../lib/gcc/pic32c/8.3.1/../../../../pic32c/lib/arm/v5te/nofp\libpic32c.a(sbrk.o)
 .ARM.attributes
                0x000007f2       0x1d c:/program files/microchip/xc32/v3.01/bin/bin/../../lib/gcc/pic32c/8.3.1/arm/v5te/nofp\libgcc.a(_divsi3.o)
 .ARM.attributes
                0x0000080f       0x1d c:/program files/microchip/xc32/v3.01/bin/bin/../../lib/gcc/pic32c/8.3.1/arm/v5te/nofp\libgcc.a(_arm_addsubdf3.o)
 .ARM.attributes
                0x0000082c       0x1d c:/program files/microchip/xc32/v3.01/bin/bin/../../lib/gcc/pic32c/8.3.1/arm/v5te/nofp\libgcc.a(_arm_muldivdf3.o)
 .ARM.attributes
                0x00000849       0x1d c:/program files/microchip/xc32/v3.01/bin/bin/../../lib/gcc/pic32c/8.3.1/arm/v5te/nofp\libgcc.a(_arm_cmpdf2.o)
 .ARM.attributes
                0x00000866       0x1d c:/program files/microchip/xc32/v3.01/bin/bin/../../lib/gcc/pic32c/8.3.1/arm/v5te/nofp\libgcc.a(_arm_unorddf2.o)
 .ARM.attributes
                0x00000883       0x1d c:/program files/microchip/xc32/v3.01/bin/bin/../../lib/gcc/pic32c/8.3.1/arm/v5te/nofp\libgcc.a(_arm_fixdfsi.o)
 .ARM.attributes
                0x000008a0       0x1d c:/program files/microchip/xc32/v3.01/bin/bin/../../lib/gcc/pic32c/8.3.1/arm/v5te/nofp/crtn.o

.comment        0x00000000       0x53
 .comment       0x00000000       0x53 c:/program files/microchip/xc32/v3.01/bin/bin/../../lib/gcc/pic32c/8.3.1/arm/v5te/nofp/crtbegin.o
                                 0x54 (size before relaxing)
 .comment       0x00000053       0x54 build/sam_9x75_eb/production/_ext/1360937237/main.o
 .comment       0x00000053       0x54 build/sam_9x75_eb/production/_ext/2080577836/initialization.o
 .comment       0x00000053       0x54 build/sam_9x75_eb/production/_ext/2080577836/interrupts.o
 .comment       0x00000053       0x54 build/sam_9x75_eb/production/_ext/601893115/plib_mmu.o
 .comment       0x00000053       0x54 build/sam_9x75_eb/production/_ext/601902766/plib_clk.o
 .comment       0x00000053       0x54 build/sam_9x75_eb/production/_ext/601890362/plib_pio.o
 .comment       0x00000053       0x54 build/sam_9x75_eb/production/_ext/601904789/plib_aic.o
 .comment       0x00000053       0x54 build/sam_9x75_eb/production/_ext/40865551/sys_console.o
 .comment       0x00000053       0x54 build/sam_9x75_eb/production/_ext/1479096388/plib_dbgu.o
 .comment       0x00000053       0x54 build/sam_9x75_eb/production/_ext/40865551/sys_console_uart.o
 .comment       0x00000053       0x54 build/sam_9x75_eb/production/_ext/626097884/bsp.o
 .comment       0x00000053       0x54 build/sam_9x75_eb/production/_ext/1360937237/app.o
 .comment       0x00000053       0x54 build/sam_9x75_eb/production/_ext/2080577836/tasks.o
 .comment       0x00000053       0x54 build/sam_9x75_eb/production/_ext/352419531/sys_debug.o
 .comment       0x00000053       0x54 c:/program files/microchip/xc32/v3.01/bin/bin/../../lib/gcc/pic32c/8.3.1/../../../../pic32c/lib/arm/v5te/nofp\libc_nano.a(lib_a-init.o)
 .comment       0x00000053       0x54 c:/program files/microchip/xc32/v3.01/bin/bin/../../lib/gcc/pic32c/8.3.1/../../../../pic32c/lib/arm/v5te/nofp\libc_nano.a(lib_a-vsnprintf.o)
 .comment       0x00000053       0x54 c:/program files/microchip/xc32/v3.01/bin/bin/../../lib/gcc/pic32c/8.3.1/../../../../pic32c/lib/arm/v5te/nofp\libc_nano.a(lib_a-impure.o)
 .comment       0x00000053       0x54 c:/program files/microchip/xc32/v3.01/bin/bin/../../lib/gcc/pic32c/8.3.1/../../../../pic32c/lib/arm/v5te/nofp\libc_nano.a(lib_a-nano-svfprintf.o)
 .comment       0x00000053       0x54 c:/program files/microchip/xc32/v3.01/bin/bin/../../lib/gcc/pic32c/8.3.1/../../../../pic32c/lib/arm/v5te/nofp\libc_nano.a(lib_a-nano-vfprintf_float.o)
 .comment       0x00000053       0x54 c:/program files/microchip/xc32/v3.01/bin/bin/../../lib/gcc/pic32c/8.3.1/../../../../pic32c/lib/arm/v5te/nofp\libc_nano.a(lib_a-nano-vfprintf_i.o)
 .comment       0x00000053       0x54 c:/program files/microchip/xc32/v3.01/bin/bin/../../lib/gcc/pic32c/8.3.1/../../../../pic32c/lib/arm/v5te/nofp\libc_nano.a(lib_a-__ssputs.o)
 .comment       0x00000053       0x54 c:/program files/microchip/xc32/v3.01/bin/bin/../../lib/gcc/pic32c/8.3.1/../../../../pic32c/lib/arm/v5te/nofp\libc_nano.a(lib_a-dtoa.o)
 .comment       0x00000053       0x54 c:/program files/microchip/xc32/v3.01/bin/bin/../../lib/gcc/pic32c/8.3.1/../../../../pic32c/lib/arm/v5te/nofp\libc_nano.a(lib_a-localeconv.o)
 .comment       0x00000053       0x54 c:/program files/microchip/xc32/v3.01/bin/bin/../../lib/gcc/pic32c/8.3.1/../../../../pic32c/lib/arm/v5te/nofp\libc_nano.a(lib_a-malloc.o)
 .comment       0x00000053       0x54 c:/program files/microchip/xc32/v3.01/bin/bin/../../lib/gcc/pic32c/8.3.1/../../../../pic32c/lib/arm/v5te/nofp\libc_nano.a(lib_a-memchr-stub.o)
 .comment       0x00000053       0x54 c:/program files/microchip/xc32/v3.01/bin/bin/../../lib/gcc/pic32c/8.3.1/../../../../pic32c/lib/arm/v5te/nofp\libc_nano.a(lib_a-memcpy-stub.o)
 .comment       0x00000053       0x54 c:/program files/microchip/xc32/v3.01/bin/bin/../../lib/gcc/pic32c/8.3.1/../../../../pic32c/lib/arm/v5te/nofp\libc_nano.a(lib_a-memmove.o)
 .comment       0x00000053       0x54 c:/program files/microchip/xc32/v3.01/bin/bin/../../lib/gcc/pic32c/8.3.1/../../../../pic32c/lib/arm/v5te/nofp\libc_nano.a(lib_a-mprec.o)
 .comment       0x00000053       0x54 c:/program files/microchip/xc32/v3.01/bin/bin/../../lib/gcc/pic32c/8.3.1/../../../../pic32c/lib/arm/v5te/nofp\libc_nano.a(lib_a-nano-callocr.o)
 .comment       0x00000053       0x54 c:/program files/microchip/xc32/v3.01/bin/bin/../../lib/gcc/pic32c/8.3.1/../../../../pic32c/lib/arm/v5te/nofp\libc_nano.a(lib_a-nano-freer.o)
 .comment       0x00000053       0x54 c:/program files/microchip/xc32/v3.01/bin/bin/../../lib/gcc/pic32c/8.3.1/../../../../pic32c/lib/arm/v5te/nofp\libc_nano.a(lib_a-nano-mallocr.o)
 .comment       0x00000053       0x54 c:/program files/microchip/xc32/v3.01/bin/bin/../../lib/gcc/pic32c/8.3.1/../../../../pic32c/lib/arm/v5te/nofp\libc_nano.a(lib_a-nano-reallocr.o)
 .comment       0x00000053       0x54 c:/program files/microchip/xc32/v3.01/bin/bin/../../lib/gcc/pic32c/8.3.1/../../../../pic32c/lib/arm/v5te/nofp\libc_nano.a(lib_a-sbrkr.o)
 .comment       0x00000053       0x54 c:/program files/microchip/xc32/v3.01/bin/bin/../../lib/gcc/pic32c/8.3.1/../../../../pic32c/lib/arm/v5te/nofp\libc_nano.a(lib_a-locale.o)
 .comment       0x00000053       0x54 c:/program files/microchip/xc32/v3.01/bin/bin/../../lib/gcc/pic32c/8.3.1/../../../../pic32c/lib/arm/v5te/nofp\libc_nano.a(lib_a-mbtowc_r.o)
 .comment       0x00000053       0x54 c:/program files/microchip/xc32/v3.01/bin/bin/../../lib/gcc/pic32c/8.3.1/../../../../pic32c/lib/arm/v5te/nofp\libc_nano.a(lib_a-memset.o)
 .comment       0x00000053       0x54 c:/program files/microchip/xc32/v3.01/bin/bin/../../lib/gcc/pic32c/8.3.1/../../../../pic32c/lib/arm/v5te/nofp\libc_nano.a(lib_a-mlock.o)
 .comment       0x00000053       0x54 c:/program files/microchip/xc32/v3.01/bin/bin/../../lib/gcc/pic32c/8.3.1/../../../../pic32c/lib/arm/v5te/nofp\libc_nano.a(lib_a-nano-msizer.o)
 .comment       0x00000053       0x54 c:/program files/microchip/xc32/v3.01/bin/bin/../../lib/gcc/pic32c/8.3.1/../../../../pic32c/lib/arm/v5te/nofp\libc_nano.a(lib_a-reent.o)
 .comment       0x00000053       0x54 c:/program files/microchip/xc32/v3.01/bin/bin/../../lib/gcc/pic32c/8.3.1/../../../../pic32c/lib/arm/v5te/nofp\libc_nano.a(lib_a-wctomb_r.o)
 .comment       0x00000053       0x54 c:/program files/microchip/xc32/v3.01/bin/bin/../../lib/gcc/pic32c/8.3.1/../../../../pic32c/lib/arm/v5te/nofp\libc_nano.a(lib_a-ctype_.o)
 .comment       0x00000053       0x54 c:/program files/microchip/xc32/v3.01/bin/bin/../../lib/gcc/pic32c/8.3.1/../../../../pic32c/lib/arm/v5te/nofp\libpic32c.a(sbrk.o)

.debug_info     0x00000000    0x1307d
 .debug_info    0x00000000     0x1022 build/sam_9x75_eb/production/_ext/1360937237/main.o
 .debug_info    0x00001022     0x2038 build/sam_9x75_eb/production/_ext/2080577836/initialization.o
 .debug_info    0x0000305a     0x14fd build/sam_9x75_eb/production/_ext/2080577836/interrupts.o
 .debug_info    0x00004557      0xe4d build/sam_9x75_eb/production/_ext/601893115/plib_mmu.o
 .debug_info    0x000053a4      0x8e2 build/sam_9x75_eb/production/_ext/601902766/plib_clk.o
 .debug_info    0x00005c86      0xc3e build/sam_9x75_eb/production/_ext/601890362/plib_pio.o
 .debug_info    0x000068c4     0x175d build/sam_9x75_eb/production/_ext/601904789/plib_aic.o
 .debug_info    0x00008021       0x22 build/sam_9x75_eb/production/_ext/2080577836/cstartup.o
 .debug_info    0x00008043       0x26 build/sam_9x75_eb/production/_ext/2080577836/vectortrap.o
 .debug_info    0x00008069     0x208f build/sam_9x75_eb/production/_ext/40865551/sys_console.o
 .debug_info    0x0000a0f8     0x1456 build/sam_9x75_eb/production/_ext/1479096388/plib_dbgu.o
 .debug_info    0x0000b54e     0x2276 build/sam_9x75_eb/production/_ext/40865551/sys_console_uart.o
 .debug_info    0x0000d7c4     0x154c build/sam_9x75_eb/production/_ext/626097884/bsp.o
 .debug_info    0x0000ed10     0x1c1a build/sam_9x75_eb/production/_ext/1360937237/app.o
 .debug_info    0x0001092a     0x1016 build/sam_9x75_eb/production/_ext/2080577836/tasks.o
 .debug_info    0x00011940     0x136d build/sam_9x75_eb/production/_ext/352419531/sys_debug.o
 .debug_info    0x00012cad       0x26 c:/program files/microchip/xc32/v3.01/bin/bin/../../lib/gcc/pic32c/8.3.1/arm/v5te/nofp\libgcc.a(_udivsi3.o)
 .debug_info    0x00012cd3       0x26 c:/program files/microchip/xc32/v3.01/bin/bin/../../lib/gcc/pic32c/8.3.1/arm/v5te/nofp\libgcc.a(_dvmd_tls.o)
 .debug_info    0x00012cf9      0x2a0 c:/program files/microchip/xc32/v3.01/bin/bin/../../lib/gcc/pic32c/8.3.1/../../../../pic32c/lib/arm/v5te/nofp\libpic32c.a(sbrk.o)
 .debug_info    0x00012f99       0x26 c:/program files/microchip/xc32/v3.01/bin/bin/../../lib/gcc/pic32c/8.3.1/arm/v5te/nofp\libgcc.a(_divsi3.o)
 .debug_info    0x00012fbf       0x26 c:/program files/microchip/xc32/v3.01/bin/bin/../../lib/gcc/pic32c/8.3.1/arm/v5te/nofp\libgcc.a(_arm_addsubdf3.o)
 .debug_info    0x00012fe5       0x26 c:/program files/microchip/xc32/v3.01/bin/bin/../../lib/gcc/pic32c/8.3.1/arm/v5te/nofp\libgcc.a(_arm_muldivdf3.o)
 .debug_info    0x0001300b       0x26 c:/program files/microchip/xc32/v3.01/bin/bin/../../lib/gcc/pic32c/8.3.1/arm/v5te/nofp\libgcc.a(_arm_cmpdf2.o)
 .debug_info    0x00013031       0x26 c:/program files/microchip/xc32/v3.01/bin/bin/../../lib/gcc/pic32c/8.3.1/arm/v5te/nofp\libgcc.a(_arm_unorddf2.o)
 .debug_info    0x00013057       0x26 c:/program files/microchip/xc32/v3.01/bin/bin/../../lib/gcc/pic32c/8.3.1/arm/v5te/nofp\libgcc.a(_arm_fixdfsi.o)

.debug_abbrev   0x00000000     0x264f
 .debug_abbrev  0x00000000      0x20d build/sam_9x75_eb/production/_ext/1360937237/main.o
 .debug_abbrev  0x0000020d      0x2d0 build/sam_9x75_eb/production/_ext/2080577836/initialization.o
 .debug_abbrev  0x000004dd      0x208 build/sam_9x75_eb/production/_ext/2080577836/interrupts.o
 .debug_abbrev  0x000006e5      0x242 build/sam_9x75_eb/production/_ext/601893115/plib_mmu.o
 .debug_abbrev  0x00000927      0x151 build/sam_9x75_eb/production/_ext/601902766/plib_clk.o
 .debug_abbrev  0x00000a78      0x155 build/sam_9x75_eb/production/_ext/601890362/plib_pio.o
 .debug_abbrev  0x00000bcd      0x2e7 build/sam_9x75_eb/production/_ext/601904789/plib_aic.o
 .debug_abbrev  0x00000eb4       0x12 build/sam_9x75_eb/production/_ext/2080577836/cstartup.o
 .debug_abbrev  0x00000ec6       0x14 build/sam_9x75_eb/production/_ext/2080577836/vectortrap.o
 .debug_abbrev  0x00000eda      0x4dd build/sam_9x75_eb/production/_ext/40865551/sys_console.o
 .debug_abbrev  0x000013b7      0x4a1 build/sam_9x75_eb/production/_ext/1479096388/plib_dbgu.o
 .debug_abbrev  0x00001858      0x45d build/sam_9x75_eb/production/_ext/40865551/sys_console_uart.o
 .debug_abbrev  0x00001cb5      0x1cb build/sam_9x75_eb/production/_ext/626097884/bsp.o
 .debug_abbrev  0x00001e80      0x289 build/sam_9x75_eb/production/_ext/1360937237/app.o
 .debug_abbrev  0x00002109      0x1f2 build/sam_9x75_eb/production/_ext/2080577836/tasks.o
 .debug_abbrev  0x000022fb      0x286 build/sam_9x75_eb/production/_ext/352419531/sys_debug.o
 .debug_abbrev  0x00002581       0x14 c:/program files/microchip/xc32/v3.01/bin/bin/../../lib/gcc/pic32c/8.3.1/arm/v5te/nofp\libgcc.a(_udivsi3.o)
 .debug_abbrev  0x00002595       0x14 c:/program files/microchip/xc32/v3.01/bin/bin/../../lib/gcc/pic32c/8.3.1/arm/v5te/nofp\libgcc.a(_dvmd_tls.o)
 .debug_abbrev  0x000025a9       0x2e c:/program files/microchip/xc32/v3.01/bin/bin/../../lib/gcc/pic32c/8.3.1/../../../../pic32c/lib/arm/v5te/nofp\libpic32c.a(sbrk.o)
 .debug_abbrev  0x000025d7       0x14 c:/program files/microchip/xc32/v3.01/bin/bin/../../lib/gcc/pic32c/8.3.1/arm/v5te/nofp\libgcc.a(_divsi3.o)
 .debug_abbrev  0x000025eb       0x14 c:/program files/microchip/xc32/v3.01/bin/bin/../../lib/gcc/pic32c/8.3.1/arm/v5te/nofp\libgcc.a(_arm_addsubdf3.o)
 .debug_abbrev  0x000025ff       0x14 c:/program files/microchip/xc32/v3.01/bin/bin/../../lib/gcc/pic32c/8.3.1/arm/v5te/nofp\libgcc.a(_arm_muldivdf3.o)
 .debug_abbrev  0x00002613       0x14 c:/program files/microchip/xc32/v3.01/bin/bin/../../lib/gcc/pic32c/8.3.1/arm/v5te/nofp\libgcc.a(_arm_cmpdf2.o)
 .debug_abbrev  0x00002627       0x14 c:/program files/microchip/xc32/v3.01/bin/bin/../../lib/gcc/pic32c/8.3.1/arm/v5te/nofp\libgcc.a(_arm_unorddf2.o)
 .debug_abbrev  0x0000263b       0x14 c:/program files/microchip/xc32/v3.01/bin/bin/../../lib/gcc/pic32c/8.3.1/arm/v5te/nofp\libgcc.a(_arm_fixdfsi.o)

.debug_loc      0x00000000     0x280f
 .debug_loc     0x00000000       0x20 build/sam_9x75_eb/production/_ext/1360937237/main.o
 .debug_loc     0x00000020       0xf8 build/sam_9x75_eb/production/_ext/2080577836/initialization.o
 .debug_loc     0x00000118      0x584 build/sam_9x75_eb/production/_ext/601893115/plib_mmu.o
 .debug_loc     0x0000069c       0x4e build/sam_9x75_eb/production/_ext/601902766/plib_clk.o
 .debug_loc     0x000006ea       0x94 build/sam_9x75_eb/production/_ext/601890362/plib_pio.o
 .debug_loc     0x0000077e      0x142 build/sam_9x75_eb/production/_ext/601904789/plib_aic.o
 .debug_loc     0x000008c0      0xc47 build/sam_9x75_eb/production/_ext/40865551/sys_console.o
 .debug_loc     0x00001507      0x89c build/sam_9x75_eb/production/_ext/1479096388/plib_dbgu.o
 .debug_loc     0x00001da3      0x9a8 build/sam_9x75_eb/production/_ext/40865551/sys_console_uart.o
 .debug_loc     0x0000274b       0x20 build/sam_9x75_eb/production/_ext/1360937237/app.o
 .debug_loc     0x0000276b       0x20 build/sam_9x75_eb/production/_ext/2080577836/tasks.o
 .debug_loc     0x0000278b       0x84 build/sam_9x75_eb/production/_ext/352419531/sys_debug.o

.debug_aranges  0x00000000      0x570
 .debug_aranges
                0x00000000       0x20 build/sam_9x75_eb/production/_ext/1360937237/main.o
 .debug_aranges
                0x00000020       0x20 build/sam_9x75_eb/production/_ext/2080577836/initialization.o
 .debug_aranges
                0x00000040       0x40 build/sam_9x75_eb/production/_ext/2080577836/interrupts.o
 .debug_aranges
                0x00000080       0x78 build/sam_9x75_eb/production/_ext/601893115/plib_mmu.o
 .debug_aranges
                0x000000f8       0x20 build/sam_9x75_eb/production/_ext/601902766/plib_clk.o
 .debug_aranges
                0x00000118       0x60 build/sam_9x75_eb/production/_ext/601890362/plib_pio.o
 .debug_aranges
                0x00000178       0x38 build/sam_9x75_eb/production/_ext/601904789/plib_aic.o
 .debug_aranges
                0x000001b0       0x30 build/sam_9x75_eb/production/_ext/2080577836/cstartup.o
 .debug_aranges
                0x000001e0       0x20 build/sam_9x75_eb/production/_ext/2080577836/vectortrap.o
 .debug_aranges
                0x00000200       0x88 build/sam_9x75_eb/production/_ext/40865551/sys_console.o
 .debug_aranges
                0x00000288       0xb0 build/sam_9x75_eb/production/_ext/1479096388/plib_dbgu.o
 .debug_aranges
                0x00000338       0x68 build/sam_9x75_eb/production/_ext/40865551/sys_console_uart.o
 .debug_aranges
                0x000003a0       0x20 build/sam_9x75_eb/production/_ext/626097884/bsp.o
 .debug_aranges
                0x000003c0       0x28 build/sam_9x75_eb/production/_ext/1360937237/app.o
 .debug_aranges
                0x000003e8       0x20 build/sam_9x75_eb/production/_ext/2080577836/tasks.o
 .debug_aranges
                0x00000408       0x48 build/sam_9x75_eb/production/_ext/352419531/sys_debug.o
 .debug_aranges
                0x00000450       0x20 c:/program files/microchip/xc32/v3.01/bin/bin/../../lib/gcc/pic32c/8.3.1/arm/v5te/nofp\libgcc.a(_udivsi3.o)
 .debug_aranges
                0x00000470       0x20 c:/program files/microchip/xc32/v3.01/bin/bin/../../lib/gcc/pic32c/8.3.1/arm/v5te/nofp\libgcc.a(_dvmd_tls.o)
 .debug_aranges
                0x00000490       0x20 c:/program files/microchip/xc32/v3.01/bin/bin/../../lib/gcc/pic32c/8.3.1/../../../../pic32c/lib/arm/v5te/nofp\libpic32c.a(sbrk.o)
 .debug_aranges
                0x000004b0       0x20 c:/program files/microchip/xc32/v3.01/bin/bin/../../lib/gcc/pic32c/8.3.1/arm/v5te/nofp\libgcc.a(_divsi3.o)
 .debug_aranges
                0x000004d0       0x20 c:/program files/microchip/xc32/v3.01/bin/bin/../../lib/gcc/pic32c/8.3.1/arm/v5te/nofp\libgcc.a(_arm_addsubdf3.o)
 .debug_aranges
                0x000004f0       0x20 c:/program files/microchip/xc32/v3.01/bin/bin/../../lib/gcc/pic32c/8.3.1/arm/v5te/nofp\libgcc.a(_arm_muldivdf3.o)
 .debug_aranges
                0x00000510       0x20 c:/program files/microchip/xc32/v3.01/bin/bin/../../lib/gcc/pic32c/8.3.1/arm/v5te/nofp\libgcc.a(_arm_cmpdf2.o)
 .debug_aranges
                0x00000530       0x20 c:/program files/microchip/xc32/v3.01/bin/bin/../../lib/gcc/pic32c/8.3.1/arm/v5te/nofp\libgcc.a(_arm_unorddf2.o)
 .debug_aranges
                0x00000550       0x20 c:/program files/microchip/xc32/v3.01/bin/bin/../../lib/gcc/pic32c/8.3.1/arm/v5te/nofp\libgcc.a(_arm_fixdfsi.o)

.debug_ranges   0x00000000      0x6a8
 .debug_ranges  0x00000000       0x10 build/sam_9x75_eb/production/_ext/1360937237/main.o
 .debug_ranges  0x00000010       0x10 build/sam_9x75_eb/production/_ext/2080577836/initialization.o
 .debug_ranges  0x00000020       0x30 build/sam_9x75_eb/production/_ext/2080577836/interrupts.o
 .debug_ranges  0x00000050      0x170 build/sam_9x75_eb/production/_ext/601893115/plib_mmu.o
 .debug_ranges  0x000001c0       0x10 build/sam_9x75_eb/production/_ext/601902766/plib_clk.o
 .debug_ranges  0x000001d0       0x50 build/sam_9x75_eb/production/_ext/601890362/plib_pio.o
 .debug_ranges  0x00000220       0x40 build/sam_9x75_eb/production/_ext/601904789/plib_aic.o
 .debug_ranges  0x00000260       0x28 build/sam_9x75_eb/production/_ext/2080577836/cstartup.o
 .debug_ranges  0x00000288       0x90 build/sam_9x75_eb/production/_ext/40865551/sys_console.o
 .debug_ranges  0x00000318      0x150 build/sam_9x75_eb/production/_ext/1479096388/plib_dbgu.o
 .debug_ranges  0x00000468      0x1a8 build/sam_9x75_eb/production/_ext/40865551/sys_console_uart.o
 .debug_ranges  0x00000610       0x10 build/sam_9x75_eb/production/_ext/626097884/bsp.o
 .debug_ranges  0x00000620       0x30 build/sam_9x75_eb/production/_ext/1360937237/app.o
 .debug_ranges  0x00000650       0x10 build/sam_9x75_eb/production/_ext/2080577836/tasks.o
 .debug_ranges  0x00000660       0x38 build/sam_9x75_eb/production/_ext/352419531/sys_debug.o
 .debug_ranges  0x00000698       0x10 c:/program files/microchip/xc32/v3.01/bin/bin/../../lib/gcc/pic32c/8.3.1/../../../../pic32c/lib/arm/v5te/nofp\libpic32c.a(sbrk.o)

.debug_line     0x00000000     0x46c3
 .debug_line    0x00000000      0x223 build/sam_9x75_eb/production/_ext/1360937237/main.o
 .debug_line    0x00000223      0x552 build/sam_9x75_eb/production/_ext/2080577836/initialization.o
 .debug_line    0x00000775      0x2d5 build/sam_9x75_eb/production/_ext/2080577836/interrupts.o
 .debug_line    0x00000a4a      0x710 build/sam_9x75_eb/production/_ext/601893115/plib_mmu.o
 .debug_line    0x0000115a      0x198 build/sam_9x75_eb/production/_ext/601902766/plib_clk.o
 .debug_line    0x000012f2      0x370 build/sam_9x75_eb/production/_ext/601890362/plib_pio.o
 .debug_line    0x00001662      0x50d build/sam_9x75_eb/production/_ext/601904789/plib_aic.o
 .debug_line    0x00001b6f       0xf6 build/sam_9x75_eb/production/_ext/2080577836/cstartup.o
 .debug_line    0x00001c65       0x56 build/sam_9x75_eb/production/_ext/2080577836/vectortrap.o
 .debug_line    0x00001cbb      0x75b build/sam_9x75_eb/production/_ext/40865551/sys_console.o
 .debug_line    0x00002416      0x86b build/sam_9x75_eb/production/_ext/1479096388/plib_dbgu.o
 .debug_line    0x00002c81      0x788 build/sam_9x75_eb/production/_ext/40865551/sys_console_uart.o
 .debug_line    0x00003409      0x1d3 build/sam_9x75_eb/production/_ext/626097884/bsp.o
 .debug_line    0x000035dc      0x35a build/sam_9x75_eb/production/_ext/1360937237/app.o
 .debug_line    0x00003936      0x230 build/sam_9x75_eb/production/_ext/2080577836/tasks.o
 .debug_line    0x00003b66      0x2e6 build/sam_9x75_eb/production/_ext/352419531/sys_debug.o
 .debug_line    0x00003e4c       0xb9 c:/program files/microchip/xc32/v3.01/bin/bin/../../lib/gcc/pic32c/8.3.1/arm/v5te/nofp\libgcc.a(_udivsi3.o)
 .debug_line    0x00003f05       0x9c c:/program files/microchip/xc32/v3.01/bin/bin/../../lib/gcc/pic32c/8.3.1/arm/v5te/nofp\libgcc.a(_dvmd_tls.o)
 .debug_line    0x00003fa1       0xb8 c:/program files/microchip/xc32/v3.01/bin/bin/../../lib/gcc/pic32c/8.3.1/../../../../pic32c/lib/arm/v5te/nofp\libpic32c.a(sbrk.o)
 .debug_line    0x00004059       0xc5 c:/program files/microchip/xc32/v3.01/bin/bin/../../lib/gcc/pic32c/8.3.1/arm/v5te/nofp\libgcc.a(_divsi3.o)
 .debug_line    0x0000411e      0x19e c:/program files/microchip/xc32/v3.01/bin/bin/../../lib/gcc/pic32c/8.3.1/arm/v5te/nofp\libgcc.a(_arm_addsubdf3.o)
 .debug_line    0x000042bc      0x1bd c:/program files/microchip/xc32/v3.01/bin/bin/../../lib/gcc/pic32c/8.3.1/arm/v5te/nofp\libgcc.a(_arm_muldivdf3.o)
 .debug_line    0x00004479       0xed c:/program files/microchip/xc32/v3.01/bin/bin/../../lib/gcc/pic32c/8.3.1/arm/v5te/nofp\libgcc.a(_arm_cmpdf2.o)
 .debug_line    0x00004566       0xaa c:/program files/microchip/xc32/v3.01/bin/bin/../../lib/gcc/pic32c/8.3.1/arm/v5te/nofp\libgcc.a(_arm_unorddf2.o)
 .debug_line    0x00004610       0xb3 c:/program files/microchip/xc32/v3.01/bin/bin/../../lib/gcc/pic32c/8.3.1/arm/v5te/nofp\libgcc.a(_arm_fixdfsi.o)

.debug_str      0x00000000      0xcf6
 .debug_str     0x00000000       0x27 build/sam_9x75_eb/production/_ext/1360937237/main.o
 .debug_str     0x00000027       0xf2 build/sam_9x75_eb/production/_ext/2080577836/initialization.o
 .debug_str     0x00000119        0xe build/sam_9x75_eb/production/_ext/2080577836/interrupts.o
 .debug_str     0x00000127        0xd build/sam_9x75_eb/production/_ext/601893115/plib_mmu.o
 .debug_str     0x00000134        0x0 build/sam_9x75_eb/production/_ext/601902766/plib_clk.o
 .debug_str     0x00000134        0xa build/sam_9x75_eb/production/_ext/601890362/plib_pio.o
 .debug_str     0x0000013e        0xe build/sam_9x75_eb/production/_ext/601904789/plib_aic.o
 .debug_str     0x0000014c       0x9e build/sam_9x75_eb/production/_ext/2080577836/cstartup.o
 .debug_str     0x000001ea       0xa0 build/sam_9x75_eb/production/_ext/2080577836/vectortrap.o
 .debug_str     0x0000028a       0x46 build/sam_9x75_eb/production/_ext/40865551/sys_console.o
 .debug_str     0x000002d0       0xa5 build/sam_9x75_eb/production/_ext/1479096388/plib_dbgu.o
 .debug_str     0x00000375       0xa1 build/sam_9x75_eb/production/_ext/40865551/sys_console_uart.o
 .debug_str     0x00000416        0xe build/sam_9x75_eb/production/_ext/626097884/bsp.o
 .debug_str     0x00000424      0x147 build/sam_9x75_eb/production/_ext/1360937237/app.o
 .debug_str     0x0000056b       0x18 build/sam_9x75_eb/production/_ext/2080577836/tasks.o
 .debug_str     0x00000583        0xe build/sam_9x75_eb/production/_ext/352419531/sys_debug.o
 .debug_str     0x00000591       0xec c:/program files/microchip/xc32/v3.01/bin/bin/../../lib/gcc/pic32c/8.3.1/arm/v5te/nofp\libgcc.a(_udivsi3.o)
 .debug_str     0x0000067d       0xec c:/program files/microchip/xc32/v3.01/bin/bin/../../lib/gcc/pic32c/8.3.1/arm/v5te/nofp\libgcc.a(_dvmd_tls.o)
 .debug_str     0x00000769        0x0 c:/program files/microchip/xc32/v3.01/bin/bin/../../lib/gcc/pic32c/8.3.1/../../../../pic32c/lib/arm/v5te/nofp\libpic32c.a(sbrk.o)
 .debug_str     0x00000769       0xec c:/program files/microchip/xc32/v3.01/bin/bin/../../lib/gcc/pic32c/8.3.1/arm/v5te/nofp\libgcc.a(_divsi3.o)
 .debug_str     0x00000855       0xed c:/program files/microchip/xc32/v3.01/bin/bin/../../lib/gcc/pic32c/8.3.1/arm/v5te/nofp\libgcc.a(_arm_addsubdf3.o)
 .debug_str     0x00000942       0xed c:/program files/microchip/xc32/v3.01/bin/bin/../../lib/gcc/pic32c/8.3.1/arm/v5te/nofp\libgcc.a(_arm_muldivdf3.o)
 .debug_str     0x00000a2f       0xed c:/program files/microchip/xc32/v3.01/bin/bin/../../lib/gcc/pic32c/8.3.1/arm/v5te/nofp\libgcc.a(_arm_cmpdf2.o)
 .debug_str     0x00000b1c       0xed c:/program files/microchip/xc32/v3.01/bin/bin/../../lib/gcc/pic32c/8.3.1/arm/v5te/nofp\libgcc.a(_arm_unorddf2.o)
 .debug_str     0x00000c09       0xed c:/program files/microchip/xc32/v3.01/bin/bin/../../lib/gcc/pic32c/8.3.1/arm/v5te/nofp\libgcc.a(_arm_fixdfsi.o)

.debug_frame    0x00000000      0xa5c
 .debug_frame   0x00000000       0x28 build/sam_9x75_eb/production/_ext/1360937237/main.o
 .debug_frame   0x00000028       0x28 build/sam_9x75_eb/production/_ext/2080577836/initialization.o
 .debug_frame   0x00000050       0x60 build/sam_9x75_eb/production/_ext/2080577836/interrupts.o
 .debug_frame   0x000000b0       0xf8 build/sam_9x75_eb/production/_ext/601893115/plib_mmu.o
 .debug_frame   0x000001a8       0x2c build/sam_9x75_eb/production/_ext/601902766/plib_clk.o
 .debug_frame   0x000001d4       0xa0 build/sam_9x75_eb/production/_ext/601890362/plib_pio.o
 .debug_frame   0x00000274       0x64 build/sam_9x75_eb/production/_ext/601904789/plib_aic.o
 .debug_frame   0x000002d8      0x19c build/sam_9x75_eb/production/_ext/40865551/sys_console.o
 .debug_frame   0x00000474      0x198 build/sam_9x75_eb/production/_ext/1479096388/plib_dbgu.o
 .debug_frame   0x0000060c       0xf8 build/sam_9x75_eb/production/_ext/40865551/sys_console_uart.o
 .debug_frame   0x00000704       0x20 build/sam_9x75_eb/production/_ext/626097884/bsp.o
 .debug_frame   0x00000724       0x3c build/sam_9x75_eb/production/_ext/1360937237/app.o
 .debug_frame   0x00000760       0x28 build/sam_9x75_eb/production/_ext/2080577836/tasks.o
 .debug_frame   0x00000788       0x70 build/sam_9x75_eb/production/_ext/352419531/sys_debug.o
 .debug_frame   0x000007f8       0x20 c:/program files/microchip/xc32/v3.01/bin/bin/../../lib/gcc/pic32c/8.3.1/arm/v5te/nofp\libgcc.a(_udivsi3.o)
 .debug_frame   0x00000818       0x20 c:/program files/microchip/xc32/v3.01/bin/bin/../../lib/gcc/pic32c/8.3.1/../../../../pic32c/lib/arm/v5te/nofp\libpic32c.a(sbrk.o)
 .debug_frame   0x00000838       0x20 c:/program files/microchip/xc32/v3.01/bin/bin/../../lib/gcc/pic32c/8.3.1/arm/v5te/nofp\libgcc.a(_divsi3.o)
 .debug_frame   0x00000858       0xac c:/program files/microchip/xc32/v3.01/bin/bin/../../lib/gcc/pic32c/8.3.1/arm/v5te/nofp\libgcc.a(_arm_addsubdf3.o)
 .debug_frame   0x00000904       0x50 c:/program files/microchip/xc32/v3.01/bin/bin/../../lib/gcc/pic32c/8.3.1/arm/v5te/nofp\libgcc.a(_arm_muldivdf3.o)
 .debug_frame   0x00000954       0xc4 c:/program files/microchip/xc32/v3.01/bin/bin/../../lib/gcc/pic32c/8.3.1/arm/v5te/nofp\libgcc.a(_arm_cmpdf2.o)
 .debug_frame   0x00000a18       0x20 c:/program files/microchip/xc32/v3.01/bin/bin/../../lib/gcc/pic32c/8.3.1/arm/v5te/nofp\libgcc.a(_arm_unorddf2.o)
 .debug_frame   0x00000a38       0x24 c:/program files/microchip/xc32/v3.01/bin/bin/../../lib/gcc/pic32c/8.3.1/arm/v5te/nofp\libgcc.a(_arm_fixdfsi.o)

.stack          0x23f12720      0x100
 .stack         0x23f12720      0x100 stack

.eh_frame%z1    0x00000000        0x0
 .eh_frame      0x00000000        0x0 c:/program files/microchip/xc32/v3.01/bin/bin/../../lib/gcc/pic32c/8.3.1/arm/v5te/nofp/crtbegin.o
