Archive member included to satisfy reference by file (symbol)

c:/program files/microchip/xc32/v3.01/bin/bin/../../lib/gcc/pic32c/8.3.1/arm/v5te/nofp\libgcc.a(_udivsi3.o)
                              build/sam_9x75_eb/production/_ext/1848540590/drv_at24.o (__aeabi_uidiv)
c:/program files/microchip/xc32/v3.01/bin/bin/../../lib/gcc/pic32c/8.3.1/arm/v5te/nofp\libgcc.a(_dvmd_tls.o)
                              c:/program files/microchip/xc32/v3.01/bin/bin/../../lib/gcc/pic32c/8.3.1/arm/v5te/nofp\libgcc.a(_udivsi3.o) (__aeabi_idiv0)
c:/program files/microchip/xc32/v3.01/bin/bin/../../lib/gcc/pic32c/8.3.1/../../../../pic32c/lib/arm/v5te/nofp\libc_nano.a(lib_a-init.o)
                              build/sam_9x75_eb/production/_ext/2080577836/cstartup.o (__libc_init_array)
c:/program files/microchip/xc32/v3.01/bin/bin/../../lib/gcc/pic32c/8.3.1/../../../../pic32c/lib/arm/v5te/nofp\libc_nano.a(lib_a-memcmp.o)
                              build/sam_9x75_eb/production/_ext/1360937237/app.o (memcmp)

Microchip PIC32 Memory-Usage Report
        --------------------------------------------------------------------------
         Total Program Memory used  :           0           0  
        --------------------------------------------------------------------------


RAM Data-Memory Usage
section                    address  length [bytes]      (dec)  Description
-------                 ----------  -------------------------  -----------
.text                   0x23f00000         0x18b8        6328   
.data                   0x23f018b8           0x18          24  Initialized data 
.relocate               0x23f018d0           0x40          64   
.region_cache_aligned_c 0x23f018d0           0x10          16   
.bss                    0x23f04000         0x8114       33044  Uninitialized data 
.region_cache_aligned   0x23f0c114            0xc          12   
.stacks                 0x23f0c120         0x2140        8512   
         Total RAM used  :      0xbb80       48000  0.0% of 0xf000000
        --------------------------------------------------------------------------
            Total Data Memory used  :      0xbb80       48000  0.0% of 0xf000000
        --------------------------------------------------------------------------


Dynamic Data-Memory Reservation
section                    address  length [bytes]      (dec)  Description
-------                 ----------  -------------------------  -----------
heap                    0x23f0e268          0x200         512  Reserved for heap 
stack                   0x23f0e480      0xc0f1b78   202316664  Reserved for stack 

        --------------------------------------------------------------------------

Discarded input sections

 .text          0x00000000        0x0 c:/program files/microchip/xc32/v3.01/bin/bin/../../lib/gcc/pic32c/8.3.1/arm/v5te/nofp/crti.o
 .data          0x00000000        0x0 c:/program files/microchip/xc32/v3.01/bin/bin/../../lib/gcc/pic32c/8.3.1/arm/v5te/nofp/crti.o
 .bss           0x00000000        0x0 c:/program files/microchip/xc32/v3.01/bin/bin/../../lib/gcc/pic32c/8.3.1/arm/v5te/nofp/crti.o
 .xc_stack_usage.hdr
                0x00000000        0xe c:/program files/microchip/xc32/v3.01/bin/bin/../../lib/gcc/pic32c/8.3.1/arm/v5te/nofp/crti.o
 .xc_stack_usage
                0x00000000       0x26 c:/program files/microchip/xc32/v3.01/bin/bin/../../lib/gcc/pic32c/8.3.1/arm/v5te/nofp/crti.o
 .data          0x00000000        0x4 c:/program files/microchip/xc32/v3.01/bin/bin/../../lib/gcc/pic32c/8.3.1/arm/v5te/nofp/crtbegin.o
 .xc_stack_usage
                0x00000000       0x3c c:/program files/microchip/xc32/v3.01/bin/bin/../../lib/gcc/pic32c/8.3.1/arm/v5te/nofp/crtbegin.o
 .xc_stack_usage.hdr
                0x00000000        0xe c:/program files/microchip/xc32/v3.01/bin/bin/../../lib/gcc/pic32c/8.3.1/arm/v5te/nofp/crtbegin.o
 .text          0x00000000        0x0 build/sam_9x75_eb/production/_ext/626097884/bsp.o
 .data          0x00000000        0x0 build/sam_9x75_eb/production/_ext/626097884/bsp.o
 .bss           0x00000000        0x0 build/sam_9x75_eb/production/_ext/626097884/bsp.o
 .text          0x00000000        0x0 build/sam_9x75_eb/production/_ext/1848540590/drv_at24.o
 .data          0x00000000        0x0 build/sam_9x75_eb/production/_ext/1848540590/drv_at24.o
 .bss           0x00000000        0x0 build/sam_9x75_eb/production/_ext/1848540590/drv_at24.o
 .text.DRV_AT24_Status
                0x00000000       0x10 build/sam_9x75_eb/production/_ext/1848540590/drv_at24.o
 .text.DRV_AT24_Close
                0x00000000       0x1c build/sam_9x75_eb/production/_ext/1848540590/drv_at24.o
 .text.DRV_AT24_PageWrite
                0x00000000       0x1c build/sam_9x75_eb/production/_ext/1848540590/drv_at24.o
 .text.DRV_AT24_TransferStatusGet
                0x00000000       0x1c build/sam_9x75_eb/production/_ext/1848540590/drv_at24.o
 .text.DRV_AT24_GeometryGet
                0x00000000       0xac build/sam_9x75_eb/production/_ext/1848540590/drv_at24.o
 .text          0x00000000        0x0 build/sam_9x75_eb/production/_ext/601904789/plib_aic.o
 .data          0x00000000        0x0 build/sam_9x75_eb/production/_ext/601904789/plib_aic.o
 .bss           0x00000000        0x0 build/sam_9x75_eb/production/_ext/601904789/plib_aic.o
 .text.AIC_INT_IrqEnable
                0x00000000       0x10 build/sam_9x75_eb/production/_ext/601904789/plib_aic.o
 .text.AIC_INT_IrqDisable
                0x00000000       0x30 build/sam_9x75_eb/production/_ext/601904789/plib_aic.o
 .text.AIC_INT_IrqRestore
                0x00000000       0x28 build/sam_9x75_eb/production/_ext/601904789/plib_aic.o
 .text          0x00000000        0x0 build/sam_9x75_eb/production/_ext/601902766/plib_clk.o
 .data          0x00000000        0x0 build/sam_9x75_eb/production/_ext/601902766/plib_clk.o
 .bss           0x00000000        0x0 build/sam_9x75_eb/production/_ext/601902766/plib_clk.o
 .text          0x00000000        0x0 build/sam_9x75_eb/production/_ext/826354270/plib_flexcom7_twi_master.o
 .data          0x00000000        0x0 build/sam_9x75_eb/production/_ext/826354270/plib_flexcom7_twi_master.o
 .bss           0x00000000        0x0 build/sam_9x75_eb/production/_ext/826354270/plib_flexcom7_twi_master.o
 .text.FLEXCOM7_TWI_TransferSetup
                0x00000000       0xdc build/sam_9x75_eb/production/_ext/826354270/plib_flexcom7_twi_master.o
 .text          0x00000000        0x0 build/sam_9x75_eb/production/_ext/601893115/plib_mmu.o
 .data          0x00000000        0x0 build/sam_9x75_eb/production/_ext/601893115/plib_mmu.o
 .bss           0x00000000        0x0 build/sam_9x75_eb/production/_ext/601893115/plib_mmu.o
 .text.icache_Disable
                0x00000000       0x20 build/sam_9x75_eb/production/_ext/601893115/plib_mmu.o
 .text.dcache_CleanAll
                0x00000000       0x38 build/sam_9x75_eb/production/_ext/601893115/plib_mmu.o
 .text.dcache_CleanInvalidateAll
                0x00000000       0x38 build/sam_9x75_eb/production/_ext/601893115/plib_mmu.o
 .text.dcache_InvalidateByAddr
                0x00000000       0x2c build/sam_9x75_eb/production/_ext/601893115/plib_mmu.o
 .text.dcache_CleanByAddr
                0x00000000       0x2c build/sam_9x75_eb/production/_ext/601893115/plib_mmu.o
 .text.dcache_CleanInvalidateByAddr
                0x00000000       0x2c build/sam_9x75_eb/production/_ext/601893115/plib_mmu.o
 .text.dcache_Disable
                0x00000000       0x24 build/sam_9x75_eb/production/_ext/601893115/plib_mmu.o
 .text          0x00000000        0x0 build/sam_9x75_eb/production/_ext/601890362/plib_pio.o
 .data          0x00000000        0x0 build/sam_9x75_eb/production/_ext/601890362/plib_pio.o
 .bss           0x00000000        0x0 build/sam_9x75_eb/production/_ext/601890362/plib_pio.o
 .text.PIO_PortRead
                0x00000000        0x8 build/sam_9x75_eb/production/_ext/601890362/plib_pio.o
 .text.PIO_PortWrite
                0x00000000       0x18 build/sam_9x75_eb/production/_ext/601890362/plib_pio.o
 .text.PIO_PortLatchRead
                0x00000000        0x8 build/sam_9x75_eb/production/_ext/601890362/plib_pio.o
 .text.PIO_PortSet
                0x00000000        0x8 build/sam_9x75_eb/production/_ext/601890362/plib_pio.o
 .text.PIO_PortClear
                0x00000000        0x8 build/sam_9x75_eb/production/_ext/601890362/plib_pio.o
 .text.PIO_PortToggle
                0x00000000       0x10 build/sam_9x75_eb/production/_ext/601890362/plib_pio.o
 .text.PIO_PortInputEnable
                0x00000000        0x8 build/sam_9x75_eb/production/_ext/601890362/plib_pio.o
 .text.PIO_PortOutputEnable
                0x00000000        0x8 build/sam_9x75_eb/production/_ext/601890362/plib_pio.o
 .text          0x00000000        0x0 build/sam_9x75_eb/production/_ext/400366566/xc32_monitor.o
 .data          0x00000000        0x0 build/sam_9x75_eb/production/_ext/400366566/xc32_monitor.o
 .bss           0x00000000        0x0 build/sam_9x75_eb/production/_ext/400366566/xc32_monitor.o
 .text._mon_getc
                0x00000000        0x8 build/sam_9x75_eb/production/_ext/400366566/xc32_monitor.o
 .text._mon_putc
                0x00000000        0x4 build/sam_9x75_eb/production/_ext/400366566/xc32_monitor.o
 .debug_info    0x00000000      0x2b6 build/sam_9x75_eb/production/_ext/400366566/xc32_monitor.o
 .debug_abbrev  0x00000000       0x80 build/sam_9x75_eb/production/_ext/400366566/xc32_monitor.o
 .debug_loc     0x00000000       0x25 build/sam_9x75_eb/production/_ext/400366566/xc32_monitor.o
 .debug_aranges
                0x00000000       0x28 build/sam_9x75_eb/production/_ext/400366566/xc32_monitor.o
 .debug_ranges  0x00000000       0x18 build/sam_9x75_eb/production/_ext/400366566/xc32_monitor.o
 .debug_line    0x00000000       0x81 build/sam_9x75_eb/production/_ext/400366566/xc32_monitor.o
 .debug_str     0x00000000        0x0 build/sam_9x75_eb/production/_ext/400366566/xc32_monitor.o
 .comment       0x00000000       0x54 build/sam_9x75_eb/production/_ext/400366566/xc32_monitor.o
 .debug_frame   0x00000000       0x30 build/sam_9x75_eb/production/_ext/400366566/xc32_monitor.o
 .ARM.attributes
                0x00000000       0x2c build/sam_9x75_eb/production/_ext/400366566/xc32_monitor.o
 .text          0x00000000        0x0 build/sam_9x75_eb/production/_ext/1045604261/sys_cache.o
 .data          0x00000000        0x0 build/sam_9x75_eb/production/_ext/1045604261/sys_cache.o
 .bss           0x00000000        0x0 build/sam_9x75_eb/production/_ext/1045604261/sys_cache.o
 .text.SYS_CACHE_EnableCaches
                0x00000000       0x10 build/sam_9x75_eb/production/_ext/1045604261/sys_cache.o
 .text.SYS_CACHE_DisableCaches
                0x00000000       0x10 build/sam_9x75_eb/production/_ext/1045604261/sys_cache.o
 .text.SYS_CACHE_EnableICache
                0x00000000        0xc build/sam_9x75_eb/production/_ext/1045604261/sys_cache.o
 .text.SYS_CACHE_DisableICache
                0x00000000        0xc build/sam_9x75_eb/production/_ext/1045604261/sys_cache.o
 .text.SYS_CACHE_InvalidateICache
                0x00000000        0xc build/sam_9x75_eb/production/_ext/1045604261/sys_cache.o
 .text.SYS_CACHE_EnableDCache
                0x00000000        0xc build/sam_9x75_eb/production/_ext/1045604261/sys_cache.o
 .text.SYS_CACHE_DisableDCache
                0x00000000        0xc build/sam_9x75_eb/production/_ext/1045604261/sys_cache.o
 .text.SYS_CACHE_InvalidateDCache
                0x00000000        0xc build/sam_9x75_eb/production/_ext/1045604261/sys_cache.o
 .text.SYS_CACHE_CleanDCache
                0x00000000        0xc build/sam_9x75_eb/production/_ext/1045604261/sys_cache.o
 .text.SYS_CACHE_CleanInvalidateDCache
                0x00000000        0xc build/sam_9x75_eb/production/_ext/1045604261/sys_cache.o
 .text.SYS_CACHE_InvalidateDCache_by_Addr
                0x00000000        0xc build/sam_9x75_eb/production/_ext/1045604261/sys_cache.o
 .text.SYS_CACHE_CleanDCache_by_Addr
                0x00000000        0xc build/sam_9x75_eb/production/_ext/1045604261/sys_cache.o
 .text.SYS_CACHE_CleanInvalidateDCache_by_Addr
                0x00000000        0xc build/sam_9x75_eb/production/_ext/1045604261/sys_cache.o
 .debug_info    0x00000000      0x7af build/sam_9x75_eb/production/_ext/1045604261/sys_cache.o
 .debug_abbrev  0x00000000       0x9f build/sam_9x75_eb/production/_ext/1045604261/sys_cache.o
 .debug_loc     0x00000000      0x27e build/sam_9x75_eb/production/_ext/1045604261/sys_cache.o
 .debug_aranges
                0x00000000       0x80 build/sam_9x75_eb/production/_ext/1045604261/sys_cache.o
 .debug_ranges  0x00000000       0x70 build/sam_9x75_eb/production/_ext/1045604261/sys_cache.o
 .debug_line    0x00000000      0x270 build/sam_9x75_eb/production/_ext/1045604261/sys_cache.o
 .debug_str     0x00000000       0xd6 build/sam_9x75_eb/production/_ext/1045604261/sys_cache.o
 .comment       0x00000000       0x54 build/sam_9x75_eb/production/_ext/1045604261/sys_cache.o
 .debug_frame   0x00000000      0x148 build/sam_9x75_eb/production/_ext/1045604261/sys_cache.o
 .ARM.attributes
                0x00000000       0x2c build/sam_9x75_eb/production/_ext/1045604261/sys_cache.o
 .text          0x00000000        0x0 build/sam_9x75_eb/production/_ext/1219600167/sys_int.o
 .data          0x00000000        0x0 build/sam_9x75_eb/production/_ext/1219600167/sys_int.o
 .bss           0x00000000        0x0 build/sam_9x75_eb/production/_ext/1219600167/sys_int.o
 .text.SYS_INT_IsEnabled
                0x00000000       0x14 build/sam_9x75_eb/production/_ext/1219600167/sys_int.o
 .text.SYS_INT_Enable
                0x00000000        0xc build/sam_9x75_eb/production/_ext/1219600167/sys_int.o
 .text.SYS_INT_Disable
                0x00000000        0xc build/sam_9x75_eb/production/_ext/1219600167/sys_int.o
 .text.SYS_INT_Restore
                0x00000000        0xc build/sam_9x75_eb/production/_ext/1219600167/sys_int.o
 .text.SYS_INT_SourceIsEnabled
                0x00000000       0x28 build/sam_9x75_eb/production/_ext/1219600167/sys_int.o
 .text.SYS_INT_SourceEnable
                0x00000000       0x28 build/sam_9x75_eb/production/_ext/1219600167/sys_int.o
 .text.SYS_INT_SourceDisable
                0x00000000       0x3c build/sam_9x75_eb/production/_ext/1219600167/sys_int.o
 .text.SYS_INT_SourceRestore
                0x00000000       0x30 build/sam_9x75_eb/production/_ext/1219600167/sys_int.o
 .text.SYS_INT_SourceStatusGet
                0x00000000       0x78 build/sam_9x75_eb/production/_ext/1219600167/sys_int.o
 .text.SYS_INT_SourceStatusSet
                0x00000000       0x28 build/sam_9x75_eb/production/_ext/1219600167/sys_int.o
 .text.SYS_INT_SourceStatusClear
                0x00000000       0x28 build/sam_9x75_eb/production/_ext/1219600167/sys_int.o
 .debug_info    0x00000000     0x1236 build/sam_9x75_eb/production/_ext/1219600167/sys_int.o
 .debug_abbrev  0x00000000      0x290 build/sam_9x75_eb/production/_ext/1219600167/sys_int.o
 .debug_loc     0x00000000      0x53a build/sam_9x75_eb/production/_ext/1219600167/sys_int.o
 .debug_aranges
                0x00000000       0x70 build/sam_9x75_eb/production/_ext/1219600167/sys_int.o
 .debug_ranges  0x00000000       0x98 build/sam_9x75_eb/production/_ext/1219600167/sys_int.o
 .debug_line    0x00000000      0x569 build/sam_9x75_eb/production/_ext/1219600167/sys_int.o
 .debug_str     0x00000000       0x64 build/sam_9x75_eb/production/_ext/1219600167/sys_int.o
 .comment       0x00000000       0x54 build/sam_9x75_eb/production/_ext/1219600167/sys_int.o
 .debug_frame   0x00000000      0x118 build/sam_9x75_eb/production/_ext/1219600167/sys_int.o
 .ARM.attributes
                0x00000000       0x2c build/sam_9x75_eb/production/_ext/1219600167/sys_int.o
 .text          0x00000000        0x0 build/sam_9x75_eb/production/_ext/2080577836/initialization.o
 .data          0x00000000        0x0 build/sam_9x75_eb/production/_ext/2080577836/initialization.o
 .bss           0x00000000        0x0 build/sam_9x75_eb/production/_ext/2080577836/initialization.o
 .text          0x00000000        0x0 build/sam_9x75_eb/production/_ext/2080577836/interrupts.o
 .data          0x00000000        0x0 build/sam_9x75_eb/production/_ext/2080577836/interrupts.o
 .bss           0x00000000        0x0 build/sam_9x75_eb/production/_ext/2080577836/interrupts.o
 .text.DefaultInterruptHandler
                0x00000000        0x4 build/sam_9x75_eb/production/_ext/2080577836/interrupts.o
 .text.SYSC_SharedHandler
                0x00000000        0x4 build/sam_9x75_eb/production/_ext/2080577836/interrupts.o
 .text.ECC_SharedHandler
                0x00000000        0x4 build/sam_9x75_eb/production/_ext/2080577836/interrupts.o
 .text.MC_SharedHandler
                0x00000000        0x4 build/sam_9x75_eb/production/_ext/2080577836/interrupts.o
 .data          0x00000000        0x0 build/sam_9x75_eb/production/_ext/2080577836/cstartup.o
 .bss           0x00000000        0x0 build/sam_9x75_eb/production/_ext/2080577836/cstartup.o
 .text          0x00000000        0x0 build/sam_9x75_eb/production/_ext/2080577836/vectortrap.o
 .data          0x00000000        0x0 build/sam_9x75_eb/production/_ext/2080577836/vectortrap.o
 .bss           0x00000000        0x0 build/sam_9x75_eb/production/_ext/2080577836/vectortrap.o
 .text          0x00000000        0x0 build/sam_9x75_eb/production/_ext/2080577836/tasks.o
 .data          0x00000000        0x0 build/sam_9x75_eb/production/_ext/2080577836/tasks.o
 .bss           0x00000000        0x0 build/sam_9x75_eb/production/_ext/2080577836/tasks.o
 .text          0x00000000        0x0 build/sam_9x75_eb/production/_ext/1360937237/main.o
 .data          0x00000000        0x0 build/sam_9x75_eb/production/_ext/1360937237/main.o
 .bss           0x00000000        0x0 build/sam_9x75_eb/production/_ext/1360937237/main.o
 .text          0x00000000        0x0 build/sam_9x75_eb/production/_ext/1360937237/app.o
 .data          0x00000000        0x0 build/sam_9x75_eb/production/_ext/1360937237/app.o
 .bss           0x00000000        0x0 build/sam_9x75_eb/production/_ext/1360937237/app.o
 .data          0x00000000        0x0 c:/program files/microchip/xc32/v3.01/bin/bin/../../lib/gcc/pic32c/8.3.1/arm/v5te/nofp\libgcc.a(_udivsi3.o)
 .bss           0x00000000        0x0 c:/program files/microchip/xc32/v3.01/bin/bin/../../lib/gcc/pic32c/8.3.1/arm/v5te/nofp\libgcc.a(_udivsi3.o)
 .xc_stack_usage.hdr
                0x00000000        0xe c:/program files/microchip/xc32/v3.01/bin/bin/../../lib/gcc/pic32c/8.3.1/arm/v5te/nofp\libgcc.a(_udivsi3.o)
 .xc_stack_usage
                0x00000000       0x35 c:/program files/microchip/xc32/v3.01/bin/bin/../../lib/gcc/pic32c/8.3.1/arm/v5te/nofp\libgcc.a(_udivsi3.o)
 .data          0x00000000        0x0 c:/program files/microchip/xc32/v3.01/bin/bin/../../lib/gcc/pic32c/8.3.1/arm/v5te/nofp\libgcc.a(_dvmd_tls.o)
 .bss           0x00000000        0x0 c:/program files/microchip/xc32/v3.01/bin/bin/../../lib/gcc/pic32c/8.3.1/arm/v5te/nofp\libgcc.a(_dvmd_tls.o)
 .xc_stack_usage.hdr
                0x00000000        0xe c:/program files/microchip/xc32/v3.01/bin/bin/../../lib/gcc/pic32c/8.3.1/arm/v5te/nofp\libgcc.a(_dvmd_tls.o)
 .xc_stack_usage
                0x00000000       0x36 c:/program files/microchip/xc32/v3.01/bin/bin/../../lib/gcc/pic32c/8.3.1/arm/v5te/nofp\libgcc.a(_dvmd_tls.o)
 .text          0x00000000        0x0 c:/program files/microchip/xc32/v3.01/bin/bin/../../lib/gcc/pic32c/8.3.1/../../../../pic32c/lib/arm/v5te/nofp\libc_nano.a(lib_a-init.o)
 .data          0x00000000        0x0 c:/program files/microchip/xc32/v3.01/bin/bin/../../lib/gcc/pic32c/8.3.1/../../../../pic32c/lib/arm/v5te/nofp\libc_nano.a(lib_a-init.o)
 .bss           0x00000000        0x0 c:/program files/microchip/xc32/v3.01/bin/bin/../../lib/gcc/pic32c/8.3.1/../../../../pic32c/lib/arm/v5te/nofp\libc_nano.a(lib_a-init.o)
 .xc_stack_usage
                0x00000000       0x1f c:/program files/microchip/xc32/v3.01/bin/bin/../../lib/gcc/pic32c/8.3.1/../../../../pic32c/lib/arm/v5te/nofp\libc_nano.a(lib_a-init.o)
 .xc_stack_usage.hdr
                0x00000000        0xe c:/program files/microchip/xc32/v3.01/bin/bin/../../lib/gcc/pic32c/8.3.1/../../../../pic32c/lib/arm/v5te/nofp\libc_nano.a(lib_a-init.o)
 .text          0x00000000        0x0 c:/program files/microchip/xc32/v3.01/bin/bin/../../lib/gcc/pic32c/8.3.1/../../../../pic32c/lib/arm/v5te/nofp\libc_nano.a(lib_a-memcmp.o)
 .data          0x00000000        0x0 c:/program files/microchip/xc32/v3.01/bin/bin/../../lib/gcc/pic32c/8.3.1/../../../../pic32c/lib/arm/v5te/nofp\libc_nano.a(lib_a-memcmp.o)
 .bss           0x00000000        0x0 c:/program files/microchip/xc32/v3.01/bin/bin/../../lib/gcc/pic32c/8.3.1/../../../../pic32c/lib/arm/v5te/nofp\libc_nano.a(lib_a-memcmp.o)
 .xc_stack_usage
                0x00000000       0x14 c:/program files/microchip/xc32/v3.01/bin/bin/../../lib/gcc/pic32c/8.3.1/../../../../pic32c/lib/arm/v5te/nofp\libc_nano.a(lib_a-memcmp.o)
 .xc_stack_usage.hdr
                0x00000000        0xe c:/program files/microchip/xc32/v3.01/bin/bin/../../lib/gcc/pic32c/8.3.1/../../../../pic32c/lib/arm/v5te/nofp\libc_nano.a(lib_a-memcmp.o)
 .text          0x00000000        0x0 c:/program files/microchip/xc32/v3.01/bin/bin/../../lib/gcc/pic32c/8.3.1/arm/v5te/nofp/crtend.o
 .data          0x00000000        0x0 c:/program files/microchip/xc32/v3.01/bin/bin/../../lib/gcc/pic32c/8.3.1/arm/v5te/nofp/crtend.o
 .bss           0x00000000        0x0 c:/program files/microchip/xc32/v3.01/bin/bin/../../lib/gcc/pic32c/8.3.1/arm/v5te/nofp/crtend.o
 .eh_frame      0x00000000        0x4 c:/program files/microchip/xc32/v3.01/bin/bin/../../lib/gcc/pic32c/8.3.1/arm/v5te/nofp/crtend.o
 .xc_stack_usage.hdr
                0x00000000        0xe c:/program files/microchip/xc32/v3.01/bin/bin/../../lib/gcc/pic32c/8.3.1/arm/v5te/nofp/crtend.o
 .comment       0x00000000       0x54 c:/program files/microchip/xc32/v3.01/bin/bin/../../lib/gcc/pic32c/8.3.1/arm/v5te/nofp/crtend.o
 .ARM.attributes
                0x00000000       0x2b c:/program files/microchip/xc32/v3.01/bin/bin/../../lib/gcc/pic32c/8.3.1/arm/v5te/nofp/crtend.o
 .text          0x00000000        0x0 c:/program files/microchip/xc32/v3.01/bin/bin/../../lib/gcc/pic32c/8.3.1/arm/v5te/nofp/crtn.o
 .data          0x00000000        0x0 c:/program files/microchip/xc32/v3.01/bin/bin/../../lib/gcc/pic32c/8.3.1/arm/v5te/nofp/crtn.o
 .bss           0x00000000        0x0 c:/program files/microchip/xc32/v3.01/bin/bin/../../lib/gcc/pic32c/8.3.1/arm/v5te/nofp/crtn.o
 .xc_stack_usage.hdr
                0x00000000        0xe c:/program files/microchip/xc32/v3.01/bin/bin/../../lib/gcc/pic32c/8.3.1/arm/v5te/nofp/crtn.o

Memory Configuration

Name             Origin             Length             Attributes
sram             0x00300000         0x00010000         xw
ram              0x21000000         0x0f000000         xwl !r
ram_nocache      0x20000000         0x01000000         !xrw
rom              0x00000000         0x00000000         xrl
*default*        0x00000000         0xffffffff

Linker script and memory map

LOAD c:/program files/microchip/xc32/v3.01/bin/bin/../../lib/gcc/pic32c/8.3.1/arm/v5te/nofp/crti.o
LOAD c:/program files/microchip/xc32/v3.01/bin/bin/../../lib/gcc/pic32c/8.3.1/arm/v5te/nofp/crtbegin.o
LOAD build/sam_9x75_eb/production/_ext/626097884/bsp.o
LOAD build/sam_9x75_eb/production/_ext/1848540590/drv_at24.o
LOAD build/sam_9x75_eb/production/_ext/601904789/plib_aic.o
LOAD build/sam_9x75_eb/production/_ext/601902766/plib_clk.o
LOAD build/sam_9x75_eb/production/_ext/826354270/plib_flexcom7_twi_master.o
LOAD build/sam_9x75_eb/production/_ext/601893115/plib_mmu.o
LOAD build/sam_9x75_eb/production/_ext/601890362/plib_pio.o
LOAD build/sam_9x75_eb/production/_ext/400366566/xc32_monitor.o
LOAD build/sam_9x75_eb/production/_ext/1045604261/sys_cache.o
LOAD build/sam_9x75_eb/production/_ext/1219600167/sys_int.o
LOAD build/sam_9x75_eb/production/_ext/2080577836/initialization.o
LOAD build/sam_9x75_eb/production/_ext/2080577836/interrupts.o
LOAD build/sam_9x75_eb/production/_ext/2080577836/cstartup.o
LOAD build/sam_9x75_eb/production/_ext/2080577836/vectortrap.o
LOAD build/sam_9x75_eb/production/_ext/2080577836/tasks.o
LOAD build/sam_9x75_eb/production/_ext/1360937237/main.o
LOAD build/sam_9x75_eb/production/_ext/1360937237/app.o
                0x00000001                __MPLAB_BUILD = 0x1
                0x00001000                C_STACK_SIZE = 0x1000
                0x00000060                IRQ_STACK_SIZE = 0x60
                0x00000060                FIQ_STACK_SIZE = 0x60
                0x00001000                SVC_STACK_SIZE = 0x1000
                0x00000040                ABT_STACK_SIZE = 0x40
                0x00000040                UND_STACK_SIZE = 0x40

.text           0x23f00000     0x18b8
                0x23f00000                . = ALIGN (0x4)
                [!provide]                PROVIDE (_sfixed = .)
 *(.textEntry)
 .textEntry     0x23f00000      0x10c build/sam_9x75_eb/production/_ext/2080577836/cstartup.o
                0x23f00000                entry
 *(.text .text.* .gnu.linkonce.t.*)
 .text          0x23f0010c       0x6c c:/program files/microchip/xc32/v3.01/bin/bin/../../lib/gcc/pic32c/8.3.1/arm/v5te/nofp/crtbegin.o
 .text.BSP_Initialize
                0x23f00178       0x20 build/sam_9x75_eb/production/_ext/626097884/bsp.o
                0x23f00178                BSP_Initialize
 .text._DRV_AT24_ReadStatus
                0x23f00198       0x30 build/sam_9x75_eb/production/_ext/1848540590/drv_at24.o
 .text._DRV_AT24_Write
                0x23f001c8      0x13c build/sam_9x75_eb/production/_ext/1848540590/drv_at24.o
 .text._I2CEventHandler
                0x23f00304      0x118 build/sam_9x75_eb/production/_ext/1848540590/drv_at24.o
 .text.DRV_AT24_Initialize
                0x23f0041c       0xa8 build/sam_9x75_eb/production/_ext/1848540590/drv_at24.o
                0x23f0041c                DRV_AT24_Initialize
 .text.DRV_AT24_Open
                0x23f004c4       0x70 build/sam_9x75_eb/production/_ext/1848540590/drv_at24.o
                0x23f004c4                DRV_AT24_Open
 .text.DRV_AT24_EventHandlerSet
                0x23f00534       0x28 build/sam_9x75_eb/production/_ext/1848540590/drv_at24.o
                0x23f00534                DRV_AT24_EventHandlerSet
 .text.DRV_AT24_Read
                0x23f0055c      0x100 build/sam_9x75_eb/production/_ext/1848540590/drv_at24.o
                0x23f0055c                DRV_AT24_Read
 .text.DRV_AT24_Write
                0x23f0065c       0x64 build/sam_9x75_eb/production/_ext/1848540590/drv_at24.o
                0x23f0065c                DRV_AT24_Write
 .text.AIC_INT_Initialize
                0x23f006c0      0x110 build/sam_9x75_eb/production/_ext/601904789/plib_aic.o
                0x23f006c0                AIC_INT_Initialize
 .text.CLK_Initialize
                0x23f007d0       0xb0 build/sam_9x75_eb/production/_ext/601902766/plib_clk.o
                0x23f007d0                CLK_Initialize
 .text.FLEXCOM7_TWI_InitiateRead
                0x23f00880       0x60 build/sam_9x75_eb/production/_ext/826354270/plib_flexcom7_twi_master.o
 .text.FLEXCOM7_TWI_InitiateTransfer
                0x23f008e0      0x124 build/sam_9x75_eb/production/_ext/826354270/plib_flexcom7_twi_master.o
 .text.FLEXCOM7_TWI_Initialize
                0x23f00a04       0x68 build/sam_9x75_eb/production/_ext/826354270/plib_flexcom7_twi_master.o
                0x23f00a04                FLEXCOM7_TWI_Initialize
 .text.FLEXCOM7_TWI_CallbackRegister
                0x23f00a6c       0x18 build/sam_9x75_eb/production/_ext/826354270/plib_flexcom7_twi_master.o
                0x23f00a6c                FLEXCOM7_TWI_CallbackRegister
 .text.FLEXCOM7_TWI_IsBusy
                0x23f00a84       0x18 build/sam_9x75_eb/production/_ext/826354270/plib_flexcom7_twi_master.o
                0x23f00a84                FLEXCOM7_TWI_IsBusy
 .text.FLEXCOM7_TWI_Read
                0x23f00a9c       0x50 build/sam_9x75_eb/production/_ext/826354270/plib_flexcom7_twi_master.o
                0x23f00a9c                FLEXCOM7_TWI_Read
 .text.FLEXCOM7_TWI_Write
                0x23f00aec       0x50 build/sam_9x75_eb/production/_ext/826354270/plib_flexcom7_twi_master.o
                0x23f00aec                FLEXCOM7_TWI_Write
 .text.FLEXCOM7_TWI_WriteRead
                0x23f00b3c       0x50 build/sam_9x75_eb/production/_ext/826354270/plib_flexcom7_twi_master.o
                0x23f00b3c                FLEXCOM7_TWI_WriteRead
 .text.FLEXCOM7_TWI_ErrorGet
                0x23f00b8c       0x18 build/sam_9x75_eb/production/_ext/826354270/plib_flexcom7_twi_master.o
                0x23f00b8c                FLEXCOM7_TWI_ErrorGet
 .text.FLEXCOM7_InterruptHandler
                0x23f00ba4      0x2c8 build/sam_9x75_eb/production/_ext/826354270/plib_flexcom7_twi_master.o
                0x23f00ba4                FLEXCOM7_InterruptHandler
 .text.icache_InvalidateAll
                0x23f00e6c        0xc build/sam_9x75_eb/production/_ext/601893115/plib_mmu.o
                0x23f00e6c                icache_InvalidateAll
 .text.icache_Enable
                0x23f00e78       0x20 build/sam_9x75_eb/production/_ext/601893115/plib_mmu.o
                0x23f00e78                icache_Enable
 .text.dcache_InvalidateAll
                0x23f00e98       0x38 build/sam_9x75_eb/production/_ext/601893115/plib_mmu.o
                0x23f00e98                dcache_InvalidateAll
 .text.dcache_Enable
                0x23f00ed0       0x20 build/sam_9x75_eb/production/_ext/601893115/plib_mmu.o
                0x23f00ed0                dcache_Enable
 .text.MMU_Initialize
                0x23f00ef0      0x20c build/sam_9x75_eb/production/_ext/601893115/plib_mmu.o
                0x23f00ef0                MMU_Initialize
 .text.PIO_Initialize
                0x23f010fc       0xe4 build/sam_9x75_eb/production/_ext/601890362/plib_pio.o
                0x23f010fc                PIO_Initialize
 .text.SYS_Initialize
                0x23f011e0       0xb4 build/sam_9x75_eb/production/_ext/2080577836/initialization.o
                0x23f011e0                SYS_Initialize
 .text.DefaultInterruptHandlerForSpurious
                0x23f01294       0x18 build/sam_9x75_eb/production/_ext/2080577836/interrupts.o
                0x23f01294                DefaultInterruptHandlerForSpurious
 *fill*         0x23f012ac        0x4 
 .text          0x23f012b0       0xa0 build/sam_9x75_eb/production/_ext/2080577836/cstartup.o
 .text.SYS_Tasks
                0x23f01350        0xc build/sam_9x75_eb/production/_ext/2080577836/tasks.o
                0x23f01350                SYS_Tasks
 .text.main     0x23f0135c       0x14 build/sam_9x75_eb/production/_ext/1360937237/main.o
                0x23f0135c                main
 .text.APP_EEPROM_EventHandler
                0x23f01370       0x28 build/sam_9x75_eb/production/_ext/1360937237/app.o
 .text.APP_Initialize
                0x23f01398       0x18 build/sam_9x75_eb/production/_ext/1360937237/app.o
                0x23f01398                APP_Initialize
 .text.APP_Tasks
                0x23f013b0      0x1b8 build/sam_9x75_eb/production/_ext/1360937237/app.o
                0x23f013b0                APP_Tasks
 .text          0x23f01568      0x20c c:/program files/microchip/xc32/v3.01/bin/bin/../../lib/gcc/pic32c/8.3.1/arm/v5te/nofp\libgcc.a(_udivsi3.o)
                0x23f01568                __aeabi_uidiv
                0x23f01568                __udivsi3
                0x23f01754                __aeabi_uidivmod
 .text          0x23f01774        0x4 c:/program files/microchip/xc32/v3.01/bin/bin/../../lib/gcc/pic32c/8.3.1/arm/v5te/nofp\libgcc.a(_dvmd_tls.o)
                0x23f01774                __aeabi_idiv0
                0x23f01774                __aeabi_ldiv0
 .text.__libc_init_array
                0x23f01778       0x70 c:/program files/microchip/xc32/v3.01/bin/bin/../../lib/gcc/pic32c/8.3.1/../../../../pic32c/lib/arm/v5te/nofp\libc_nano.a(lib_a-init.o)
                0x23f01778                __libc_init_array
 .text.memcmp   0x23f017e8       0x48 c:/program files/microchip/xc32/v3.01/bin/bin/../../lib/gcc/pic32c/8.3.1/../../../../pic32c/lib/arm/v5te/nofp\libc_nano.a(lib_a-memcmp.o)
                0x23f017e8                memcmp
 *(.rodata .rodata* .gnu.linkonce.r.*)
 .rodata        0x23f01830       0x20 build/sam_9x75_eb/production/_ext/601902766/plib_clk.o
 .rodata.drvAT24InitData
                0x23f01850       0x18 build/sam_9x75_eb/production/_ext/2080577836/initialization.o
                0x23f01850                drvAT24InitData
 .rodata.drvAT24PlibAPI
                0x23f01868       0x18 build/sam_9x75_eb/production/_ext/2080577836/initialization.o
                0x23f01868                drvAT24PlibAPI
 *(.ARM.extab* .gnu.linkonce.armextab.*)
                0x23f01880                . = ALIGN (0x4)
 *(.init)
 .init          0x23f01880        0xc c:/program files/microchip/xc32/v3.01/bin/bin/../../lib/gcc/pic32c/8.3.1/arm/v5te/nofp/crti.o
                0x23f01880                _init
 .init          0x23f0188c        0xc c:/program files/microchip/xc32/v3.01/bin/bin/../../lib/gcc/pic32c/8.3.1/arm/v5te/nofp/crtn.o
                0x23f01898                . = ALIGN (0x4)
                0x23f01898                PROVIDE (__preinit_array_start = .)
 *(.preinit_array)
                0x23f01898                PROVIDE (__preinit_array_end = .)
                0x23f01898                . = ALIGN (0x4)
                0x23f01898                PROVIDE (__init_array_start = .)
 *(SORT_BY_NAME(.init_array.*))
 *(.init_array)
 .init_array    0x23f01898        0x4 c:/program files/microchip/xc32/v3.01/bin/bin/../../lib/gcc/pic32c/8.3.1/arm/v5te/nofp/crtbegin.o
                0x23f0189c                PROVIDE (__init_array_end = .)
                0x23f0189c                . = ALIGN (0x4)
 *crtbegin.o(.ctors)
 *(EXCLUDE_FILE(*crtend.o) .ctors)
 *(SORT_BY_NAME(.ctors.*))
 *crtend.o(.ctors)
                0x23f0189c                . = ALIGN (0x4)
 *(.fini)
 .fini          0x23f0189c        0xc c:/program files/microchip/xc32/v3.01/bin/bin/../../lib/gcc/pic32c/8.3.1/arm/v5te/nofp/crti.o
                0x23f0189c                _fini
 .fini          0x23f018a8        0xc c:/program files/microchip/xc32/v3.01/bin/bin/../../lib/gcc/pic32c/8.3.1/arm/v5te/nofp/crtn.o
                0x23f018b4                . = ALIGN (0x4)
                [!provide]                PROVIDE (__fini_array_start = .)
 *(.fini_array)
 .fini_array    0x23f018b4        0x4 c:/program files/microchip/xc32/v3.01/bin/bin/../../lib/gcc/pic32c/8.3.1/arm/v5te/nofp/crtbegin.o
 *(SORT_BY_NAME(.fini_array.*))
                [!provide]                PROVIDE (__fini_array_end = .)
 *crtbegin.o(.dtors)
 *(EXCLUDE_FILE(*crtend.o) .dtors)
 *(SORT_BY_NAME(.dtors.*))
 *crtend.o(.dtors)
 *(.dinit*)
                0x23f018b8                . = ALIGN (0x4)

.data           0x23f018b8       0x18
 *(.data .data.*)
 .data.irqData  0x23f018b8       0x14 build/sam_9x75_eb/production/_ext/2080577836/interrupts.o
                0x23f018b8                irqData
 .data.irqDataEntryCount
                0x23f018cc        0x4 build/sam_9x75_eb/production/_ext/2080577836/interrupts.o
                0x23f018cc                irqDataEntryCount
                0x23f018d0                . = ALIGN (0x4)
                [!provide]                PROVIDE (_efixed = .)
                [!provide]                PROVIDE (__exidx_start = .)

.ARM.exidx
 *(.ARM.exidx* .gnu.linkonce.armexidx.*)
                [!provide]                PROVIDE (__exidx_end = .)
                0x23f018d0                . = ALIGN (0x4)
                0x23f018d0                PROVIDE (_etext = .)

.relocate       0x00300000       0x40 load address 0x23f018d0
                0x00300000                . = ALIGN (0x4)
                0x00300000                PROVIDE (_srelocate = .)
 *(.vectors .vectors.*)
 .vectors       0x00300000       0x3c build/sam_9x75_eb/production/_ext/2080577836/cstartup.o
 .vectors       0x0030003c        0x4 build/sam_9x75_eb/production/_ext/2080577836/vectortrap.o
                0x0030003c                software_interrupt_irq_handler
                0x0030003c                prefetch_abort_irq_handler
                0x0030003c                data_abort_irq_handler
                0x0030003c                undefined_instruction_irq_handler
 *(.ramfunc)
                0x00300040                . = ALIGN (0x4)
                0x00300040                PROVIDE (_erelocate = .)

.region_cache_aligned_const
                0x23f018d0       0x10
                0x23f018e0                . = ALIGN (0x20)
 *fill*         0x23f018d0       0x10 
 *(.region_cache_aligned_const)
                0x23f018e0                . = ALIGN (0x20)

.region_sram    0x00300040        0x0
                0x00300040                . = ALIGN (0x4)
 *(.region_sram)

.region_ram     0x23f018e0        0x0
                0x23f018e0                . = ALIGN (0x4)
 *(.region_ram)

.region_nocache
                0x20000000        0x0
                0x20000000                . = ALIGN (0x4)
 *(.region_nocache)

.bss            0x23f04000     0x8114
                0x23f04000                . = ALIGN (0x4)
                0x23f04000                PROVIDE (_szero = .)
 *(.bss .bss.*)
 .bss           0x23f04000       0x1c c:/program files/microchip/xc32/v3.01/bin/bin/../../lib/gcc/pic32c/8.3.1/arm/v5te/nofp/crtbegin.o
 .bss.gDrvAT24Obj
                0x23f0401c       0x48 build/sam_9x75_eb/production/_ext/1848540590/drv_at24.o
 .bss.flexcom7TwiObj
                0x23f04064       0x28 build/sam_9x75_eb/production/_ext/826354270/plib_flexcom7_twi_master.o
 *fill*         0x23f0408c     0x3f74 
 .bss.trns_tbl  0x23f08000     0x4000 build/sam_9x75_eb/production/_ext/601893115/plib_mmu.o
 .bss.sysObj    0x23f0c000        0x4 build/sam_9x75_eb/production/_ext/2080577836/initialization.o
                0x23f0c000                sysObj
 .bss.spuriousEventCount
                0x23f0c004        0x4 build/sam_9x75_eb/production/_ext/2080577836/interrupts.o
                0x23f0c004                spuriousEventCount
 .bss.appData   0x23f0c008      0x10c build/sam_9x75_eb/production/_ext/1360937237/app.o
                0x23f0c008                appData
 *(COMMON)
                0x23f0c114                . = ALIGN (0x4)
                0x23f0c114                PROVIDE (_ezero = .)

.region_cache_aligned
                0x23f0c114        0xc
                0x23f0c120                . = ALIGN (0x20)
 *fill*         0x23f0c114        0xc 
 *(.region_cache_aligned)
                0x23f0c120                . = ALIGN (0x20)

.stacks         0x23f0c120     0x2140
                0x23f0c180                . = (. + IRQ_STACK_SIZE)
 *fill*         0x23f0c120       0x60 
                0x23f0c180                . = ALIGN (0x8)
                0x23f0c180                _irqstack = .
                0x23f0c1e0                . = (. + FIQ_STACK_SIZE)
 *fill*         0x23f0c180       0x60 
                0x23f0c1e0                . = ALIGN (0x8)
                0x23f0c1e0                _fiqstack = .
                0x23f0c220                . = (. + ABT_STACK_SIZE)
 *fill*         0x23f0c1e0       0x40 
                0x23f0c220                . = ALIGN (0x8)
                0x23f0c220                _abtstack = .
                0x23f0c260                . = (. + UND_STACK_SIZE)
 *fill*         0x23f0c220       0x40 
                0x23f0c260                . = ALIGN (0x8)
                0x23f0c260                _undstack = .
                0x23f0d260                . = (. + SVC_STACK_SIZE)
 *fill*         0x23f0c260     0x1000 
                0x23f0d260                . = ALIGN (0x8)
                0x23f0d260                _svcstack = .
                0x23f0e260                . = (. + C_STACK_SIZE)
 *fill*         0x23f0d260     0x1000 
                0x23f0e260                . = ALIGN (0x8)
                0x23f0e260                _cstack = .
                0x23f0e260                _end = .
                0x23f0e260                _ramcode_lma = _end

.ramcode        0x00300040        0x0 load address 0x23f0e260
                0x00300040                _sramcode = .
 *(.ramcode_section)
                0x00300040                _eramcode = .
                0x23f0e260                _ramdata_lma = ((_end + _eramcode) - _sramcode)

.ramdata        0x00300040        0x0 load address 0x23f0e260
                0x00300040                _sramdata = .
 *(.ramdata_section)
                0x00300040                _eramdata = .
                0x00000200                _min_heap_size = 0x200
START GROUP
LOAD c:/program files/microchip/xc32/v3.01/bin/bin/../../lib/gcc/pic32c/8.3.1/../../../../pic32c/lib/arm/v5te/nofp\libpic32c.a
LOAD c:/program files/microchip/xc32/v3.01/bin/bin/../../lib/gcc/pic32c/8.3.1/arm/v5te/nofp\libgcc.a
LOAD c:/program files/microchip/xc32/v3.01/bin/bin/../../lib/gcc/pic32c/8.3.1/../../../../pic32c/lib/arm/v5te/nofp\libm_nano.a
LOAD c:/program files/microchip/xc32/v3.01/bin/bin/../../lib/gcc/pic32c/8.3.1/../../../../pic32c/lib/arm/v5te/nofp\libc_nano.a
END GROUP
LOAD c:/program files/microchip/xc32/v3.01/bin/bin/../../lib/gcc/pic32c/8.3.1/arm/v5te/nofp/crtend.o
LOAD c:/program files/microchip/xc32/v3.01/bin/bin/../../lib/gcc/pic32c/8.3.1/arm/v5te/nofp/crtn.o
OUTPUT(dist/sam_9x75_eb/production/sam_9x75_eb.X.production.elf elf32-littlearm)
LOAD stack

.ARM.attributes
                0x00000000       0x28
 .ARM.attributes
                0x00000000       0x1d c:/program files/microchip/xc32/v3.01/bin/bin/../../lib/gcc/pic32c/8.3.1/arm/v5te/nofp/crti.o
 .ARM.attributes
                0x0000001d       0x2b c:/program files/microchip/xc32/v3.01/bin/bin/../../lib/gcc/pic32c/8.3.1/arm/v5te/nofp/crtbegin.o
 .ARM.attributes
                0x00000048       0x2c build/sam_9x75_eb/production/_ext/626097884/bsp.o
 .ARM.attributes
                0x00000074       0x2c build/sam_9x75_eb/production/_ext/1848540590/drv_at24.o
 .ARM.attributes
                0x000000a0       0x2c build/sam_9x75_eb/production/_ext/601904789/plib_aic.o
 .ARM.attributes
                0x000000cc       0x2c build/sam_9x75_eb/production/_ext/601902766/plib_clk.o
 .ARM.attributes
                0x000000f8       0x2c build/sam_9x75_eb/production/_ext/826354270/plib_flexcom7_twi_master.o
 .ARM.attributes
                0x00000124       0x2c build/sam_9x75_eb/production/_ext/601893115/plib_mmu.o
 .ARM.attributes
                0x00000150       0x2c build/sam_9x75_eb/production/_ext/601890362/plib_pio.o
 .ARM.attributes
                0x0000017c       0x2c build/sam_9x75_eb/production/_ext/2080577836/initialization.o
 .ARM.attributes
                0x000001a8       0x2c build/sam_9x75_eb/production/_ext/2080577836/interrupts.o
 .ARM.attributes
                0x000001d4       0x1c build/sam_9x75_eb/production/_ext/2080577836/cstartup.o
 .ARM.attributes
                0x000001f0       0x1c build/sam_9x75_eb/production/_ext/2080577836/vectortrap.o
 .ARM.attributes
                0x0000020c       0x2c build/sam_9x75_eb/production/_ext/2080577836/tasks.o
 .ARM.attributes
                0x00000238       0x2c build/sam_9x75_eb/production/_ext/1360937237/main.o
 .ARM.attributes
                0x00000264       0x2c build/sam_9x75_eb/production/_ext/1360937237/app.o
 .ARM.attributes
                0x00000290       0x1d c:/program files/microchip/xc32/v3.01/bin/bin/../../lib/gcc/pic32c/8.3.1/arm/v5te/nofp\libgcc.a(_udivsi3.o)
 .ARM.attributes
                0x000002ad       0x1d c:/program files/microchip/xc32/v3.01/bin/bin/../../lib/gcc/pic32c/8.3.1/arm/v5te/nofp\libgcc.a(_dvmd_tls.o)
 .ARM.attributes
                0x000002ca       0x2b c:/program files/microchip/xc32/v3.01/bin/bin/../../lib/gcc/pic32c/8.3.1/../../../../pic32c/lib/arm/v5te/nofp\libc_nano.a(lib_a-init.o)
 .ARM.attributes
                0x000002f5       0x2b c:/program files/microchip/xc32/v3.01/bin/bin/../../lib/gcc/pic32c/8.3.1/../../../../pic32c/lib/arm/v5te/nofp\libc_nano.a(lib_a-memcmp.o)
 .ARM.attributes
                0x00000320       0x1d c:/program files/microchip/xc32/v3.01/bin/bin/../../lib/gcc/pic32c/8.3.1/arm/v5te/nofp/crtn.o

.comment        0x00000000       0x53
 .comment       0x00000000       0x53 c:/program files/microchip/xc32/v3.01/bin/bin/../../lib/gcc/pic32c/8.3.1/arm/v5te/nofp/crtbegin.o
                                 0x54 (size before relaxing)
 .comment       0x00000053       0x54 build/sam_9x75_eb/production/_ext/626097884/bsp.o
 .comment       0x00000053       0x54 build/sam_9x75_eb/production/_ext/1848540590/drv_at24.o
 .comment       0x00000053       0x54 build/sam_9x75_eb/production/_ext/601904789/plib_aic.o
 .comment       0x00000053       0x54 build/sam_9x75_eb/production/_ext/601902766/plib_clk.o
 .comment       0x00000053       0x54 build/sam_9x75_eb/production/_ext/826354270/plib_flexcom7_twi_master.o
 .comment       0x00000053       0x54 build/sam_9x75_eb/production/_ext/601893115/plib_mmu.o
 .comment       0x00000053       0x54 build/sam_9x75_eb/production/_ext/601890362/plib_pio.o
 .comment       0x00000053       0x54 build/sam_9x75_eb/production/_ext/2080577836/initialization.o
 .comment       0x00000053       0x54 build/sam_9x75_eb/production/_ext/2080577836/interrupts.o
 .comment       0x00000053       0x54 build/sam_9x75_eb/production/_ext/2080577836/tasks.o
 .comment       0x00000053       0x54 build/sam_9x75_eb/production/_ext/1360937237/main.o
 .comment       0x00000053       0x54 build/sam_9x75_eb/production/_ext/1360937237/app.o
 .comment       0x00000053       0x54 c:/program files/microchip/xc32/v3.01/bin/bin/../../lib/gcc/pic32c/8.3.1/../../../../pic32c/lib/arm/v5te/nofp\libc_nano.a(lib_a-init.o)
 .comment       0x00000053       0x54 c:/program files/microchip/xc32/v3.01/bin/bin/../../lib/gcc/pic32c/8.3.1/../../../../pic32c/lib/arm/v5te/nofp\libc_nano.a(lib_a-memcmp.o)

.debug_info     0x00000000     0xefd7
 .debug_info    0x00000000     0x1543 build/sam_9x75_eb/production/_ext/626097884/bsp.o
 .debug_info    0x00001543     0x1ed8 build/sam_9x75_eb/production/_ext/1848540590/drv_at24.o
 .debug_info    0x0000341b     0x173c build/sam_9x75_eb/production/_ext/601904789/plib_aic.o
 .debug_info    0x00004b57      0x8d9 build/sam_9x75_eb/production/_ext/601902766/plib_clk.o
 .debug_info    0x00005430     0x168d build/sam_9x75_eb/production/_ext/826354270/plib_flexcom7_twi_master.o
 .debug_info    0x00006abd      0xe44 build/sam_9x75_eb/production/_ext/601893115/plib_mmu.o
 .debug_info    0x00007901      0xc35 build/sam_9x75_eb/production/_ext/601890362/plib_pio.o
 .debug_info    0x00008536     0x1a86 build/sam_9x75_eb/production/_ext/2080577836/initialization.o
 .debug_info    0x00009fbc     0x14dc build/sam_9x75_eb/production/_ext/2080577836/interrupts.o
 .debug_info    0x0000b498       0x22 build/sam_9x75_eb/production/_ext/2080577836/cstartup.o
 .debug_info    0x0000b4ba       0x26 build/sam_9x75_eb/production/_ext/2080577836/vectortrap.o
 .debug_info    0x0000b4e0      0xff5 build/sam_9x75_eb/production/_ext/2080577836/tasks.o
 .debug_info    0x0000c4d5     0x1001 build/sam_9x75_eb/production/_ext/1360937237/main.o
 .debug_info    0x0000d4d6     0x1ab5 build/sam_9x75_eb/production/_ext/1360937237/app.o
 .debug_info    0x0000ef8b       0x26 c:/program files/microchip/xc32/v3.01/bin/bin/../../lib/gcc/pic32c/8.3.1/arm/v5te/nofp\libgcc.a(_udivsi3.o)
 .debug_info    0x0000efb1       0x26 c:/program files/microchip/xc32/v3.01/bin/bin/../../lib/gcc/pic32c/8.3.1/arm/v5te/nofp\libgcc.a(_dvmd_tls.o)

.debug_abbrev   0x00000000     0x1cac
 .debug_abbrev  0x00000000      0x1cb build/sam_9x75_eb/production/_ext/626097884/bsp.o
 .debug_abbrev  0x000001cb      0x439 build/sam_9x75_eb/production/_ext/1848540590/drv_at24.o
 .debug_abbrev  0x00000604      0x2e7 build/sam_9x75_eb/production/_ext/601904789/plib_aic.o
 .debug_abbrev  0x000008eb      0x151 build/sam_9x75_eb/production/_ext/601902766/plib_clk.o
 .debug_abbrev  0x00000a3c      0x309 build/sam_9x75_eb/production/_ext/826354270/plib_flexcom7_twi_master.o
 .debug_abbrev  0x00000d45      0x242 build/sam_9x75_eb/production/_ext/601893115/plib_mmu.o
 .debug_abbrev  0x00000f87      0x155 build/sam_9x75_eb/production/_ext/601890362/plib_pio.o
 .debug_abbrev  0x000010dc      0x2cb build/sam_9x75_eb/production/_ext/2080577836/initialization.o
 .debug_abbrev  0x000013a7      0x208 build/sam_9x75_eb/production/_ext/2080577836/interrupts.o
 .debug_abbrev  0x000015af       0x12 build/sam_9x75_eb/production/_ext/2080577836/cstartup.o
 .debug_abbrev  0x000015c1       0x14 build/sam_9x75_eb/production/_ext/2080577836/vectortrap.o
 .debug_abbrev  0x000015d5      0x1f2 build/sam_9x75_eb/production/_ext/2080577836/tasks.o
 .debug_abbrev  0x000017c7      0x20d build/sam_9x75_eb/production/_ext/1360937237/main.o
 .debug_abbrev  0x000019d4      0x2b0 build/sam_9x75_eb/production/_ext/1360937237/app.o
 .debug_abbrev  0x00001c84       0x14 c:/program files/microchip/xc32/v3.01/bin/bin/../../lib/gcc/pic32c/8.3.1/arm/v5te/nofp\libgcc.a(_udivsi3.o)
 .debug_abbrev  0x00001c98       0x14 c:/program files/microchip/xc32/v3.01/bin/bin/../../lib/gcc/pic32c/8.3.1/arm/v5te/nofp\libgcc.a(_dvmd_tls.o)

.debug_aranges  0x00000000      0x3a0
 .debug_aranges
                0x00000000       0x20 build/sam_9x75_eb/production/_ext/626097884/bsp.o
 .debug_aranges
                0x00000020       0x80 build/sam_9x75_eb/production/_ext/1848540590/drv_at24.o
 .debug_aranges
                0x000000a0       0x38 build/sam_9x75_eb/production/_ext/601904789/plib_aic.o
 .debug_aranges
                0x000000d8       0x20 build/sam_9x75_eb/production/_ext/601902766/plib_clk.o
 .debug_aranges
                0x000000f8       0x70 build/sam_9x75_eb/production/_ext/826354270/plib_flexcom7_twi_master.o
 .debug_aranges
                0x00000168       0x78 build/sam_9x75_eb/production/_ext/601893115/plib_mmu.o
 .debug_aranges
                0x000001e0       0x60 build/sam_9x75_eb/production/_ext/601890362/plib_pio.o
 .debug_aranges
                0x00000240       0x20 build/sam_9x75_eb/production/_ext/2080577836/initialization.o
 .debug_aranges
                0x00000260       0x40 build/sam_9x75_eb/production/_ext/2080577836/interrupts.o
 .debug_aranges
                0x000002a0       0x30 build/sam_9x75_eb/production/_ext/2080577836/cstartup.o
 .debug_aranges
                0x000002d0       0x20 build/sam_9x75_eb/production/_ext/2080577836/vectortrap.o
 .debug_aranges
                0x000002f0       0x20 build/sam_9x75_eb/production/_ext/2080577836/tasks.o
 .debug_aranges
                0x00000310       0x20 build/sam_9x75_eb/production/_ext/1360937237/main.o
 .debug_aranges
                0x00000330       0x30 build/sam_9x75_eb/production/_ext/1360937237/app.o
 .debug_aranges
                0x00000360       0x20 c:/program files/microchip/xc32/v3.01/bin/bin/../../lib/gcc/pic32c/8.3.1/arm/v5te/nofp\libgcc.a(_udivsi3.o)
 .debug_aranges
                0x00000380       0x20 c:/program files/microchip/xc32/v3.01/bin/bin/../../lib/gcc/pic32c/8.3.1/arm/v5te/nofp\libgcc.a(_dvmd_tls.o)

.debug_ranges   0x00000000      0x3b0
 .debug_ranges  0x00000000       0x10 build/sam_9x75_eb/production/_ext/626097884/bsp.o
 .debug_ranges  0x00000010       0x88 build/sam_9x75_eb/production/_ext/1848540590/drv_at24.o
 .debug_ranges  0x00000098       0x40 build/sam_9x75_eb/production/_ext/601904789/plib_aic.o
 .debug_ranges  0x000000d8       0x10 build/sam_9x75_eb/production/_ext/601902766/plib_clk.o
 .debug_ranges  0x000000e8       0x60 build/sam_9x75_eb/production/_ext/826354270/plib_flexcom7_twi_master.o
 .debug_ranges  0x00000148      0x170 build/sam_9x75_eb/production/_ext/601893115/plib_mmu.o
 .debug_ranges  0x000002b8       0x50 build/sam_9x75_eb/production/_ext/601890362/plib_pio.o
 .debug_ranges  0x00000308       0x10 build/sam_9x75_eb/production/_ext/2080577836/initialization.o
 .debug_ranges  0x00000318       0x30 build/sam_9x75_eb/production/_ext/2080577836/interrupts.o
 .debug_ranges  0x00000348       0x28 build/sam_9x75_eb/production/_ext/2080577836/cstartup.o
 .debug_ranges  0x00000370       0x10 build/sam_9x75_eb/production/_ext/2080577836/tasks.o
 .debug_ranges  0x00000380       0x10 build/sam_9x75_eb/production/_ext/1360937237/main.o
 .debug_ranges  0x00000390       0x20 build/sam_9x75_eb/production/_ext/1360937237/app.o

.debug_line     0x00000000     0x35fa
 .debug_line    0x00000000      0x1d3 build/sam_9x75_eb/production/_ext/626097884/bsp.o
 .debug_line    0x000001d3      0x81b build/sam_9x75_eb/production/_ext/1848540590/drv_at24.o
 .debug_line    0x000009ee      0x50d build/sam_9x75_eb/production/_ext/601904789/plib_aic.o
 .debug_line    0x00000efb      0x198 build/sam_9x75_eb/production/_ext/601902766/plib_clk.o
 .debug_line    0x00001093      0x822 build/sam_9x75_eb/production/_ext/826354270/plib_flexcom7_twi_master.o
 .debug_line    0x000018b5      0x710 build/sam_9x75_eb/production/_ext/601893115/plib_mmu.o
 .debug_line    0x00001fc5      0x380 build/sam_9x75_eb/production/_ext/601890362/plib_pio.o
 .debug_line    0x00002345      0x4e8 build/sam_9x75_eb/production/_ext/2080577836/initialization.o
 .debug_line    0x0000282d      0x2d5 build/sam_9x75_eb/production/_ext/2080577836/interrupts.o
 .debug_line    0x00002b02       0xf6 build/sam_9x75_eb/production/_ext/2080577836/cstartup.o
 .debug_line    0x00002bf8       0x56 build/sam_9x75_eb/production/_ext/2080577836/vectortrap.o
 .debug_line    0x00002c4e      0x230 build/sam_9x75_eb/production/_ext/2080577836/tasks.o
 .debug_line    0x00002e7e      0x223 build/sam_9x75_eb/production/_ext/1360937237/main.o
 .debug_line    0x000030a1      0x404 build/sam_9x75_eb/production/_ext/1360937237/app.o
 .debug_line    0x000034a5       0xb9 c:/program files/microchip/xc32/v3.01/bin/bin/../../lib/gcc/pic32c/8.3.1/arm/v5te/nofp\libgcc.a(_udivsi3.o)
 .debug_line    0x0000355e       0x9c c:/program files/microchip/xc32/v3.01/bin/bin/../../lib/gcc/pic32c/8.3.1/arm/v5te/nofp\libgcc.a(_dvmd_tls.o)

.debug_str      0x00000000      0x52b
 .debug_str     0x00000000        0xe build/sam_9x75_eb/production/_ext/626097884/bsp.o
 .debug_str     0x0000000e       0xac build/sam_9x75_eb/production/_ext/1848540590/drv_at24.o
 .debug_str     0x000000ba        0xe build/sam_9x75_eb/production/_ext/601904789/plib_aic.o
 .debug_str     0x000000c8        0x0 build/sam_9x75_eb/production/_ext/601902766/plib_clk.o
 .debug_str     0x000000c8       0x11 build/sam_9x75_eb/production/_ext/826354270/plib_flexcom7_twi_master.o
 .debug_str     0x000000d9        0xd build/sam_9x75_eb/production/_ext/601893115/plib_mmu.o
 .debug_str     0x000000e6        0xa build/sam_9x75_eb/production/_ext/601890362/plib_pio.o
 .debug_str     0x000000f0       0x98 build/sam_9x75_eb/production/_ext/2080577836/initialization.o
 .debug_str     0x00000188        0xe build/sam_9x75_eb/production/_ext/2080577836/interrupts.o
 .debug_str     0x00000196       0x95 build/sam_9x75_eb/production/_ext/2080577836/cstartup.o
 .debug_str     0x0000022b       0x97 build/sam_9x75_eb/production/_ext/2080577836/vectortrap.o
 .debug_str     0x000002c2       0x18 build/sam_9x75_eb/production/_ext/2080577836/tasks.o
 .debug_str     0x000002da       0x27 build/sam_9x75_eb/production/_ext/1360937237/main.o
 .debug_str     0x00000301       0x52 build/sam_9x75_eb/production/_ext/1360937237/app.o
 .debug_str     0x00000353       0xec c:/program files/microchip/xc32/v3.01/bin/bin/../../lib/gcc/pic32c/8.3.1/arm/v5te/nofp\libgcc.a(_udivsi3.o)
 .debug_str     0x0000043f       0xec c:/program files/microchip/xc32/v3.01/bin/bin/../../lib/gcc/pic32c/8.3.1/arm/v5te/nofp\libgcc.a(_dvmd_tls.o)

.debug_frame    0x00000000      0x5e4
 .debug_frame   0x00000000       0x20 build/sam_9x75_eb/production/_ext/626097884/bsp.o
 .debug_frame   0x00000020      0x164 build/sam_9x75_eb/production/_ext/1848540590/drv_at24.o
 .debug_frame   0x00000184       0x64 build/sam_9x75_eb/production/_ext/601904789/plib_aic.o
 .debug_frame   0x000001e8       0x2c build/sam_9x75_eb/production/_ext/601902766/plib_clk.o
 .debug_frame   0x00000214       0xf8 build/sam_9x75_eb/production/_ext/826354270/plib_flexcom7_twi_master.o
 .debug_frame   0x0000030c       0xf8 build/sam_9x75_eb/production/_ext/601893115/plib_mmu.o
 .debug_frame   0x00000404       0xa0 build/sam_9x75_eb/production/_ext/601890362/plib_pio.o
 .debug_frame   0x000004a4       0x28 build/sam_9x75_eb/production/_ext/2080577836/initialization.o
 .debug_frame   0x000004cc       0x60 build/sam_9x75_eb/production/_ext/2080577836/interrupts.o
 .debug_frame   0x0000052c       0x28 build/sam_9x75_eb/production/_ext/2080577836/tasks.o
 .debug_frame   0x00000554       0x28 build/sam_9x75_eb/production/_ext/1360937237/main.o
 .debug_frame   0x0000057c       0x48 build/sam_9x75_eb/production/_ext/1360937237/app.o
 .debug_frame   0x000005c4       0x20 c:/program files/microchip/xc32/v3.01/bin/bin/../../lib/gcc/pic32c/8.3.1/arm/v5te/nofp\libgcc.a(_udivsi3.o)

.debug_loc      0x00000000     0x1770
 .debug_loc     0x00000000      0x8e6 build/sam_9x75_eb/production/_ext/1848540590/drv_at24.o
 .debug_loc     0x000008e6      0x142 build/sam_9x75_eb/production/_ext/601904789/plib_aic.o
 .debug_loc     0x00000a28       0x4e build/sam_9x75_eb/production/_ext/601902766/plib_clk.o
 .debug_loc     0x00000a76      0x575 build/sam_9x75_eb/production/_ext/826354270/plib_flexcom7_twi_master.o
 .debug_loc     0x00000feb      0x584 build/sam_9x75_eb/production/_ext/601893115/plib_mmu.o
 .debug_loc     0x0000156f       0x94 build/sam_9x75_eb/production/_ext/601890362/plib_pio.o
 .debug_loc     0x00001603       0xf8 build/sam_9x75_eb/production/_ext/2080577836/initialization.o
 .debug_loc     0x000016fb       0x20 build/sam_9x75_eb/production/_ext/2080577836/tasks.o
 .debug_loc     0x0000171b       0x20 build/sam_9x75_eb/production/_ext/1360937237/main.o
 .debug_loc     0x0000173b       0x35 build/sam_9x75_eb/production/_ext/1360937237/app.o

.stack          0x23f0e480      0x100
 .stack         0x23f0e480      0x100 stack

.eh_frame%z1    0x00000000        0x0
 .eh_frame      0x00000000        0x0 c:/program files/microchip/xc32/v3.01/bin/bin/../../lib/gcc/pic32c/8.3.1/arm/v5te/nofp/crtbegin.o
