Archive member included to satisfy reference by file (symbol)

c:/program files/microchip/xc32/v3.01/bin/bin/../../lib/gcc/pic32c/8.3.1/arm/v5te/nofp\libgcc.a(_udivsi3.o)
                              build/sam_9x75_eb_freertos/debug/_ext/1584486277/plib_flexcom7_twi_master.o (__aeabi_uidiv)
c:/program files/microchip/xc32/v3.01/bin/bin/../../lib/gcc/pic32c/8.3.1/arm/v5te/nofp\libgcc.a(_dvmd_tls.o)
                              c:/program files/microchip/xc32/v3.01/bin/bin/../../lib/gcc/pic32c/8.3.1/arm/v5te/nofp\libgcc.a(_udivsi3.o) (__aeabi_idiv0)
c:/program files/microchip/xc32/v3.01/bin/bin/../../lib/gcc/pic32c/8.3.1/../../../../pic32c/lib/arm/v5te/nofp\libg_nano.a(lib_a-init.o)
                              build/sam_9x75_eb_freertos/debug/_ext/701119941/cstartup.o (__libc_init_array)
c:/program files/microchip/xc32/v3.01/bin/bin/../../lib/gcc/pic32c/8.3.1/../../../../pic32c/lib/arm/v5te/nofp\libg_nano.a(lib_a-memcmp.o)
                              build/sam_9x75_eb_freertos/debug/_ext/1360937237/app_i2c_eeprom.o (memcmp)
c:/program files/microchip/xc32/v3.01/bin/bin/../../lib/gcc/pic32c/8.3.1/../../../../pic32c/lib/arm/v5te/nofp\libg_nano.a(lib_a-memcpy-stub.o)
                              build/sam_9x75_eb_freertos/debug/_ext/404212886/queue.o (memcpy)
c:/program files/microchip/xc32/v3.01/bin/bin/../../lib/gcc/pic32c/8.3.1/../../../../pic32c/lib/arm/v5te/nofp\libg_nano.a(lib_a-memset.o)
                              build/sam_9x75_eb_freertos/debug/_ext/404212886/FreeRTOS_tasks.o (memset)

Microchip PIC32 Memory-Usage Report
        --------------------------------------------------------------------------
         Total Program Memory used  :           0           0  
        --------------------------------------------------------------------------


RAM Data-Memory Usage
section                    address  length [bytes]      (dec)  Description
-------                 ----------  -------------------------  -----------
.text                   0x23f00000         0x38ec       14572   
.data                   0x23f038ec           0x30          48  Initialized data 
.relocate               0x23f0391c           0x40          64   
.region_cache_aligned_c 0x23f0391c            0x4           4   
.bss                    0x23f04000        0x12168       74088  Uninitialized data 
.region_cache_aligned   0x23f16168           0x18          24   
.stacks                 0x23f16180         0x2140        8512   
         Total RAM used  :     0x17c20       97312  0.0% of 0xf000000
        --------------------------------------------------------------------------
            Total Data Memory used  :     0x17c20       97312  0.0% of 0xf000000
        --------------------------------------------------------------------------


Dynamic Data-Memory Reservation
section                    address  length [bytes]      (dec)  Description
-------                 ----------  -------------------------  -----------
heap                    0x23f182c8          0x200         512  Reserved for heap 
stack                   0x23f184e0      0xc0e7b18   202275608  Reserved for stack 

        --------------------------------------------------------------------------

Discarded input sections

 .text          0x00000000        0x0 c:/program files/microchip/xc32/v3.01/bin/bin/../../lib/gcc/pic32c/8.3.1/arm/v5te/nofp/crti.o
 .data          0x00000000        0x0 c:/program files/microchip/xc32/v3.01/bin/bin/../../lib/gcc/pic32c/8.3.1/arm/v5te/nofp/crti.o
 .bss           0x00000000        0x0 c:/program files/microchip/xc32/v3.01/bin/bin/../../lib/gcc/pic32c/8.3.1/arm/v5te/nofp/crti.o
 .xc_stack_usage.hdr
                0x00000000        0xe c:/program files/microchip/xc32/v3.01/bin/bin/../../lib/gcc/pic32c/8.3.1/arm/v5te/nofp/crti.o
 .xc_stack_usage
                0x00000000       0x26 c:/program files/microchip/xc32/v3.01/bin/bin/../../lib/gcc/pic32c/8.3.1/arm/v5te/nofp/crti.o
 .data          0x00000000        0x4 c:/program files/microchip/xc32/v3.01/bin/bin/../../lib/gcc/pic32c/8.3.1/arm/v5te/nofp/crtbegin.o
 .xc_stack_usage
                0x00000000       0x3c c:/program files/microchip/xc32/v3.01/bin/bin/../../lib/gcc/pic32c/8.3.1/arm/v5te/nofp/crtbegin.o
 .xc_stack_usage.hdr
                0x00000000        0xe c:/program files/microchip/xc32/v3.01/bin/bin/../../lib/gcc/pic32c/8.3.1/arm/v5te/nofp/crtbegin.o
 .text          0x00000000        0x0 build/sam_9x75_eb_freertos/debug/_ext/1584486277/plib_flexcom7_twi_master.o
 .data          0x00000000        0x0 build/sam_9x75_eb_freertos/debug/_ext/1584486277/plib_flexcom7_twi_master.o
 .bss           0x00000000        0x0 build/sam_9x75_eb_freertos/debug/_ext/1584486277/plib_flexcom7_twi_master.o
 .text.FLEXCOM7_TWI_IsBusy
                0x00000000       0x18 build/sam_9x75_eb_freertos/debug/_ext/1584486277/plib_flexcom7_twi_master.o
 .text          0x00000000        0x0 build/sam_9x75_eb_freertos/debug/_ext/1524226066/plib_pit.o
[...]
Memory Configuration

Name             Origin             Length             Attributes
sram             0x00300000         0x00010000         xw
ram              0x21000000         0x0f000000         xwl !r
ram_nocache      0x20000000         0x01000000         !xrw
rom              0x00000000         0x00000000         xrl
*default*        0x00000000         0xffffffff

Linker script and memory map

LOAD c:/program files/microchip/xc32/v3.01/bin/bin/../../lib/gcc/pic32c/8.3.1/arm/v5te/nofp/crti.o
LOAD c:/program files/microchip/xc32/v3.01/bin/bin/../../lib/gcc/pic32c/8.3.1/arm/v5te/nofp/crtbegin.o
LOAD build/sam_9x75_eb_freertos/debug/_ext/1584486277/plib_flexcom7_twi_master.o
LOAD build/sam_9x75_eb_freertos/debug/_ext/1524226066/plib_pit.o
LOAD build/sam_9x75_eb_freertos/debug/_ext/1360937237/main.o
LOAD build/sam_9x75_eb_freertos/debug/_ext/701119941/initialization.o
LOAD build/sam_9x75_eb_freertos/debug/_ext/701119941/interrupts.o
LOAD build/sam_9x75_eb_freertos/debug/_ext/307407295/xc32_monitor.o
LOAD build/sam_9x75_eb_freertos/debug/_ext/1524223308/plib_mmu.o
LOAD build/sam_9x75_eb_freertos/debug/_ext/1524213657/plib_clk.o
LOAD build/sam_9x75_eb_freertos/debug/_ext/1524226061/plib_pio.o
LOAD build/sam_9x75_eb_freertos/debug/_ext/1524211634/plib_aic.o
LOAD build/sam_9x75_eb_freertos/debug/_ext/701119941/cstartup.o
LOAD build/sam_9x75_eb_freertos/debug/_ext/701119941/vectortrap.o
LOAD build/sam_9x75_eb_freertos/debug/_ext/701119941/freertos_hooks.o
LOAD build/sam_9x75_eb_freertos/debug/_ext/404212886/croutine.o
LOAD build/sam_9x75_eb_freertos/debug/_ext/404212886/list.o
LOAD build/sam_9x75_eb_freertos/debug/_ext/404212886/queue.o
LOAD build/sam_9x75_eb_freertos/debug/_ext/404212886/FreeRTOS_tasks.o
LOAD build/sam_9x75_eb_freertos/debug/_ext/404212886/timers.o
LOAD build/sam_9x75_eb_freertos/debug/_ext/404212886/event_groups.o
LOAD build/sam_9x75_eb_freertos/debug/_ext/404212886/stream_buffer.o
LOAD build/sam_9x75_eb_freertos/debug/_ext/1665200909/heap_1.o
LOAD build/sam_9x75_eb_freertos/debug/_ext/244007993/port.o
LOAD build/sam_9x75_eb_freertos/debug/_ext/244007993/portASM.o
LOAD build/sam_9x75_eb_freertos/debug/_ext/244007993/FreeRTOS_tick_config.o
LOAD build/sam_9x75_eb_freertos/debug/_ext/1689080075/bsp.o
LOAD build/sam_9x75_eb_freertos/debug/_ext/949250706/sys_int.o
LOAD build/sam_9x75_eb_freertos/debug/_ext/1714191444/sys_cache.o
LOAD build/sam_9x75_eb_freertos/debug/_ext/821487847/osal_freertos.o
LOAD build/sam_9x75_eb_freertos/debug/_ext/1360937237/app_i2c_eeprom.o
LOAD build/sam_9x75_eb_freertos/debug/_ext/701119941/tasks.o
LOAD build/sam_9x75_eb_freertos/debug/_ext/1622433170/drv_i2c.o
                0x00000001                __MPLAB_BUILD = 0x1
                0x00001000                C_STACK_SIZE = 0x1000
                0x00000060                IRQ_STACK_SIZE = 0x60
                0x00000060                FIQ_STACK_SIZE = 0x60
                0x00001000                SVC_STACK_SIZE = 0x1000
                0x00000040                ABT_STACK_SIZE = 0x40
                0x00000040                UND_STACK_SIZE = 0x40

.text           0x23f00000     0x38ec
                0x23f00000                . = ALIGN (0x4)
                [!provide]                PROVIDE (_sfixed = .)
 *(.textEntry)
 .textEntry     0x23f00000      0x10c build/sam_9x75_eb_freertos/debug/_ext/701119941/cstartup.o
                0x23f00000                entry
 *(.text .text.* .gnu.linkonce.t.*)
 .text          0x23f0010c       0x6c c:/program files/microchip/xc32/v3.01/bin/bin/../../lib/gcc/pic32c/8.3.1/arm/v5te/nofp/crtbegin.o
 .text.FLEXCOM7_TWI_InitiateRead
                0x23f00178       0x60 build/sam_9x75_eb_freertos/debug/_ext/1584486277/plib_flexcom7_twi_master.o
 .text.FLEXCOM7_TWI_InitiateTransfer
                0x23f001d8      0x124 build/sam_9x75_eb_freertos/debug/_ext/1584486277/plib_flexcom7_twi_master.o
 .text.FLEXCOM7_TWI_Initialize
                0x23f002fc       0x68 build/sam_9x75_eb_freertos/debug/_ext/1584486277/plib_flexcom7_twi_master.o
                0x23f002fc                FLEXCOM7_TWI_Initialize
 .text.FLEXCOM7_TWI_CallbackRegister
                0x23f00364       0x18 build/sam_9x75_eb_freertos/debug/_ext/1584486277/plib_flexcom7_twi_master.o
                0x23f00364                FLEXCOM7_TWI_CallbackRegister
 .text.FLEXCOM7_TWI_Read
                0x23f0037c       0x50 build/sam_9x75_eb_freertos/debug/_ext/1584486277/plib_flexcom7_twi_master.o
                0x23f0037c                FLEXCOM7_TWI_Read
 .text.FLEXCOM7_TWI_Write
                0x23f003cc       0x50 build/sam_9x75_eb_freertos/debug/_ext/1584486277/plib_flexcom7_twi_master.o
                0x23f003cc                FLEXCOM7_TWI_Write
 .text.FLEXCOM7_TWI_WriteRead
                0x23f0041c       0x50 build/sam_9x75_eb_freertos/debug/_ext/1584486277/plib_flexcom7_twi_master.o
                0x23f0041c                FLEXCOM7_TWI_WriteRead
 .text.FLEXCOM7_TWI_ErrorGet
                0x23f0046c       0x18 build/sam_9x75_eb_freertos/debug/_ext/1584486277/plib_flexcom7_twi_master.o
                0x23f0046c                FLEXCOM7_TWI_ErrorGet
 .text.FLEXCOM7_TWI_TransferSetup
                0x23f00484       0xdc build/sam_9x75_eb_freertos/debug/_ext/1584486277/plib_flexcom7_twi_master.o
                0x23f00484                FLEXCOM7_TWI_TransferSetup
 .text.FLEXCOM7_InterruptHandler
                0x23f00560      0x2c8 build/sam_9x75_eb_freertos/debug/_ext/1584486277/plib_flexcom7_twi_master.o
                0x23f00560                FLEXCOM7_InterruptHandler
 .text.PIT_TimerInitialize
                0x23f00828       0x18 build/sam_9x75_eb_freertos/debug/_ext/1524226066/plib_pit.o
                0x23f00828                PIT_TimerInitialize
 .text.PIT_TimerStart
                0x23f00840       0x14 build/sam_9x75_eb_freertos/debug/_ext/1524226066/plib_pit.o
                0x23f00840                PIT_TimerStart
 .text.PIT_TimerStop
                0x23f00854       0x28 build/sam_9x75_eb_freertos/debug/_ext/1524226066/plib_pit.o
                0x23f00854                PIT_TimerStop
 .text.PIT_TimerPeriodSet
                0x23f0087c       0x3c build/sam_9x75_eb_freertos/debug/_ext/1524226066/plib_pit.o
                0x23f0087c                PIT_TimerPeriodSet
 .text.PIT_TimerFrequencyGet
                0x23f008b8        0xc build/sam_9x75_eb_freertos/debug/_ext/1524226066/plib_pit.o
                0x23f008b8                PIT_TimerFrequencyGet
 .text.PIT_TimerCallbackSet
                0x23f008c4       0x14 build/sam_9x75_eb_freertos/debug/_ext/1524226066/plib_pit.o
                0x23f008c4                PIT_TimerCallbackSet
 .text.PIT_InterruptHandler
                0x23f008d8       0x5c build/sam_9x75_eb_freertos/debug/_ext/1524226066/plib_pit.o
                0x23f008d8                PIT_InterruptHandler
 .text.main     0x23f00934       0x14 build/sam_9x75_eb_freertos/debug/_ext/1360937237/main.o
                0x23f00934                main
 .text.SYS_Initialize
                0x23f00948       0xa4 build/sam_9x75_eb_freertos/debug/_ext/701119941/initialization.o
                0x23f00948                SYS_Initialize
 .text.SYSC_SharedHandler
                0x23f009ec        0xc build/sam_9x75_eb_freertos/debug/_ext/701119941/interrupts.o
                0x23f009ec                SYSC_SharedHandler
 .text.DefaultInterruptHandlerForSpurious
                0x23f009f8       0x18 build/sam_9x75_eb_freertos/debug/_ext/701119941/interrupts.o
                0x23f009f8                DefaultInterruptHandlerForSpurious
 .text.icache_InvalidateAll
                0x23f00a10        0xc build/sam_9x75_eb_freertos/debug/_ext/1524223308/plib_mmu.o
                0x23f00a10                icache_InvalidateAll
 .text.icache_Enable
                0x23f00a1c       0x20 build/sam_9x75_eb_freertos/debug/_ext/1524223308/plib_mmu.o
                0x23f00a1c                icache_Enable
 .text.dcache_InvalidateAll
                0x23f00a3c       0x38 build/sam_9x75_eb_freertos/debug/_ext/1524223308/plib_mmu.o
                0x23f00a3c                dcache_InvalidateAll
 .text.dcache_Enable
                0x23f00a74       0x20 build/sam_9x75_eb_freertos/debug/_ext/1524223308/plib_mmu.o
                0x23f00a74                dcache_Enable
 .text.MMU_Initialize
                0x23f00a94      0x20c build/sam_9x75_eb_freertos/debug/_ext/1524223308/plib_mmu.o
                0x23f00a94                MMU_Initialize
 .text.CLK_Initialize
                0x23f00ca0       0xb0 build/sam_9x75_eb_freertos/debug/_ext/1524213657/plib_clk.o
                0x23f00ca0                CLK_Initialize
 .text.PIO_Initialize
                0x23f00d50       0xe4 build/sam_9x75_eb_freertos/debug/_ext/1524226061/plib_pio.o
                0x23f00d50                PIO_Initialize
 .text.AIC_INT_Initialize
                0x23f00e34      0x110 build/sam_9x75_eb_freertos/debug/_ext/1524211634/plib_aic.o
                0x23f00e34                AIC_INT_Initialize
 *fill*         0x23f00f44        0xc 
 .text          0x23f00f50       0xa0 build/sam_9x75_eb_freertos/debug/_ext/701119941/cstartup.o
 .text.vApplicationStackOverflowHook
                0x23f00ff0       0x18 build/sam_9x75_eb_freertos/debug/_ext/701119941/freertos_hooks.o
                0x23f00ff0                vApplicationStackOverflowHook
 .text.vApplicationMallocFailedHook
                0x23f01008       0x18 build/sam_9x75_eb_freertos/debug/_ext/701119941/freertos_hooks.o
                0x23f01008                vApplicationMallocFailedHook
 .text.vListInitialise
                0x23f01020       0x24 build/sam_9x75_eb_freertos/debug/_ext/404212886/list.o
                0x23f01020                vListInitialise
 .text.vListInitialiseItem
                0x23f01044        0xc build/sam_9x75_eb_freertos/debug/_ext/404212886/list.o
                0x23f01044                vListInitialiseItem
 .text.vListInsertEnd
                0x23f01050       0x2c build/sam_9x75_eb_freertos/debug/_ext/404212886/list.o
                0x23f01050                vListInsertEnd
 .text.vListInsert
                0x23f0107c       0x58 build/sam_9x75_eb_freertos/debug/_ext/404212886/list.o
                0x23f0107c                vListInsert
 .text.uxListRemove
                0x23f010d4       0x44 build/sam_9x75_eb_freertos/debug/_ext/404212886/list.o
                0x23f010d4                uxListRemove
 .text.prvIsQueueEmpty
                0x23f01118       0x20 build/sam_9x75_eb_freertos/debug/_ext/404212886/queue.o
 .text.prvCopyDataToQueue
                0x23f01138       0xdc build/sam_9x75_eb_freertos/debug/_ext/404212886/queue.o
 .text.prvUnlockQueue
                0x23f01214       0xec build/sam_9x75_eb_freertos/debug/_ext/404212886/queue.o
 .text.xQueueGenericReset
                0x23f01300       0x98 build/sam_9x75_eb_freertos/debug/_ext/404212886/queue.o
                0x23f01300                xQueueGenericReset
 .text.xQueueGenericCreate
                0x23f01398       0x4c build/sam_9x75_eb_freertos/debug/_ext/404212886/queue.o
                0x23f01398                xQueueGenericCreate
 .text.xQueueCreateCountingSemaphore
                0x23f013e4       0x20 build/sam_9x75_eb_freertos/debug/_ext/404212886/queue.o
                0x23f013e4                xQueueCreateCountingSemaphore
 .text.xQueueGenericSend
                0x23f01404      0x178 build/sam_9x75_eb_freertos/debug/_ext/404212886/queue.o
                0x23f01404                xQueueGenericSend
 .text.xQueueCreateMutex
                0x23f0157c       0x44 build/sam_9x75_eb_freertos/debug/_ext/404212886/queue.o
                0x23f0157c                xQueueCreateMutex
 .text.xQueueGiveFromISR
                0x23f015c0       0xd0 build/sam_9x75_eb_freertos/debug/_ext/404212886/queue.o
                0x23f015c0                xQueueGiveFromISR
 .text.xQueueSemaphoreTake
                0x23f01690      0x1c0 build/sam_9x75_eb_freertos/debug/_ext/404212886/queue.o
                0x23f01690                xQueueSemaphoreTake
 .text.prvResetNextTaskUnblockTime
                0x23f01850       0x40 build/sam_9x75_eb_freertos/debug/_ext/404212886/FreeRTOS_tasks.o
 .text.prvIdleTask
                0x23f01890       0x90 build/sam_9x75_eb_freertos/debug/_ext/404212886/FreeRTOS_tasks.o
 .text.prvAddCurrentTaskToDelayedList
                0x23f01920      0x100 build/sam_9x75_eb_freertos/debug/_ext/404212886/FreeRTOS_tasks.o
 .text.xTaskCreate
                0x23f01a20      0x2b4 build/sam_9x75_eb_freertos/debug/_ext/404212886/FreeRTOS_tasks.o
                0x23f01a20                xTaskCreate
 .text.vTaskStartScheduler
                0x23f01cd4       0x90 build/sam_9x75_eb_freertos/debug/_ext/404212886/FreeRTOS_tasks.o
                0x23f01cd4                vTaskStartScheduler
 .text.vTaskSuspendAll
                0x23f01d64       0x18 build/sam_9x75_eb_freertos/debug/_ext/404212886/FreeRTOS_tasks.o
                0x23f01d64                vTaskSuspendAll
 .text.xTaskIncrementTick
                0x23f01d7c      0x1a4 build/sam_9x75_eb_freertos/debug/_ext/404212886/FreeRTOS_tasks.o
                0x23f01d7c                xTaskIncrementTick
 .text.xTaskResumeAll
                0x23f01f20      0x140 build/sam_9x75_eb_freertos/debug/_ext/404212886/FreeRTOS_tasks.o
                0x23f01f20                xTaskResumeAll
 .text.vTaskDelay
                0x23f02060       0x34 build/sam_9x75_eb_freertos/debug/_ext/404212886/FreeRTOS_tasks.o
                0x23f02060                vTaskDelay
 .text.vTaskSwitchContext
                0x23f02094      0x110 build/sam_9x75_eb_freertos/debug/_ext/404212886/FreeRTOS_tasks.o
                0x23f02094                vTaskSwitchContext
 .text.vTaskSuspend
                0x23f021a4      0x11c build/sam_9x75_eb_freertos/debug/_ext/404212886/FreeRTOS_tasks.o
                0x23f021a4                vTaskSuspend
 .text.vTaskPlaceOnEventList
                0x23f022c0       0x2c build/sam_9x75_eb_freertos/debug/_ext/404212886/FreeRTOS_tasks.o
                0x23f022c0                vTaskPlaceOnEventList
 .text.xTaskRemoveFromEventList
                0x23f022ec       0xb0 build/sam_9x75_eb_freertos/debug/_ext/404212886/FreeRTOS_tasks.o
                0x23f022ec                xTaskRemoveFromEventList
 .text.vTaskInternalSetTimeOutState
                0x23f0239c       0x24 build/sam_9x75_eb_freertos/debug/_ext/404212886/FreeRTOS_tasks.o
                0x23f0239c                vTaskInternalSetTimeOutState
 .text.xTaskCheckForTimeOut
                0x23f023c0       0x9c build/sam_9x75_eb_freertos/debug/_ext/404212886/FreeRTOS_tasks.o
                0x23f023c0                xTaskCheckForTimeOut
 .text.vTaskMissedYield
                0x23f0245c       0x14 build/sam_9x75_eb_freertos/debug/_ext/404212886/FreeRTOS_tasks.o
                0x23f0245c                vTaskMissedYield
 .text.xTaskPriorityInherit
                0x23f02470      0x114 build/sam_9x75_eb_freertos/debug/_ext/404212886/FreeRTOS_tasks.o
                0x23f02470                xTaskPriorityInherit
 .text.xTaskPriorityDisinherit
                0x23f02584       0xd0 build/sam_9x75_eb_freertos/debug/_ext/404212886/FreeRTOS_tasks.o
                0x23f02584                xTaskPriorityDisinherit
 .text.vTaskPriorityDisinheritAfterTimeout
                0x23f02654       0xc4 build/sam_9x75_eb_freertos/debug/_ext/404212886/FreeRTOS_tasks.o
                0x23f02654                vTaskPriorityDisinheritAfterTimeout
 .text.pvTaskIncrementMutexHeldCount
                0x23f02718       0x30 build/sam_9x75_eb_freertos/debug/_ext/404212886/FreeRTOS_tasks.o
                0x23f02718                pvTaskIncrementMutexHeldCount
 .text.pvPortMalloc
                0x23f02748       0xa4 build/sam_9x75_eb_freertos/debug/_ext/1665200909/heap_1.o
                0x23f02748                pvPortMalloc
 .text.vPortFree
                0x23f027ec        0x4 build/sam_9x75_eb_freertos/debug/_ext/1665200909/heap_1.o
                0x23f027ec                vPortFree
 .text.prvTaskExitError
                0x23f027f0       0x18 build/sam_9x75_eb_freertos/debug/_ext/244007993/port.o
 .text.pxPortInitialiseStack
                0x23f02808       0xbc build/sam_9x75_eb_freertos/debug/_ext/244007993/port.o
                0x23f02808                pxPortInitialiseStack
 .text.xPortStartScheduler
                0x23f028c4       0x14 build/sam_9x75_eb_freertos/debug/_ext/244007993/port.o
                0x23f028c4                xPortStartScheduler
 .text.vPortEnterCritical
                0x23f028d8       0x2c build/sam_9x75_eb_freertos/debug/_ext/244007993/port.o
                0x23f028d8                vPortEnterCritical
 .text.vPortExitCritical
                0x23f02904       0x48 build/sam_9x75_eb_freertos/debug/_ext/244007993/port.o
                0x23f02904                vPortExitCritical
 .text.FreeRTOS_Tick_Handler
                0x23f0294c       0x48 build/sam_9x75_eb_freertos/debug/_ext/244007993/port.o
                0x23f0294c                FreeRTOS_Tick_Handler
 *fill*         0x23f02994        0xc 
 .text          0x23f029a0      0x190 build/sam_9x75_eb_freertos/debug/_ext/244007993/portASM.o
                0x23f029a0                FreeRTOS_SWI_Handler
                0x23f02a30                FreeRTOS_IRQ_Handler
                0x23f02af0                vPortStartFirstTask
 .text.vConfigureTickInterrupt
                0x23f02b30       0x38 build/sam_9x75_eb_freertos/debug/_ext/244007993/FreeRTOS_tick_config.o
                0x23f02b30                vConfigureTickInterrupt
 .text.vClear_Tick_Interrupt
                0x23f02b68        0xc build/sam_9x75_eb_freertos/debug/_ext/244007993/FreeRTOS_tick_config.o
                0x23f02b68                vClear_Tick_Interrupt
 .text.BSP_Initialize
                0x23f02b74       0x20 build/sam_9x75_eb_freertos/debug/_ext/1689080075/bsp.o
                0x23f02b74                BSP_Initialize
 .text.OSAL_SEM_Create
                0x23f02b94       0xac build/sam_9x75_eb_freertos/debug/_ext/821487847/osal_freertos.o
                0x23f02b94                OSAL_SEM_Create
 .text.OSAL_SEM_Pend
                0x23f02c40       0x2c build/sam_9x75_eb_freertos/debug/_ext/821487847/osal_freertos.o
                0x23f02c40                OSAL_SEM_Pend
 .text.OSAL_SEM_PostISR
                0x23f02c6c       0x4c build/sam_9x75_eb_freertos/debug/_ext/821487847/osal_freertos.o
                0x23f02c6c                OSAL_SEM_PostISR
 .text.OSAL_MUTEX_Create
                0x23f02cb8       0x30 build/sam_9x75_eb_freertos/debug/_ext/821487847/osal_freertos.o
                0x23f02cb8                OSAL_MUTEX_Create
 .text.OSAL_MUTEX_Lock
                0x23f02ce8       0x2c build/sam_9x75_eb_freertos/debug/_ext/821487847/osal_freertos.o
                0x23f02ce8                OSAL_MUTEX_Lock
 .text.OSAL_MUTEX_Unlock
                0x23f02d14       0x28 build/sam_9x75_eb_freertos/debug/_ext/821487847/osal_freertos.o
                0x23f02d14                OSAL_MUTEX_Unlock
 .text.APP_I2C_EEPROM_Initialize
                0x23f02d3c       0x3c build/sam_9x75_eb_freertos/debug/_ext/1360937237/app_i2c_eeprom.o
                0x23f02d3c                APP_I2C_EEPROM_Initialize
 .text.APP_I2C_EEPROM_Tasks
                0x23f02d78      0x1bc build/sam_9x75_eb_freertos/debug/_ext/1360937237/app_i2c_eeprom.o
                0x23f02d78                APP_I2C_EEPROM_Tasks
 .text._APP_I2C_EEPROM_Tasks
                0x23f02f34       0x18 build/sam_9x75_eb_freertos/debug/_ext/701119941/tasks.o
                0x23f02f34                _APP_I2C_EEPROM_Tasks
 .text.SYS_Tasks
                0x23f02f4c       0x44 build/sam_9x75_eb_freertos/debug/_ext/701119941/tasks.o
                0x23f02f4c                SYS_Tasks
 .text._DRV_I2C_DriverHandleValidate
                0x23f02f90       0x68 build/sam_9x75_eb_freertos/debug/_ext/1622433170/drv_i2c.o
 .text._DRV_I2C_PLibCallbackHandler
                0x23f02ff8       0x38 build/sam_9x75_eb_freertos/debug/_ext/1622433170/drv_i2c.o
 .text._DRV_I2C_WriteReadTransfer
                0x23f03030      0x1d0 build/sam_9x75_eb_freertos/debug/_ext/1622433170/drv_i2c.o
 .text.DRV_I2C_Initialize
                0x23f03200      0x100 build/sam_9x75_eb_freertos/debug/_ext/1622433170/drv_i2c.o
                0x23f03200                DRV_I2C_Initialize
 .text.DRV_I2C_Open
                0x23f03300      0x19c build/sam_9x75_eb_freertos/debug/_ext/1622433170/drv_i2c.o
                0x23f03300                DRV_I2C_Open
 .text.DRV_I2C_Close
                0x23f0349c       0x54 build/sam_9x75_eb_freertos/debug/_ext/1622433170/drv_i2c.o
                0x23f0349c                DRV_I2C_Close
 .text.DRV_I2C_WriteTransfer
                0x23f034f0       0x28 build/sam_9x75_eb_freertos/debug/_ext/1622433170/drv_i2c.o
                0x23f034f0                DRV_I2C_WriteTransfer
 .text.DRV_I2C_WriteReadTransfer
                0x23f03518       0x2c build/sam_9x75_eb_freertos/debug/_ext/1622433170/drv_i2c.o
                0x23f03518                DRV_I2C_WriteReadTransfer
 .text          0x23f03544      0x20c c:/program files/microchip/xc32/v3.01/bin/bin/../../lib/gcc/pic32c/8.3.1/arm/v5te/nofp\libgcc.a(_udivsi3.o)
                0x23f03544                __aeabi_uidiv
                0x23f03544                __udivsi3
                0x23f03730                __aeabi_uidivmod
 .text          0x23f03750        0x4 c:/program files/microchip/xc32/v3.01/bin/bin/../../lib/gcc/pic32c/8.3.1/arm/v5te/nofp\libgcc.a(_dvmd_tls.o)
                0x23f03750                __aeabi_idiv0
                0x23f03750                __aeabi_ldiv0
 .text.__libc_init_array
                0x23f03754       0x70 c:/program files/microchip/xc32/v3.01/bin/bin/../../lib/gcc/pic32c/8.3.1/../../../../pic32c/lib/arm/v5te/nofp\libg_nano.a(lib_a-init.o)
                0x23f03754                __libc_init_array
 .text.memcmp   0x23f037c4       0x48 c:/program files/microchip/xc32/v3.01/bin/bin/../../lib/gcc/pic32c/8.3.1/../../../../pic32c/lib/arm/v5te/nofp\libg_nano.a(lib_a-memcmp.o)
                0x23f037c4                memcmp
 .text.memcpy   0x23f0380c       0x1c c:/program files/microchip/xc32/v3.01/bin/bin/../../lib/gcc/pic32c/8.3.1/../../../../pic32c/lib/arm/v5te/nofp\libg_nano.a(lib_a-memcpy-stub.o)
                0x23f0380c                memcpy
 .text.memset   0x23f03828       0x18 c:/program files/microchip/xc32/v3.01/bin/bin/../../lib/gcc/pic32c/8.3.1/../../../../pic32c/lib/arm/v5te/nofp\libg_nano.a(lib_a-memset.o)
                0x23f03828                memset
 *(.rodata .rodata* .gnu.linkonce.r.*)
 .rodata.drvI2C0InitData
                0x23f03840       0x10 build/sam_9x75_eb_freertos/debug/_ext/701119941/initialization.o
                0x23f03840                drvI2C0InitData
 .rodata.drvI2C0PLibAPI
                0x23f03850       0x18 build/sam_9x75_eb_freertos/debug/_ext/701119941/initialization.o
                0x23f03850                drvI2C0PLibAPI
 .rodata        0x23f03868       0x20 build/sam_9x75_eb_freertos/debug/_ext/1524213657/plib_clk.o
 .rodata        0x23f03888        0x8 build/sam_9x75_eb_freertos/debug/_ext/404212886/FreeRTOS_tasks.o
 .rodata        0x23f03890        0xc build/sam_9x75_eb_freertos/debug/_ext/1360937237/app_i2c_eeprom.o
 .rodata        0x23f0389c       0x18 build/sam_9x75_eb_freertos/debug/_ext/701119941/tasks.o
 *(.ARM.extab* .gnu.linkonce.armextab.*)
                0x23f038b4                . = ALIGN (0x4)
 *(.init)
 .init          0x23f038b4        0xc c:/program files/microchip/xc32/v3.01/bin/bin/../../lib/gcc/pic32c/8.3.1/arm/v5te/nofp/crti.o
                0x23f038b4                _init
 .init          0x23f038c0        0xc c:/program files/microchip/xc32/v3.01/bin/bin/../../lib/gcc/pic32c/8.3.1/arm/v5te/nofp/crtn.o
                0x23f038cc                . = ALIGN (0x4)
                0x23f038cc                PROVIDE (__preinit_array_start = .)
 *(.preinit_array)
                0x23f038cc                PROVIDE (__preinit_array_end = .)
                0x23f038cc                . = ALIGN (0x4)
                0x23f038cc                PROVIDE (__init_array_start = .)
 *(SORT_BY_NAME(.init_array.*))
 *(.init_array)
 .init_array    0x23f038cc        0x4 c:/program files/microchip/xc32/v3.01/bin/bin/../../lib/gcc/pic32c/8.3.1/arm/v5te/nofp/crtbegin.o
                0x23f038d0                PROVIDE (__init_array_end = .)
                0x23f038d0                . = ALIGN (0x4)
 *crtbegin.o(.ctors)
 *(EXCLUDE_FILE(*crtend.o) .ctors)
 *(SORT_BY_NAME(.ctors.*))
 *crtend.o(.ctors)
                0x23f038d0                . = ALIGN (0x4)
 *(.fini)
 .fini          0x23f038d0        0xc c:/program files/microchip/xc32/v3.01/bin/bin/../../lib/gcc/pic32c/8.3.1/arm/v5te/nofp/crti.o
                0x23f038d0                _fini
 .fini          0x23f038dc        0xc c:/program files/microchip/xc32/v3.01/bin/bin/../../lib/gcc/pic32c/8.3.1/arm/v5te/nofp/crtn.o
                0x23f038e8                . = ALIGN (0x4)
                [!provide]                PROVIDE (__fini_array_start = .)
 *(.fini_array)
 .fini_array    0x23f038e8        0x4 c:/program files/microchip/xc32/v3.01/bin/bin/../../lib/gcc/pic32c/8.3.1/arm/v5te/nofp/crtbegin.o
 *(SORT_BY_NAME(.fini_array.*))
                [!provide]                PROVIDE (__fini_array_end = .)
 *crtbegin.o(.dtors)
 *(EXCLUDE_FILE(*crtend.o) .dtors)
 *(SORT_BY_NAME(.dtors.*))
 *crtend.o(.dtors)
 *(.dinit*)
                0x23f038ec                . = ALIGN (0x4)

.data           0x23f038ec       0x30
 *(.data .data.*)
 .data.irqData  0x23f038ec       0x28 build/sam_9x75_eb_freertos/debug/_ext/701119941/interrupts.o
                0x23f038ec                irqData
 .data.irqDataEntryCount
                0x23f03914        0x4 build/sam_9x75_eb_freertos/debug/_ext/701119941/interrupts.o
                0x23f03914                irqDataEntryCount
 .data.ulCriticalNesting
                0x23f03918        0x4 build/sam_9x75_eb_freertos/debug/_ext/244007993/port.o
                0x23f03918                ulCriticalNesting
                0x23f0391c                . = ALIGN (0x4)
                [!provide]                PROVIDE (_efixed = .)
                [!provide]                PROVIDE (__exidx_start = .)

.ARM.exidx
 *(.ARM.exidx* .gnu.linkonce.armexidx.*)
                [!provide]                PROVIDE (__exidx_end = .)
                0x23f0391c                . = ALIGN (0x4)
                0x23f0391c                PROVIDE (_etext = .)

.relocate       0x00300000       0x40 load address 0x23f0391c
                0x00300000                . = ALIGN (0x4)
                0x00300000                PROVIDE (_srelocate = .)
 *(.vectors .vectors.*)
 .vectors       0x00300000       0x3c build/sam_9x75_eb_freertos/debug/_ext/701119941/cstartup.o
 .vectors       0x0030003c        0x4 build/sam_9x75_eb_freertos/debug/_ext/701119941/vectortrap.o
                0x0030003c                software_interrupt_irq_handler
                0x0030003c                prefetch_abort_irq_handler
                0x0030003c                data_abort_irq_handler
                0x0030003c                undefined_instruction_irq_handler
 *(.ramfunc)
                0x00300040                . = ALIGN (0x4)
                0x00300040                PROVIDE (_erelocate = .)

.region_cache_aligned_const
                0x23f0391c        0x4
                0x23f03920                . = ALIGN (0x20)
 *fill*         0x23f0391c        0x4 
 *(.region_cache_aligned_const)
                0x23f03920                . = ALIGN (0x20)

.region_sram    0x00300040        0x0
                0x00300040                . = ALIGN (0x4)
 *(.region_sram)

.region_ram     0x23f03920        0x0
                0x23f03920                . = ALIGN (0x4)
 *(.region_ram)

.region_nocache
                0x20000000        0x0
                0x20000000                . = ALIGN (0x4)
 *(.region_nocache)

.bss            0x23f04000    0x12168
                0x23f04000                . = ALIGN (0x4)
                0x23f04000                PROVIDE (_szero = .)
 *(.bss .bss.*)
 .bss           0x23f04000       0x1c c:/program files/microchip/xc32/v3.01/bin/bin/../../lib/gcc/pic32c/8.3.1/arm/v5te/nofp/crtbegin.o
 .bss.flexcom7TwiObj
                0x23f0401c       0x28 build/sam_9x75_eb_freertos/debug/_ext/1584486277/plib_flexcom7_twi_master.o
 .bss.pit       0x23f04044        0xc build/sam_9x75_eb_freertos/debug/_ext/1524226066/plib_pit.o
 .bss.drvI2C0ClientObjPool
                0x23f04050       0x10 build/sam_9x75_eb_freertos/debug/_ext/701119941/initialization.o
 .bss.sysObj    0x23f04060        0x4 build/sam_9x75_eb_freertos/debug/_ext/701119941/initialization.o
                0x23f04060                sysObj
 .bss.spuriousEventCount
                0x23f04064        0x4 build/sam_9x75_eb_freertos/debug/_ext/701119941/interrupts.o
                0x23f04064                spuriousEventCount
 *fill*         0x23f04068     0x3f98 
 .bss.trns_tbl  0x23f08000     0x4000 build/sam_9x75_eb_freertos/debug/_ext/1524223308/plib_mmu.o
 .bss.pxCurrentTCB
                0x23f0c000        0x4 build/sam_9x75_eb_freertos/debug/_ext/404212886/FreeRTOS_tasks.o
                0x23f0c000                pxCurrentTCB
 .bss.pxDelayedTaskList
                0x23f0c004        0x4 build/sam_9x75_eb_freertos/debug/_ext/404212886/FreeRTOS_tasks.o
 .bss.pxOverflowDelayedTaskList
                0x23f0c008        0x4 build/sam_9x75_eb_freertos/debug/_ext/404212886/FreeRTOS_tasks.o
 .bss.pxReadyTasksLists
                0x23f0c00c       0x64 build/sam_9x75_eb_freertos/debug/_ext/404212886/FreeRTOS_tasks.o
 .bss.uxCurrentNumberOfTasks
                0x23f0c070        0x4 build/sam_9x75_eb_freertos/debug/_ext/404212886/FreeRTOS_tasks.o
 .bss.uxDeletedTasksWaitingCleanUp
                0x23f0c074        0x4 build/sam_9x75_eb_freertos/debug/_ext/404212886/FreeRTOS_tasks.o
 .bss.uxSchedulerSuspended
                0x23f0c078        0x4 build/sam_9x75_eb_freertos/debug/_ext/404212886/FreeRTOS_tasks.o
 .bss.uxTaskNumber
                0x23f0c07c        0x4 build/sam_9x75_eb_freertos/debug/_ext/404212886/FreeRTOS_tasks.o
 .bss.uxTopReadyPriority
                0x23f0c080        0x4 build/sam_9x75_eb_freertos/debug/_ext/404212886/FreeRTOS_tasks.o
 .bss.xDelayedTaskList1
                0x23f0c084       0x14 build/sam_9x75_eb_freertos/debug/_ext/404212886/FreeRTOS_tasks.o
 .bss.xDelayedTaskList2
                0x23f0c098       0x14 build/sam_9x75_eb_freertos/debug/_ext/404212886/FreeRTOS_tasks.o
 .bss.xIdleTaskHandle
                0x23f0c0ac        0x4 build/sam_9x75_eb_freertos/debug/_ext/404212886/FreeRTOS_tasks.o
 .bss.xNextTaskUnblockTime
                0x23f0c0b0        0x4 build/sam_9x75_eb_freertos/debug/_ext/404212886/FreeRTOS_tasks.o
 .bss.xNumOfOverflows
                0x23f0c0b4        0x4 build/sam_9x75_eb_freertos/debug/_ext/404212886/FreeRTOS_tasks.o
 .bss.xPendedTicks
                0x23f0c0b8        0x4 build/sam_9x75_eb_freertos/debug/_ext/404212886/FreeRTOS_tasks.o
 .bss.xPendingReadyList
                0x23f0c0bc       0x14 build/sam_9x75_eb_freertos/debug/_ext/404212886/FreeRTOS_tasks.o
 .bss.xSchedulerRunning
                0x23f0c0d0        0x4 build/sam_9x75_eb_freertos/debug/_ext/404212886/FreeRTOS_tasks.o
 .bss.xSuspendedTaskList
                0x23f0c0d4       0x14 build/sam_9x75_eb_freertos/debug/_ext/404212886/FreeRTOS_tasks.o
 .bss.xTasksWaitingTermination
                0x23f0c0e8       0x14 build/sam_9x75_eb_freertos/debug/_ext/404212886/FreeRTOS_tasks.o
 .bss.xTickCount
                0x23f0c0fc        0x4 build/sam_9x75_eb_freertos/debug/_ext/404212886/FreeRTOS_tasks.o
 .bss.xYieldPending
                0x23f0c100        0x4 build/sam_9x75_eb_freertos/debug/_ext/404212886/FreeRTOS_tasks.o
 .bss.pucAlignedHeap.5354
                0x23f0c104        0x4 build/sam_9x75_eb_freertos/debug/_ext/1665200909/heap_1.o
 .bss.ucHeap    0x23f0c108     0xa000 build/sam_9x75_eb_freertos/debug/_ext/1665200909/heap_1.o
 .bss.xNextFreeByte
                0x23f16108        0x4 build/sam_9x75_eb_freertos/debug/_ext/1665200909/heap_1.o
 .bss.ulPortYieldRequired
                0x23f1610c        0x4 build/sam_9x75_eb_freertos/debug/_ext/244007993/port.o
                0x23f1610c                ulPortYieldRequired
 .bss.appData   0x23f16110       0x1c build/sam_9x75_eb_freertos/debug/_ext/1360937237/app_i2c_eeprom.o
                0x23f16110                appData
 .bss.xAPP_I2C_EEPROM_Tasks
                0x23f1612c        0x4 build/sam_9x75_eb_freertos/debug/_ext/701119941/tasks.o
                0x23f1612c                xAPP_I2C_EEPROM_Tasks
 .bss.gDrvI2CObj
                0x23f16130       0x38 build/sam_9x75_eb_freertos/debug/_ext/1622433170/drv_i2c.o
 *(COMMON)
                0x23f16168                . = ALIGN (0x4)
                0x23f16168                PROVIDE (_ezero = .)

.region_cache_aligned
                0x23f16168       0x18
                0x23f16180                . = ALIGN (0x20)
 *fill*         0x23f16168       0x18 
 *(.region_cache_aligned)
                0x23f16180                . = ALIGN (0x20)

.stacks         0x23f16180     0x2140
                0x23f161e0                . = (. + IRQ_STACK_SIZE)
 *fill*         0x23f16180       0x60 
                0x23f161e0                . = ALIGN (0x8)
                0x23f161e0                _irqstack = .
                0x23f16240                . = (. + FIQ_STACK_SIZE)
 *fill*         0x23f161e0       0x60 
                0x23f16240                . = ALIGN (0x8)
                0x23f16240                _fiqstack = .
                0x23f16280                . = (. + ABT_STACK_SIZE)
 *fill*         0x23f16240       0x40 
                0x23f16280                . = ALIGN (0x8)
                0x23f16280                _abtstack = .
                0x23f162c0                . = (. + UND_STACK_SIZE)
 *fill*         0x23f16280       0x40 
                0x23f162c0                . = ALIGN (0x8)
                0x23f162c0                _undstack = .
                0x23f172c0                . = (. + SVC_STACK_SIZE)
 *fill*         0x23f162c0     0x1000 
                0x23f172c0                . = ALIGN (0x8)
                0x23f172c0                _svcstack = .
                0x23f182c0                . = (. + C_STACK_SIZE)
 *fill*         0x23f172c0     0x1000 
                0x23f182c0                . = ALIGN (0x8)
                0x23f182c0                _cstack = .
                0x23f182c0                _end = .
                0x23f182c0                _ramcode_lma = _end

.ramcode        0x00300040        0x0 load address 0x23f182c0
                0x00300040                _sramcode = .
 *(.ramcode_section)
                0x00300040                _eramcode = .
                0x23f182c0                _ramdata_lma = ((_end + _eramcode) - _sramcode)

.ramdata        0x00300040        0x0 load address 0x23f182c0
                0x00300040                _sramdata = .
 *(.ramdata_section)
                0x00300040                _eramdata = .
                0x00000001                __ICD2RAM = 0x1
                0x00000001                __MPLAB_DEBUG = 0x1
                0x00000001                __DEBUG = 0x1
                0x00000200                _min_heap_size = 0x200
START GROUP
LOAD c:/program files/microchip/xc32/v3.01/bin/bin/../../lib/gcc/pic32c/8.3.1/../../../../pic32c/lib/arm/v5te/nofp\libpic32c.a
LOAD c:/program files/microchip/xc32/v3.01/bin/bin/../../lib/gcc/pic32c/8.3.1/arm/v5te/nofp\libgcc.a
LOAD c:/program files/microchip/xc32/v3.01/bin/bin/../../lib/gcc/pic32c/8.3.1/../../../../pic32c/lib/arm/v5te/nofp\libg_nano.a
LOAD c:/program files/microchip/xc32/v3.01/bin/bin/../../lib/gcc/pic32c/8.3.1/../../../../pic32c/lib/arm/v5te/nofp\libm_nano.a
LOAD c:/program files/microchip/xc32/v3.01/bin/bin/../../lib/gcc/pic32c/8.3.1/../../../../pic32c/lib/arm/v5te/nofp\libc_nano.a
END GROUP
LOAD c:/program files/microchip/xc32/v3.01/bin/bin/../../lib/gcc/pic32c/8.3.1/arm/v5te/nofp/crtend.o
LOAD c:/program files/microchip/xc32/v3.01/bin/bin/../../lib/gcc/pic32c/8.3.1/arm/v5te/nofp/crtn.o
OUTPUT(dist/sam_9x75_eb_freertos/debug/sam_9x75_eb_freertos.X.debug.elf elf32-littlearm)
LOAD stack

.ARM.attributes
                0x00000000       0x28
 .ARM.attributes
                0x00000000       0x1d c:/program files/microchip/xc32/v3.01/bin/bin/../../lib/gcc/pic32c/8.3.1/arm/v5te/nofp/crti.o
 .ARM.attributes
                0x0000001d       0x2b c:/program files/microchip/xc32/v3.01/bin/bin/../../lib/gcc/pic32c/8.3.1/arm/v5te/nofp/crtbegin.o
 .ARM.attributes
                0x00000048       0x2c build/sam_9x75_eb_freertos/debug/_ext/1584486277/plib_flexcom7_twi_master.o
 .ARM.attributes
                0x00000074       0x2c build/sam_9x75_eb_freertos/debug/_ext/1524226066/plib_pit.o
 .ARM.attributes
                0x000000a0       0x2c build/sam_9x75_eb_freertos/debug/_ext/1360937237/main.o
 .ARM.attributes
                0x000000cc       0x2c build/sam_9x75_eb_freertos/debug/_ext/701119941/initialization.o
 .ARM.attributes
                0x000000f8       0x2c build/sam_9x75_eb_freertos/debug/_ext/701119941/interrupts.o
 .ARM.attributes
                0x00000124       0x2c build/sam_9x75_eb_freertos/debug/_ext/1524223308/plib_mmu.o
 .ARM.attributes
                0x00000150       0x2c build/sam_9x75_eb_freertos/debug/_ext/1524213657/plib_clk.o
 .ARM.attributes
                0x0000017c       0x2c build/sam_9x75_eb_freertos/debug/_ext/1524226061/plib_pio.o
 .ARM.attributes
                0x000001a8       0x2c build/sam_9x75_eb_freertos/debug/_ext/1524211634/plib_aic.o
 .ARM.attributes
                0x000001d4       0x1c build/sam_9x75_eb_freertos/debug/_ext/701119941/cstartup.o
 .ARM.attributes
                0x000001f0       0x1c build/sam_9x75_eb_freertos/debug/_ext/701119941/vectortrap.o
 .ARM.attributes
                0x0000020c       0x2c build/sam_9x75_eb_freertos/debug/_ext/701119941/freertos_hooks.o
 .ARM.attributes
                0x00000238       0x2c build/sam_9x75_eb_freertos/debug/_ext/404212886/list.o
 .ARM.attributes
                0x00000264       0x2c build/sam_9x75_eb_freertos/debug/_ext/404212886/queue.o
 .ARM.attributes
                0x00000290       0x2c build/sam_9x75_eb_freertos/debug/_ext/404212886/FreeRTOS_tasks.o
 .ARM.attributes
                0x000002bc       0x2c build/sam_9x75_eb_freertos/debug/_ext/1665200909/heap_1.o
 .ARM.attributes
                0x000002e8       0x2c build/sam_9x75_eb_freertos/debug/_ext/244007993/port.o
 .ARM.attributes
                0x00000314       0x1c build/sam_9x75_eb_freertos/debug/_ext/244007993/portASM.o
 .ARM.attributes
                0x00000330       0x2c build/sam_9x75_eb_freertos/debug/_ext/244007993/FreeRTOS_tick_config.o
 .ARM.attributes
                0x0000035c       0x2c build/sam_9x75_eb_freertos/debug/_ext/1689080075/bsp.o
 .ARM.attributes
                0x00000388       0x2c build/sam_9x75_eb_freertos/debug/_ext/821487847/osal_freertos.o
 .ARM.attributes
                0x000003b4       0x2c build/sam_9x75_eb_freertos/debug/_ext/1360937237/app_i2c_eeprom.o
 .ARM.attributes
                0x000003e0       0x2c build/sam_9x75_eb_freertos/debug/_ext/701119941/tasks.o
 .ARM.attributes
                0x0000040c       0x2c build/sam_9x75_eb_freertos/debug/_ext/1622433170/drv_i2c.o
 .ARM.attributes
                0x00000438       0x1d c:/program files/microchip/xc32/v3.01/bin/bin/../../lib/gcc/pic32c/8.3.1/arm/v5te/nofp\libgcc.a(_udivsi3.o)
 .ARM.attributes
                0x00000455       0x1d c:/program files/microchip/xc32/v3.01/bin/bin/../../lib/gcc/pic32c/8.3.1/arm/v5te/nofp\libgcc.a(_dvmd_tls.o)
 .ARM.attributes
                0x00000472       0x2b c:/program files/microchip/xc32/v3.01/bin/bin/../../lib/gcc/pic32c/8.3.1/../../../../pic32c/lib/arm/v5te/nofp\libg_nano.a(lib_a-init.o)
 .ARM.attributes
                0x0000049d       0x2b c:/program files/microchip/xc32/v3.01/bin/bin/../../lib/gcc/pic32c/8.3.1/../../../../pic32c/lib/arm/v5te/nofp\libg_nano.a(lib_a-memcmp.o)
 .ARM.attributes
                0x000004c8       0x2b c:/program files/microchip/xc32/v3.01/bin/bin/../../lib/gcc/pic32c/8.3.1/../../../../pic32c/lib/arm/v5te/nofp\libg_nano.a(lib_a-memcpy-stub.o)
 .ARM.attributes
                0x000004f3       0x2b c:/program files/microchip/xc32/v3.01/bin/bin/../../lib/gcc/pic32c/8.3.1/../../../../pic32c/lib/arm/v5te/nofp\libg_nano.a(lib_a-memset.o)
 .ARM.attributes
                0x0000051e       0x1d c:/program files/microchip/xc32/v3.01/bin/bin/../../lib/gcc/pic32c/8.3.1/arm/v5te/nofp/crtn.o

.comment        0x00000000       0x53
 .comment       0x00000000       0x53 c:/program files/microchip/xc32/v3.01/bin/bin/../../lib/gcc/pic32c/8.3.1/arm/v5te/nofp/crtbegin.o
                                 0x54 (size before relaxing)
 .comment       0x00000053       0x54 build/sam_9x75_eb_freertos/debug/_ext/1584486277/plib_flexcom7_twi_master.o
 .comment       0x00000053       0x54 build/sam_9x75_eb_freertos/debug/_ext/1524226066/plib_pit.o
 .comment       0x00000053       0x54 build/sam_9x75_eb_freertos/debug/_ext/1360937237/main.o
 .comment       0x00000053       0x54 build/sam_9x75_eb_freertos/debug/_ext/701119941/initialization.o
 .comment       0x00000053       0x54 build/sam_9x75_eb_freertos/debug/_ext/701119941/interrupts.o
 .comment       0x00000053       0x54 build/sam_9x75_eb_freertos/debug/_ext/1524223308/plib_mmu.o
 .comment       0x00000053       0x54 build/sam_9x75_eb_freertos/debug/_ext/1524213657/plib_clk.o
 .comment       0x00000053       0x54 build/sam_9x75_eb_freertos/debug/_ext/1524226061/plib_pio.o
 .comment       0x00000053       0x54 build/sam_9x75_eb_freertos/debug/_ext/1524211634/plib_aic.o
 .comment       0x00000053       0x54 build/sam_9x75_eb_freertos/debug/_ext/701119941/freertos_hooks.o
 .comment       0x00000053       0x54 build/sam_9x75_eb_freertos/debug/_ext/404212886/list.o
 .comment       0x00000053       0x54 build/sam_9x75_eb_freertos/debug/_ext/404212886/queue.o
 .comment       0x00000053       0x54 build/sam_9x75_eb_freertos/debug/_ext/404212886/FreeRTOS_tasks.o
 .comment       0x00000053       0x54 build/sam_9x75_eb_freertos/debug/_ext/1665200909/heap_1.o
 .comment       0x00000053       0x54 build/sam_9x75_eb_freertos/debug/_ext/244007993/port.o
 .comment       0x00000053       0x54 build/sam_9x75_eb_freertos/debug/_ext/244007993/FreeRTOS_tick_config.o
 .comment       0x00000053       0x54 build/sam_9x75_eb_freertos/debug/_ext/1689080075/bsp.o
 .comment       0x00000053       0x54 build/sam_9x75_eb_freertos/debug/_ext/821487847/osal_freertos.o
 .comment       0x00000053       0x54 build/sam_9x75_eb_freertos/debug/_ext/1360937237/app_i2c_eeprom.o
 .comment       0x00000053       0x54 build/sam_9x75_eb_freertos/debug/_ext/701119941/tasks.o
 .comment       0x00000053       0x54 build/sam_9x75_eb_freertos/debug/_ext/1622433170/drv_i2c.o
 .comment       0x00000053       0x54 c:/program files/microchip/xc32/v3.01/bin/bin/../../lib/gcc/pic32c/8.3.1/../../../../pic32c/lib/arm/v5te/nofp\libg_nano.a(lib_a-init.o)
 .comment       0x00000053       0x54 c:/program files/microchip/xc32/v3.01/bin/bin/../../lib/gcc/pic32c/8.3.1/../../../../pic32c/lib/arm/v5te/nofp\libg_nano.a(lib_a-memcmp.o)
 .comment       0x00000053       0x54 c:/program files/microchip/xc32/v3.01/bin/bin/../../lib/gcc/pic32c/8.3.1/../../../../pic32c/lib/arm/v5te/nofp\libg_nano.a(lib_a-memcpy-stub.o)
 .comment       0x00000053       0x54 c:/program files/microchip/xc32/v3.01/bin/bin/../../lib/gcc/pic32c/8.3.1/../../../../pic32c/lib/arm/v5te/nofp\libg_nano.a(lib_a-memset.o)

.debug_info     0x00000000    0x1c439
 .debug_info    0x00000000     0x1697 build/sam_9x75_eb_freertos/debug/_ext/1584486277/plib_flexcom7_twi_master.o
 .debug_info    0x00001697      0x830 build/sam_9x75_eb_freertos/debug/_ext/1524226066/plib_pit.o
 .debug_info    0x00001ec7     0x1002 build/sam_9x75_eb_freertos/debug/_ext/1360937237/main.o
 .debug_info    0x00002ec9     0x1eeb build/sam_9x75_eb_freertos/debug/_ext/701119941/initialization.o
 .debug_info    0x00004db4     0x1503 build/sam_9x75_eb_freertos/debug/_ext/701119941/interrupts.o
 .debug_info    0x000062b7      0xe4e build/sam_9x75_eb_freertos/debug/_ext/1524223308/plib_mmu.o
 .debug_info    0x00007105      0x8e3 build/sam_9x75_eb_freertos/debug/_ext/1524213657/plib_clk.o
 .debug_info    0x000079e8      0xc3f build/sam_9x75_eb_freertos/debug/_ext/1524226061/plib_pio.o
 .debug_info    0x00008627     0x1746 build/sam_9x75_eb_freertos/debug/_ext/1524211634/plib_aic.o
 .debug_info    0x00009d6d       0x22 build/sam_9x75_eb_freertos/debug/_ext/701119941/cstartup.o
 .debug_info    0x00009d8f       0x26 build/sam_9x75_eb_freertos/debug/_ext/701119941/vectortrap.o
 .debug_info    0x00009db5      0x4ae build/sam_9x75_eb_freertos/debug/_ext/701119941/freertos_hooks.o
 .debug_info    0x0000a263     0x1203 build/sam_9x75_eb_freertos/debug/_ext/404212886/list.o
 .debug_info    0x0000b466     0x2c29 build/sam_9x75_eb_freertos/debug/_ext/404212886/queue.o
 .debug_info    0x0000e08f     0x386f build/sam_9x75_eb_freertos/debug/_ext/404212886/FreeRTOS_tasks.o
 .debug_info    0x000118fe     0x10e0 build/sam_9x75_eb_freertos/debug/_ext/1665200909/heap_1.o
 .debug_info    0x000129de     0x1324 build/sam_9x75_eb_freertos/debug/_ext/244007993/port.o
 .debug_info    0x00013d02       0x26 build/sam_9x75_eb_freertos/debug/_ext/244007993/portASM.o
 .debug_info    0x00013d28     0x158e build/sam_9x75_eb_freertos/debug/_ext/244007993/FreeRTOS_tick_config.o
 .debug_info    0x000152b6     0x154d build/sam_9x75_eb_freertos/debug/_ext/1689080075/bsp.o
 .debug_info    0x00016803      0xc0f build/sam_9x75_eb_freertos/debug/_ext/821487847/osal_freertos.o
 .debug_info    0x00017412     0x19d8 build/sam_9x75_eb_freertos/debug/_ext/1360937237/app_i2c_eeprom.o
 .debug_info    0x00018dea     0x1182 build/sam_9x75_eb_freertos/debug/_ext/701119941/tasks.o
 .debug_info    0x00019f6c     0x2481 build/sam_9x75_eb_freertos/debug/_ext/1622433170/drv_i2c.o
 .debug_info    0x0001c3ed       0x26 c:/program files/microchip/xc32/v3.01/bin/bin/../../lib/gcc/pic32c/8.3.1/arm/v5te/nofp\libgcc.a(_udivsi3.o)
 .debug_info    0x0001c413       0x26 c:/program files/microchip/xc32/v3.01/bin/bin/../../lib/gcc/pic32c/8.3.1/arm/v5te/nofp\libgcc.a(_dvmd_tls.o)

.debug_abbrev   0x00000000     0x35fd
 .debug_abbrev  0x00000000      0x309 build/sam_9x75_eb_freertos/debug/_ext/1584486277/plib_flexcom7_twi_master.o
 .debug_abbrev  0x00000309      0x1a9 build/sam_9x75_eb_freertos/debug/_ext/1524226066/plib_pit.o
 .debug_abbrev  0x000004b2      0x20d build/sam_9x75_eb_freertos/debug/_ext/1360937237/main.o
 .debug_abbrev  0x000006bf      0x2e5 build/sam_9x75_eb_freertos/debug/_ext/701119941/initialization.o
 .debug_abbrev  0x000009a4      0x243 build/sam_9x75_eb_freertos/debug/_ext/701119941/interrupts.o
 .debug_abbrev  0x00000be7      0x242 build/sam_9x75_eb_freertos/debug/_ext/1524223308/plib_mmu.o
 .debug_abbrev  0x00000e29      0x151 build/sam_9x75_eb_freertos/debug/_ext/1524213657/plib_clk.o
 .debug_abbrev  0x00000f7a      0x155 build/sam_9x75_eb_freertos/debug/_ext/1524226061/plib_pio.o
 .debug_abbrev  0x000010cf      0x2e7 build/sam_9x75_eb_freertos/debug/_ext/1524211634/plib_aic.o
 .debug_abbrev  0x000013b6       0x12 build/sam_9x75_eb_freertos/debug/_ext/701119941/cstartup.o
 .debug_abbrev  0x000013c8       0x14 build/sam_9x75_eb_freertos/debug/_ext/701119941/vectortrap.o
 .debug_abbrev  0x000013dc       0xf7 build/sam_9x75_eb_freertos/debug/_ext/701119941/freertos_hooks.o
 .debug_abbrev  0x000014d3      0x270 build/sam_9x75_eb_freertos/debug/_ext/404212886/list.o
 .debug_abbrev  0x00001743      0x464 build/sam_9x75_eb_freertos/debug/_ext/404212886/queue.o
 .debug_abbrev  0x00001ba7      0x516 build/sam_9x75_eb_freertos/debug/_ext/404212886/FreeRTOS_tasks.o
 .debug_abbrev  0x000020bd      0x2af build/sam_9x75_eb_freertos/debug/_ext/1665200909/heap_1.o
 .debug_abbrev  0x0000236c      0x2ee build/sam_9x75_eb_freertos/debug/_ext/244007993/port.o
 .debug_abbrev  0x0000265a       0x14 build/sam_9x75_eb_freertos/debug/_ext/244007993/portASM.o
 .debug_abbrev  0x0000266e      0x2aa build/sam_9x75_eb_freertos/debug/_ext/244007993/FreeRTOS_tick_config.o
 .debug_abbrev  0x00002918      0x1cb build/sam_9x75_eb_freertos/debug/_ext/1689080075/bsp.o
 .debug_abbrev  0x00002ae3      0x1f9 build/sam_9x75_eb_freertos/debug/_ext/821487847/osal_freertos.o
 .debug_abbrev  0x00002cdc      0x265 build/sam_9x75_eb_freertos/debug/_ext/1360937237/app_i2c_eeprom.o
 .debug_abbrev  0x00002f41      0x251 build/sam_9x75_eb_freertos/debug/_ext/701119941/tasks.o
 .debug_abbrev  0x00003192      0x443 build/sam_9x75_eb_freertos/debug/_ext/1622433170/drv_i2c.o
 .debug_abbrev  0x000035d5       0x14 c:/program files/microchip/xc32/v3.01/bin/bin/../../lib/gcc/pic32c/8.3.1/arm/v5te/nofp\libgcc.a(_udivsi3.o)
 .debug_abbrev  0x000035e9       0x14 c:/program files/microchip/xc32/v3.01/bin/bin/../../lib/gcc/pic32c/8.3.1/arm/v5te/nofp\libgcc.a(_dvmd_tls.o)

.debug_loc      0x00000000     0x5693
 .debug_loc     0x00000000      0x575 build/sam_9x75_eb_freertos/debug/_ext/1584486277/plib_flexcom7_twi_master.o
 .debug_loc     0x00000575      0x2ec build/sam_9x75_eb_freertos/debug/_ext/1524226066/plib_pit.o
 .debug_loc     0x00000861       0x20 build/sam_9x75_eb_freertos/debug/_ext/1360937237/main.o
 .debug_loc     0x00000881       0xd4 build/sam_9x75_eb_freertos/debug/_ext/701119941/initialization.o
 .debug_loc     0x00000955       0x20 build/sam_9x75_eb_freertos/debug/_ext/701119941/interrupts.o
 .debug_loc     0x00000975      0x584 build/sam_9x75_eb_freertos/debug/_ext/1524223308/plib_mmu.o
 .debug_loc     0x00000ef9       0x4e build/sam_9x75_eb_freertos/debug/_ext/1524213657/plib_clk.o
 .debug_loc     0x00000f47       0x94 build/sam_9x75_eb_freertos/debug/_ext/1524226061/plib_pio.o
 .debug_loc     0x00000fdb      0x142 build/sam_9x75_eb_freertos/debug/_ext/1524211634/plib_aic.o
 .debug_loc     0x0000111d       0x82 build/sam_9x75_eb_freertos/debug/_ext/701119941/freertos_hooks.o
 .debug_loc     0x0000119f       0x99 build/sam_9x75_eb_freertos/debug/_ext/404212886/list.o
 .debug_loc     0x00001238     0x1480 build/sam_9x75_eb_freertos/debug/_ext/404212886/queue.o
 .debug_loc     0x000026b8     0x1b31 build/sam_9x75_eb_freertos/debug/_ext/404212886/FreeRTOS_tasks.o
 .debug_loc     0x000041e9       0xbe build/sam_9x75_eb_freertos/debug/_ext/1665200909/heap_1.o
 .debug_loc     0x000042a7      0x1e0 build/sam_9x75_eb_freertos/debug/_ext/244007993/port.o
 .debug_loc     0x00004487       0x55 build/sam_9x75_eb_freertos/debug/_ext/244007993/FreeRTOS_tick_config.o
 .debug_loc     0x000044dc      0x627 build/sam_9x75_eb_freertos/debug/_ext/821487847/osal_freertos.o
 .debug_loc     0x00004b03       0x64 build/sam_9x75_eb_freertos/debug/_ext/1360937237/app_i2c_eeprom.o
 .debug_loc     0x00004b67       0x7d build/sam_9x75_eb_freertos/debug/_ext/701119941/tasks.o
 .debug_loc     0x00004be4      0xaaf build/sam_9x75_eb_freertos/debug/_ext/1622433170/drv_i2c.o

.debug_aranges  0x00000000      0x840
 .debug_aranges
                0x00000000       0x70 build/sam_9x75_eb_freertos/debug/_ext/1584486277/plib_flexcom7_twi_master.o
 .debug_aranges
                0x00000070       0x80 build/sam_9x75_eb_freertos/debug/_ext/1524226066/plib_pit.o
 .debug_aranges
                0x000000f0       0x20 build/sam_9x75_eb_freertos/debug/_ext/1360937237/main.o
 .debug_aranges
                0x00000110       0x20 build/sam_9x75_eb_freertos/debug/_ext/701119941/initialization.o
 .debug_aranges
                0x00000130       0x40 build/sam_9x75_eb_freertos/debug/_ext/701119941/interrupts.o
 .debug_aranges
                0x00000170       0x78 build/sam_9x75_eb_freertos/debug/_ext/1524223308/plib_mmu.o
 .debug_aranges
                0x000001e8       0x20 build/sam_9x75_eb_freertos/debug/_ext/1524213657/plib_clk.o
 .debug_aranges
                0x00000208       0x60 build/sam_9x75_eb_freertos/debug/_ext/1524226061/plib_pio.o
 .debug_aranges
                0x00000268       0x38 build/sam_9x75_eb_freertos/debug/_ext/1524211634/plib_aic.o
 .debug_aranges
                0x000002a0       0x30 build/sam_9x75_eb_freertos/debug/_ext/701119941/cstartup.o
 .debug_aranges
                0x000002d0       0x20 build/sam_9x75_eb_freertos/debug/_ext/701119941/vectortrap.o
 .debug_aranges
                0x000002f0       0x40 build/sam_9x75_eb_freertos/debug/_ext/701119941/freertos_hooks.o
 .debug_aranges
                0x00000330       0x40 build/sam_9x75_eb_freertos/debug/_ext/404212886/list.o
 .debug_aranges
                0x00000370       0xc8 build/sam_9x75_eb_freertos/debug/_ext/404212886/queue.o
 .debug_aranges
                0x00000438      0x178 build/sam_9x75_eb_freertos/debug/_ext/404212886/FreeRTOS_tasks.o
 .debug_aranges
                0x000005b0       0x38 build/sam_9x75_eb_freertos/debug/_ext/1665200909/heap_1.o
 .debug_aranges
                0x000005e8       0x50 build/sam_9x75_eb_freertos/debug/_ext/244007993/port.o
 .debug_aranges
                0x00000638       0x20 build/sam_9x75_eb_freertos/debug/_ext/244007993/portASM.o
 .debug_aranges
                0x00000658       0x30 build/sam_9x75_eb_freertos/debug/_ext/244007993/FreeRTOS_tick_config.o
 .debug_aranges
                0x00000688       0x20 build/sam_9x75_eb_freertos/debug/_ext/1689080075/bsp.o
 .debug_aranges
                0x000006a8       0x90 build/sam_9x75_eb_freertos/debug/_ext/821487847/osal_freertos.o
 .debug_aranges
                0x00000738       0x28 build/sam_9x75_eb_freertos/debug/_ext/1360937237/app_i2c_eeprom.o
 .debug_aranges
                0x00000760       0x28 build/sam_9x75_eb_freertos/debug/_ext/701119941/tasks.o
 .debug_aranges
                0x00000788       0x78 build/sam_9x75_eb_freertos/debug/_ext/1622433170/drv_i2c.o
 .debug_aranges
                0x00000800       0x20 c:/program files/microchip/xc32/v3.01/bin/bin/../../lib/gcc/pic32c/8.3.1/arm/v5te/nofp\libgcc.a(_udivsi3.o)
 .debug_aranges
                0x00000820       0x20 c:/program files/microchip/xc32/v3.01/bin/bin/../../lib/gcc/pic32c/8.3.1/arm/v5te/nofp\libgcc.a(_dvmd_tls.o)

.debug_ranges   0x00000000      0x930
 .debug_ranges  0x00000000       0x60 build/sam_9x75_eb_freertos/debug/_ext/1584486277/plib_flexcom7_twi_master.o
 .debug_ranges  0x00000060       0x70 build/sam_9x75_eb_freertos/debug/_ext/1524226066/plib_pit.o
 .debug_ranges  0x000000d0       0x10 build/sam_9x75_eb_freertos/debug/_ext/1360937237/main.o
 .debug_ranges  0x000000e0       0x10 build/sam_9x75_eb_freertos/debug/_ext/701119941/initialization.o
 .debug_ranges  0x000000f0       0x30 build/sam_9x75_eb_freertos/debug/_ext/701119941/interrupts.o
 .debug_ranges  0x00000120      0x170 build/sam_9x75_eb_freertos/debug/_ext/1524223308/plib_mmu.o
 .debug_ranges  0x00000290       0x10 build/sam_9x75_eb_freertos/debug/_ext/1524213657/plib_clk.o
 .debug_ranges  0x000002a0       0x50 build/sam_9x75_eb_freertos/debug/_ext/1524226061/plib_pio.o
 .debug_ranges  0x000002f0       0x40 build/sam_9x75_eb_freertos/debug/_ext/1524211634/plib_aic.o
 .debug_ranges  0x00000330       0x28 build/sam_9x75_eb_freertos/debug/_ext/701119941/cstartup.o
 .debug_ranges  0x00000358       0x30 build/sam_9x75_eb_freertos/debug/_ext/701119941/freertos_hooks.o
 .debug_ranges  0x00000388       0x30 build/sam_9x75_eb_freertos/debug/_ext/404212886/list.o
 .debug_ranges  0x000003b8      0x190 build/sam_9x75_eb_freertos/debug/_ext/404212886/queue.o
 .debug_ranges  0x00000548      0x238 build/sam_9x75_eb_freertos/debug/_ext/404212886/FreeRTOS_tasks.o
 .debug_ranges  0x00000780       0x28 build/sam_9x75_eb_freertos/debug/_ext/1665200909/heap_1.o
 .debug_ranges  0x000007a8       0x40 build/sam_9x75_eb_freertos/debug/_ext/244007993/port.o
 .debug_ranges  0x000007e8       0x20 build/sam_9x75_eb_freertos/debug/_ext/244007993/FreeRTOS_tick_config.o
 .debug_ranges  0x00000808       0x10 build/sam_9x75_eb_freertos/debug/_ext/1689080075/bsp.o
 .debug_ranges  0x00000818       0x80 build/sam_9x75_eb_freertos/debug/_ext/821487847/osal_freertos.o
 .debug_ranges  0x00000898       0x18 build/sam_9x75_eb_freertos/debug/_ext/1360937237/app_i2c_eeprom.o
 .debug_ranges  0x000008b0       0x18 build/sam_9x75_eb_freertos/debug/_ext/701119941/tasks.o
 .debug_ranges  0x000008c8       0x68 build/sam_9x75_eb_freertos/debug/_ext/1622433170/drv_i2c.o

.debug_line     0x00000000     0x7a61
 .debug_line    0x00000000      0x834 build/sam_9x75_eb_freertos/debug/_ext/1584486277/plib_flexcom7_twi_master.o
 .debug_line    0x00000834      0x3b4 build/sam_9x75_eb_freertos/debug/_ext/1524226066/plib_pit.o
 .debug_line    0x00000be8      0x23e build/sam_9x75_eb_freertos/debug/_ext/1360937237/main.o
 .debug_line    0x00000e26      0x66f build/sam_9x75_eb_freertos/debug/_ext/701119941/initialization.o
 .debug_line    0x00001495      0x300 build/sam_9x75_eb_freertos/debug/_ext/701119941/interrupts.o
 .debug_line    0x00001795      0x722 build/sam_9x75_eb_freertos/debug/_ext/1524223308/plib_mmu.o
 .debug_line    0x00001eb7      0x1a1 build/sam_9x75_eb_freertos/debug/_ext/1524213657/plib_clk.o
 .debug_line    0x00002058      0x389 build/sam_9x75_eb_freertos/debug/_ext/1524226061/plib_pio.o
 .debug_line    0x000023e1      0x531 build/sam_9x75_eb_freertos/debug/_ext/1524211634/plib_aic.o
 .debug_line    0x00002912       0xff build/sam_9x75_eb_freertos/debug/_ext/701119941/cstartup.o
 .debug_line    0x00002a11       0x5f build/sam_9x75_eb_freertos/debug/_ext/701119941/vectortrap.o
 .debug_line    0x00002a70      0x18a build/sam_9x75_eb_freertos/debug/_ext/701119941/freertos_hooks.o
 .debug_line    0x00002bfa      0x3c7 build/sam_9x75_eb_freertos/debug/_ext/404212886/list.o
 .debug_line    0x00002fc1      0xffd build/sam_9x75_eb_freertos/debug/_ext/404212886/queue.o
 .debug_line    0x00003fbe     0x17c9 build/sam_9x75_eb_freertos/debug/_ext/404212886/FreeRTOS_tasks.o
 .debug_line    0x00005787      0x2d6 build/sam_9x75_eb_freertos/debug/_ext/1665200909/heap_1.o
 .debug_line    0x00005a5d      0x478 build/sam_9x75_eb_freertos/debug/_ext/244007993/port.o
 .debug_line    0x00005ed5       0xa4 build/sam_9x75_eb_freertos/debug/_ext/244007993/portASM.o
 .debug_line    0x00005f79      0x3a4 build/sam_9x75_eb_freertos/debug/_ext/244007993/FreeRTOS_tick_config.o
 .debug_line    0x0000631d      0x1dc build/sam_9x75_eb_freertos/debug/_ext/1689080075/bsp.o
 .debug_line    0x000064f9      0x4d4 build/sam_9x75_eb_freertos/debug/_ext/821487847/osal_freertos.o
 .debug_line    0x000069cd      0x387 build/sam_9x75_eb_freertos/debug/_ext/1360937237/app_i2c_eeprom.o
 .debug_line    0x00006d54      0x311 build/sam_9x75_eb_freertos/debug/_ext/701119941/tasks.o
 .debug_line    0x00007065      0x8a7 build/sam_9x75_eb_freertos/debug/_ext/1622433170/drv_i2c.o
 .debug_line    0x0000790c       0xb9 c:/program files/microchip/xc32/v3.01/bin/bin/../../lib/gcc/pic32c/8.3.1/arm/v5te/nofp\libgcc.a(_udivsi3.o)
 .debug_line    0x000079c5       0x9c c:/program files/microchip/xc32/v3.01/bin/bin/../../lib/gcc/pic32c/8.3.1/arm/v5te/nofp\libgcc.a(_dvmd_tls.o)

.debug_str      0x00000000      0xebb
 .debug_str     0x00000000       0x11 build/sam_9x75_eb_freertos/debug/_ext/1584486277/plib_flexcom7_twi_master.o
 .debug_str     0x00000011       0x45 build/sam_9x75_eb_freertos/debug/_ext/1524226066/plib_pit.o
 .debug_str     0x00000056       0x27 build/sam_9x75_eb_freertos/debug/_ext/1360937237/main.o
 .debug_str     0x0000007d       0xdd build/sam_9x75_eb_freertos/debug/_ext/701119941/initialization.o
 .debug_str     0x0000015a       0x23 build/sam_9x75_eb_freertos/debug/_ext/701119941/interrupts.o
 .debug_str     0x0000017d        0xd build/sam_9x75_eb_freertos/debug/_ext/1524223308/plib_mmu.o
 .debug_str     0x0000018a        0x0 build/sam_9x75_eb_freertos/debug/_ext/1524213657/plib_clk.o
 .debug_str     0x0000018a        0xa build/sam_9x75_eb_freertos/debug/_ext/1524226061/plib_pio.o
 .debug_str     0x00000194        0xe build/sam_9x75_eb_freertos/debug/_ext/1524211634/plib_aic.o
 .debug_str     0x000001a2       0x94 build/sam_9x75_eb_freertos/debug/_ext/701119941/cstartup.o
 .debug_str     0x00000236       0x96 build/sam_9x75_eb_freertos/debug/_ext/701119941/vectortrap.o
 .debug_str     0x000002cc       0x25 build/sam_9x75_eb_freertos/debug/_ext/701119941/freertos_hooks.o
 .debug_str     0x000002f1       0x39 build/sam_9x75_eb_freertos/debug/_ext/404212886/list.o
 .debug_str     0x0000032a      0x28d build/sam_9x75_eb_freertos/debug/_ext/404212886/queue.o
 .debug_str     0x000005b7      0x276 build/sam_9x75_eb_freertos/debug/_ext/404212886/FreeRTOS_tasks.o
 .debug_str     0x0000082d       0x4a build/sam_9x75_eb_freertos/debug/_ext/1665200909/heap_1.o
 .debug_str     0x00000877       0x76 build/sam_9x75_eb_freertos/debug/_ext/244007993/port.o
 .debug_str     0x000008ed       0xb1 build/sam_9x75_eb_freertos/debug/_ext/244007993/portASM.o
 .debug_str     0x0000099e       0x5b build/sam_9x75_eb_freertos/debug/_ext/244007993/FreeRTOS_tick_config.o
 .debug_str     0x000009f9        0xe build/sam_9x75_eb_freertos/debug/_ext/1689080075/bsp.o
 .debug_str     0x00000a07      0x13b build/sam_9x75_eb_freertos/debug/_ext/821487847/osal_freertos.o
 .debug_str     0x00000b42       0x66 build/sam_9x75_eb_freertos/debug/_ext/1360937237/app_i2c_eeprom.o
 .debug_str     0x00000ba8       0x4e build/sam_9x75_eb_freertos/debug/_ext/701119941/tasks.o
 .debug_str     0x00000bf6       0xed build/sam_9x75_eb_freertos/debug/_ext/1622433170/drv_i2c.o
 .debug_str     0x00000ce3       0xec c:/program files/microchip/xc32/v3.01/bin/bin/../../lib/gcc/pic32c/8.3.1/arm/v5te/nofp\libgcc.a(_udivsi3.o)
 .debug_str     0x00000dcf       0xec c:/program files/microchip/xc32/v3.01/bin/bin/../../lib/gcc/pic32c/8.3.1/arm/v5te/nofp\libgcc.a(_dvmd_tls.o)

.debug_frame    0x00000000     0x11c8
 .debug_frame   0x00000000       0xf8 build/sam_9x75_eb_freertos/debug/_ext/1584486277/plib_flexcom7_twi_master.o
 .debug_frame   0x000000f8      0x104 build/sam_9x75_eb_freertos/debug/_ext/1524226066/plib_pit.o
 .debug_frame   0x000001fc       0x28 build/sam_9x75_eb_freertos/debug/_ext/1360937237/main.o
 .debug_frame   0x00000224       0x28 build/sam_9x75_eb_freertos/debug/_ext/701119941/initialization.o
 .debug_frame   0x0000024c       0x68 build/sam_9x75_eb_freertos/debug/_ext/701119941/interrupts.o
 .debug_frame   0x000002b4       0xf8 build/sam_9x75_eb_freertos/debug/_ext/1524223308/plib_mmu.o
 .debug_frame   0x000003ac       0x2c build/sam_9x75_eb_freertos/debug/_ext/1524213657/plib_clk.o
 .debug_frame   0x000003d8       0xa0 build/sam_9x75_eb_freertos/debug/_ext/1524226061/plib_pio.o
 .debug_frame   0x00000478       0x64 build/sam_9x75_eb_freertos/debug/_ext/1524211634/plib_aic.o
 .debug_frame   0x000004dc       0x6c build/sam_9x75_eb_freertos/debug/_ext/701119941/freertos_hooks.o
 .debug_frame   0x00000548       0x68 build/sam_9x75_eb_freertos/debug/_ext/404212886/list.o
 .debug_frame   0x000005b0      0x298 build/sam_9x75_eb_freertos/debug/_ext/404212886/queue.o
 .debug_frame   0x00000848      0x484 build/sam_9x75_eb_freertos/debug/_ext/404212886/FreeRTOS_tasks.o
 .debug_frame   0x00000ccc       0x5c build/sam_9x75_eb_freertos/debug/_ext/1665200909/heap_1.o
 .debug_frame   0x00000d28       0x90 build/sam_9x75_eb_freertos/debug/_ext/244007993/port.o
 .debug_frame   0x00000db8       0x50 build/sam_9x75_eb_freertos/debug/_ext/244007993/FreeRTOS_tick_config.o
 .debug_frame   0x00000e08       0x20 build/sam_9x75_eb_freertos/debug/_ext/1689080075/bsp.o
 .debug_frame   0x00000e28      0x180 build/sam_9x75_eb_freertos/debug/_ext/821487847/osal_freertos.o
 .debug_frame   0x00000fa8       0x4c build/sam_9x75_eb_freertos/debug/_ext/1360937237/app_i2c_eeprom.o
 .debug_frame   0x00000ff4       0x44 build/sam_9x75_eb_freertos/debug/_ext/701119941/tasks.o
 .debug_frame   0x00001038      0x170 build/sam_9x75_eb_freertos/debug/_ext/1622433170/drv_i2c.o
 .debug_frame   0x000011a8       0x20 c:/program files/microchip/xc32/v3.01/bin/bin/../../lib/gcc/pic32c/8.3.1/arm/v5te/nofp\libgcc.a(_udivsi3.o)

.stack          0x23f184e0      0x100
 .stack         0x23f184e0      0x100 stack

.eh_frame%z1    0x00000000        0x0
 .eh_frame      0x00000000        0x0 c:/program files/microchip/xc32/v3.01/bin/bin/../../lib/gcc/pic32c/8.3.1/arm/v5te/nofp/crtbegin.o
