Archive member included to satisfy reference by file (symbol)

c:/program files/microchip/xc32/v3.01/bin/bin/../../lib/gcc/pic32c/8.3.1/arm/v5te/nofp\libgcc.a(_udivsi3.o)
                              build/sam_9x75_eb/production/_ext/1479096388/plib_dbgu.o (__aeabi_uidiv)
c:/program files/microchip/xc32/v3.01/bin/bin/../../lib/gcc/pic32c/8.3.1/arm/v5te/nofp\libgcc.a(_divsi3.o)
                              build/sam_9x75_eb/production/_ext/848834719/sys_time.o (__aeabi_idiv)
c:/program files/microchip/xc32/v3.01/bin/bin/../../lib/gcc/pic32c/8.3.1/arm/v5te/nofp\libgcc.a(_dvmd_tls.o)
                              c:/program files/microchip/xc32/v3.01/bin/bin/../../lib/gcc/pic32c/8.3.1/arm/v5te/nofp\libgcc.a(_udivsi3.o) (__aeabi_idiv0)
c:/program files/microchip/xc32/v3.01/bin/bin/../../lib/gcc/pic32c/8.3.1/arm/v5te/nofp\libgcc.a(_arm_addsubdf3.o)
                              build/sam_9x75_eb/production/_ext/1360937237/app.o (__aeabi_f2d)
c:/program files/microchip/xc32/v3.01/bin/bin/../../lib/gcc/pic32c/8.3.1/arm/v5te/nofp\libgcc.a(_arm_addsubsf3.o)
                              build/sam_9x75_eb/production/_ext/1360937237/app.o (__aeabi_ul2f)
c:/program files/microchip/xc32/v3.01/bin/bin/../../lib/gcc/pic32c/8.3.1/arm/v5te/nofp\libgcc.a(_arm_muldivsf3.o)
                              build/sam_9x75_eb/production/_ext/1360937237/app.o (__aeabi_fdiv)
c:/program files/microchip/xc32/v3.01/bin/bin/../../lib/gcc/pic32c/8.3.1/arm/v5te/nofp\libgcc.a(_aeabi_uldivmod.o)
                              build/sam_9x75_eb/production/_ext/848834719/sys_time.o (__aeabi_uldivmod)
c:/program files/microchip/xc32/v3.01/bin/bin/../../lib/gcc/pic32c/8.3.1/arm/v5te/nofp\libgcc.a(_udivmoddi4.o)
                              c:/program files/microchip/xc32/v3.01/bin/bin/../../lib/gcc/pic32c/8.3.1/arm/v5te/nofp\libgcc.a(_aeabi_uldivmod.o) (__udivmoddi4)
c:/program files/microchip/xc32/v3.01/bin/bin/../../lib/gcc/pic32c/8.3.1/../../../../pic32c/lib/arm/v5te/nofp\libc_nano.a(_lib_a-nano-vfprintf.cdeEfFgGnopsuxX.o)
                              (_printf_float)
c:/program files/microchip/xc32/v3.01/bin/bin/../../lib/gcc/pic32c/8.3.1/../../../../pic32c/lib/arm/v5te/nofp\libc_nano.a(lib_a-__ssfputs.o)
                              c:/program files/microchip/xc32/v3.01/bin/bin/../../lib/gcc/pic32c/8.3.1/../../../../pic32c/lib/arm/v5te/nofp\libc_nano.a(_lib_a-nano-vfprintf.cdeEfFgGnopsuxX.o) (__ssfputs_r)
c:/program files/microchip/xc32/v3.01/bin/bin/../../lib/gcc/pic32c/8.3.1/../../../../pic32c/lib/arm/v5te/nofp\libc_nano.a(lib_a-dtoa.o)
                              c:/program files/microchip/xc32/v3.01/bin/bin/../../lib/gcc/pic32c/8.3.1/../../../../pic32c/lib/arm/v5te/nofp\libc_nano.a(_lib_a-nano-vfprintf.cdeEfFgGnopsuxX.o) (_dtoa_r)
c:/program files/microchip/xc32/v3.01/bin/bin/../../lib/gcc/pic32c/8.3.1/../../../../pic32c/lib/arm/v5te/nofp\libc_nano.a(lib_a-findfp.o)
                              c:/program files/microchip/xc32/v3.01/bin/bin/../../lib/gcc/pic32c/8.3.1/../../../../pic32c/lib/arm/v5te/nofp\libc_nano.a(_lib_a-nano-vfprintf.cdeEfFgGnopsuxX.o) (__sinit)
c:/program files/microchip/xc32/v3.01/bin/bin/../../lib/gcc/pic32c/8.3.1/../../../../pic32c/lib/arm/v5te/nofp\libc_nano.a(lib_a-fputwc.o)
                              c:/program files/microchip/xc32/v3.01/bin/bin/../../lib/gcc/pic32c/8.3.1/../../../../pic32c/lib/arm/v5te/nofp\libc_nano.a(lib_a-__ssfputs.o) (_fputwc_r)
c:/program files/microchip/xc32/v3.01/bin/bin/../../lib/gcc/pic32c/8.3.1/../../../../pic32c/lib/arm/v5te/nofp\libc_nano.a(lib_a-fwalk.o)
                              c:/program files/microchip/xc32/v3.01/bin/bin/../../lib/gcc/pic32c/8.3.1/../../../../pic32c/lib/arm/v5te/nofp\libc_nano.a(lib_a-findfp.o) (_fwalk_reent)
c:/program files/microchip/xc32/v3.01/bin/bin/../../lib/gcc/pic32c/8.3.1/../../../../pic32c/lib/arm/v5te/nofp\libc_nano.a(lib_a-impure.o)
                              c:/program files/microchip/xc32/v3.01/bin/bin/../../lib/gcc/pic32c/8.3.1/../../../../pic32c/lib/arm/v5te/nofp\libc_nano.a(lib_a-findfp.o) (_global_impure_ptr)
c:/program files/microchip/xc32/v3.01/bin/bin/../../lib/gcc/pic32c/8.3.1/../../../../pic32c/lib/arm/v5te/nofp\libc_nano.a(lib_a-init.o)
                              build/sam_9x75_eb/production/_ext/2080577836/cstartup.o (__libc_init_array)
c:/program files/microchip/xc32/v3.01/bin/bin/../../lib/gcc/pic32c/8.3.1/../../../../pic32c/lib/arm/v5te/nofp\libc_nano.a(lib_a-locale.o)
                              c:/program files/microchip/xc32/v3.01/bin/bin/../../lib/gcc/pic32c/8.3.1/../../../../pic32c/lib/arm/v5te/nofp\libc_nano.a(lib_a-fputwc.o) (__locale_mb_cur_max)
c:/program files/microchip/xc32/v3.01/bin/bin/../../lib/gcc/pic32c/8.3.1/../../../../pic32c/lib/arm/v5te/nofp\libc_nano.a(lib_a-localeconv.o)
                              c:/program files/microchip/xc32/v3.01/bin/bin/../../lib/gcc/pic32c/8.3.1/../../../../pic32c/lib/arm/v5te/nofp\libc_nano.a(_lib_a-nano-vfprintf.cdeEfFgGnopsuxX.o) (_localeconv_r)
[...]
Memory Configuration

Name             Origin             Length             Attributes
sram             0x00300000         0x00010000         xw
ram              0x21000000         0x0f000000         xwl !r
ram_nocache      0x20000000         0x01000000         !xrw
rom              0x00000000         0x00000000         xrl
*default*        0x00000000         0xffffffff

Linker script and memory map

LOAD c:/program files/microchip/xc32/v3.01/bin/bin/../../lib/gcc/pic32c/8.3.1/arm/v5te/nofp/crti.o
LOAD c:/program files/microchip/xc32/v3.01/bin/bin/../../lib/gcc/pic32c/8.3.1/arm/v5te/nofp/crtbegin.o
LOAD build/sam_9x75_eb/production/_ext/626097884/bsp.o
LOAD build/sam_9x75_eb/production/_ext/613417341/drv_sdmmc_file_system.o
LOAD build/sam_9x75_eb/production/_ext/613417341/drv_sdmmc.o
LOAD build/sam_9x75_eb/production/_ext/601904789/plib_aic.o
LOAD build/sam_9x75_eb/production/_ext/601902766/plib_clk.o
LOAD build/sam_9x75_eb/production/_ext/1479096388/plib_dbgu.o
LOAD build/sam_9x75_eb/production/_ext/601893115/plib_mmu.o
LOAD build/sam_9x75_eb/production/_ext/601890362/plib_pio.o
LOAD build/sam_9x75_eb/production/_ext/1406570242/plib_sdmmc0.o
LOAD build/sam_9x75_eb/production/_ext/1404889025/plib_tc0.o
LOAD build/sam_9x75_eb/production/_ext/400366566/xc32_monitor.o
LOAD build/sam_9x75_eb/production/_ext/1045604261/sys_cache.o
LOAD build/sam_9x75_eb/production/_ext/1706900325/ff.o
LOAD build/sam_9x75_eb/production/_ext/1706900325/ffunicode.o
LOAD build/sam_9x75_eb/production/_ext/1576319332/diskio.o
LOAD build/sam_9x75_eb/production/_ext/1845033505/sys_fs.o
LOAD build/sam_9x75_eb/production/_ext/1845033505/sys_fs_media_manager.o
LOAD build/sam_9x75_eb/production/_ext/1845033505/sys_fs_fat_interface.o
LOAD build/sam_9x75_eb/production/_ext/1219600167/sys_int.o
LOAD build/sam_9x75_eb/production/_ext/848834719/sys_time.o
LOAD build/sam_9x75_eb/production/_ext/2080577836/initialization.o
LOAD build/sam_9x75_eb/production/_ext/2080577836/interrupts.o
LOAD build/sam_9x75_eb/production/_ext/2080577836/cstartup.o
LOAD build/sam_9x75_eb/production/_ext/2080577836/vectortrap.o
LOAD build/sam_9x75_eb/production/_ext/2080577836/tasks.o
LOAD build/sam_9x75_eb/production/_ext/1360937237/main.o
LOAD build/sam_9x75_eb/production/_ext/1360937237/app.o
                0x00000001                __MPLAB_BUILD = 0x1
                0x00001000                C_STACK_SIZE = 0x1000
                0x00000060                IRQ_STACK_SIZE = 0x60
                0x00000060                FIQ_STACK_SIZE = 0x60
                0x00001000                SVC_STACK_SIZE = 0x1000
                0x00000040                ABT_STACK_SIZE = 0x40
                0x00000040                UND_STACK_SIZE = 0x40

.text           0x23f00000    0x13c8c
                0x23f00000                . = ALIGN (0x4)
                [!provide]                PROVIDE (_sfixed = .)
 *(.textEntry)
 .textEntry     0x23f00000      0x10c build/sam_9x75_eb/production/_ext/2080577836/cstartup.o
                0x23f00000                entry
 *(.text .text.* .gnu.linkonce.t.*)
 .text          0x23f0010c       0x6c c:/program files/microchip/xc32/v3.01/bin/bin/../../lib/gcc/pic32c/8.3.1/arm/v5te/nofp/crtbegin.o
 .text.BSP_Initialize
                0x23f00178       0x20 build/sam_9x75_eb/production/_ext/626097884/bsp.o
                0x23f00178                BSP_Initialize
 .text.DRV_SDMMC_RegisterWithSysFs
                0x23f00198       0x1c build/sam_9x75_eb/production/_ext/613417341/drv_sdmmc_file_system.o
                0x23f00198                DRV_SDMMC_RegisterWithSysFs
 .text._DRV_SDMMC_DriverHandleValidate
                0x23f001b4       0xa4 build/sam_9x75_eb/production/_ext/613417341/drv_sdmmc.o
 .text._DRV_SDMMC_PlibCallbackHandler
                0x23f00258       0x90 build/sam_9x75_eb/production/_ext/613417341/drv_sdmmc.o
 .text._DRV_SDMMC_TimerCallback
                0x23f002e8        0xc build/sam_9x75_eb/production/_ext/613417341/drv_sdmmc.o
 .text._DRV_SDMMC_InitCardContext
                0x23f002f4       0x90 build/sam_9x75_eb/production/_ext/613417341/drv_sdmmc.o
 .text._DRV_SDMMC_CommandSend
                0x23f00384      0x1cc build/sam_9x75_eb/production/_ext/613417341/drv_sdmmc.o
 .text.DRV_SDMMC_Initialize
                0x23f00550      0x14c build/sam_9x75_eb/production/_ext/613417341/drv_sdmmc.o
                0x23f00550                DRV_SDMMC_Initialize
 .text.DRV_SDMMC_Open
                0x23f0069c      0x18c build/sam_9x75_eb/production/_ext/613417341/drv_sdmmc.o
                0x23f0069c                DRV_SDMMC_Open
 .text.DRV_SDMMC_Close
                0x23f00828       0xfc build/sam_9x75_eb/production/_ext/613417341/drv_sdmmc.o
                0x23f00828                DRV_SDMMC_Close
 .text.DRV_SDMMC_SetupXfer
                0x23f00924      0x248 build/sam_9x75_eb/production/_ext/613417341/drv_sdmmc.o
                0x23f00924                DRV_SDMMC_SetupXfer
 .text.DRV_SDMMC_AsyncRead
                0x23f00b6c       0x24 build/sam_9x75_eb/production/_ext/613417341/drv_sdmmc.o
                0x23f00b6c                DRV_SDMMC_AsyncRead
 .text.DRV_SDMMC_AsyncWrite
                0x23f00b90       0x24 build/sam_9x75_eb/production/_ext/613417341/drv_sdmmc.o
                0x23f00b90                DRV_SDMMC_AsyncWrite
 .text.DRV_SDMMC_CommandStatus
                0x23f00bb4       0x84 build/sam_9x75_eb/production/_ext/613417341/drv_sdmmc.o
                0x23f00bb4                DRV_SDMMC_CommandStatus
 .text.DRV_SDMMC_GeometryGet
                0x23f00c38       0x30 build/sam_9x75_eb/production/_ext/613417341/drv_sdmmc.o
                0x23f00c38                DRV_SDMMC_GeometryGet
 .text.DRV_SDMMC_EventHandlerSet
                0x23f00c68       0x58 build/sam_9x75_eb/production/_ext/613417341/drv_sdmmc.o
                0x23f00c68                DRV_SDMMC_EventHandlerSet
 .text.DRV_SDMMC_IsAttached
                0x23f00cc0       0x44 build/sam_9x75_eb/production/_ext/613417341/drv_sdmmc.o
                0x23f00cc0                DRV_SDMMC_IsAttached
 .text.DRV_SDMMC_Tasks
                0x23f00d04     0x2530 build/sam_9x75_eb/production/_ext/613417341/drv_sdmmc.o
                0x23f00d04                DRV_SDMMC_Tasks
 .text.AIC_INT_Initialize
                0x23f03234      0x110 build/sam_9x75_eb/production/_ext/601904789/plib_aic.o
                0x23f03234                AIC_INT_Initialize
 .text.AIC_INT_IrqDisable
                0x23f03344       0x30 build/sam_9x75_eb/production/_ext/601904789/plib_aic.o
                0x23f03344                AIC_INT_IrqDisable
 .text.AIC_INT_IrqRestore
                0x23f03374       0x28 build/sam_9x75_eb/production/_ext/601904789/plib_aic.o
                0x23f03374                AIC_INT_IrqRestore
 .text.CLK_Initialize
                0x23f0339c       0xb4 build/sam_9x75_eb/production/_ext/601902766/plib_clk.o
                0x23f0339c                CLK_Initialize
 .text.DBGU_Initialize
                0x23f03450       0x28 build/sam_9x75_eb/production/_ext/1479096388/plib_dbgu.o
                0x23f03450                DBGU_Initialize
 .text.DBGU_ErrorGet
                0x23f03478       0x3c build/sam_9x75_eb/production/_ext/1479096388/plib_dbgu.o
                0x23f03478                DBGU_ErrorGet
 .text.DBGU_Read
                0x23f034b4       0x8c build/sam_9x75_eb/production/_ext/1479096388/plib_dbgu.o
                0x23f034b4                DBGU_Read
 .text.DBGU_Write
                0x23f03540       0x60 build/sam_9x75_eb/production/_ext/1479096388/plib_dbgu.o
                0x23f03540                DBGU_Write
 .text.icache_InvalidateAll
                0x23f035a0        0xc build/sam_9x75_eb/production/_ext/601893115/plib_mmu.o
                0x23f035a0                icache_InvalidateAll
 .text.icache_Enable
                0x23f035ac       0x20 build/sam_9x75_eb/production/_ext/601893115/plib_mmu.o
                0x23f035ac                icache_Enable
 .text.dcache_InvalidateAll
                0x23f035cc       0x38 build/sam_9x75_eb/production/_ext/601893115/plib_mmu.o
                0x23f035cc                dcache_InvalidateAll
 .text.dcache_InvalidateByAddr
                0x23f03604       0x2c build/sam_9x75_eb/production/_ext/601893115/plib_mmu.o
                0x23f03604                dcache_InvalidateByAddr
 .text.dcache_CleanByAddr
                0x23f03630       0x2c build/sam_9x75_eb/production/_ext/601893115/plib_mmu.o
                0x23f03630                dcache_CleanByAddr
 .text.dcache_Enable
                0x23f0365c       0x20 build/sam_9x75_eb/production/_ext/601893115/plib_mmu.o
                0x23f0365c                dcache_Enable
 .text.MMU_Initialize
                0x23f0367c      0x20c build/sam_9x75_eb/production/_ext/601893115/plib_mmu.o
                0x23f0367c                MMU_Initialize
 .text.PIO_Initialize
                0x23f03888       0xe8 build/sam_9x75_eb/production/_ext/601890362/plib_pio.o
                0x23f03888                PIO_Initialize
 .text.SDMMC0_ErrorReset
                0x23f03970       0x1c build/sam_9x75_eb/production/_ext/1406570242/plib_sdmmc0.o
                0x23f03970                SDMMC0_ErrorReset
 .text.SDMMC0_InterruptHandler
                0x23f0398c      0x15c build/sam_9x75_eb/production/_ext/1406570242/plib_sdmmc0.o
                0x23f0398c                SDMMC0_InterruptHandler
 .text.SDMMC0_CommandErrorGet
                0x23f03ae8       0x14 build/sam_9x75_eb/production/_ext/1406570242/plib_sdmmc0.o
                0x23f03ae8                SDMMC0_CommandErrorGet
 .text.SDMMC0_DataErrorGet
                0x23f03afc       0x14 build/sam_9x75_eb/production/_ext/1406570242/plib_sdmmc0.o
                0x23f03afc                SDMMC0_DataErrorGet
 .text.SDMMC0_BusWidthSet
                0x23f03b10       0x1c build/sam_9x75_eb/production/_ext/1406570242/plib_sdmmc0.o
                0x23f03b10                SDMMC0_BusWidthSet
 .text.SDMMC0_SpeedModeSet
                0x23f03b2c       0x1c build/sam_9x75_eb/production/_ext/1406570242/plib_sdmmc0.o
                0x23f03b2c                SDMMC0_SpeedModeSet
 .text.SDMMC0_IsCmdLineBusy
                0x23f03b48       0x10 build/sam_9x75_eb/production/_ext/1406570242/plib_sdmmc0.o
                0x23f03b48                SDMMC0_IsCmdLineBusy
 .text.SDMMC0_IsDatLineBusy
                0x23f03b58       0x14 build/sam_9x75_eb/production/_ext/1406570242/plib_sdmmc0.o
                0x23f03b58                SDMMC0_IsDatLineBusy
 .text.SDMMC0_BlockSizeSet
                0x23f03b6c       0x20 build/sam_9x75_eb/production/_ext/1406570242/plib_sdmmc0.o
                0x23f03b6c                SDMMC0_BlockSizeSet
 .text.SDMMC0_BlockCountSet
                0x23f03b8c        0xc build/sam_9x75_eb/production/_ext/1406570242/plib_sdmmc0.o
                0x23f03b8c                SDMMC0_BlockCountSet
 .text.SDMMC0_ClockEnable
                0x23f03b98       0x30 build/sam_9x75_eb/production/_ext/1406570242/plib_sdmmc0.o
                0x23f03b98                SDMMC0_ClockEnable
 .text.SDMMC0_DmaSetup
                0x23f03bc8       0x68 build/sam_9x75_eb/production/_ext/1406570242/plib_sdmmc0.o
                0x23f03bc8                SDMMC0_DmaSetup
 .text.SDMMC0_ClockSet
                0x23f03c30      0x154 build/sam_9x75_eb/production/_ext/1406570242/plib_sdmmc0.o
                0x23f03c30                SDMMC0_ClockSet
 .text.SDMMC0_ResponseRead
                0x23f03d84       0x88 build/sam_9x75_eb/production/_ext/1406570242/plib_sdmmc0.o
                0x23f03d84                SDMMC0_ResponseRead
 .text.SDMMC0_CommandSend
                0x23f03e0c      0x1e4 build/sam_9x75_eb/production/_ext/1406570242/plib_sdmmc0.o
                0x23f03e0c                SDMMC0_CommandSend
 .text.SDMMC0_ModuleInit
                0x23f03ff0       0x78 build/sam_9x75_eb/production/_ext/1406570242/plib_sdmmc0.o
                0x23f03ff0                SDMMC0_ModuleInit
 .text.SDMMC0_Initialize
                0x23f04068       0x28 build/sam_9x75_eb/production/_ext/1406570242/plib_sdmmc0.o
                0x23f04068                SDMMC0_Initialize
 .text.SDMMC0_CallbackRegister
                0x23f04090       0x18 build/sam_9x75_eb/production/_ext/1406570242/plib_sdmmc0.o
                0x23f04090                SDMMC0_CallbackRegister
 .text.TC0_CH0_TimerInitialize
                0x23f040a8       0x38 build/sam_9x75_eb/production/_ext/1404889025/plib_tc0.o
                0x23f040a8                TC0_CH0_TimerInitialize
 .text.TC0_CH0_TimerStart
                0x23f040e0       0x14 build/sam_9x75_eb/production/_ext/1404889025/plib_tc0.o
                0x23f040e0                TC0_CH0_TimerStart
 .text.TC0_CH0_TimerStop
                0x23f040f4       0x14 build/sam_9x75_eb/production/_ext/1404889025/plib_tc0.o
                0x23f040f4                TC0_CH0_TimerStop
 .text.TC0_CH0_TimerFrequencyGet
                0x23f04108        0xc build/sam_9x75_eb/production/_ext/1404889025/plib_tc0.o
                0x23f04108                TC0_CH0_TimerFrequencyGet
 .text.TC0_CH0_TimerPeriodSet
                0x23f04114       0x10 build/sam_9x75_eb/production/_ext/1404889025/plib_tc0.o
                0x23f04114                TC0_CH0_TimerPeriodSet
 .text.TC0_CH0_TimerCompareSet
                0x23f04124       0x10 build/sam_9x75_eb/production/_ext/1404889025/plib_tc0.o
                0x23f04124                TC0_CH0_TimerCompareSet
 .text.TC0_CH0_TimerCounterGet
                0x23f04134       0x10 build/sam_9x75_eb/production/_ext/1404889025/plib_tc0.o
                0x23f04134                TC0_CH0_TimerCounterGet
 .text.TC0_CH0_TimerCallbackRegister
                0x23f04144       0x14 build/sam_9x75_eb/production/_ext/1404889025/plib_tc0.o
                0x23f04144                TC0_CH0_TimerCallbackRegister
 .text.TC0_CH0_InterruptHandler
                0x23f04158       0x3c build/sam_9x75_eb/production/_ext/1404889025/plib_tc0.o
                0x23f04158                TC0_CH0_InterruptHandler
 .text.TC0_InterruptHandler
                0x23f04194        0xc build/sam_9x75_eb/production/_ext/1404889025/plib_tc0.o
                0x23f04194                TC0_InterruptHandler
 .text._mon_getc
                0x23f041a0       0x34 build/sam_9x75_eb/production/_ext/400366566/xc32_monitor.o
                0x23f041a0                _mon_getc
 .text._mon_putc
                0x23f041d4       0x2c build/sam_9x75_eb/production/_ext/400366566/xc32_monitor.o
                0x23f041d4                _mon_putc
 .text.SYS_CACHE_InvalidateDCache_by_Addr
                0x23f04200        0xc build/sam_9x75_eb/production/_ext/1045604261/sys_cache.o
                0x23f04200                SYS_CACHE_InvalidateDCache_by_Addr
 .text.SYS_CACHE_CleanDCache_by_Addr
                0x23f0420c        0xc build/sam_9x75_eb/production/_ext/1045604261/sys_cache.o
                0x23f0420c                SYS_CACHE_CleanDCache_by_Addr
 .text.ld_dword
                0x23f04218       0x20 build/sam_9x75_eb/production/_ext/1706900325/ff.o
 .text.st_dword
                0x23f04238       0x20 build/sam_9x75_eb/production/_ext/1706900325/ff.o
 .text.mem_cpy  0x23f04258       0x24 build/sam_9x75_eb/production/_ext/1706900325/ff.o
 .text.mem_set  0x23f0427c       0x14 build/sam_9x75_eb/production/_ext/1706900325/ff.o
 .text.chk_lock
                0x23f04290       0xa8 build/sam_9x75_eb/production/_ext/1706900325/ff.o
 .text.inc_lock
                0x23f04338       0xd0 build/sam_9x75_eb/production/_ext/1706900325/ff.o
 .text.dec_lock
                0x23f04408       0x64 build/sam_9x75_eb/production/_ext/1706900325/ff.o
 .text.clst2sect
                0x23f0446c       0x28 build/sam_9x75_eb/production/_ext/1706900325/ff.o
 .text.sum_sfn  0x23f04494       0x2c build/sam_9x75_eb/production/_ext/1706900325/ff.o
 .text.get_ldnumber
                0x23f044c0       0x7c build/sam_9x75_eb/production/_ext/1706900325/ff.o
 .text.validate
                0x23f0453c       0x88 build/sam_9x75_eb/production/_ext/1706900325/ff.o
 .text.sync_window
                0x23f045c4       0x84 build/sam_9x75_eb/production/_ext/1706900325/ff.o
 .text.move_window
                0x23f04648       0x60 build/sam_9x75_eb/production/_ext/1706900325/ff.o
 .text.dir_clear
                0x23f046a8       0x9c build/sam_9x75_eb/production/_ext/1706900325/ff.o
 .text.tchar2uni
                0x23f04744       0x3c build/sam_9x75_eb/production/_ext/1706900325/ff.o
 .text.create_partition
                0x23f04780      0x290 build/sam_9x75_eb/production/_ext/1706900325/ff.o
 .text.sync_fs  0x23f04a10       0xcc build/sam_9x75_eb/production/_ext/1706900325/ff.o
 .text.put_fat  0x23f04adc      0x1ac build/sam_9x75_eb/production/_ext/1706900325/ff.o
 .text.st_clust
                0x23f04c88       0x2c build/sam_9x75_eb/production/_ext/1706900325/ff.o
 .text.get_fileinfo
                0x23f04cb4      0x258 build/sam_9x75_eb/production/_ext/1706900325/ff.o
 .text.get_fat  0x23f04f0c      0x154 build/sam_9x75_eb/production/_ext/1706900325/ff.o
 .text.dir_sdi  0x23f05060      0x128 build/sam_9x75_eb/production/_ext/1706900325/ff.o
 .text.create_chain
                0x23f05188      0x1bc build/sam_9x75_eb/production/_ext/1706900325/ff.o
 .text.remove_chain
                0x23f05344       0xe4 build/sam_9x75_eb/production/_ext/1706900325/ff.o
 .text.dir_next
                0x23f05428      0x168 build/sam_9x75_eb/production/_ext/1706900325/ff.o
 .text.dir_alloc
                0x23f05590       0x88 build/sam_9x75_eb/production/_ext/1706900325/ff.o
 .text.dir_remove
                0x23f05618       0x84 build/sam_9x75_eb/production/_ext/1706900325/ff.o
 .text.dir_find
                0x23f0569c      0x2bc build/sam_9x75_eb/production/_ext/1706900325/ff.o
 .text.dir_register
                0x23f05958      0x3f4 build/sam_9x75_eb/production/_ext/1706900325/ff.o
 .text.check_fs
                0x23f05d4c      0x174 build/sam_9x75_eb/production/_ext/1706900325/ff.o
 .text.mount_volume
                0x23f05ec0      0x55c build/sam_9x75_eb/production/_ext/1706900325/ff.o
 .text.dir_read
                0x23f0641c      0x208 build/sam_9x75_eb/production/_ext/1706900325/ff.o
 .text.ld_clust
                0x23f06624       0x2c build/sam_9x75_eb/production/_ext/1706900325/ff.o
 .text.follow_path
                0x23f06650      0x5e0 build/sam_9x75_eb/production/_ext/1706900325/ff.o
 .text.f_mount  0x23f06c30       0xa8 build/sam_9x75_eb/production/_ext/1706900325/ff.o
                0x23f06c30                f_mount
 .text.f_open   0x23f06cd8      0x3ac build/sam_9x75_eb/production/_ext/1706900325/ff.o
                0x23f06cd8                f_open
 .text.f_read   0x23f07084      0x28c build/sam_9x75_eb/production/_ext/1706900325/ff.o
                0x23f07084                f_read
 .text.f_write  0x23f07310      0x2f0 build/sam_9x75_eb/production/_ext/1706900325/ff.o
                0x23f07310                f_write
 .text.putc_bfd
                0x23f07600       0x68 build/sam_9x75_eb/production/_ext/1706900325/ff.o
 .text.putc_flush
                0x23f07668       0x64 build/sam_9x75_eb/production/_ext/1706900325/ff.o
 .text.f_sync   0x23f076cc       0xf0 build/sam_9x75_eb/production/_ext/1706900325/ff.o
                0x23f076cc                f_sync
 .text.f_close  0x23f077bc       0x4c build/sam_9x75_eb/production/_ext/1706900325/ff.o
                0x23f077bc                f_close
 .text.f_chdrive
                0x23f07808       0x34 build/sam_9x75_eb/production/_ext/1706900325/ff.o
                0x23f07808                f_chdrive
 .text.f_chdir  0x23f0783c       0x9c build/sam_9x75_eb/production/_ext/1706900325/ff.o
                0x23f0783c                f_chdir
 .text.f_getcwd
                0x23f078d8      0x214 build/sam_9x75_eb/production/_ext/1706900325/ff.o
                0x23f078d8                f_getcwd
 .text.f_lseek  0x23f07aec      0x284 build/sam_9x75_eb/production/_ext/1706900325/ff.o
                0x23f07aec                f_lseek
 .text.f_opendir
                0x23f07d70       0xfc build/sam_9x75_eb/production/_ext/1706900325/ff.o
                0x23f07d70                f_opendir
 .text.f_closedir
                0x23f07e6c       0x50 build/sam_9x75_eb/production/_ext/1706900325/ff.o
                0x23f07e6c                f_closedir
 .text.f_readdir
                0x23f07ebc       0x74 build/sam_9x75_eb/production/_ext/1706900325/ff.o
                0x23f07ebc                f_readdir
 .text.f_stat   0x23f07f30       0x70 build/sam_9x75_eb/production/_ext/1706900325/ff.o
                0x23f07f30                f_stat
 .text.f_getfree
                0x23f07fa0      0x164 build/sam_9x75_eb/production/_ext/1706900325/ff.o
                0x23f07fa0                f_getfree
 .text.f_truncate
                0x23f08104      0x150 build/sam_9x75_eb/production/_ext/1706900325/ff.o
                0x23f08104                f_truncate
 .text.f_unlink
                0x23f08254      0x14c build/sam_9x75_eb/production/_ext/1706900325/ff.o
                0x23f08254                f_unlink
 .text.f_mkdir  0x23f083a0      0x1b8 build/sam_9x75_eb/production/_ext/1706900325/ff.o
                0x23f083a0                f_mkdir
 .text.f_rename
                0x23f08558      0x1bc build/sam_9x75_eb/production/_ext/1706900325/ff.o
                0x23f08558                f_rename
 .text.f_chmod  0x23f08714       0x94 build/sam_9x75_eb/production/_ext/1706900325/ff.o
                0x23f08714                f_chmod
 .text.f_utime  0x23f087a8       0x8c build/sam_9x75_eb/production/_ext/1706900325/ff.o
                0x23f087a8                f_utime
 .text.f_getlabel
                0x23f08834      0x13c build/sam_9x75_eb/production/_ext/1706900325/ff.o
                0x23f08834                f_getlabel
 .text.f_setlabel
                0x23f08970      0x288 build/sam_9x75_eb/production/_ext/1706900325/ff.o
                0x23f08970                f_setlabel
 .text.f_mkfs   0x23f08bf8      0xbdc build/sam_9x75_eb/production/_ext/1706900325/ff.o
                0x23f08bf8                f_mkfs
 .text.f_fdisk  0x23f097d4       0x5c build/sam_9x75_eb/production/_ext/1706900325/ff.o
                0x23f097d4                f_fdisk
 .text.f_gets   0x23f09830       0x98 build/sam_9x75_eb/production/_ext/1706900325/ff.o
                0x23f09830                f_gets
 .text.f_putc   0x23f098c8       0x40 build/sam_9x75_eb/production/_ext/1706900325/ff.o
                0x23f098c8                f_putc
 .text.f_puts   0x23f09908       0x54 build/sam_9x75_eb/production/_ext/1706900325/ff.o
                0x23f09908                f_puts
 .text.f_printf
                0x23f0995c      0x490 build/sam_9x75_eb/production/_ext/1706900325/ff.o
                0x23f0995c                f_printf
 .text.ff_uni2oem
                0x23f09dec       0x88 build/sam_9x75_eb/production/_ext/1706900325/ffunicode.o
                0x23f09dec                ff_uni2oem
 .text.ff_oem2uni
                0x23f09e74       0x38 build/sam_9x75_eb/production/_ext/1706900325/ffunicode.o
                0x23f09e74                ff_oem2uni
 .text.ff_wtoupper
                0x23f09eac      0x168 build/sam_9x75_eb/production/_ext/1706900325/ffunicode.o
                0x23f09eac                ff_wtoupper
 .text.diskEventHandler
                0x23f0a014       0x44 build/sam_9x75_eb/production/_ext/1576319332/diskio.o
                0x23f0a014                diskEventHandler
 .text.disk_checkCommandStatus
                0x23f0a058       0x78 build/sam_9x75_eb/production/_ext/1576319332/diskio.o
 .text.disk_read_aligned
                0x23f0a0d0       0x4c build/sam_9x75_eb/production/_ext/1576319332/diskio.o
 .text.disk_status
                0x23f0a11c        0x8 build/sam_9x75_eb/production/_ext/1576319332/diskio.o
                0x23f0a11c                disk_status
 .text.disk_initialize
                0x23f0a124       0x18 build/sam_9x75_eb/production/_ext/1576319332/diskio.o
                0x23f0a124                disk_initialize
 .text.disk_read
                0x23f0a13c      0x114 build/sam_9x75_eb/production/_ext/1576319332/diskio.o
                0x23f0a13c                disk_read
 .text.disk_write
                0x23f0a250      0x140 build/sam_9x75_eb/production/_ext/1576319332/diskio.o
                0x23f0a250                disk_write
 .text.disk_ioctl
                0x23f0a390       0x64 build/sam_9x75_eb/production/_ext/1576319332/diskio.o
                0x23f0a390                disk_ioctl
 .text.get_fattime
                0x23f0a3f4        0xc build/sam_9x75_eb/production/_ext/1576319332/diskio.o
                0x23f0a3f4                get_fattime
 .text.SYS_FS_GetDisk
                0x23f0a400      0x168 build/sam_9x75_eb/production/_ext/1845033505/sys_fs.o
 .text.SYS_FS_Initialize
                0x23f0a568       0x94 build/sam_9x75_eb/production/_ext/1845033505/sys_fs.o
                0x23f0a568                SYS_FS_Initialize
 .text.SYS_FS_Tasks
                0x23f0a5fc        0xc build/sam_9x75_eb/production/_ext/1845033505/sys_fs.o
                0x23f0a5fc                SYS_FS_Tasks
 .text.SYS_FS_EventHandlerSet
                0x23f0a608        0xc build/sam_9x75_eb/production/_ext/1845033505/sys_fs.o
                0x23f0a608                SYS_FS_EventHandlerSet
 .text.SYS_FS_Mount
                0x23f0a614      0x2b8 build/sam_9x75_eb/production/_ext/1845033505/sys_fs.o
                0x23f0a614                SYS_FS_Mount
 .text.SYS_FS_Unmount
                0x23f0a8cc      0x1a0 build/sam_9x75_eb/production/_ext/1845033505/sys_fs.o
                0x23f0a8cc                SYS_FS_Unmount
 .text.SYS_FS_FileOpen
                0x23f0aa6c      0x1ec build/sam_9x75_eb/production/_ext/1845033505/sys_fs.o
                0x23f0aa6c                SYS_FS_FileOpen
 .text.SYS_FS_FileClose
                0x23f0ac58       0xcc build/sam_9x75_eb/production/_ext/1845033505/sys_fs.o
                0x23f0ac58                SYS_FS_FileClose
 .text.SYS_FS_FileRead
                0x23f0ad24       0xd0 build/sam_9x75_eb/production/_ext/1845033505/sys_fs.o
                0x23f0ad24                SYS_FS_FileRead
 .text.SYS_FS_FileSeek
                0x23f0adf4      0x178 build/sam_9x75_eb/production/_ext/1845033505/sys_fs.o
                0x23f0adf4                SYS_FS_FileSeek
 .text.SYS_FS_Error
                0x23f0af6c       0x10 build/sam_9x75_eb/production/_ext/1845033505/sys_fs.o
                0x23f0af6c                SYS_FS_Error
 .text.SYS_FS_FileWrite
                0x23f0af7c       0xd8 build/sam_9x75_eb/production/_ext/1845033505/sys_fs.o
                0x23f0af7c                SYS_FS_FileWrite
 .text.SYS_FS_FileSync
                0x23f0b054       0xc4 build/sam_9x75_eb/production/_ext/1845033505/sys_fs.o
                0x23f0b054                SYS_FS_FileSync
 .text.SYS_FS_CurrentDriveSet
                0x23f0b118      0x124 build/sam_9x75_eb/production/_ext/1845033505/sys_fs.o
                0x23f0b118                SYS_FS_CurrentDriveSet
 .text.SYS_FS_MEDIA_MANAGER_IsFSFat
                0x23f0b23c       0x5c build/sam_9x75_eb/production/_ext/1845033505/sys_fs_media_manager.o
 .text.SYS_FS_MEDIA_MANAGER_EventHandler
                0x23f0b298       0x54 build/sam_9x75_eb/production/_ext/1845033505/sys_fs_media_manager.o
                0x23f0b298                SYS_FS_MEDIA_MANAGER_EventHandler
 .text._SYS_FS_MEDIA_MANAGER_HandleMediaDetach
                0x23f0b2ec       0x9c build/sam_9x75_eb/production/_ext/1845033505/sys_fs_media_manager.o
 .text.SYS_FS_MEDIA_MANAGER_Register
                0x23f0b388       0x6c build/sam_9x75_eb/production/_ext/1845033505/sys_fs_media_manager.o
                0x23f0b388                SYS_FS_MEDIA_MANAGER_Register
 .text.SYS_FS_MEDIA_MANAGER_SectorRead
                0x23f0b3f4       0x94 build/sam_9x75_eb/production/_ext/1845033505/sys_fs_media_manager.o
                0x23f0b3f4                SYS_FS_MEDIA_MANAGER_SectorRead
 .text.SYS_FS_MEDIA_MANAGER_SectorWrite
                0x23f0b488      0x26c build/sam_9x75_eb/production/_ext/1845033505/sys_fs_media_manager.o
                0x23f0b488                SYS_FS_MEDIA_MANAGER_SectorWrite
 .text.SYS_FS_MEDIA_MANAGER_MediaStatusGet
                0x23f0b6f4       0xac build/sam_9x75_eb/production/_ext/1845033505/sys_fs_media_manager.o
                0x23f0b6f4                SYS_FS_MEDIA_MANAGER_MediaStatusGet
 .text.SYS_FS_MEDIA_MANAGER_VolumePropertyGet
                0x23f0b7a0       0x58 build/sam_9x75_eb/production/_ext/1845033505/sys_fs_media_manager.o
                0x23f0b7a0                SYS_FS_MEDIA_MANAGER_VolumePropertyGet
 .text.SYS_FS_MEDIA_MANAGER_EventHandlerSet
                0x23f0b7f8       0x38 build/sam_9x75_eb/production/_ext/1845033505/sys_fs_media_manager.o
                0x23f0b7f8                SYS_FS_MEDIA_MANAGER_EventHandlerSet
 .text.SYS_FS_MEDIA_MANAGER_RegisterTransferHandler
                0x23f0b830       0x10 build/sam_9x75_eb/production/_ext/1845033505/sys_fs_media_manager.o
                0x23f0b830                SYS_FS_MEDIA_MANAGER_RegisterTransferHandler
 .text.SYS_FS_MEDIA_MANAGER_GetMediaGeometry
                0x23f0b840       0x38 build/sam_9x75_eb/production/_ext/1845033505/sys_fs_media_manager.o
                0x23f0b840                SYS_FS_MEDIA_MANAGER_GetMediaGeometry
 .text.SYS_FS_MEDIA_MANAGER_TransferTask
                0x23f0b878       0x40 build/sam_9x75_eb/production/_ext/1845033505/sys_fs_media_manager.o
                0x23f0b878                SYS_FS_MEDIA_MANAGER_TransferTask
 .text.SYS_FS_MEDIA_MANAGER_Tasks
                0x23f0b8b8      0x6cc build/sam_9x75_eb/production/_ext/1845033505/sys_fs_media_manager.o
                0x23f0b8b8                SYS_FS_MEDIA_MANAGER_Tasks
 .text.FATFS_mount
                0x23f0bf84       0xd0 build/sam_9x75_eb/production/_ext/1845033505/sys_fs_fat_interface.o
                0x23f0bf84                FATFS_mount
 .text.FATFS_unmount
                0x23f0c054      0x118 build/sam_9x75_eb/production/_ext/1845033505/sys_fs_fat_interface.o
                0x23f0c054                FATFS_unmount
 .text.FATFS_open
                0x23f0c16c       0xb0 build/sam_9x75_eb/production/_ext/1845033505/sys_fs_fat_interface.o
                0x23f0c16c                FATFS_open
 .text.FATFS_read
                0x23f0c21c       0x10 build/sam_9x75_eb/production/_ext/1845033505/sys_fs_fat_interface.o
                0x23f0c21c                FATFS_read
 .text.FATFS_close
                0x23f0c22c       0x34 build/sam_9x75_eb/production/_ext/1845033505/sys_fs_fat_interface.o
                0x23f0c22c                FATFS_close
 .text.FATFS_lseek
                0x23f0c260       0x10 build/sam_9x75_eb/production/_ext/1845033505/sys_fs_fat_interface.o
                0x23f0c260                FATFS_lseek
 .text.FATFS_stat
                0x23f0c270       0x48 build/sam_9x75_eb/production/_ext/1845033505/sys_fs_fat_interface.o
                0x23f0c270                FATFS_stat
 .text.FATFS_getlabel
                0x23f0c2b8        0xc build/sam_9x75_eb/production/_ext/1845033505/sys_fs_fat_interface.o
                0x23f0c2b8                FATFS_getlabel
 .text.FATFS_getcwd
                0x23f0c2c4        0xc build/sam_9x75_eb/production/_ext/1845033505/sys_fs_fat_interface.o
                0x23f0c2c4                FATFS_getcwd
 .text.FATFS_gets
                0x23f0c2d0       0x10 build/sam_9x75_eb/production/_ext/1845033505/sys_fs_fat_interface.o
                0x23f0c2d0                FATFS_gets
 .text.FATFS_opendir
                0x23f0c2e0       0x4c build/sam_9x75_eb/production/_ext/1845033505/sys_fs_fat_interface.o
                0x23f0c2e0                FATFS_opendir
 .text.FATFS_readdir
                0x23f0c32c       0x4c build/sam_9x75_eb/production/_ext/1845033505/sys_fs_fat_interface.o
                0x23f0c32c                FATFS_readdir
 .text.FATFS_closedir
                0x23f0c378       0x34 build/sam_9x75_eb/production/_ext/1845033505/sys_fs_fat_interface.o
                0x23f0c378                FATFS_closedir
 .text.FATFS_chdir
                0x23f0c3ac        0xc build/sam_9x75_eb/production/_ext/1845033505/sys_fs_fat_interface.o
                0x23f0c3ac                FATFS_chdir
 .text.FATFS_chdrive
                0x23f0c3b8       0x30 build/sam_9x75_eb/production/_ext/1845033505/sys_fs_fat_interface.o
                0x23f0c3b8                FATFS_chdrive
 .text.FATFS_write
                0x23f0c3e8       0x10 build/sam_9x75_eb/production/_ext/1845033505/sys_fs_fat_interface.o
                0x23f0c3e8                FATFS_write
 .text.FATFS_tell
                0x23f0c3f8        0x8 build/sam_9x75_eb/production/_ext/1845033505/sys_fs_fat_interface.o
                0x23f0c3f8                FATFS_tell
 .text.FATFS_eof
                0x23f0c400       0x18 build/sam_9x75_eb/production/_ext/1845033505/sys_fs_fat_interface.o
                0x23f0c400                FATFS_eof
 .text.FATFS_size
                0x23f0c418        0x8 build/sam_9x75_eb/production/_ext/1845033505/sys_fs_fat_interface.o
                0x23f0c418                FATFS_size
 .text.FATFS_mkdir
                0x23f0c420        0xc build/sam_9x75_eb/production/_ext/1845033505/sys_fs_fat_interface.o
                0x23f0c420                FATFS_mkdir
 .text.FATFS_unlink
                0x23f0c42c        0xc build/sam_9x75_eb/production/_ext/1845033505/sys_fs_fat_interface.o
                0x23f0c42c                FATFS_unlink
 .text.FATFS_setlabel
                0x23f0c438        0xc build/sam_9x75_eb/production/_ext/1845033505/sys_fs_fat_interface.o
                0x23f0c438                FATFS_setlabel
 .text.FATFS_truncate
                0x23f0c444       0x10 build/sam_9x75_eb/production/_ext/1845033505/sys_fs_fat_interface.o
                0x23f0c444                FATFS_truncate
 .text.FATFS_chmod
                0x23f0c454        0xc build/sam_9x75_eb/production/_ext/1845033505/sys_fs_fat_interface.o
                0x23f0c454                FATFS_chmod
 .text.FATFS_utime
                0x23f0c460        0xc build/sam_9x75_eb/production/_ext/1845033505/sys_fs_fat_interface.o
                0x23f0c460                FATFS_utime
 .text.FATFS_rename
                0x23f0c46c        0xc build/sam_9x75_eb/production/_ext/1845033505/sys_fs_fat_interface.o
                0x23f0c46c                FATFS_rename
 .text.FATFS_sync
                0x23f0c478       0x10 build/sam_9x75_eb/production/_ext/1845033505/sys_fs_fat_interface.o
                0x23f0c478                FATFS_sync
 .text.FATFS_putc
                0x23f0c488       0x10 build/sam_9x75_eb/production/_ext/1845033505/sys_fs_fat_interface.o
                0x23f0c488                FATFS_putc
 .text.FATFS_puts
                0x23f0c498       0x10 build/sam_9x75_eb/production/_ext/1845033505/sys_fs_fat_interface.o
                0x23f0c498                FATFS_puts
 .text.FATFS_printf
                0x23f0c4a8       0x10 build/sam_9x75_eb/production/_ext/1845033505/sys_fs_fat_interface.o
                0x23f0c4a8                FATFS_printf
 .text.FATFS_error
                0x23f0c4b8       0x10 build/sam_9x75_eb/production/_ext/1845033505/sys_fs_fat_interface.o
                0x23f0c4b8                FATFS_error
 .text.FATFS_mkfs
                0x23f0c4c8       0x40 build/sam_9x75_eb/production/_ext/1845033505/sys_fs_fat_interface.o
                0x23f0c4c8                FATFS_mkfs
 .text.FATFS_fdisk
                0x23f0c508        0xc build/sam_9x75_eb/production/_ext/1845033505/sys_fs_fat_interface.o
                0x23f0c508                FATFS_fdisk
 .text.FATFS_getclusters
                0x23f0c514       0x70 build/sam_9x75_eb/production/_ext/1845033505/sys_fs_fat_interface.o
                0x23f0c514                FATFS_getclusters
 .text.SYS_INT_Disable
                0x23f0c584        0xc build/sam_9x75_eb/production/_ext/1219600167/sys_int.o
                0x23f0c584                SYS_INT_Disable
 .text.SYS_INT_Restore
                0x23f0c590        0xc build/sam_9x75_eb/production/_ext/1219600167/sys_int.o
                0x23f0c590                SYS_INT_Restore
 .text.SYS_INT_SourceIsEnabled
                0x23f0c59c       0x28 build/sam_9x75_eb/production/_ext/1219600167/sys_int.o
                0x23f0c59c                SYS_INT_SourceIsEnabled
 .text.SYS_INT_SourceEnable
                0x23f0c5c4       0x28 build/sam_9x75_eb/production/_ext/1219600167/sys_int.o
                0x23f0c5c4                SYS_INT_SourceEnable
 .text.SYS_INT_SourceDisable
                0x23f0c5ec       0x3c build/sam_9x75_eb/production/_ext/1219600167/sys_int.o
                0x23f0c5ec                SYS_INT_SourceDisable
 .text.SYS_TIME_GetTimerObject
                0x23f0c628       0x70 build/sam_9x75_eb/production/_ext/848834719/sys_time.o
 .text.SYS_TIME_HwTimerCompareUpdate
                0x23f0c698       0xfc build/sam_9x75_eb/production/_ext/848834719/sys_time.o
 .text.SYS_TIME_Counter64Update
                0x23f0c794       0x28 build/sam_9x75_eb/production/_ext/848834719/sys_time.o
 .text.SYS_TIME_RemoveFromList
                0x23f0c7bc       0x94 build/sam_9x75_eb/production/_ext/848834719/sys_time.o
 .text.SYS_TIME_AddToList
                0x23f0c850       0xe0 build/sam_9x75_eb/production/_ext/848834719/sys_time.o
 .text.SYS_TIME_GetElapsedCount
                0x23f0c930       0x1c build/sam_9x75_eb/production/_ext/848834719/sys_time.o
 .text.SYS_TIME_UpdateTimerList
                0x23f0c94c       0x74 build/sam_9x75_eb/production/_ext/848834719/sys_time.o
 .text.SYS_TIME_TimerAdd
                0x23f0c9c0       0x60 build/sam_9x75_eb/production/_ext/848834719/sys_time.o
 .text.SYS_TIME_ResourceLock
                0x23f0ca20       0x54 build/sam_9x75_eb/production/_ext/848834719/sys_time.o
 .text.SYS_TIME_ResourceUnlock
                0x23f0ca74       0x28 build/sam_9x75_eb/production/_ext/848834719/sys_time.o
 .text.SYS_TIME_TimerObjectCreate
                0x23f0ca9c      0x12c build/sam_9x75_eb/production/_ext/848834719/sys_time.o
 .text.SYS_TIME_Initialize
                0x23f0cbc8      0x118 build/sam_9x75_eb/production/_ext/848834719/sys_time.o
                0x23f0cbc8                SYS_TIME_Initialize
 .text.SYS_TIME_FrequencyGet
                0x23f0cce0       0x10 build/sam_9x75_eb/production/_ext/848834719/sys_time.o
                0x23f0cce0                SYS_TIME_FrequencyGet
 .text.SYS_TIME_Counter64Get
                0x23f0ccf0       0x68 build/sam_9x75_eb/production/_ext/848834719/sys_time.o
                0x23f0ccf0                SYS_TIME_Counter64Get
 .text.SYS_TIME_TimerDestroy
                0x23f0cd58       0x6c build/sam_9x75_eb/production/_ext/848834719/sys_time.o
                0x23f0cd58                SYS_TIME_TimerDestroy
 .text.SYS_TIME_PLIBCallback
                0x23f0cdc4      0x168 build/sam_9x75_eb/production/_ext/848834719/sys_time.o
 .text.SYS_TIME_TimerStart
                0x23f0cf2c       0x94 build/sam_9x75_eb/production/_ext/848834719/sys_time.o
                0x23f0cf2c                SYS_TIME_TimerStart
 .text.SYS_TIME_TimerPeriodHasExpired
                0x23f0cfc0       0x40 build/sam_9x75_eb/production/_ext/848834719/sys_time.o
                0x23f0cfc0                SYS_TIME_TimerPeriodHasExpired
 .text.SYS_TIME_DelayMS
                0x23f0d000       0x84 build/sam_9x75_eb/production/_ext/848834719/sys_time.o
                0x23f0d000                SYS_TIME_DelayMS
 .text.SYS_TIME_DelayIsComplete
                0x23f0d084       0x28 build/sam_9x75_eb/production/_ext/848834719/sys_time.o
                0x23f0d084                SYS_TIME_DelayIsComplete
 .text.SYS_TIME_CallbackRegisterMS
                0x23f0d0ac       0x9c build/sam_9x75_eb/production/_ext/848834719/sys_time.o
                0x23f0d0ac                SYS_TIME_CallbackRegisterMS
 .text.SYS_Initialize
                0x23f0d148      0x104 build/sam_9x75_eb/production/_ext/2080577836/initialization.o
                0x23f0d148                SYS_Initialize
 .text.DefaultInterruptHandlerForSpurious
                0x23f0d24c       0x18 build/sam_9x75_eb/production/_ext/2080577836/interrupts.o
                0x23f0d24c                DefaultInterruptHandlerForSpurious
 *fill*         0x23f0d264        0xc 
 .text          0x23f0d270       0xa0 build/sam_9x75_eb/production/_ext/2080577836/cstartup.o
 .text.SYS_Tasks
                0x23f0d310       0x20 build/sam_9x75_eb/production/_ext/2080577836/tasks.o
                0x23f0d310                SYS_Tasks
 .text.main     0x23f0d330       0x14 build/sam_9x75_eb/production/_ext/1360937237/main.o
                0x23f0d330                main
 .text.APP_SysFSEventHandler
                0x23f0d344       0x7c build/sam_9x75_eb/production/_ext/1360937237/app.o
 .text.APP_TIME_CountToSec
                0x23f0d3c0       0x70 build/sam_9x75_eb/production/_ext/1360937237/app.o
                0x23f0d3c0                APP_TIME_CountToSec
 .text.APP_Initialize
                0x23f0d430       0x58 build/sam_9x75_eb/production/_ext/1360937237/app.o
                0x23f0d430                APP_Initialize
 .text.APP_Tasks
                0x23f0d488      0x3b0 build/sam_9x75_eb/production/_ext/1360937237/app.o
                0x23f0d488                APP_Tasks
 .text          0x23f0d838      0x20c c:/program files/microchip/xc32/v3.01/bin/bin/../../lib/gcc/pic32c/8.3.1/arm/v5te/nofp\libgcc.a(_udivsi3.o)
                0x23f0d838                __aeabi_uidiv
                0x23f0d838                __udivsi3
                0x23f0da24                __aeabi_uidivmod
 .text          0x23f0da44      0x240 c:/program files/microchip/xc32/v3.01/bin/bin/../../lib/gcc/pic32c/8.3.1/arm/v5te/nofp\libgcc.a(_divsi3.o)
                0x23f0da44                __divsi3
                0x23f0da44                __aeabi_idiv
                0x23f0dc64                __aeabi_idivmod
 .text          0x23f0dc84        0x4 c:/program files/microchip/xc32/v3.01/bin/bin/../../lib/gcc/pic32c/8.3.1/arm/v5te/nofp\libgcc.a(_dvmd_tls.o)
                0x23f0dc84                __aeabi_idiv0
                0x23f0dc84                __aeabi_ldiv0
 .text          0x23f0dc88      0x3c0 c:/program files/microchip/xc32/v3.01/bin/bin/../../lib/gcc/pic32c/8.3.1/arm/v5te/nofp\libgcc.a(_arm_addsubdf3.o)
                0x23f0dc88                __aeabi_drsub
                0x23f0dc90                __aeabi_dsub
                0x23f0dc90                __subdf3
                0x23f0dc94                __aeabi_dadd
                0x23f0dc94                __adddf3
                0x23f0df40                __floatunsidf
                0x23f0df40                __aeabi_ui2d
                0x23f0df64                __floatsidf
                0x23f0df64                __aeabi_i2d
                0x23f0df8c                __aeabi_f2d
                0x23f0df8c                __extendsfdf2
                0x23f0dfd4                __floatundidf
                0x23f0dfd4                __aeabi_ul2d
                0x23f0dfe8                __floatdidf
                0x23f0dfe8                __aeabi_l2d
 .text          0x23f0e048      0x250 c:/program files/microchip/xc32/v3.01/bin/bin/../../lib/gcc/pic32c/8.3.1/arm/v5te/nofp\libgcc.a(_arm_addsubsf3.o)
                0x23f0e048                __aeabi_frsub
                0x23f0e050                __subsf3
                0x23f0e050                __aeabi_fsub
                0x23f0e054                __aeabi_fadd
                0x23f0e054                __addsf3
                0x23f0e1e4                __aeabi_ui2f
                0x23f0e1e4                __floatunsisf
                0x23f0e1ec                __aeabi_i2f
                0x23f0e1ec                __floatsisf
                0x23f0e20c                __aeabi_ul2f
                0x23f0e20c                __floatundisf
                0x23f0e21c                __aeabi_l2f
                0x23f0e21c                __floatdisf
 .text          0x23f0e298      0x2f8 c:/program files/microchip/xc32/v3.01/bin/bin/../../lib/gcc/pic32c/8.3.1/arm/v5te/nofp\libgcc.a(_arm_muldivsf3.o)
                0x23f0e298                __mulsf3
                0x23f0e298                __aeabi_fmul
                0x23f0e430                __aeabi_fdiv
                0x23f0e430                __divsf3
 .text          0x23f0e590       0x3c c:/program files/microchip/xc32/v3.01/bin/bin/../../lib/gcc/pic32c/8.3.1/arm/v5te/nofp\libgcc.a(_aeabi_uldivmod.o)
                0x23f0e590                __aeabi_uldivmod
 .text          0x23f0e5cc      0x12c c:/program files/microchip/xc32/v3.01/bin/bin/../../lib/gcc/pic32c/8.3.1/arm/v5te/nofp\libgcc.a(_udivmoddi4.o)
                0x23f0e5cc                __udivmoddi4
 .text.__printf_float
                0x23f0e6f8      0x86c c:/program files/microchip/xc32/v3.01/bin/bin/../../lib/gcc/pic32c/8.3.1/../../../../pic32c/lib/arm/v5te/nofp\libc_nano.a(_lib_a-nano-vfprintf.cdeEfFgGnopsuxX.o)
                0x23f0e6f8                _printf_float
 .text.__sfputc_r
                0x23f0ef64       0x60 c:/program files/microchip/xc32/v3.01/bin/bin/../../lib/gcc/pic32c/8.3.1/../../../../pic32c/lib/arm/v5te/nofp\libc_nano.a(lib_a-__ssfputs.o)
 .text.__ssfputs_r
                0x23f0efc4       0x7c c:/program files/microchip/xc32/v3.01/bin/bin/../../lib/gcc/pic32c/8.3.1/../../../../pic32c/lib/arm/v5te/nofp\libc_nano.a(lib_a-__ssfputs.o)
                0x23f0efc4                __ssfputs_r
 .text.quorem   0x23f0f040      0x1cc c:/program files/microchip/xc32/v3.01/bin/bin/../../lib/gcc/pic32c/8.3.1/../../../../pic32c/lib/arm/v5te/nofp\libc_nano.a(lib_a-dtoa.o)
 .text._dtoa_r  0x23f0f20c     0x115c c:/program files/microchip/xc32/v3.01/bin/bin/../../lib/gcc/pic32c/8.3.1/../../../../pic32c/lib/arm/v5te/nofp\libc_nano.a(lib_a-dtoa.o)
                0x23f0f20c                _dtoa_r
 .text.std      0x23f10368       0x78 c:/program files/microchip/xc32/v3.01/bin/bin/../../lib/gcc/pic32c/8.3.1/../../../../pic32c/lib/arm/v5te/nofp\libc_nano.a(lib_a-findfp.o)
 .text._cleanup_r
                0x23f103e0        0xc c:/program files/microchip/xc32/v3.01/bin/bin/../../lib/gcc/pic32c/8.3.1/../../../../pic32c/lib/arm/v5te/nofp\libc_nano.a(lib_a-findfp.o)
                0x23f103e0                _cleanup_r
 .text.__sfmoreglue
                0x23f103ec       0x44 c:/program files/microchip/xc32/v3.01/bin/bin/../../lib/gcc/pic32c/8.3.1/../../../../pic32c/lib/arm/v5te/nofp\libc_nano.a(lib_a-findfp.o)
                0x23f103ec                __sfmoreglue
 .text.__sinit  0x23f10430       0xa0 c:/program files/microchip/xc32/v3.01/bin/bin/../../lib/gcc/pic32c/8.3.1/../../../../pic32c/lib/arm/v5te/nofp\libc_nano.a(lib_a-findfp.o)
                0x23f10430                __sinit
 .text.__sfp    0x23f104d0       0xd8 c:/program files/microchip/xc32/v3.01/bin/bin/../../lib/gcc/pic32c/8.3.1/../../../../pic32c/lib/arm/v5te/nofp\libc_nano.a(lib_a-findfp.o)
                0x23f104d0                __sfp
 .text.__fputwc
                0x23f105a8       0xe4 c:/program files/microchip/xc32/v3.01/bin/bin/../../lib/gcc/pic32c/8.3.1/../../../../pic32c/lib/arm/v5te/nofp\libc_nano.a(lib_a-fputwc.o)
                0x23f105a8                __fputwc
 .text._fputwc_r
                0x23f1068c       0x24 c:/program files/microchip/xc32/v3.01/bin/bin/../../lib/gcc/pic32c/8.3.1/../../../../pic32c/lib/arm/v5te/nofp\libc_nano.a(lib_a-fputwc.o)
                0x23f1068c                _fputwc_r
 .text._fwalk_reent
                0x23f106b0       0x68 c:/program files/microchip/xc32/v3.01/bin/bin/../../lib/gcc/pic32c/8.3.1/../../../../pic32c/lib/arm/v5te/nofp\libc_nano.a(lib_a-fwalk.o)
                0x23f106b0                _fwalk_reent
 .text.__libc_init_array
                0x23f10718       0x70 c:/program files/microchip/xc32/v3.01/bin/bin/../../lib/gcc/pic32c/8.3.1/../../../../pic32c/lib/arm/v5te/nofp\libc_nano.a(lib_a-init.o)
                0x23f10718                __libc_init_array
 .text.__locale_mb_cur_max
                0x23f10788       0x10 c:/program files/microchip/xc32/v3.01/bin/bin/../../lib/gcc/pic32c/8.3.1/../../../../pic32c/lib/arm/v5te/nofp\libc_nano.a(lib_a-locale.o)
                0x23f10788                __locale_mb_cur_max
 .text._localeconv_r
                0x23f10798        0xc c:/program files/microchip/xc32/v3.01/bin/bin/../../lib/gcc/pic32c/8.3.1/../../../../pic32c/lib/arm/v5te/nofp\libc_nano.a(lib_a-localeconv.o)
                0x23f10798                _localeconv_r
 .text.malloc   0x23f107a4       0x14 c:/program files/microchip/xc32/v3.01/bin/bin/../../lib/gcc/pic32c/8.3.1/../../../../pic32c/lib/arm/v5te/nofp\libc_nano.a(lib_a-malloc.o)
                0x23f107a4                malloc
 .text.__ascii_mbtowc
                0x23f107b8       0x40 c:/program files/microchip/xc32/v3.01/bin/bin/../../lib/gcc/pic32c/8.3.1/../../../../pic32c/lib/arm/v5te/nofp\libc_nano.a(lib_a-mbtowc_r.o)
                0x23f107b8                __ascii_mbtowc
 .text.memchr   0x23f107f8       0x30 c:/program files/microchip/xc32/v3.01/bin/bin/../../lib/gcc/pic32c/8.3.1/../../../../pic32c/lib/arm/v5te/nofp\libc_nano.a(lib_a-memchr-stub.o)
                0x23f107f8                memchr
 .text.memcpy   0x23f10828       0x1c c:/program files/microchip/xc32/v3.01/bin/bin/../../lib/gcc/pic32c/8.3.1/../../../../pic32c/lib/arm/v5te/nofp\libc_nano.a(lib_a-memcpy-stub.o)
                0x23f10828                memcpy
 .text.memmove  0x23f10844       0x4c c:/program files/microchip/xc32/v3.01/bin/bin/../../lib/gcc/pic32c/8.3.1/../../../../pic32c/lib/arm/v5te/nofp\libc_nano.a(lib_a-memmove.o)
                0x23f10844                memmove
 .text.memset   0x23f10890       0x18 c:/program files/microchip/xc32/v3.01/bin/bin/../../lib/gcc/pic32c/8.3.1/../../../../pic32c/lib/arm/v5te/nofp\libc_nano.a(lib_a-memset.o)
                0x23f10890                memset
 .text._Balloc  0x23f108a8       0xc4 c:/program files/microchip/xc32/v3.01/bin/bin/../../lib/gcc/pic32c/8.3.1/../../../../pic32c/lib/arm/v5te/nofp\libc_nano.a(lib_a-mprec.o)
                0x23f108a8                _Balloc
 .text._Bfree   0x23f1096c       0x58 c:/program files/microchip/xc32/v3.01/bin/bin/../../lib/gcc/pic32c/8.3.1/../../../../pic32c/lib/arm/v5te/nofp\libc_nano.a(lib_a-mprec.o)
                0x23f1096c                _Bfree
 .text.__multadd
                0x23f109c4       0xc0 c:/program files/microchip/xc32/v3.01/bin/bin/../../lib/gcc/pic32c/8.3.1/../../../../pic32c/lib/arm/v5te/nofp\libc_nano.a(lib_a-mprec.o)
                0x23f109c4                __multadd
 .text.__hi0bits
                0x23f10a84       0x58 c:/program files/microchip/xc32/v3.01/bin/bin/../../lib/gcc/pic32c/8.3.1/../../../../pic32c/lib/arm/v5te/nofp\libc_nano.a(lib_a-mprec.o)
                0x23f10a84                __hi0bits
 .text.__lo0bits
                0x23f10adc       0xa0 c:/program files/microchip/xc32/v3.01/bin/bin/../../lib/gcc/pic32c/8.3.1/../../../../pic32c/lib/arm/v5te/nofp\libc_nano.a(lib_a-mprec.o)
                0x23f10adc                __lo0bits
 .text.__i2b    0x23f10b7c       0x20 c:/program files/microchip/xc32/v3.01/bin/bin/../../lib/gcc/pic32c/8.3.1/../../../../pic32c/lib/arm/v5te/nofp\libc_nano.a(lib_a-mprec.o)
                0x23f10b7c                __i2b
 .text.__multiply
                0x23f10b9c      0x198 c:/program files/microchip/xc32/v3.01/bin/bin/../../lib/gcc/pic32c/8.3.1/../../../../pic32c/lib/arm/v5te/nofp\libc_nano.a(lib_a-mprec.o)
                0x23f10b9c                __multiply
 .text.__pow5mult
                0x23f10d34      0x100 c:/program files/microchip/xc32/v3.01/bin/bin/../../lib/gcc/pic32c/8.3.1/../../../../pic32c/lib/arm/v5te/nofp\libc_nano.a(lib_a-mprec.o)
                0x23f10d34                __pow5mult
 .text.__lshift
                0x23f10e34       0xec c:/program files/microchip/xc32/v3.01/bin/bin/../../lib/gcc/pic32c/8.3.1/../../../../pic32c/lib/arm/v5te/nofp\libc_nano.a(lib_a-mprec.o)
                0x23f10e34                __lshift
 .text.__mcmp   0x23f10f20       0x5c c:/program files/microchip/xc32/v3.01/bin/bin/../../lib/gcc/pic32c/8.3.1/../../../../pic32c/lib/arm/v5te/nofp\libc_nano.a(lib_a-mprec.o)
                0x23f10f20                __mcmp
 .text.__mdiff  0x23f10f7c      0x11c c:/program files/microchip/xc32/v3.01/bin/bin/../../lib/gcc/pic32c/8.3.1/../../../../pic32c/lib/arm/v5te/nofp\libc_nano.a(lib_a-mprec.o)
                0x23f10f7c                __mdiff
 .text.__d2b    0x23f11098       0xfc c:/program files/microchip/xc32/v3.01/bin/bin/../../lib/gcc/pic32c/8.3.1/../../../../pic32c/lib/arm/v5te/nofp\libc_nano.a(lib_a-mprec.o)
                0x23f11098                __d2b
 .text._calloc_r
                0x23f11194       0x2c c:/program files/microchip/xc32/v3.01/bin/bin/../../lib/gcc/pic32c/8.3.1/../../../../pic32c/lib/arm/v5te/nofp\libc_nano.a(lib_a-nano-callocr.o)
                0x23f11194                _calloc_r
 .text._free_r  0x23f111c0      0x114 c:/program files/microchip/xc32/v3.01/bin/bin/../../lib/gcc/pic32c/8.3.1/../../../../pic32c/lib/arm/v5te/nofp\libc_nano.a(lib_a-nano-freer.o)
                0x23f111c0                _free_r
 .text._malloc_r
                0x23f112d4      0x130 c:/program files/microchip/xc32/v3.01/bin/bin/../../lib/gcc/pic32c/8.3.1/../../../../pic32c/lib/arm/v5te/nofp\libc_nano.a(lib_a-nano-mallocr.o)
                0x23f112d4                _malloc_r
 .text._printf_common
                0x23f11404      0x164 c:/program files/microchip/xc32/v3.01/bin/bin/../../lib/gcc/pic32c/8.3.1/../../../../pic32c/lib/arm/v5te/nofp\libc_nano.a(lib_a-nano-vfprintf_i.o)
                0x23f11404                _printf_common
 .text._printf_i
                0x23f11568      0x378 c:/program files/microchip/xc32/v3.01/bin/bin/../../lib/gcc/pic32c/8.3.1/../../../../pic32c/lib/arm/v5te/nofp\libc_nano.a(lib_a-nano-vfprintf_i.o)
                0x23f11568                _printf_i
 .text.printf   0x23f118e0       0x58 c:/program files/microchip/xc32/v3.01/bin/bin/../../lib/gcc/pic32c/8.3.1/../../../../pic32c/lib/arm/v5te/nofp\libc_nano.a(lib_a-printf.o)
                0x23f118e0                __printf_fgG
                0x23f118e0                __printf_di
                0x23f118e0                __printf_s
                0x23f118e0                iprintf
                0x23f118e0                printf
 .text._sbrk_r  0x23f11938       0x38 c:/program files/microchip/xc32/v3.01/bin/bin/../../lib/gcc/pic32c/8.3.1/../../../../pic32c/lib/arm/v5te/nofp\libc_nano.a(lib_a-sbrkr.o)
                0x23f11938                _sbrk_r
 .text.setbuf   0x23f11970       0x14 c:/program files/microchip/xc32/v3.01/bin/bin/../../lib/gcc/pic32c/8.3.1/../../../../pic32c/lib/arm/v5te/nofp\libc_nano.a(lib_a-setbuf.o)
                0x23f11970                setbuf
 .text.setvbuf  0x23f11984      0x210 c:/program files/microchip/xc32/v3.01/bin/bin/../../lib/gcc/pic32c/8.3.1/../../../../pic32c/lib/arm/v5te/nofp\libc_nano.a(lib_a-setvbuf.o)
                0x23f11984                setvbuf
 .text.__sread  0x23f11b94       0x30 c:/program files/microchip/xc32/v3.01/bin/bin/../../lib/gcc/pic32c/8.3.1/../../../../pic32c/lib/arm/v5te/nofp\libc_nano.a(lib_a-stdio.o)
                0x23f11b94                __sread
 .text.__swrite
                0x23f11bc4       0x54 c:/program files/microchip/xc32/v3.01/bin/bin/../../lib/gcc/pic32c/8.3.1/../../../../pic32c/lib/arm/v5te/nofp\libc_nano.a(lib_a-stdio.o)
                0x23f11bc4                __swrite
 .text.__sseek  0x23f11c18       0x30 c:/program files/microchip/xc32/v3.01/bin/bin/../../lib/gcc/pic32c/8.3.1/../../../../pic32c/lib/arm/v5te/nofp\libc_nano.a(lib_a-stdio.o)
                0x23f11c18                __sseek
 .text.__sclose
                0x23f11c48        0x8 c:/program files/microchip/xc32/v3.01/bin/bin/../../lib/gcc/pic32c/8.3.1/../../../../pic32c/lib/arm/v5te/nofp\libc_nano.a(lib_a-stdio.o)
                0x23f11c48                __sclose
 .text          0x23f11c50       0x1c c:/program files/microchip/xc32/v3.01/bin/bin/../../lib/gcc/pic32c/8.3.1/../../../../pic32c/lib/arm/v5te/nofp\libc_nano.a(lib_a-strcmp.o)
                0x23f11c50                strcmp
 .text          0x23f11c6c        0xe c:/program files/microchip/xc32/v3.01/bin/bin/../../lib/gcc/pic32c/8.3.1/../../../../pic32c/lib/arm/v5te/nofp\libc_nano.a(lib_a-strlen.o)
                0x23f11c6c                strlen
 *fill*         0x23f11c7a        0x2 
 .text.strncmp  0x23f11c7c       0x4c c:/program files/microchip/xc32/v3.01/bin/bin/../../lib/gcc/pic32c/8.3.1/../../../../pic32c/lib/arm/v5te/nofp\libc_nano.a(lib_a-strncmp.o)
                0x23f11c7c                strncmp
 .text.__swbuf_r
                0x23f11cc8      0x150 c:/program files/microchip/xc32/v3.01/bin/bin/../../lib/gcc/pic32c/8.3.1/../../../../pic32c/lib/arm/v5te/nofp\libc_nano.a(lib_a-wbuf.o)
                0x23f11cc8                __swbuf_r
 .text._wcrtomb_r
                0x23f11e18       0x44 c:/program files/microchip/xc32/v3.01/bin/bin/../../lib/gcc/pic32c/8.3.1/../../../../pic32c/lib/arm/v5te/nofp\libc_nano.a(lib_a-wcrtomb.o)
                0x23f11e18                _wcrtomb_r
 .text.__ascii_wctomb
                0x23f11e5c       0x2c c:/program files/microchip/xc32/v3.01/bin/bin/../../lib/gcc/pic32c/8.3.1/../../../../pic32c/lib/arm/v5te/nofp\libc_nano.a(lib_a-wctomb_r.o)
                0x23f11e5c                __ascii_wctomb
 .text._write_r
                0x23f11e88       0x40 c:/program files/microchip/xc32/v3.01/bin/bin/../../lib/gcc/pic32c/8.3.1/../../../../pic32c/lib/arm/v5te/nofp\libc_nano.a(lib_a-writer.o)
                0x23f11e88                _write_r
 .text.__swsetup_r
                0x23f11ec8      0x17c c:/program files/microchip/xc32/v3.01/bin/bin/../../lib/gcc/pic32c/8.3.1/../../../../pic32c/lib/arm/v5te/nofp\libc_nano.a(lib_a-wsetup.o)
                0x23f11ec8                __swsetup_r
 .text._close_r
                0x23f12044       0x38 c:/program files/microchip/xc32/v3.01/bin/bin/../../lib/gcc/pic32c/8.3.1/../../../../pic32c/lib/arm/v5te/nofp\libc_nano.a(lib_a-closer.o)
                0x23f12044                _close_r
 .text.__sflush_r
                0x23f1207c      0x1dc c:/program files/microchip/xc32/v3.01/bin/bin/../../lib/gcc/pic32c/8.3.1/../../../../pic32c/lib/arm/v5te/nofp\libc_nano.a(lib_a-fflush.o)
                0x23f1207c                __sflush_r
 .text._fflush_r
                0x23f12258       0x94 c:/program files/microchip/xc32/v3.01/bin/bin/../../lib/gcc/pic32c/8.3.1/../../../../pic32c/lib/arm/v5te/nofp\libc_nano.a(lib_a-fflush.o)
                0x23f12258                _fflush_r
 .text._lseek_r
                0x23f122ec       0x40 c:/program files/microchip/xc32/v3.01/bin/bin/../../lib/gcc/pic32c/8.3.1/../../../../pic32c/lib/arm/v5te/nofp\libc_nano.a(lib_a-lseekr.o)
                0x23f122ec                _lseek_r
 .text.__swhatbuf_r
                0x23f1232c       0x78 c:/program files/microchip/xc32/v3.01/bin/bin/../../lib/gcc/pic32c/8.3.1/../../../../pic32c/lib/arm/v5te/nofp\libc_nano.a(lib_a-makebuf.o)
                0x23f1232c                __swhatbuf_r
 .text.__smakebuf_r
                0x23f123a4       0xec c:/program files/microchip/xc32/v3.01/bin/bin/../../lib/gcc/pic32c/8.3.1/../../../../pic32c/lib/arm/v5te/nofp\libc_nano.a(lib_a-makebuf.o)
                0x23f123a4                __smakebuf_r
 .text.__malloc_lock
                0x23f12490        0x4 c:/program files/microchip/xc32/v3.01/bin/bin/../../lib/gcc/pic32c/8.3.1/../../../../pic32c/lib/arm/v5te/nofp\libc_nano.a(lib_a-mlock.o)
                0x23f12490                __malloc_lock
 .text.__malloc_unlock
                0x23f12494        0x4 c:/program files/microchip/xc32/v3.01/bin/bin/../../lib/gcc/pic32c/8.3.1/../../../../pic32c/lib/arm/v5te/nofp\libc_nano.a(lib_a-mlock.o)
                0x23f12494                __malloc_unlock
 .text._vfprintf_r
                0x23f12498      0x338 c:/program files/microchip/xc32/v3.01/bin/bin/../../lib/gcc/pic32c/8.3.1/../../../../pic32c/lib/arm/v5te/nofp\libc_nano.a(lib_a-nano-vfprintf.o)
                0x23f12498                _vfprintf_r
                0x23f12498                _vfiprintf_r
 .text._read_r  0x23f127d0       0x40 c:/program files/microchip/xc32/v3.01/bin/bin/../../lib/gcc/pic32c/8.3.1/../../../../pic32c/lib/arm/v5te/nofp\libc_nano.a(lib_a-readr.o)
                0x23f127d0                _read_r
 .text._fstat_r
                0x23f12810       0x3c c:/program files/microchip/xc32/v3.01/bin/bin/../../lib/gcc/pic32c/8.3.1/../../../../pic32c/lib/arm/v5te/nofp\libc_nano.a(lib_a-fstatr.o)
                0x23f12810                _fstat_r
 .text._isatty_r
                0x23f1284c       0x38 c:/program files/microchip/xc32/v3.01/bin/bin/../../lib/gcc/pic32c/8.3.1/../../../../pic32c/lib/arm/v5te/nofp\libc_nano.a(lib_a-isattyr.o)
                0x23f1284c                _isatty_r
 .text._close   0x23f12884        0x4 c:/program files/microchip/xc32/v3.01/bin/bin/../../lib/gcc/pic32c/8.3.1/../../../../pic32c/lib/arm/v5te/nofp\libpic32c.a(_close.o)
                0x23f12884                _close
 .text._fstat   0x23f12888        0x4 c:/program files/microchip/xc32/v3.01/bin/bin/../../lib/gcc/pic32c/8.3.1/../../../../pic32c/lib/arm/v5te/nofp\libpic32c.a(_fstat.o)
                0x23f12888                _fstat
 .text._isatty  0x23f1288c        0x4 c:/program files/microchip/xc32/v3.01/bin/bin/../../lib/gcc/pic32c/8.3.1/../../../../pic32c/lib/arm/v5te/nofp\libpic32c.a(_isatty.o)
                0x23f1288c                _isatty
 .text._lseek   0x23f12890        0x4 c:/program files/microchip/xc32/v3.01/bin/bin/../../lib/gcc/pic32c/8.3.1/../../../../pic32c/lib/arm/v5te/nofp\libpic32c.a(_lseek.o)
                0x23f12890                _lseek
 .text._read    0x23f12894        0x4 c:/program files/microchip/xc32/v3.01/bin/bin/../../lib/gcc/pic32c/8.3.1/../../../../pic32c/lib/arm/v5te/nofp\libpic32c.a(_read.o)
                0x23f12894                _read
 .text._sbrk    0x23f12898       0x3c c:/program files/microchip/xc32/v3.01/bin/bin/../../lib/gcc/pic32c/8.3.1/../../../../pic32c/lib/arm/v5te/nofp\libpic32c.a(sbrk.o)
                0x23f12898                _sbrk
 .text._write   0x23f128d4        0x4 c:/program files/microchip/xc32/v3.01/bin/bin/../../lib/gcc/pic32c/8.3.1/../../../../pic32c/lib/arm/v5te/nofp\libpic32c.a(_write.o)
                0x23f128d4                _write
 .text.close    0x23f128d8        0x8 c:/program files/microchip/xc32/v3.01/bin/bin/../../lib/gcc/pic32c/8.3.1/../../../../pic32c/lib/arm/v5te/nofp\libpic32c.a(close.o)
                0x23f128d8                close
 .text.fstat    0x23f128e0       0x10 c:/program files/microchip/xc32/v3.01/bin/bin/../../lib/gcc/pic32c/8.3.1/../../../../pic32c/lib/arm/v5te/nofp\libpic32c.a(fstat.o)
                0x23f128e0                fstat
 .text.isatty   0x23f128f0        0x8 c:/program files/microchip/xc32/v3.01/bin/bin/../../lib/gcc/pic32c/8.3.1/../../../../pic32c/lib/arm/v5te/nofp\libpic32c.a(isatty.o)
                0x23f128f0                isatty
 .text.lseek    0x23f128f8        0x8 c:/program files/microchip/xc32/v3.01/bin/bin/../../lib/gcc/pic32c/8.3.1/../../../../pic32c/lib/arm/v5te/nofp\libpic32c.a(lseek.o)
                0x23f128f8                lseek
 .text.read     0x23f12900       0x44 c:/program files/microchip/xc32/v3.01/bin/bin/../../lib/gcc/pic32c/8.3.1/../../../../pic32c/lib/arm/v5te/nofp\libpic32c.a(read.o)
                0x23f12900                read
 .text.write    0x23f12944       0x6c c:/program files/microchip/xc32/v3.01/bin/bin/../../lib/gcc/pic32c/8.3.1/../../../../pic32c/lib/arm/v5te/nofp\libpic32c.a(write.o)
                0x23f12944                write
 .text          0x23f129b0      0x470 c:/program files/microchip/xc32/v3.01/bin/bin/../../lib/gcc/pic32c/8.3.1/arm/v5te/nofp\libgcc.a(_arm_muldivdf3.o)
                0x23f129b0                __aeabi_dmul
                0x23f129b0                __muldf3
                0x23f12c1c                __divdf3
                0x23f12c1c                __aeabi_ddiv
 .text          0x23f12e20      0x12c c:/program files/microchip/xc32/v3.01/bin/bin/../../lib/gcc/pic32c/8.3.1/arm/v5te/nofp\libgcc.a(_arm_cmpdf2.o)
                0x23f12e20                __gtdf2
                0x23f12e20                __gedf2
                0x23f12e28                __ltdf2
                0x23f12e28                __ledf2
                0x23f12e30                __nedf2
                0x23f12e30                __eqdf2
                0x23f12e30                __cmpdf2
                0x23f12eb8                __aeabi_cdrcmple
                0x23f12ed4                __aeabi_cdcmpeq
                0x23f12ed4                __aeabi_cdcmple
                0x23f12ee8                __aeabi_dcmpeq
                0x23f12efc                __aeabi_dcmplt
                0x23f12f10                __aeabi_dcmple
                0x23f12f24                __aeabi_dcmpge
                0x23f12f38                __aeabi_dcmpgt
 .text          0x23f12f4c       0x38 c:/program files/microchip/xc32/v3.01/bin/bin/../../lib/gcc/pic32c/8.3.1/arm/v5te/nofp\libgcc.a(_arm_unorddf2.o)
                0x23f12f4c                __unorddf2
                0x23f12f4c                __aeabi_dcmpun
 .text          0x23f12f84       0x5c c:/program files/microchip/xc32/v3.01/bin/bin/../../lib/gcc/pic32c/8.3.1/arm/v5te/nofp\libgcc.a(_arm_fixdfsi.o)
                0x23f12f84                __aeabi_d2iz
                0x23f12f84                __fixdfsi
 *(.rodata .rodata* .gnu.linkonce.r.*)
 .rodata.sdmmcMediaFunctions
                0x23f12fe0       0x30 build/sam_9x75_eb/production/_ext/613417341/drv_sdmmc_file_system.o
                0x23f12fe0                sdmmcMediaFunctions
 .rodata.TRAN_SPEED_MULT_TABLE.8661
                0x23f13010       0x40 build/sam_9x75_eb/production/_ext/613417341/drv_sdmmc.o
 .rodata.TRAN_SPEED_UNIT_TABLE.8660
                0x23f13050       0x20 build/sam_9x75_eb/production/_ext/613417341/drv_sdmmc.o
 .rodata        0x23f13070       0x28 build/sam_9x75_eb/production/_ext/601902766/plib_clk.o
 .rodata        0x23f13098       0x54 build/sam_9x75_eb/production/_ext/1706900325/ff.o
 .rodata.ExCvt  0x23f130ec       0x80 build/sam_9x75_eb/production/_ext/1706900325/ff.o
 .rodata.LfnOfs
                0x23f1316c       0x10 build/sam_9x75_eb/production/_ext/1706900325/ff.o
 .rodata.badchr.7289
                0x23f1317c       0x14 build/sam_9x75_eb/production/_ext/1706900325/ff.o
 .rodata.cst.7326
                0x23f13190       0x10 build/sam_9x75_eb/production/_ext/1706900325/ff.o
 .rodata.cst32.7327
                0x23f131a0       0x10 build/sam_9x75_eb/production/_ext/1706900325/ff.o
 .rodata.defopt.7328
                0x23f131b0       0x10 build/sam_9x75_eb/production/_ext/1706900325/ff.o
 .rodata.cvt1.6583
                0x23f131c0      0x1f4 build/sam_9x75_eb/production/_ext/1706900325/ffunicode.o
 .rodata.cvt2.6584
                0x23f133b4       0xbc build/sam_9x75_eb/production/_ext/1706900325/ffunicode.o
 .rodata.uc437  0x23f13470      0x100 build/sam_9x75_eb/production/_ext/1706900325/ffunicode.o
 .rodata        0x23f13570        0x8 build/sam_9x75_eb/production/_ext/1845033505/sys_fs.o
 .rodata        0x23f13578       0x20 build/sam_9x75_eb/production/_ext/1845033505/sys_fs_media_manager.o
 .rodata.gPartitionTypeOffset
                0x23f13598        0x8 build/sam_9x75_eb/production/_ext/1845033505/sys_fs_media_manager.o
                0x23f13598                gPartitionTypeOffset
 .rodata        0x23f135a0       0x20 build/sam_9x75_eb/production/_ext/2080577836/initialization.o
 .rodata.FatFsFunctions
                0x23f135c0       0x88 build/sam_9x75_eb/production/_ext/2080577836/initialization.o
                0x23f135c0                FatFsFunctions
 .rodata.drvSDMMC0InitData
                0x23f13648       0x24 build/sam_9x75_eb/production/_ext/2080577836/initialization.o
                0x23f13648                drvSDMMC0InitData
 .rodata.drvSDMMC0PlibAPI
                0x23f1366c       0x48 build/sam_9x75_eb/production/_ext/2080577836/initialization.o
                0x23f1366c                drvSDMMC0PlibAPI
 .rodata.sysFSInit
                0x23f136b4        0x8 build/sam_9x75_eb/production/_ext/2080577836/initialization.o
                0x23f136b4                sysFSInit
 .rodata.sysTimeInitData
                0x23f136bc        0x8 build/sam_9x75_eb/production/_ext/2080577836/initialization.o
                0x23f136bc                sysTimeInitData
 .rodata.sysTimePlibAPI
                0x23f136c4       0x1c build/sam_9x75_eb/production/_ext/2080577836/initialization.o
                0x23f136c4                sysTimePlibAPI
 .rodata.sysfsMountTable
                0x23f136e0        0xc build/sam_9x75_eb/production/_ext/2080577836/initialization.o
                0x23f136e0                sysfsMountTable
 .rodata        0x23f136ec      0x140 build/sam_9x75_eb/production/_ext/1360937237/app.o
 .rodata.messageBuffer
                0x23f1382c      0x188 build/sam_9x75_eb/production/_ext/1360937237/app.o
 .rodata        0x23f139b4       0x45 c:/program files/microchip/xc32/v3.01/bin/bin/../../lib/gcc/pic32c/8.3.1/../../../../pic32c/lib/arm/v5te/nofp\libc_nano.a(_lib_a-nano-vfprintf.cdeEfFgGnopsuxX.o)
 .rodata        0x23f139f9        0xf c:/program files/microchip/xc32/v3.01/bin/bin/../../lib/gcc/pic32c/8.3.1/../../../../pic32c/lib/arm/v5te/nofp\libc_nano.a(lib_a-dtoa.o)
 .rodata._global_impure_ptr
                0x23f13a08        0x4 c:/program files/microchip/xc32/v3.01/bin/bin/../../lib/gcc/pic32c/8.3.1/../../../../pic32c/lib/arm/v5te/nofp\libc_nano.a(lib_a-impure.o)
                0x23f13a08                _global_impure_ptr
 .rodata        0x23f13a0c        0xb c:/program files/microchip/xc32/v3.01/bin/bin/../../lib/gcc/pic32c/8.3.1/../../../../pic32c/lib/arm/v5te/nofp\libc_nano.a(lib_a-locale.o)
 *fill*         0x23f13a17        0x1 
 .rodata.__mprec_bigtens
                0x23f13a18       0x28 c:/program files/microchip/xc32/v3.01/bin/bin/../../lib/gcc/pic32c/8.3.1/../../../../pic32c/lib/arm/v5te/nofp\libc_nano.a(lib_a-mprec.o)
                0x23f13a18                __mprec_bigtens
 .rodata.__mprec_tens
                0x23f13a40       0xc8 c:/program files/microchip/xc32/v3.01/bin/bin/../../lib/gcc/pic32c/8.3.1/../../../../pic32c/lib/arm/v5te/nofp\libc_nano.a(lib_a-mprec.o)
                0x23f13a40                __mprec_tens
 .rodata.p05.6146
                0x23f13b08        0xc c:/program files/microchip/xc32/v3.01/bin/bin/../../lib/gcc/pic32c/8.3.1/../../../../pic32c/lib/arm/v5te/nofp\libc_nano.a(lib_a-mprec.o)
 .rodata        0x23f13b14       0x22 c:/program files/microchip/xc32/v3.01/bin/bin/../../lib/gcc/pic32c/8.3.1/../../../../pic32c/lib/arm/v5te/nofp\libc_nano.a(lib_a-nano-vfprintf_i.o)
 .rodata._ctype_
                0x23f13b36      0x101 c:/program files/microchip/xc32/v3.01/bin/bin/../../lib/gcc/pic32c/8.3.1/../../../../pic32c/lib/arm/v5te/nofp\libc_nano.a(lib_a-ctype_.o)
                0x23f13b36                _ctype_
 .rodata        0x23f13c37       0x11 c:/program files/microchip/xc32/v3.01/bin/bin/../../lib/gcc/pic32c/8.3.1/../../../../pic32c/lib/arm/v5te/nofp\libc_nano.a(lib_a-nano-vfprintf.o)
 *(.ARM.extab* .gnu.linkonce.armextab.*)
                0x23f13c48                . = ALIGN (0x4)
 *(.init)
 .init          0x23f13c48        0xc c:/program files/microchip/xc32/v3.01/bin/bin/../../lib/gcc/pic32c/8.3.1/arm/v5te/nofp/crti.o
                0x23f13c48                _init
 .init          0x23f13c54        0xc c:/program files/microchip/xc32/v3.01/bin/bin/../../lib/gcc/pic32c/8.3.1/arm/v5te/nofp/crtn.o
                0x23f13c60                . = ALIGN (0x4)
                0x23f13c60                PROVIDE (__preinit_array_start = .)
 *(.preinit_array)
                0x23f13c60                PROVIDE (__preinit_array_end = .)
                0x23f13c60                . = ALIGN (0x4)
                0x23f13c60                PROVIDE (__init_array_start = .)
 *(SORT_BY_NAME(.init_array.*))
 *(.init_array)
 .init_array    0x23f13c60        0x4 c:/program files/microchip/xc32/v3.01/bin/bin/../../lib/gcc/pic32c/8.3.1/arm/v5te/nofp/crtbegin.o
                0x23f13c64                PROVIDE (__init_array_end = .)
                0x23f13c64                . = ALIGN (0x4)
 *crtbegin.o(.ctors)
 *(EXCLUDE_FILE(*crtend.o) .ctors)
 *(SORT_BY_NAME(.ctors.*))
 *crtend.o(.ctors)
                0x23f13c64                . = ALIGN (0x4)
 *(.fini)
 .fini          0x23f13c64        0xc c:/program files/microchip/xc32/v3.01/bin/bin/../../lib/gcc/pic32c/8.3.1/arm/v5te/nofp/crti.o
                0x23f13c64                _fini
 .fini          0x23f13c70        0xc c:/program files/microchip/xc32/v3.01/bin/bin/../../lib/gcc/pic32c/8.3.1/arm/v5te/nofp/crtn.o
                0x23f13c7c                . = ALIGN (0x4)
                [!provide]                PROVIDE (__fini_array_start = .)
 *(.fini_array)
 .fini_array    0x23f13c7c        0x4 c:/program files/microchip/xc32/v3.01/bin/bin/../../lib/gcc/pic32c/8.3.1/arm/v5te/nofp/crtbegin.o
 .fini_array.__stub
                0x23f13c80        0xc linker stubs
 *(SORT_BY_NAME(.fini_array.*))
                [!provide]                PROVIDE (__fini_array_end = .)
 *crtbegin.o(.dtors)
 *(EXCLUDE_FILE(*crtend.o) .dtors)
 *(SORT_BY_NAME(.dtors.*))
 *crtend.o(.dtors)
 *(.dinit*)
                0x23f13c8c                . = ALIGN (0x4)

.data           0x23f13c8c      0x230
 *(.data .data.*)
 .data.cardAttached.8815
                0x23f13c8c        0x1 build/sam_9x75_eb/production/_ext/613417341/drv_sdmmc.o
 *fill*         0x23f13c8d        0x3 
 .data.gSYSFSMediaManagerObj
                0x23f13c90       0x18 build/sam_9x75_eb/production/_ext/1845033505/sys_fs_media_manager.o
                0x23f13c90                gSYSFSMediaManagerObj
 .data.gSYSFSVolumeName
                0x23f13ca8       0x14 build/sam_9x75_eb/production/_ext/1845033505/sys_fs_media_manager.o
                0x23f13ca8                gSYSFSVolumeName
 .data.gSysTimeTokenCount
                0x23f13cbc        0x2 build/sam_9x75_eb/production/_ext/848834719/sys_time.o
 *fill*         0x23f13cbe        0x2 
 .data.irqData  0x23f13cc0       0x28 build/sam_9x75_eb/production/_ext/2080577836/interrupts.o
                0x23f13cc0                irqData
 .data.irqDataEntryCount
                0x23f13ce8        0x4 build/sam_9x75_eb/production/_ext/2080577836/interrupts.o
                0x23f13ce8                irqDataEntryCount
 .data._impure_ptr
                0x23f13cec        0x4 c:/program files/microchip/xc32/v3.01/bin/bin/../../lib/gcc/pic32c/8.3.1/../../../../pic32c/lib/arm/v5te/nofp\libc_nano.a(lib_a-impure.o)
                0x23f13cec                _impure_ptr
 .data.impure_data
                0x23f13cf0       0x60 c:/program files/microchip/xc32/v3.01/bin/bin/../../lib/gcc/pic32c/8.3.1/../../../../pic32c/lib/arm/v5te/nofp\libc_nano.a(lib_a-impure.o)
 .data.__global_locale
                0x23f13d50      0x16c c:/program files/microchip/xc32/v3.01/bin/bin/../../lib/gcc/pic32c/8.3.1/../../../../pic32c/lib/arm/v5te/nofp\libc_nano.a(lib_a-locale.o)
                0x23f13d50                __global_locale
                0x23f13ebc                . = ALIGN (0x4)
                [!provide]                PROVIDE (_efixed = .)
                [!provide]                PROVIDE (__exidx_start = .)

.ARM.exidx      0x23f13ebc        0x8
 *(.ARM.exidx* .gnu.linkonce.armexidx.*)
 .ARM.exidx     0x23f13ebc        0x8 c:/program files/microchip/xc32/v3.01/bin/bin/../../lib/gcc/pic32c/8.3.1/arm/v5te/nofp\libgcc.a(_udivmoddi4.o)
                [!provide]                PROVIDE (__exidx_end = .)
                0x23f13ec4                . = ALIGN (0x4)
                0x23f13ec4                PROVIDE (_etext = .)

.relocate       0x00300000       0x40 load address 0x23f13ec4
                0x00300000                . = ALIGN (0x4)
                0x00300000                PROVIDE (_srelocate = .)
 *(.vectors .vectors.*)
 .vectors       0x00300000       0x3c build/sam_9x75_eb/production/_ext/2080577836/cstartup.o
 .vectors       0x0030003c        0x4 build/sam_9x75_eb/production/_ext/2080577836/vectortrap.o
                0x0030003c                software_interrupt_irq_handler
                0x0030003c                prefetch_abort_irq_handler
                0x0030003c                data_abort_irq_handler
                0x0030003c                undefined_instruction_irq_handler
 *(.ramfunc)
                0x00300040                . = ALIGN (0x4)
                0x00300040                PROVIDE (_erelocate = .)

.region_cache_aligned_const
                0x23f13ec4       0x1c
                0x23f13ee0                . = ALIGN (0x20)
 *fill*         0x23f13ec4       0x1c 
 *(.region_cache_aligned_const)
                0x23f13ee0                . = ALIGN (0x20)

.region_sram    0x00300040        0x0
                0x00300040                . = ALIGN (0x4)
 *(.region_sram)

.region_ram     0x23f13ee0        0x0
                0x23f13ee0                . = ALIGN (0x4)
 *(.region_ram)

.region_nocache
                0x20000000        0x0
                0x20000000                . = ALIGN (0x4)
 *(.region_nocache)

.bss            0x23f14000    0x19758
                0x23f14000                . = ALIGN (0x4)
                0x23f14000                PROVIDE (_szero = .)
 *(.bss .bss.*)
 .bss           0x23f14000       0x1c c:/program files/microchip/xc32/v3.01/bin/bin/../../lib/gcc/pic32c/8.3.1/arm/v5te/nofp/crtbegin.o
 *fill*         0x23f1401c        0x4 
 .bss.gDrvSDMMCObj
                0x23f14020      0x340 build/sam_9x75_eb/production/_ext/613417341/drv_sdmmc.o
 *fill*         0x23f14360     0x3ca0 
 .bss.trns_tbl  0x23f18000     0x4000 build/sam_9x75_eb/production/_ext/601893115/plib_mmu.o
 .bss.sdmmc0DmaDescrTable
                0x23f1c000       0x20 build/sam_9x75_eb/production/_ext/1406570242/plib_sdmmc0.o
 .bss.sdmmc0Obj
                0x23f1c020        0xc build/sam_9x75_eb/production/_ext/1406570242/plib_sdmmc0.o
 .bss.TC0_CH0_CallbackObj
                0x23f1c02c        0x8 build/sam_9x75_eb/production/_ext/1404889025/plib_tc0.o
                0x23f1c02c                TC0_CH0_CallbackObj
 .bss.CurrVol   0x23f1c034        0x1 build/sam_9x75_eb/production/_ext/1706900325/ff.o
 *fill*         0x23f1c035        0x3 
 .bss.FatFs     0x23f1c038        0x4 build/sam_9x75_eb/production/_ext/1706900325/ff.o
 .bss.Files     0x23f1c03c       0x10 build/sam_9x75_eb/production/_ext/1706900325/ff.o
 .bss.Fsid      0x23f1c04c        0x2 build/sam_9x75_eb/production/_ext/1706900325/ff.o
 *fill*         0x23f1c04e        0x2 
 .bss.LfnBuf    0x23f1c050      0x200 build/sam_9x75_eb/production/_ext/1706900325/ff.o
 *fill*         0x23f1c250       0x10 
 .bss.gSysFsDiskData
                0x23f1c260      0x220 build/sam_9x75_eb/production/_ext/1576319332/diskio.o
 .bss.errorValue
                0x23f1c480        0x1 build/sam_9x75_eb/production/_ext/1845033505/sys_fs.o
                0x23f1c480                errorValue
 *fill*         0x23f1c481        0x3 
 .bss.gSYSFSCurrentMountPoint
                0x23f1c484        0x8 build/sam_9x75_eb/production/_ext/1845033505/sys_fs.o
                0x23f1c484                gSYSFSCurrentMountPoint
 .bss.gSYSFSDirObj
                0x23f1c48c       0x10 build/sam_9x75_eb/production/_ext/1845033505/sys_fs.o
                0x23f1c48c                gSYSFSDirObj
 *fill*         0x23f1c49c        0x4 
 .bss.gSYSFSFileObj
                0x23f1c4a0      0x120 build/sam_9x75_eb/production/_ext/1845033505/sys_fs.o
                0x23f1c4a0                gSYSFSFileObj
 .bss.gSYSFSMountPoint
                0x23f1c5c0       0x10 build/sam_9x75_eb/production/_ext/1845033505/sys_fs.o
                0x23f1c5c0                gSYSFSMountPoint
 .bss.gSYSFSObj
                0x23f1c5d0        0x8 build/sam_9x75_eb/production/_ext/1845033505/sys_fs.o
                0x23f1c5d0                gSYSFSObj
 .bss.gSysFsMutex
                0x23f1c5d8        0x1 build/sam_9x75_eb/production/_ext/1845033505/sys_fs.o
                0x23f1c5d8                gSysFsMutex
 *fill*         0x23f1c5d9        0x3 
 .bss.VolToPart
                0x23f1c5dc        0x2 build/sam_9x75_eb/production/_ext/1845033505/sys_fs_media_manager.o
                0x23f1c5dc                VolToPart
 .bss.gNumOfFSClients
                0x23f1c5de        0x1 build/sam_9x75_eb/production/_ext/1845033505/sys_fs_media_manager.o
 *fill*         0x23f1c5df        0x1 
 .bss.gSYSFSEventHandler
                0x23f1c5e0        0x8 build/sam_9x75_eb/production/_ext/1845033505/sys_fs_media_manager.o
 *fill*         0x23f1c5e8       0x18 
 .bss.gSYSFSMediaBlockBuffer
                0x23f1c600      0x800 build/sam_9x75_eb/production/_ext/1845033505/sys_fs_media_manager.o
                0x23f1c600                gSYSFSMediaBlockBuffer
 .bss.gSYSFSMediaBuffer
                0x23f1ce00      0x200 build/sam_9x75_eb/production/_ext/1845033505/sys_fs_media_manager.o
                0x23f1ce00                gSYSFSMediaBuffer
 .bss.gSYSFSMediaObject
                0x23f1d000       0x28 build/sam_9x75_eb/production/_ext/1845033505/sys_fs_media_manager.o
                0x23f1d000                gSYSFSMediaObject
 .bss.gSYSFSVolumeObject
                0x23f1d028       0x1c build/sam_9x75_eb/production/_ext/1845033505/sys_fs_media_manager.o
                0x23f1d028                gSYSFSVolumeObject
 *fill*         0x23f1d044       0x1c 
 .bss.FATFSDirObject
                0x23f1d060       0x38 build/sam_9x75_eb/production/_ext/1845033505/sys_fs_fat_interface.o
 *fill*         0x23f1d098        0x8 
 .bss.FATFSFileObject
                0x23f1d0a0      0x260 build/sam_9x75_eb/production/_ext/1845033505/sys_fs_fat_interface.o
 .bss.FATFSVolume
                0x23f1d300      0x260 build/sam_9x75_eb/production/_ext/1845033505/sys_fs_fat_interface.o
 .bss.startupflag
                0x23f1d560        0x1 build/sam_9x75_eb/production/_ext/1845033505/sys_fs_fat_interface.o
 *fill*         0x23f1d561        0x3 
 .bss.gSystemCounterObj
                0x23f1d564       0x38 build/sam_9x75_eb/production/_ext/848834719/sys_time.o
 .bss.timers    0x23f1d59c       0xa0 build/sam_9x75_eb/production/_ext/848834719/sys_time.o
 .bss.drvSDMMC0BufferObjPool
                0x23f1d63c       0x48 build/sam_9x75_eb/production/_ext/2080577836/initialization.o
 .bss.drvSDMMC0ClientObjPool
                0x23f1d684       0x10 build/sam_9x75_eb/production/_ext/2080577836/initialization.o
 .bss.sysObj    0x23f1d694        0x8 build/sam_9x75_eb/production/_ext/2080577836/initialization.o
                0x23f1d694                sysObj
 .bss.spuriousEventCount
                0x23f1d69c        0x4 build/sam_9x75_eb/production/_ext/2080577836/interrupts.o
                0x23f1d69c                spuriousEventCount
 .bss.appData   0x23f1d6a0       0x28 build/sam_9x75_eb/production/_ext/1360937237/app.o
                0x23f1d6a0                appData
 *fill*         0x23f1d6c8       0x18 
 .bss.dataBuffer
                0x23f1d6e0    0x10001 build/sam_9x75_eb/production/_ext/1360937237/app.o
                0x23f1d6e0                dataBuffer
 *fill*         0x23f2d6e1        0x3 
 .bss.dataPtr   0x23f2d6e4        0x4 build/sam_9x75_eb/production/_ext/1360937237/app.o
                0x23f2d6e4                dataPtr
 .bss.__sf_fake_stderr
                0x23f2d6e8       0x20 c:/program files/microchip/xc32/v3.01/bin/bin/../../lib/gcc/pic32c/8.3.1/../../../../pic32c/lib/arm/v5te/nofp\libc_nano.a(lib_a-findfp.o)
                0x23f2d6e8                __sf_fake_stderr
 .bss.__sf_fake_stdin
                0x23f2d708       0x20 c:/program files/microchip/xc32/v3.01/bin/bin/../../lib/gcc/pic32c/8.3.1/../../../../pic32c/lib/arm/v5te/nofp\libc_nano.a(lib_a-findfp.o)
                0x23f2d708                __sf_fake_stdin
 .bss.__sf_fake_stdout
                0x23f2d728       0x20 c:/program files/microchip/xc32/v3.01/bin/bin/../../lib/gcc/pic32c/8.3.1/../../../../pic32c/lib/arm/v5te/nofp\libc_nano.a(lib_a-findfp.o)
                0x23f2d728                __sf_fake_stdout
 .bss.__malloc_free_list
                0x23f2d748        0x4 c:/program files/microchip/xc32/v3.01/bin/bin/../../lib/gcc/pic32c/8.3.1/../../../../pic32c/lib/arm/v5te/nofp\libc_nano.a(lib_a-nano-mallocr.o)
                0x23f2d748                __malloc_free_list
 .bss.__malloc_sbrk_start
                0x23f2d74c        0x4 c:/program files/microchip/xc32/v3.01/bin/bin/../../lib/gcc/pic32c/8.3.1/../../../../pic32c/lib/arm/v5te/nofp\libc_nano.a(lib_a-nano-mallocr.o)
                0x23f2d74c                __malloc_sbrk_start
 .bss           0x23f2d750        0x4 c:/program files/microchip/xc32/v3.01/bin/bin/../../lib/gcc/pic32c/8.3.1/../../../../pic32c/lib/arm/v5te/nofp\libpic32c.a(sbrk.o)
 *(COMMON)
 COMMON         0x23f2d754        0x4 c:/program files/microchip/xc32/v3.01/bin/bin/../../lib/gcc/pic32c/8.3.1/../../../../pic32c/lib/arm/v5te/nofp\libc_nano.a(lib_a-reent.o)
                0x23f2d754                errno
                0x23f2d758                . = ALIGN (0x4)
                0x23f2d758                PROVIDE (_ezero = .)

.region_cache_aligned
                0x23f2d758        0x8
                0x23f2d760                . = ALIGN (0x20)
 *fill*         0x23f2d758        0x8 
 *(.region_cache_aligned)
                0x23f2d760                . = ALIGN (0x20)

.stacks         0x23f2d760     0x2140
                0x23f2d7c0                . = (. + IRQ_STACK_SIZE)
 *fill*         0x23f2d760       0x60 
                0x23f2d7c0                . = ALIGN (0x8)
                0x23f2d7c0                _irqstack = .
                0x23f2d820                . = (. + FIQ_STACK_SIZE)
 *fill*         0x23f2d7c0       0x60 
                0x23f2d820                . = ALIGN (0x8)
                0x23f2d820                _fiqstack = .
                0x23f2d860                . = (. + ABT_STACK_SIZE)
 *fill*         0x23f2d820       0x40 
                0x23f2d860                . = ALIGN (0x8)
                0x23f2d860                _abtstack = .
                0x23f2d8a0                . = (. + UND_STACK_SIZE)
 *fill*         0x23f2d860       0x40 
                0x23f2d8a0                . = ALIGN (0x8)
                0x23f2d8a0                _undstack = .
                0x23f2e8a0                . = (. + SVC_STACK_SIZE)
 *fill*         0x23f2d8a0     0x1000 
                0x23f2e8a0                . = ALIGN (0x8)
                0x23f2e8a0                _svcstack = .
                0x23f2f8a0                . = (. + C_STACK_SIZE)
 *fill*         0x23f2e8a0     0x1000 
                0x23f2f8a0                . = ALIGN (0x8)
                0x23f2f8a0                _cstack = .
                0x23f2f8a0                _end = .
                0x23f2f8a0                _ramcode_lma = _end

.ramcode        0x00300040        0x0 load address 0x23f2f8a0
                0x00300040                _sramcode = .
 *(.ramcode_section)
                0x00300040                _eramcode = .
                0x23f2f8a0                _ramdata_lma = ((_end + _eramcode) - _sramcode)

.ramdata        0x00300040        0x0 load address 0x23f2f8a0
                0x00300040                _sramdata = .
 *(.ramdata_section)
                0x00300040                _eramdata = .
                0x00000400                _min_heap_size = 0x400
START GROUP
LOAD c:/program files/microchip/xc32/v3.01/bin/bin/../../lib/gcc/pic32c/8.3.1/../../../../pic32c/lib/arm/v5te/nofp\libpic32c.a
LOAD c:/program files/microchip/xc32/v3.01/bin/bin/../../lib/gcc/pic32c/8.3.1/arm/v5te/nofp\libgcc.a
LOAD c:/program files/microchip/xc32/v3.01/bin/bin/../../lib/gcc/pic32c/8.3.1/../../../../pic32c/lib/arm/v5te/nofp\libm_nano.a
LOAD c:/program files/microchip/xc32/v3.01/bin/bin/../../lib/gcc/pic32c/8.3.1/../../../../pic32c/lib/arm/v5te/nofp\libc_nano.a
END GROUP
LOAD c:/program files/microchip/xc32/v3.01/bin/bin/../../lib/gcc/pic32c/8.3.1/arm/v5te/nofp/crtend.o
LOAD c:/program files/microchip/xc32/v3.01/bin/bin/../../lib/gcc/pic32c/8.3.1/arm/v5te/nofp/crtn.o
OUTPUT(dist/sam_9x75_eb/production/sam_9x75_eb.X.production.elf elf32-littlearm)
LOAD stack

.ARM.attributes
                0x00000000       0x28
 .ARM.attributes
                0x00000000       0x1d c:/program files/microchip/xc32/v3.01/bin/bin/../../lib/gcc/pic32c/8.3.1/arm/v5te/nofp/crti.o
 .ARM.attributes
                0x0000001d       0x2b c:/program files/microchip/xc32/v3.01/bin/bin/../../lib/gcc/pic32c/8.3.1/arm/v5te/nofp/crtbegin.o
 .ARM.attributes
                0x00000048       0x2c build/sam_9x75_eb/production/_ext/626097884/bsp.o
 .ARM.attributes
                0x00000074       0x2c build/sam_9x75_eb/production/_ext/613417341/drv_sdmmc_file_system.o
 .ARM.attributes
                0x000000a0       0x2c build/sam_9x75_eb/production/_ext/613417341/drv_sdmmc.o
 .ARM.attributes
                0x000000cc       0x2c build/sam_9x75_eb/production/_ext/601904789/plib_aic.o
 .ARM.attributes
                0x000000f8       0x2c build/sam_9x75_eb/production/_ext/601902766/plib_clk.o
 .ARM.attributes
                0x00000124       0x2c build/sam_9x75_eb/production/_ext/1479096388/plib_dbgu.o
 .ARM.attributes
                0x00000150       0x2c build/sam_9x75_eb/production/_ext/601893115/plib_mmu.o
 .ARM.attributes
                0x0000017c       0x2c build/sam_9x75_eb/production/_ext/601890362/plib_pio.o
 .ARM.attributes
                0x000001a8       0x2c build/sam_9x75_eb/production/_ext/1406570242/plib_sdmmc0.o
 .ARM.attributes
                0x000001d4       0x2c build/sam_9x75_eb/production/_ext/1404889025/plib_tc0.o
 .ARM.attributes
                0x00000200       0x2c build/sam_9x75_eb/production/_ext/400366566/xc32_monitor.o
 .ARM.attributes
                0x0000022c       0x2c build/sam_9x75_eb/production/_ext/1045604261/sys_cache.o
 .ARM.attributes
                0x00000258       0x2c build/sam_9x75_eb/production/_ext/1706900325/ff.o
 .ARM.attributes
                0x00000284       0x2c build/sam_9x75_eb/production/_ext/1706900325/ffunicode.o
 .ARM.attributes
                0x000002b0       0x2c build/sam_9x75_eb/production/_ext/1576319332/diskio.o
 .ARM.attributes
                0x000002dc       0x2c build/sam_9x75_eb/production/_ext/1845033505/sys_fs.o
 .ARM.attributes
                0x00000308       0x2c build/sam_9x75_eb/production/_ext/1845033505/sys_fs_media_manager.o
 .ARM.attributes
                0x00000334       0x2c build/sam_9x75_eb/production/_ext/1845033505/sys_fs_fat_interface.o
 .ARM.attributes
                0x00000360       0x2c build/sam_9x75_eb/production/_ext/1219600167/sys_int.o
 .ARM.attributes
                0x0000038c       0x2c build/sam_9x75_eb/production/_ext/848834719/sys_time.o
 .ARM.attributes
                0x000003b8       0x2c build/sam_9x75_eb/production/_ext/2080577836/initialization.o
 .ARM.attributes
                0x000003e4       0x2c build/sam_9x75_eb/production/_ext/2080577836/interrupts.o
 .ARM.attributes
                0x00000410       0x1c build/sam_9x75_eb/production/_ext/2080577836/cstartup.o
 .ARM.attributes
                0x0000042c       0x1c build/sam_9x75_eb/production/_ext/2080577836/vectortrap.o
 .ARM.attributes
                0x00000448       0x2c build/sam_9x75_eb/production/_ext/2080577836/tasks.o
 .ARM.attributes
                0x00000474       0x2c build/sam_9x75_eb/production/_ext/1360937237/main.o
 .ARM.attributes
                0x000004a0       0x2c build/sam_9x75_eb/production/_ext/1360937237/app.o
 .ARM.attributes
                0x000004cc       0x1d c:/program files/microchip/xc32/v3.01/bin/bin/../../lib/gcc/pic32c/8.3.1/arm/v5te/nofp\libgcc.a(_udivsi3.o)
 .ARM.attributes
                0x000004e9       0x1d c:/program files/microchip/xc32/v3.01/bin/bin/../../lib/gcc/pic32c/8.3.1/arm/v5te/nofp\libgcc.a(_divsi3.o)
 .ARM.attributes
                0x00000506       0x1d c:/program files/microchip/xc32/v3.01/bin/bin/../../lib/gcc/pic32c/8.3.1/arm/v5te/nofp\libgcc.a(_dvmd_tls.o)
 .ARM.attributes
                0x00000523       0x1d c:/program files/microchip/xc32/v3.01/bin/bin/../../lib/gcc/pic32c/8.3.1/arm/v5te/nofp\libgcc.a(_arm_addsubdf3.o)
 .ARM.attributes
                0x00000540       0x1d c:/program files/microchip/xc32/v3.01/bin/bin/../../lib/gcc/pic32c/8.3.1/arm/v5te/nofp\libgcc.a(_arm_addsubsf3.o)
 .ARM.attributes
                0x0000055d       0x1d c:/program files/microchip/xc32/v3.01/bin/bin/../../lib/gcc/pic32c/8.3.1/arm/v5te/nofp\libgcc.a(_arm_muldivsf3.o)
 .ARM.attributes
                0x0000057a       0x1d c:/program files/microchip/xc32/v3.01/bin/bin/../../lib/gcc/pic32c/8.3.1/arm/v5te/nofp\libgcc.a(_aeabi_uldivmod.o)
 .ARM.attributes
                0x00000597       0x2b c:/program files/microchip/xc32/v3.01/bin/bin/../../lib/gcc/pic32c/8.3.1/arm/v5te/nofp\libgcc.a(_udivmoddi4.o)
 .ARM.attributes
                0x000005c2       0x2b c:/program files/microchip/xc32/v3.01/bin/bin/../../lib/gcc/pic32c/8.3.1/../../../../pic32c/lib/arm/v5te/nofp\libc_nano.a(_lib_a-nano-vfprintf.cdeEfFgGnopsuxX.o)
 .ARM.attributes
                0x000005ed       0x2b c:/program files/microchip/xc32/v3.01/bin/bin/../../lib/gcc/pic32c/8.3.1/../../../../pic32c/lib/arm/v5te/nofp\libc_nano.a(lib_a-__ssfputs.o)
 .ARM.attributes
                0x00000618       0x2b c:/program files/microchip/xc32/v3.01/bin/bin/../../lib/gcc/pic32c/8.3.1/../../../../pic32c/lib/arm/v5te/nofp\libc_nano.a(lib_a-dtoa.o)
 .ARM.attributes
                0x00000643       0x2b c:/program files/microchip/xc32/v3.01/bin/bin/../../lib/gcc/pic32c/8.3.1/../../../../pic32c/lib/arm/v5te/nofp\libc_nano.a(lib_a-findfp.o)
 .ARM.attributes
                0x0000066e       0x2b c:/program files/microchip/xc32/v3.01/bin/bin/../../lib/gcc/pic32c/8.3.1/../../../../pic32c/lib/arm/v5te/nofp\libc_nano.a(lib_a-fputwc.o)
 .ARM.attributes
                0x00000699       0x2b c:/program files/microchip/xc32/v3.01/bin/bin/../../lib/gcc/pic32c/8.3.1/../../../../pic32c/lib/arm/v5te/nofp\libc_nano.a(lib_a-fwalk.o)
 .ARM.attributes