Archive member included to satisfy reference by file (symbol)

c:/program files/microchip/xc32/v3.01/bin/bin/../../lib/gcc/pic32c/8.3.1/arm/v5te/nofp\libgcc.a(_udivsi3.o)
                              build/sam_9x75_eb/production/_ext/1406570242/plib_sdmmc0.o (__aeabi_uidiv)
c:/program files/microchip/xc32/v3.01/bin/bin/../../lib/gcc/pic32c/8.3.1/arm/v5te/nofp\libgcc.a(_divsi3.o)
                              build/sam_9x75_eb/production/_ext/848834719/sys_time.o (__aeabi_idiv)
c:/program files/microchip/xc32/v3.01/bin/bin/../../lib/gcc/pic32c/8.3.1/arm/v5te/nofp\libgcc.a(_dvmd_tls.o)
                              c:/program files/microchip/xc32/v3.01/bin/bin/../../lib/gcc/pic32c/8.3.1/arm/v5te/nofp\libgcc.a(_udivsi3.o) (__aeabi_idiv0)
c:/program files/microchip/xc32/v3.01/bin/bin/../../lib/gcc/pic32c/8.3.1/arm/v5te/nofp\libgcc.a(_aeabi_uldivmod.o)
                              build/sam_9x75_eb/production/_ext/848834719/sys_time.o (__aeabi_uldivmod)
c:/program files/microchip/xc32/v3.01/bin/bin/../../lib/gcc/pic32c/8.3.1/arm/v5te/nofp\libgcc.a(_udivmoddi4.o)
                              c:/program files/microchip/xc32/v3.01/bin/bin/../../lib/gcc/pic32c/8.3.1/arm/v5te/nofp\libgcc.a(_aeabi_uldivmod.o) (__udivmoddi4)
c:/program files/microchip/xc32/v3.01/bin/bin/../../lib/gcc/pic32c/8.3.1/../../../../pic32c/lib/arm/v5te/nofp\libc_nano.a(lib_a-init.o)
                              build/sam_9x75_eb/production/_ext/2080577836/cstartup.o (__libc_init_array)
c:/program files/microchip/xc32/v3.01/bin/bin/../../lib/gcc/pic32c/8.3.1/../../../../pic32c/lib/arm/v5te/nofp\libc_nano.a(lib_a-memcmp.o)
                              build/sam_9x75_eb/production/_ext/1360937237/app.o (memcmp)
c:/program files/microchip/xc32/v3.01/bin/bin/../../lib/gcc/pic32c/8.3.1/../../../../pic32c/lib/arm/v5te/nofp\libc_nano.a(lib_a-memset.o)
                              build/sam_9x75_eb/production/_ext/613417341/drv_sdmmc.o (memset)

Microchip PIC32 Memory-Usage Report
        --------------------------------------------------------------------------
         Total Program Memory used  :           0           0  
        --------------------------------------------------------------------------


RAM Data-Memory Usage
section                    address  length [bytes]      (dec)  Description
-------                 ----------  -------------------------  -----------
.text                   0x23f00000         0x5748       22344   
.data                   0x23f05748           0x30          48  Initialized data 
.ARM.exidx              0x23f05778            0x8           8   
.relocate               0x23f05780           0x40          64   
.bss                    0x23f08000        0x26498      156824  Uninitialized data 
.region_cache_aligned   0x23f2e498            0x8           8   
.stacks                 0x23f2e4a0         0x2140        8512   
         Total RAM used  :     0x2dda0      187808  0.1% of 0xf000000
        --------------------------------------------------------------------------
            Total Data Memory used  :     0x2dda0      187808  0.1% of 0xf000000
        --------------------------------------------------------------------------


Dynamic Data-Memory Reservation
section                    address  length [bytes]      (dec)  Description
-------                 ----------  -------------------------  -----------
heap                    0x23f305e8          0x200         512  Reserved for heap 
stack                   0x23f30800      0xc0cf7f8   202176504  Reserved for stack 

        --------------------------------------------------------------------------

Discarded input sections

 .text          0x00000000        0x0 c:/program files/microchip/xc32/v3.01/bin/bin/../../lib/gcc/pic32c/8.3.1/arm/v5te/nofp/crti.o
 .data          0x00000000        0x0 c:/program files/microchip/xc32/v3.01/bin/bin/../../lib/gcc/pic32c/8.3.1/arm/v5te/nofp/crti.o
 .bss           0x00000000        0x0 c:/program files/microchip/xc32/v3.01/bin/bin/../../lib/gcc/pic32c/8.3.1/arm/v5te/nofp/crti.o
 .xc_stack_usage.hdr
                0x00000000        0xe c:/program files/microchip/xc32/v3.01/bin/bin/../../lib/gcc/pic32c/8.3.1/arm/v5te/nofp/crti.o
 .xc_stack_usage
                0x00000000       0x26 c:/program files/microchip/xc32/v3.01/bin/bin/../../lib/gcc/pic32c/8.3.1/arm/v5te/nofp/crti.o
 .data          0x00000000        0x4 c:/program files/microchip/xc32/v3.01/bin/bin/../../lib/gcc/pic32c/8.3.1/arm/v5te/nofp/crtbegin.o
 .xc_stack_usage
                0x00000000       0x3c c:/program files/microchip/xc32/v3.01/bin/bin/../../lib/gcc/pic32c/8.3.1/arm/v5te/nofp/crtbegin.o
 .xc_stack_usage.hdr
                0x00000000        0xe c:/program files/microchip/xc32/v3.01/bin/bin/../../lib/gcc/pic32c/8.3.1/arm/v5te/nofp/crtbegin.o
 .text          0x00000000        0x0 build/sam_9x75_eb/production/_ext/1360937237/main.o
 .data          0x00000000        0x0 build/sam_9x75_eb/production/_ext/1360937237/main.o
 .bss           0x00000000        0x0 build/sam_9x75_eb/production/_ext/1360937237/main.o
 .text          0x00000000        0x0 build/sam_9x75_eb/production/_ext/2080577836/initialization.o
 .data          0x00000000        0x0 build/sam_9x75_eb/production/_ext/2080577836/initialization.o
 .bss           0x00000000        0x0 build/sam_9x75_eb/production/_ext/2080577836/initialization.o
 .text          0x00000000        0x0 build/sam_9x75_eb/production/_ext/2080577836/interrupts.o
 .data          0x00000000        0x0 build/sam_9x75_eb/production/_ext/2080577836/interrupts.o
 .bss           0x00000000        0x0 build/sam_9x75_eb/production/_ext/2080577836/interrupts.o
 .text.DefaultInterruptHandler
                0x00000000        0x4 build/sam_9x75_eb/production/_ext/2080577836/interrupts.o
 .text.SYSC_SharedHandler
                0x00000000        0x4 build/sam_9x75_eb/production/_ext/2080577836/interrupts.o
 .text.ECC_SharedHandler
                0x00000000        0x4 build/sam_9x75_eb/production/_ext/2080577836/interrupts.o
 .text.MC_SharedHandler
                0x00000000        0x4 build/sam_9x75_eb/production/_ext/2080577836/interrupts.o
 .text          0x00000000        0x0 build/sam_9x75_eb/production/_ext/400366566/xc32_monitor.o
 .data          0x00000000        0x0 build/sam_9x75_eb/production/_ext/400366566/xc32_monitor.o
 .bss           0x00000000        0x0 build/sam_9x75_eb/production/_ext/400366566/xc32_monitor.o
 .text._mon_getc
                0x00000000        0x8 build/sam_9x75_eb/production/_ext/400366566/xc32_monitor.o
 .text._mon_putc
                0x00000000        0x4 build/sam_9x75_eb/production/_ext/400366566/xc32_monitor.o
 .debug_info    0x00000000      0x2ac build/sam_9x75_eb/production/_ext/400366566/xc32_monitor.o
 .debug_abbrev  0x00000000       0x80 build/sam_9x75_eb/production/_ext/400366566/xc32_monitor.o
 .debug_loc     0x00000000       0x25 build/sam_9x75_eb/production/_ext/400366566/xc32_monitor.o
 .debug_aranges
                0x00000000       0x28 build/sam_9x75_eb/production/_ext/400366566/xc32_monitor.o
 .debug_ranges  0x00000000       0x18 build/sam_9x75_eb/production/_ext/400366566/xc32_monitor.o
 .debug_line    0x00000000       0x81 build/sam_9x75_eb/production/_ext/400366566/xc32_monitor.o
 .debug_str     0x00000000        0x0 build/sam_9x75_eb/production/_ext/400366566/xc32_monitor.o
 .comment       0x00000000       0x54 build/sam_9x75_eb/production/_ext/400366566/xc32_monitor.o
 .debug_frame   0x00000000       0x30 build/sam_9x75_eb/production/_ext/400366566/xc32_monitor.o
 .ARM.attributes
                0x00000000       0x2c build/sam_9x75_eb/production/_ext/400366566/xc32_monitor.o
 .text          0x00000000        0x0 build/sam_9x75_eb/production/_ext/601893115/plib_mmu.o
 .data          0x00000000        0x0 build/sam_9x75_eb/production/_ext/601893115/plib_mmu.o
 .bss           0x00000000        0x0 build/sam_9x75_eb/production/_ext/601893115/plib_mmu.o
 .text.icache_Disable
                0x00000000       0x20 build/sam_9x75_eb/production/_ext/601893115/plib_mmu.o
 .text.dcache_CleanAll
                0x00000000       0x38 build/sam_9x75_eb/production/_ext/601893115/plib_mmu.o
 .text.dcache_CleanInvalidateAll
                0x00000000       0x38 build/sam_9x75_eb/production/_ext/601893115/plib_mmu.o
 .text.dcache_CleanInvalidateByAddr
                0x00000000       0x2c build/sam_9x75_eb/production/_ext/601893115/plib_mmu.o
 .text.dcache_Disable
                0x00000000       0x24 build/sam_9x75_eb/production/_ext/601893115/plib_mmu.o
 .text          0x00000000        0x0 build/sam_9x75_eb/production/_ext/601902766/plib_clk.o
 .data          0x00000000        0x0 build/sam_9x75_eb/production/_ext/601902766/plib_clk.o
 .bss           0x00000000        0x0 build/sam_9x75_eb/production/_ext/601902766/plib_clk.o
 .text          0x00000000        0x0 build/sam_9x75_eb/production/_ext/601890362/plib_pio.o
 .data          0x00000000        0x0 build/sam_9x75_eb/production/_ext/601890362/plib_pio.o
 .bss           0x00000000        0x0 build/sam_9x75_eb/production/_ext/601890362/plib_pio.o
 .text.PIO_PortRead
                0x00000000        0x8 build/sam_9x75_eb/production/_ext/601890362/plib_pio.o
 .text.PIO_PortWrite
                0x00000000       0x18 build/sam_9x75_eb/production/_ext/601890362/plib_pio.o
 .text.PIO_PortLatchRead
                0x00000000        0x8 build/sam_9x75_eb/production/_ext/601890362/plib_pio.o
 .text.PIO_PortSet
                0x00000000        0x8 build/sam_9x75_eb/production/_ext/601890362/plib_pio.o
 .text.PIO_PortClear
                0x00000000        0x8 build/sam_9x75_eb/production/_ext/601890362/plib_pio.o
 .text.PIO_PortToggle
                0x00000000       0x10 build/sam_9x75_eb/production/_ext/601890362/plib_pio.o
 .text.PIO_PortInputEnable
                0x00000000        0x8 build/sam_9x75_eb/production/_ext/601890362/plib_pio.o
 .text.PIO_PortOutputEnable
                0x00000000        0x8 build/sam_9x75_eb/production/_ext/601890362/plib_pio.o
 .text          0x00000000        0x0 build/sam_9x75_eb/production/_ext/601904789/plib_aic.o
 .data          0x00000000        0x0 build/sam_9x75_eb/production/_ext/601904789/plib_aic.o
 .bss           0x00000000        0x0 build/sam_9x75_eb/production/_ext/601904789/plib_aic.o
 .text.AIC_INT_IrqEnable
                0x00000000       0x10 build/sam_9x75_eb/production/_ext/601904789/plib_aic.o
 .data          0x00000000        0x0 build/sam_9x75_eb/production/_ext/2080577836/cstartup.o
 .bss           0x00000000        0x0 build/sam_9x75_eb/production/_ext/2080577836/cstartup.o
 .text          0x00000000        0x0 build/sam_9x75_eb/production/_ext/2080577836/vectortrap.o
 .data          0x00000000        0x0 build/sam_9x75_eb/production/_ext/2080577836/vectortrap.o
 .bss           0x00000000        0x0 build/sam_9x75_eb/production/_ext/2080577836/vectortrap.o
 .text          0x00000000        0x0 build/sam_9x75_eb/production/_ext/1406570242/plib_sdmmc0.o
 .data          0x00000000        0x0 build/sam_9x75_eb/production/_ext/1406570242/plib_sdmmc0.o
 .bss           0x00000000        0x0 build/sam_9x75_eb/production/_ext/1406570242/plib_sdmmc0.o
 .text.SDMMC0_ErrorGet
                0x00000000       0x10 build/sam_9x75_eb/production/_ext/1406570242/plib_sdmmc0.o
 .text.SDMMC0_ClockDisable
                0x00000000       0x1c build/sam_9x75_eb/production/_ext/1406570242/plib_sdmmc0.o
 .text          0x00000000        0x0 build/sam_9x75_eb/production/_ext/1404889025/plib_tc0.o
 .data          0x00000000        0x0 build/sam_9x75_eb/production/_ext/1404889025/plib_tc0.o
 .bss           0x00000000        0x0 build/sam_9x75_eb/production/_ext/1404889025/plib_tc0.o
 .text.TC0_CH0_TimerPeriodGet
                0x00000000       0x10 build/sam_9x75_eb/production/_ext/1404889025/plib_tc0.o
 .text          0x00000000        0x0 build/sam_9x75_eb/production/_ext/613417341/drv_sdmmc.o
 .data          0x00000000        0x0 build/sam_9x75_eb/production/_ext/613417341/drv_sdmmc.o
 .bss           0x00000000        0x0 build/sam_9x75_eb/production/_ext/613417341/drv_sdmmc.o
 .text.DRV_SDMMC_Status
                0x00000000       0x18 build/sam_9x75_eb/production/_ext/613417341/drv_sdmmc.o
 .text.DRV_SDMMC_CommandStatus
                0x00000000       0x84 build/sam_9x75_eb/production/_ext/613417341/drv_sdmmc.o
 .text.DRV_SDMMC_IsWriteProtected
                0x00000000       0x54 build/sam_9x75_eb/production/_ext/613417341/drv_sdmmc.o
 .text          0x00000000        0x0 build/sam_9x75_eb/production/_ext/626097884/bsp.o
 .data          0x00000000        0x0 build/sam_9x75_eb/production/_ext/626097884/bsp.o
 .bss           0x00000000        0x0 build/sam_9x75_eb/production/_ext/626097884/bsp.o
 .text          0x00000000        0x0 build/sam_9x75_eb/production/_ext/1219600167/sys_int.o
 .data          0x00000000        0x0 build/sam_9x75_eb/production/_ext/1219600167/sys_int.o
 .bss           0x00000000        0x0 build/sam_9x75_eb/production/_ext/1219600167/sys_int.o
 .text.SYS_INT_IsEnabled
                0x00000000       0x14 build/sam_9x75_eb/production/_ext/1219600167/sys_int.o
 .text.SYS_INT_Enable
                0x00000000        0xc build/sam_9x75_eb/production/_ext/1219600167/sys_int.o
 .text.SYS_INT_SourceRestore
                0x00000000       0x30 build/sam_9x75_eb/production/_ext/1219600167/sys_int.o
 .text.SYS_INT_SourceStatusGet
                0x00000000       0x78 build/sam_9x75_eb/production/_ext/1219600167/sys_int.o
 .text.SYS_INT_SourceStatusSet
                0x00000000       0x28 build/sam_9x75_eb/production/_ext/1219600167/sys_int.o
 .text.SYS_INT_SourceStatusClear
                0x00000000       0x28 build/sam_9x75_eb/production/_ext/1219600167/sys_int.o
 .text          0x00000000        0x0 build/sam_9x75_eb/production/_ext/1045604261/sys_cache.o
 .data          0x00000000        0x0 build/sam_9x75_eb/production/_ext/1045604261/sys_cache.o
 .bss           0x00000000        0x0 build/sam_9x75_eb/production/_ext/1045604261/sys_cache.o
 .text.SYS_CACHE_EnableCaches
                0x00000000       0x10 build/sam_9x75_eb/production/_ext/1045604261/sys_cache.o
 .text.SYS_CACHE_DisableCaches
                0x00000000       0x10 build/sam_9x75_eb/production/_ext/1045604261/sys_cache.o
 .text.SYS_CACHE_EnableICache
                0x00000000        0xc build/sam_9x75_eb/production/_ext/1045604261/sys_cache.o
 .text.SYS_CACHE_DisableICache
                0x00000000        0xc build/sam_9x75_eb/production/_ext/1045604261/sys_cache.o
 .text.SYS_CACHE_InvalidateICache
                0x00000000        0xc build/sam_9x75_eb/production/_ext/1045604261/sys_cache.o
 .text.SYS_CACHE_EnableDCache
                0x00000000        0xc build/sam_9x75_eb/production/_ext/1045604261/sys_cache.o
 .text.SYS_CACHE_DisableDCache
                0x00000000        0xc build/sam_9x75_eb/production/_ext/1045604261/sys_cache.o
 .text.SYS_CACHE_InvalidateDCache
                0x00000000        0xc build/sam_9x75_eb/production/_ext/1045604261/sys_cache.o
 .text.SYS_CACHE_CleanDCache
                0x00000000        0xc build/sam_9x75_eb/production/_ext/1045604261/sys_cache.o
 .text.SYS_CACHE_CleanInvalidateDCache
                0x00000000        0xc build/sam_9x75_eb/production/_ext/1045604261/sys_cache.o
 .text.SYS_CACHE_CleanInvalidateDCache_by_Addr
                0x00000000        0xc build/sam_9x75_eb/production/_ext/1045604261/sys_cache.o
 .text          0x00000000        0x0 build/sam_9x75_eb/production/_ext/1360937237/app.o
 .data          0x00000000        0x0 build/sam_9x75_eb/production/_ext/1360937237/app.o
 .bss           0x00000000        0x0 build/sam_9x75_eb/production/_ext/1360937237/app.o
 .text          0x00000000        0x0 build/sam_9x75_eb/production/_ext/2080577836/tasks.o
 .data          0x00000000        0x0 build/sam_9x75_eb/production/_ext/2080577836/tasks.o
 .bss           0x00000000        0x0 build/sam_9x75_eb/production/_ext/2080577836/tasks.o
 .text          0x00000000        0x0 build/sam_9x75_eb/production/_ext/848834719/sys_time.o
 .data          0x00000000        0x0 build/sam_9x75_eb/production/_ext/848834719/sys_time.o
 .bss           0x00000000        0x0 build/sam_9x75_eb/production/_ext/848834719/sys_time.o
 .text.SYS_TIME_Deinitialize
                0x00000000       0x4c build/sam_9x75_eb/production/_ext/848834719/sys_time.o
 .text.SYS_TIME_Status
                0x00000000       0x18 build/sam_9x75_eb/production/_ext/848834719/sys_time.o
 .text.SYS_TIME_FrequencyGet
                0x00000000       0x10 build/sam_9x75_eb/production/_ext/848834719/sys_time.o
 .text.SYS_TIME_Counter64Get
                0x00000000       0x68 build/sam_9x75_eb/production/_ext/848834719/sys_time.o
 .text.SYS_TIME_CounterGet
                0x00000000        0xc build/sam_9x75_eb/production/_ext/848834719/sys_time.o
 .text.SYS_TIME_CounterSet
                0x00000000       0x30 build/sam_9x75_eb/production/_ext/848834719/sys_time.o
 .text.SYS_TIME_CountToUS
                0x00000000       0x64 build/sam_9x75_eb/production/_ext/848834719/sys_time.o
 .text.SYS_TIME_CountToMS
                0x00000000       0x5c build/sam_9x75_eb/production/_ext/848834719/sys_time.o
 .text.SYS_TIME_USToCount
                0x00000000       0x30 build/sam_9x75_eb/production/_ext/848834719/sys_time.o
 .text.SYS_TIME_MSToCount
                0x00000000       0x2c build/sam_9x75_eb/production/_ext/848834719/sys_time.o
 .text.SYS_TIME_TimerCreate
                0x00000000       0x2c build/sam_9x75_eb/production/_ext/848834719/sys_time.o
 .text.SYS_TIME_TimerReload
                0x00000000       0xec build/sam_9x75_eb/production/_ext/848834719/sys_time.o
 .text.SYS_TIME_TimerStop
                0x00000000       0x6c build/sam_9x75_eb/production/_ext/848834719/sys_time.o
 .text.SYS_TIME_TimerCounterGet
                0x00000000       0xe4 build/sam_9x75_eb/production/_ext/848834719/sys_time.o
 .text.SYS_TIME_DelayUS
                0x00000000       0x88 build/sam_9x75_eb/production/_ext/848834719/sys_time.o
 .text.SYS_TIME_CallbackRegisterUS
                0x00000000       0xa0 build/sam_9x75_eb/production/_ext/848834719/sys_time.o
 .data          0x00000000        0x0 c:/program files/microchip/xc32/v3.01/bin/bin/../../lib/gcc/pic32c/8.3.1/arm/v5te/nofp\libgcc.a(_udivsi3.o)
 .bss           0x00000000        0x0 c:/program files/microchip/xc32/v3.01/bin/bin/../../lib/gcc/pic32c/8.3.1/arm/v5te/nofp\libgcc.a(_udivsi3.o)
 .xc_stack_usage.hdr
                0x00000000        0xe c:/program files/microchip/xc32/v3.01/bin/bin/../../lib/gcc/pic32c/8.3.1/arm/v5te/nofp\libgcc.a(_udivsi3.o)
 .xc_stack_usage
                0x00000000       0x35 c:/program files/microchip/xc32/v3.01/bin/bin/../../lib/gcc/pic32c/8.3.1/arm/v5te/nofp\libgcc.a(_udivsi3.o)
 .data          0x00000000        0x0 c:/program files/microchip/xc32/v3.01/bin/bin/../../lib/gcc/pic32c/8.3.1/arm/v5te/nofp\libgcc.a(_divsi3.o)
 .bss           0x00000000        0x0 c:/program files/microchip/xc32/v3.01/bin/bin/../../lib/gcc/pic32c/8.3.1/arm/v5te/nofp\libgcc.a(_divsi3.o)
 .xc_stack_usage.hdr
                0x00000000        0xe c:/program files/microchip/xc32/v3.01/bin/bin/../../lib/gcc/pic32c/8.3.1/arm/v5te/nofp\libgcc.a(_divsi3.o)
 .xc_stack_usage
                0x00000000       0x33 c:/program files/microchip/xc32/v3.01/bin/bin/../../lib/gcc/pic32c/8.3.1/arm/v5te/nofp\libgcc.a(_divsi3.o)
 .data          0x00000000        0x0 c:/program files/microchip/xc32/v3.01/bin/bin/../../lib/gcc/pic32c/8.3.1/arm/v5te/nofp\libgcc.a(_dvmd_tls.o)
 .bss           0x00000000        0x0 c:/program files/microchip/xc32/v3.01/bin/bin/../../lib/gcc/pic32c/8.3.1/arm/v5te/nofp\libgcc.a(_dvmd_tls.o)
 .xc_stack_usage.hdr
                0x00000000        0xe c:/program files/microchip/xc32/v3.01/bin/bin/../../lib/gcc/pic32c/8.3.1/arm/v5te/nofp\libgcc.a(_dvmd_tls.o)
 .xc_stack_usage
                0x00000000       0x36 c:/program files/microchip/xc32/v3.01/bin/bin/../../lib/gcc/pic32c/8.3.1/arm/v5te/nofp\libgcc.a(_dvmd_tls.o)
 .data          0x00000000        0x0 c:/program files/microchip/xc32/v3.01/bin/bin/../../lib/gcc/pic32c/8.3.1/arm/v5te/nofp\libgcc.a(_aeabi_uldivmod.o)
 .bss           0x00000000        0x0 c:/program files/microchip/xc32/v3.01/bin/bin/../../lib/gcc/pic32c/8.3.1/arm/v5te/nofp\libgcc.a(_aeabi_uldivmod.o)
 .xc_stack_usage.hdr
                0x00000000        0xe c:/program files/microchip/xc32/v3.01/bin/bin/../../lib/gcc/pic32c/8.3.1/arm/v5te/nofp\libgcc.a(_aeabi_uldivmod.o)
 .xc_stack_usage
                0x00000000       0x1e c:/program files/microchip/xc32/v3.01/bin/bin/../../lib/gcc/pic32c/8.3.1/arm/v5te/nofp\libgcc.a(_aeabi_uldivmod.o)
 .data          0x00000000        0x0 c:/program files/microchip/xc32/v3.01/bin/bin/../../lib/gcc/pic32c/8.3.1/arm/v5te/nofp\libgcc.a(_udivmoddi4.o)
 .bss           0x00000000        0x0 c:/program files/microchip/xc32/v3.01/bin/bin/../../lib/gcc/pic32c/8.3.1/arm/v5te/nofp\libgcc.a(_udivmoddi4.o)
 .xc_stack_usage
                0x00000000       0x1a c:/program files/microchip/xc32/v3.01/bin/bin/../../lib/gcc/pic32c/8.3.1/arm/v5te/nofp\libgcc.a(_udivmoddi4.o)
 .ARM.extab     0x00000000        0x0 c:/program files/microchip/xc32/v3.01/bin/bin/../../lib/gcc/pic32c/8.3.1/arm/v5te/nofp\libgcc.a(_udivmoddi4.o)
 .xc_stack_usage.hdr
                0x00000000        0xe c:/program files/microchip/xc32/v3.01/bin/bin/../../lib/gcc/pic32c/8.3.1/arm/v5te/nofp\libgcc.a(_udivmoddi4.o)
 .text          0x00000000        0x0 c:/program files/microchip/xc32/v3.01/bin/bin/../../lib/gcc/pic32c/8.3.1/../../../../pic32c/lib/arm/v5te/nofp\libc_nano.a(lib_a-init.o)
 .data          0x00000000        0x0 c:/program files/microchip/xc32/v3.01/bin/bin/../../lib/gcc/pic32c/8.3.1/../../../../pic32c/lib/arm/v5te/nofp\libc_nano.a(lib_a-init.o)
 .bss           0x00000000        0x0 c:/program files/microchip/xc32/v3.01/bin/bin/../../lib/gcc/pic32c/8.3.1/../../../../pic32c/lib/arm/v5te/nofp\libc_nano.a(lib_a-init.o)
 .xc_stack_usage
                0x00000000       0x1f c:/program files/microchip/xc32/v3.01/bin/bin/../../lib/gcc/pic32c/8.3.1/../../../../pic32c/lib/arm/v5te/nofp\libc_nano.a(lib_a-init.o)
 .xc_stack_usage.hdr
                0x00000000        0xe c:/program files/microchip/xc32/v3.01/bin/bin/../../lib/gcc/pic32c/8.3.1/../../../../pic32c/lib/arm/v5te/nofp\libc_nano.a(lib_a-init.o)
 .text          0x00000000        0x0 c:/program files/microchip/xc32/v3.01/bin/bin/../../lib/gcc/pic32c/8.3.1/../../../../pic32c/lib/arm/v5te/nofp\libc_nano.a(lib_a-memcmp.o)
 .data          0x00000000        0x0 c:/program files/microchip/xc32/v3.01/bin/bin/../../lib/gcc/pic32c/8.3.1/../../../../pic32c/lib/arm/v5te/nofp\libc_nano.a(lib_a-memcmp.o)
 .bss           0x00000000        0x0 c:/program files/microchip/xc32/v3.01/bin/bin/../../lib/gcc/pic32c/8.3.1/../../../../pic32c/lib/arm/v5te/nofp\libc_nano.a(lib_a-memcmp.o)
 .xc_stack_usage
                0x00000000       0x14 c:/program files/microchip/xc32/v3.01/bin/bin/../../lib/gcc/pic32c/8.3.1/../../../../pic32c/lib/arm/v5te/nofp\libc_nano.a(lib_a-memcmp.o)
 .xc_stack_usage.hdr
                0x00000000        0xe c:/program files/microchip/xc32/v3.01/bin/bin/../../lib/gcc/pic32c/8.3.1/../../../../pic32c/lib/arm/v5te/nofp\libc_nano.a(lib_a-memcmp.o)
 .text          0x00000000        0x0 c:/program files/microchip/xc32/v3.01/bin/bin/../../lib/gcc/pic32c/8.3.1/../../../../pic32c/lib/arm/v5te/nofp\libc_nano.a(lib_a-memset.o)
 .data          0x00000000        0x0 c:/program files/microchip/xc32/v3.01/bin/bin/../../lib/gcc/pic32c/8.3.1/../../../../pic32c/lib/arm/v5te/nofp\libc_nano.a(lib_a-memset.o)
 .bss           0x00000000        0x0 c:/program files/microchip/xc32/v3.01/bin/bin/../../lib/gcc/pic32c/8.3.1/../../../../pic32c/lib/arm/v5te/nofp\libc_nano.a(lib_a-memset.o)
 .xc_stack_usage
                0x00000000       0x14 c:/program files/microchip/xc32/v3.01/bin/bin/../../lib/gcc/pic32c/8.3.1/../../../../pic32c/lib/arm/v5te/nofp\libc_nano.a(lib_a-memset.o)
 .xc_stack_usage.hdr
                0x00000000        0xe c:/program files/microchip/xc32/v3.01/bin/bin/../../lib/gcc/pic32c/8.3.1/../../../../pic32c/lib/arm/v5te/nofp\libc_nano.a(lib_a-memset.o)
 .text          0x00000000        0x0 c:/program files/microchip/xc32/v3.01/bin/bin/../../lib/gcc/pic32c/8.3.1/arm/v5te/nofp/crtend.o
 .data          0x00000000        0x0 c:/program files/microchip/xc32/v3.01/bin/bin/../../lib/gcc/pic32c/8.3.1/arm/v5te/nofp/crtend.o
 .bss           0x00000000        0x0 c:/program files/microchip/xc32/v3.01/bin/bin/../../lib/gcc/pic32c/8.3.1/arm/v5te/nofp/crtend.o
 .eh_frame      0x00000000        0x4 c:/program files/microchip/xc32/v3.01/bin/bin/../../lib/gcc/pic32c/8.3.1/arm/v5te/nofp/crtend.o
 .xc_stack_usage.hdr
                0x00000000        0xe c:/program files/microchip/xc32/v3.01/bin/bin/../../lib/gcc/pic32c/8.3.1/arm/v5te/nofp/crtend.o
 .comment       0x00000000       0x54 c:/program files/microchip/xc32/v3.01/bin/bin/../../lib/gcc/pic32c/8.3.1/arm/v5te/nofp/crtend.o
 .ARM.attributes
                0x00000000       0x2b c:/program files/microchip/xc32/v3.01/bin/bin/../../lib/gcc/pic32c/8.3.1/arm/v5te/nofp/crtend.o
 .text          0x00000000        0x0 c:/program files/microchip/xc32/v3.01/bin/bin/../../lib/gcc/pic32c/8.3.1/arm/v5te/nofp/crtn.o
 .data          0x00000000        0x0 c:/program files/microchip/xc32/v3.01/bin/bin/../../lib/gcc/pic32c/8.3.1/arm/v5te/nofp/crtn.o
 .bss           0x00000000        0x0 c:/program files/microchip/xc32/v3.01/bin/bin/../../lib/gcc/pic32c/8.3.1/arm/v5te/nofp/crtn.o
 .xc_stack_usage.hdr
                0x00000000        0xe c:/program files/microchip/xc32/v3.01/bin/bin/../../lib/gcc/pic32c/8.3.1/arm/v5te/nofp/crtn.o

Memory Configuration

Name             Origin             Length             Attributes
sram             0x00300000         0x00010000         xw
ram              0x21000000         0x0f000000         xwl !r
ram_nocache      0x20000000         0x01000000         !xrw
rom              0x00000000         0x00000000         xrl
*default*        0x00000000         0xffffffff

Linker script and memory map

LOAD c:/program files/microchip/xc32/v3.01/bin/bin/../../lib/gcc/pic32c/8.3.1/arm/v5te/nofp/crti.o
LOAD c:/program files/microchip/xc32/v3.01/bin/bin/../../lib/gcc/pic32c/8.3.1/arm/v5te/nofp/crtbegin.o
LOAD build/sam_9x75_eb/production/_ext/1360937237/main.o
LOAD build/sam_9x75_eb/production/_ext/2080577836/initialization.o
LOAD build/sam_9x75_eb/production/_ext/2080577836/interrupts.o
LOAD build/sam_9x75_eb/production/_ext/400366566/xc32_monitor.o
LOAD build/sam_9x75_eb/production/_ext/601893115/plib_mmu.o
LOAD build/sam_9x75_eb/production/_ext/601902766/plib_clk.o
LOAD build/sam_9x75_eb/production/_ext/601890362/plib_pio.o
LOAD build/sam_9x75_eb/production/_ext/601904789/plib_aic.o
LOAD build/sam_9x75_eb/production/_ext/2080577836/cstartup.o
LOAD build/sam_9x75_eb/production/_ext/2080577836/vectortrap.o
LOAD build/sam_9x75_eb/production/_ext/1406570242/plib_sdmmc0.o
LOAD build/sam_9x75_eb/production/_ext/1404889025/plib_tc0.o
LOAD build/sam_9x75_eb/production/_ext/613417341/drv_sdmmc.o
LOAD build/sam_9x75_eb/production/_ext/626097884/bsp.o
LOAD build/sam_9x75_eb/production/_ext/1219600167/sys_int.o
LOAD build/sam_9x75_eb/production/_ext/1045604261/sys_cache.o
LOAD build/sam_9x75_eb/production/_ext/1360937237/app.o
LOAD build/sam_9x75_eb/production/_ext/2080577836/tasks.o
LOAD build/sam_9x75_eb/production/_ext/848834719/sys_time.o
                0x00000001                __MPLAB_BUILD = 0x1
                0x00001000                C_STACK_SIZE = 0x1000
                0x00000060                IRQ_STACK_SIZE = 0x60
                0x00000060                FIQ_STACK_SIZE = 0x60
                0x00001000                SVC_STACK_SIZE = 0x1000
                0x00000040                ABT_STACK_SIZE = 0x40
                0x00000040                UND_STACK_SIZE = 0x40

.text           0x23f00000     0x5748
                0x23f00000                . = ALIGN (0x4)
                [!provide]                PROVIDE (_sfixed = .)
 *(.textEntry)
 .textEntry     0x23f00000      0x10c build/sam_9x75_eb/production/_ext/2080577836/cstartup.o
                0x23f00000                entry
 *(.text .text.* .gnu.linkonce.t.*)
 .text          0x23f0010c       0x6c c:/program files/microchip/xc32/v3.01/bin/bin/../../lib/gcc/pic32c/8.3.1/arm/v5te/nofp/crtbegin.o
 .text.main     0x23f00178       0x14 build/sam_9x75_eb/production/_ext/1360937237/main.o
                0x23f00178                main
 .text.SYS_Initialize
                0x23f0018c       0xcc build/sam_9x75_eb/production/_ext/2080577836/initialization.o
                0x23f0018c                SYS_Initialize
 .text.DefaultInterruptHandlerForSpurious
                0x23f00258       0x18 build/sam_9x75_eb/production/_ext/2080577836/interrupts.o
                0x23f00258                DefaultInterruptHandlerForSpurious
 .text.icache_InvalidateAll
                0x23f00270        0xc build/sam_9x75_eb/production/_ext/601893115/plib_mmu.o
                0x23f00270                icache_InvalidateAll
 .text.icache_Enable
                0x23f0027c       0x20 build/sam_9x75_eb/production/_ext/601893115/plib_mmu.o
                0x23f0027c                icache_Enable
 .text.dcache_InvalidateAll
                0x23f0029c       0x38 build/sam_9x75_eb/production/_ext/601893115/plib_mmu.o
                0x23f0029c                dcache_InvalidateAll
 .text.dcache_InvalidateByAddr
                0x23f002d4       0x2c build/sam_9x75_eb/production/_ext/601893115/plib_mmu.o
                0x23f002d4                dcache_InvalidateByAddr
 .text.dcache_CleanByAddr
                0x23f00300       0x2c build/sam_9x75_eb/production/_ext/601893115/plib_mmu.o
                0x23f00300                dcache_CleanByAddr
 .text.dcache_Enable
                0x23f0032c       0x20 build/sam_9x75_eb/production/_ext/601893115/plib_mmu.o
                0x23f0032c                dcache_Enable
 .text.MMU_Initialize
                0x23f0034c      0x20c build/sam_9x75_eb/production/_ext/601893115/plib_mmu.o
                0x23f0034c                MMU_Initialize
 .text.CLK_Initialize
                0x23f00558       0xbc build/sam_9x75_eb/production/_ext/601902766/plib_clk.o
                0x23f00558                CLK_Initialize
 .text.PIO_Initialize
                0x23f00614       0xdc build/sam_9x75_eb/production/_ext/601890362/plib_pio.o
                0x23f00614                PIO_Initialize
 .text.AIC_INT_Initialize
                0x23f006f0      0x110 build/sam_9x75_eb/production/_ext/601904789/plib_aic.o
                0x23f006f0                AIC_INT_Initialize
 .text.AIC_INT_IrqDisable
                0x23f00800       0x30 build/sam_9x75_eb/production/_ext/601904789/plib_aic.o
                0x23f00800                AIC_INT_IrqDisable
 .text.AIC_INT_IrqRestore
                0x23f00830       0x28 build/sam_9x75_eb/production/_ext/601904789/plib_aic.o
                0x23f00830                AIC_INT_IrqRestore
 *fill*         0x23f00858        0x8 
 .text          0x23f00860       0xa0 build/sam_9x75_eb/production/_ext/2080577836/cstartup.o
 .text.SDMMC0_ErrorReset
                0x23f00900       0x1c build/sam_9x75_eb/production/_ext/1406570242/plib_sdmmc0.o
                0x23f00900                SDMMC0_ErrorReset
 .text.SDMMC0_InterruptHandler
                0x23f0091c      0x15c build/sam_9x75_eb/production/_ext/1406570242/plib_sdmmc0.o
                0x23f0091c                SDMMC0_InterruptHandler
 .text.SDMMC0_CommandErrorGet
                0x23f00a78       0x14 build/sam_9x75_eb/production/_ext/1406570242/plib_sdmmc0.o
                0x23f00a78                SDMMC0_CommandErrorGet
 .text.SDMMC0_DataErrorGet
                0x23f00a8c       0x14 build/sam_9x75_eb/production/_ext/1406570242/plib_sdmmc0.o
                0x23f00a8c                SDMMC0_DataErrorGet
 .text.SDMMC0_BusWidthSet
                0x23f00aa0       0x1c build/sam_9x75_eb/production/_ext/1406570242/plib_sdmmc0.o
                0x23f00aa0                SDMMC0_BusWidthSet
 .text.SDMMC0_SpeedModeSet
                0x23f00abc       0x1c build/sam_9x75_eb/production/_ext/1406570242/plib_sdmmc0.o
                0x23f00abc                SDMMC0_SpeedModeSet
 .text.SDMMC0_IsCmdLineBusy
                0x23f00ad8       0x10 build/sam_9x75_eb/production/_ext/1406570242/plib_sdmmc0.o
                0x23f00ad8                SDMMC0_IsCmdLineBusy
 .text.SDMMC0_IsDatLineBusy
                0x23f00ae8       0x14 build/sam_9x75_eb/production/_ext/1406570242/plib_sdmmc0.o
                0x23f00ae8                SDMMC0_IsDatLineBusy
 .text.SDMMC0_BlockSizeSet
                0x23f00afc       0x20 build/sam_9x75_eb/production/_ext/1406570242/plib_sdmmc0.o
                0x23f00afc                SDMMC0_BlockSizeSet
 .text.SDMMC0_BlockCountSet
                0x23f00b1c        0xc build/sam_9x75_eb/production/_ext/1406570242/plib_sdmmc0.o
                0x23f00b1c                SDMMC0_BlockCountSet
 .text.SDMMC0_ClockEnable
                0x23f00b28       0x30 build/sam_9x75_eb/production/_ext/1406570242/plib_sdmmc0.o
                0x23f00b28                SDMMC0_ClockEnable
 .text.SDMMC0_DmaSetup
                0x23f00b58       0x68 build/sam_9x75_eb/production/_ext/1406570242/plib_sdmmc0.o
                0x23f00b58                SDMMC0_DmaSetup
 .text.SDMMC0_ClockSet
                0x23f00bc0      0x154 build/sam_9x75_eb/production/_ext/1406570242/plib_sdmmc0.o
                0x23f00bc0                SDMMC0_ClockSet
 .text.SDMMC0_ResponseRead
                0x23f00d14       0x88 build/sam_9x75_eb/production/_ext/1406570242/plib_sdmmc0.o
                0x23f00d14                SDMMC0_ResponseRead
 .text.SDMMC0_CommandSend
                0x23f00d9c      0x1e4 build/sam_9x75_eb/production/_ext/1406570242/plib_sdmmc0.o
                0x23f00d9c                SDMMC0_CommandSend
 .text.SDMMC0_ModuleInit
                0x23f00f80       0x78 build/sam_9x75_eb/production/_ext/1406570242/plib_sdmmc0.o
                0x23f00f80                SDMMC0_ModuleInit
 .text.SDMMC0_Initialize
                0x23f00ff8       0x28 build/sam_9x75_eb/production/_ext/1406570242/plib_sdmmc0.o
                0x23f00ff8                SDMMC0_Initialize
 .text.SDMMC0_CallbackRegister
                0x23f01020       0x18 build/sam_9x75_eb/production/_ext/1406570242/plib_sdmmc0.o
                0x23f01020                SDMMC0_CallbackRegister
 .text.TC0_CH0_TimerInitialize
                0x23f01038       0x38 build/sam_9x75_eb/production/_ext/1404889025/plib_tc0.o
                0x23f01038                TC0_CH0_TimerInitialize
 .text.TC0_CH0_TimerStart
                0x23f01070       0x14 build/sam_9x75_eb/production/_ext/1404889025/plib_tc0.o
                0x23f01070                TC0_CH0_TimerStart
 .text.TC0_CH0_TimerStop
                0x23f01084       0x14 build/sam_9x75_eb/production/_ext/1404889025/plib_tc0.o
                0x23f01084                TC0_CH0_TimerStop
 .text.TC0_CH0_TimerFrequencyGet
                0x23f01098        0xc build/sam_9x75_eb/production/_ext/1404889025/plib_tc0.o
                0x23f01098                TC0_CH0_TimerFrequencyGet
 .text.TC0_CH0_TimerPeriodSet
                0x23f010a4       0x10 build/sam_9x75_eb/production/_ext/1404889025/plib_tc0.o
                0x23f010a4                TC0_CH0_TimerPeriodSet
 .text.TC0_CH0_TimerCompareSet
                0x23f010b4       0x10 build/sam_9x75_eb/production/_ext/1404889025/plib_tc0.o
                0x23f010b4                TC0_CH0_TimerCompareSet
 .text.TC0_CH0_TimerCounterGet
                0x23f010c4       0x10 build/sam_9x75_eb/production/_ext/1404889025/plib_tc0.o
                0x23f010c4                TC0_CH0_TimerCounterGet
 .text.TC0_CH0_TimerCallbackRegister
                0x23f010d4       0x14 build/sam_9x75_eb/production/_ext/1404889025/plib_tc0.o
                0x23f010d4                TC0_CH0_TimerCallbackRegister
 .text.TC0_CH0_InterruptHandler
                0x23f010e8       0x3c build/sam_9x75_eb/production/_ext/1404889025/plib_tc0.o
                0x23f010e8                TC0_CH0_InterruptHandler
 .text.TC0_InterruptHandler
                0x23f01124        0xc build/sam_9x75_eb/production/_ext/1404889025/plib_tc0.o
                0x23f01124                TC0_InterruptHandler
 .text._DRV_SDMMC_DriverHandleValidate
                0x23f01130       0xa4 build/sam_9x75_eb/production/_ext/613417341/drv_sdmmc.o
 .text._DRV_SDMMC_PlibCallbackHandler
                0x23f011d4       0x90 build/sam_9x75_eb/production/_ext/613417341/drv_sdmmc.o
 .text._DRV_SDMMC_TimerCallback
                0x23f01264        0xc build/sam_9x75_eb/production/_ext/613417341/drv_sdmmc.o
 .text._DRV_SDMMC_InitCardContext
                0x23f01270       0x90 build/sam_9x75_eb/production/_ext/613417341/drv_sdmmc.o
 .text._DRV_SDMMC_CommandSend
                0x23f01300      0x1cc build/sam_9x75_eb/production/_ext/613417341/drv_sdmmc.o
 .text.DRV_SDMMC_RegisterWithSysFs
                0x23f014cc        0x4 build/sam_9x75_eb/production/_ext/613417341/drv_sdmmc.o
                0x23f014cc                DRV_SDMMC_RegisterWithSysFs
 .text.DRV_SDMMC_Initialize
                0x23f014d0      0x14c build/sam_9x75_eb/production/_ext/613417341/drv_sdmmc.o
                0x23f014d0                DRV_SDMMC_Initialize
 .text.DRV_SDMMC_Open
                0x23f0161c      0x18c build/sam_9x75_eb/production/_ext/613417341/drv_sdmmc.o
                0x23f0161c                DRV_SDMMC_Open
 .text.DRV_SDMMC_Close
                0x23f017a8       0xfc build/sam_9x75_eb/production/_ext/613417341/drv_sdmmc.o
                0x23f017a8                DRV_SDMMC_Close
 .text.DRV_SDMMC_SetupXfer
                0x23f018a4      0x248 build/sam_9x75_eb/production/_ext/613417341/drv_sdmmc.o
                0x23f018a4                DRV_SDMMC_SetupXfer
 .text.DRV_SDMMC_AsyncRead
                0x23f01aec       0x24 build/sam_9x75_eb/production/_ext/613417341/drv_sdmmc.o
                0x23f01aec                DRV_SDMMC_AsyncRead
 .text.DRV_SDMMC_AsyncWrite
                0x23f01b10       0x24 build/sam_9x75_eb/production/_ext/613417341/drv_sdmmc.o
                0x23f01b10                DRV_SDMMC_AsyncWrite
 .text.DRV_SDMMC_GeometryGet
                0x23f01b34       0x30 build/sam_9x75_eb/production/_ext/613417341/drv_sdmmc.o
                0x23f01b34                DRV_SDMMC_GeometryGet
 .text.DRV_SDMMC_EventHandlerSet
                0x23f01b64       0x58 build/sam_9x75_eb/production/_ext/613417341/drv_sdmmc.o
                0x23f01b64                DRV_SDMMC_EventHandlerSet
 .text.DRV_SDMMC_IsAttached
                0x23f01bbc       0x44 build/sam_9x75_eb/production/_ext/613417341/drv_sdmmc.o
                0x23f01bbc                DRV_SDMMC_IsAttached
 .text.DRV_SDMMC_Tasks
                0x23f01c00     0x2530 build/sam_9x75_eb/production/_ext/613417341/drv_sdmmc.o
                0x23f01c00                DRV_SDMMC_Tasks
 .text.BSP_Initialize
                0x23f04130       0x20 build/sam_9x75_eb/production/_ext/626097884/bsp.o
                0x23f04130                BSP_Initialize
 .text.SYS_INT_Disable
                0x23f04150        0xc build/sam_9x75_eb/production/_ext/1219600167/sys_int.o
                0x23f04150                SYS_INT_Disable
 .text.SYS_INT_Restore
                0x23f0415c        0xc build/sam_9x75_eb/production/_ext/1219600167/sys_int.o
                0x23f0415c                SYS_INT_Restore
 .text.SYS_INT_SourceIsEnabled
                0x23f04168       0x28 build/sam_9x75_eb/production/_ext/1219600167/sys_int.o
                0x23f04168                SYS_INT_SourceIsEnabled
 .text.SYS_INT_SourceEnable
                0x23f04190       0x28 build/sam_9x75_eb/production/_ext/1219600167/sys_int.o
                0x23f04190                SYS_INT_SourceEnable
 .text.SYS_INT_SourceDisable
                0x23f041b8       0x3c build/sam_9x75_eb/production/_ext/1219600167/sys_int.o
                0x23f041b8                SYS_INT_SourceDisable
 .text.SYS_CACHE_InvalidateDCache_by_Addr
                0x23f041f4        0xc build/sam_9x75_eb/production/_ext/1045604261/sys_cache.o
                0x23f041f4                SYS_CACHE_InvalidateDCache_by_Addr
 .text.SYS_CACHE_CleanDCache_by_Addr
                0x23f04200        0xc build/sam_9x75_eb/production/_ext/1045604261/sys_cache.o
                0x23f04200                SYS_CACHE_CleanDCache_by_Addr
 .text.appTransferHandler
                0x23f0420c       0x24 build/sam_9x75_eb/production/_ext/1360937237/app.o
                0x23f0420c                appTransferHandler
 .text.APP_Initialize
                0x23f04230       0x30 build/sam_9x75_eb/production/_ext/1360937237/app.o
                0x23f04230                APP_Initialize
 .text.APP_Tasks
                0x23f04260      0x250 build/sam_9x75_eb/production/_ext/1360937237/app.o
                0x23f04260                APP_Tasks
 .text.SYS_Tasks
                0x23f044b0       0x1c build/sam_9x75_eb/production/_ext/2080577836/tasks.o
                0x23f044b0                SYS_Tasks
 .text.SYS_TIME_GetTimerObject
                0x23f044cc       0x70 build/sam_9x75_eb/production/_ext/848834719/sys_time.o
 .text.SYS_TIME_HwTimerCompareUpdate
                0x23f0453c       0xfc build/sam_9x75_eb/production/_ext/848834719/sys_time.o
 .text.SYS_TIME_Counter64Update
                0x23f04638       0x28 build/sam_9x75_eb/production/_ext/848834719/sys_time.o
 .text.SYS_TIME_RemoveFromList
                0x23f04660       0x94 build/sam_9x75_eb/production/_ext/848834719/sys_time.o
 .text.SYS_TIME_AddToList
                0x23f046f4       0xe0 build/sam_9x75_eb/production/_ext/848834719/sys_time.o
 .text.SYS_TIME_GetElapsedCount
                0x23f047d4       0x1c build/sam_9x75_eb/production/_ext/848834719/sys_time.o
 .text.SYS_TIME_UpdateTimerList
                0x23f047f0       0x74 build/sam_9x75_eb/production/_ext/848834719/sys_time.o
 .text.SYS_TIME_TimerAdd
                0x23f04864       0x60 build/sam_9x75_eb/production/_ext/848834719/sys_time.o
 .text.SYS_TIME_ResourceLock
                0x23f048c4       0x54 build/sam_9x75_eb/production/_ext/848834719/sys_time.o
 .text.SYS_TIME_ResourceUnlock
                0x23f04918       0x28 build/sam_9x75_eb/production/_ext/848834719/sys_time.o
 .text.SYS_TIME_TimerObjectCreate
                0x23f04940      0x12c build/sam_9x75_eb/production/_ext/848834719/sys_time.o
 .text.SYS_TIME_Initialize
                0x23f04a6c      0x118 build/sam_9x75_eb/production/_ext/848834719/sys_time.o
                0x23f04a6c                SYS_TIME_Initialize
 .text.SYS_TIME_TimerDestroy
                0x23f04b84       0x6c build/sam_9x75_eb/production/_ext/848834719/sys_time.o
                0x23f04b84                SYS_TIME_TimerDestroy
 .text.SYS_TIME_PLIBCallback
                0x23f04bf0      0x168 build/sam_9x75_eb/production/_ext/848834719/sys_time.o
 .text.SYS_TIME_TimerStart
                0x23f04d58       0x94 build/sam_9x75_eb/production/_ext/848834719/sys_time.o
                0x23f04d58                SYS_TIME_TimerStart
 .text.SYS_TIME_TimerPeriodHasExpired
                0x23f04dec       0x40 build/sam_9x75_eb/production/_ext/848834719/sys_time.o
                0x23f04dec                SYS_TIME_TimerPeriodHasExpired
 .text.SYS_TIME_DelayMS
                0x23f04e2c       0x84 build/sam_9x75_eb/production/_ext/848834719/sys_time.o
                0x23f04e2c                SYS_TIME_DelayMS
 .text.SYS_TIME_DelayIsComplete
                0x23f04eb0       0x28 build/sam_9x75_eb/production/_ext/848834719/sys_time.o
                0x23f04eb0                SYS_TIME_DelayIsComplete
 .text.SYS_TIME_CallbackRegisterMS
                0x23f04ed8       0x9c build/sam_9x75_eb/production/_ext/848834719/sys_time.o
                0x23f04ed8                SYS_TIME_CallbackRegisterMS
 .text          0x23f04f74      0x20c c:/program files/microchip/xc32/v3.01/bin/bin/../../lib/gcc/pic32c/8.3.1/arm/v5te/nofp\libgcc.a(_udivsi3.o)
                0x23f04f74                __aeabi_uidiv
                0x23f04f74                __udivsi3
                0x23f05160                __aeabi_uidivmod
 .text          0x23f05180      0x240 c:/program files/microchip/xc32/v3.01/bin/bin/../../lib/gcc/pic32c/8.3.1/arm/v5te/nofp\libgcc.a(_divsi3.o)
                0x23f05180                __divsi3
                0x23f05180                __aeabi_idiv
                0x23f053a0                __aeabi_idivmod
 .text          0x23f053c0        0x4 c:/program files/microchip/xc32/v3.01/bin/bin/../../lib/gcc/pic32c/8.3.1/arm/v5te/nofp\libgcc.a(_dvmd_tls.o)
                0x23f053c0                __aeabi_idiv0
                0x23f053c0                __aeabi_ldiv0
 .text          0x23f053c4       0x3c c:/program files/microchip/xc32/v3.01/bin/bin/../../lib/gcc/pic32c/8.3.1/arm/v5te/nofp\libgcc.a(_aeabi_uldivmod.o)
                0x23f053c4                __aeabi_uldivmod
 .text          0x23f05400      0x12c c:/program files/microchip/xc32/v3.01/bin/bin/../../lib/gcc/pic32c/8.3.1/arm/v5te/nofp\libgcc.a(_udivmoddi4.o)
                0x23f05400                __udivmoddi4
 .text.__libc_init_array
                0x23f0552c       0x70 c:/program files/microchip/xc32/v3.01/bin/bin/../../lib/gcc/pic32c/8.3.1/../../../../pic32c/lib/arm/v5te/nofp\libc_nano.a(lib_a-init.o)
                0x23f0552c                __libc_init_array
 .text.memcmp   0x23f0559c       0x48 c:/program files/microchip/xc32/v3.01/bin/bin/../../lib/gcc/pic32c/8.3.1/../../../../pic32c/lib/arm/v5te/nofp\libc_nano.a(lib_a-memcmp.o)
                0x23f0559c                memcmp
 .text.memset   0x23f055e4       0x18 c:/program files/microchip/xc32/v3.01/bin/bin/../../lib/gcc/pic32c/8.3.1/../../../../pic32c/lib/arm/v5te/nofp\libc_nano.a(lib_a-memset.o)
                0x23f055e4                memset
 *(.rodata .rodata* .gnu.linkonce.r.*)
 .rodata.drvSDMMC0InitData
                0x23f055fc       0x24 build/sam_9x75_eb/production/_ext/2080577836/initialization.o
                0x23f055fc                drvSDMMC0InitData
 .rodata.drvSDMMC0PlibAPI
                0x23f05620       0x48 build/sam_9x75_eb/production/_ext/2080577836/initialization.o
                0x23f05620                drvSDMMC0PlibAPI
 .rodata.sysTimeInitData
                0x23f05668        0x8 build/sam_9x75_eb/production/_ext/2080577836/initialization.o
                0x23f05668                sysTimeInitData
 .rodata.sysTimePlibAPI
                0x23f05670       0x1c build/sam_9x75_eb/production/_ext/2080577836/initialization.o
                0x23f05670                sysTimePlibAPI
 .rodata        0x23f0568c       0x24 build/sam_9x75_eb/production/_ext/601902766/plib_clk.o
 .rodata.TRAN_SPEED_MULT_TABLE.8661
                0x23f056b0       0x40 build/sam_9x75_eb/production/_ext/613417341/drv_sdmmc.o
 .rodata.TRAN_SPEED_UNIT_TABLE.8660
                0x23f056f0       0x20 build/sam_9x75_eb/production/_ext/613417341/drv_sdmmc.o
 *(.ARM.extab* .gnu.linkonce.armextab.*)
                0x23f05710                . = ALIGN (0x4)
 *(.init)
 .init          0x23f05710        0xc c:/program files/microchip/xc32/v3.01/bin/bin/../../lib/gcc/pic32c/8.3.1/arm/v5te/nofp/crti.o
                0x23f05710                _init
 .init          0x23f0571c        0xc c:/program files/microchip/xc32/v3.01/bin/bin/../../lib/gcc/pic32c/8.3.1/arm/v5te/nofp/crtn.o
                0x23f05728                . = ALIGN (0x4)
                0x23f05728                PROVIDE (__preinit_array_start = .)
 *(.preinit_array)
                0x23f05728                PROVIDE (__preinit_array_end = .)
                0x23f05728                . = ALIGN (0x4)
                0x23f05728                PROVIDE (__init_array_start = .)
 *(SORT_BY_NAME(.init_array.*))
 *(.init_array)
 .init_array    0x23f05728        0x4 c:/program files/microchip/xc32/v3.01/bin/bin/../../lib/gcc/pic32c/8.3.1/arm/v5te/nofp/crtbegin.o
                0x23f0572c                PROVIDE (__init_array_end = .)
                0x23f0572c                . = ALIGN (0x4)
 *crtbegin.o(.ctors)
 *(EXCLUDE_FILE(*crtend.o) .ctors)
 *(SORT_BY_NAME(.ctors.*))
 *crtend.o(.ctors)
                0x23f0572c                . = ALIGN (0x4)
 *(.fini)
 .fini          0x23f0572c        0xc c:/program files/microchip/xc32/v3.01/bin/bin/../../lib/gcc/pic32c/8.3.1/arm/v5te/nofp/crti.o
                0x23f0572c                _fini
 .fini          0x23f05738        0xc c:/program files/microchip/xc32/v3.01/bin/bin/../../lib/gcc/pic32c/8.3.1/arm/v5te/nofp/crtn.o
                0x23f05744                . = ALIGN (0x4)
                [!provide]                PROVIDE (__fini_array_start = .)
 *(.fini_array)
 .fini_array    0x23f05744        0x4 c:/program files/microchip/xc32/v3.01/bin/bin/../../lib/gcc/pic32c/8.3.1/arm/v5te/nofp/crtbegin.o
 *(SORT_BY_NAME(.fini_array.*))
                [!provide]                PROVIDE (__fini_array_end = .)
 *crtbegin.o(.dtors)
 *(EXCLUDE_FILE(*crtend.o) .dtors)
 *(SORT_BY_NAME(.dtors.*))
 *crtend.o(.dtors)
 *(.dinit*)
                0x23f05748                . = ALIGN (0x4)

.data           0x23f05748       0x30
 *(.data .data.*)
 .data.irqData  0x23f05748       0x28 build/sam_9x75_eb/production/_ext/2080577836/interrupts.o
                0x23f05748                irqData
 .data.irqDataEntryCount
                0x23f05770        0x4 build/sam_9x75_eb/production/_ext/2080577836/interrupts.o
                0x23f05770                irqDataEntryCount
 .data.cardAttached.8815
                0x23f05774        0x1 build/sam_9x75_eb/production/_ext/613417341/drv_sdmmc.o
 *fill*         0x23f05775        0x1 
 .data.gSysTimeTokenCount
                0x23f05776        0x2 build/sam_9x75_eb/production/_ext/848834719/sys_time.o
                0x23f05778                . = ALIGN (0x4)
                [!provide]                PROVIDE (_efixed = .)
                [!provide]                PROVIDE (__exidx_start = .)

.ARM.exidx      0x23f05778        0x8
 *(.ARM.exidx* .gnu.linkonce.armexidx.*)
 .ARM.exidx     0x23f05778        0x8 c:/program files/microchip/xc32/v3.01/bin/bin/../../lib/gcc/pic32c/8.3.1/arm/v5te/nofp\libgcc.a(_udivmoddi4.o)
                [!provide]                PROVIDE (__exidx_end = .)
                0x23f05780                . = ALIGN (0x4)
                0x23f05780                PROVIDE (_etext = .)

.relocate       0x00300000       0x40 load address 0x23f05780
                0x00300000                . = ALIGN (0x4)
                0x00300000                PROVIDE (_srelocate = .)
 *(.vectors .vectors.*)
 .vectors       0x00300000       0x3c build/sam_9x75_eb/production/_ext/2080577836/cstartup.o
 .vectors       0x0030003c        0x4 build/sam_9x75_eb/production/_ext/2080577836/vectortrap.o
                0x0030003c                software_interrupt_irq_handler
                0x0030003c                prefetch_abort_irq_handler
                0x0030003c                data_abort_irq_handler
                0x0030003c                undefined_instruction_irq_handler
 *(.ramfunc)
                0x00300040                . = ALIGN (0x4)
                0x00300040                PROVIDE (_erelocate = .)

.region_cache_aligned_const
                0x23f05780        0x0
                0x23f05780                . = ALIGN (0x20)
 *(.region_cache_aligned_const)
                0x23f05780                . = ALIGN (0x20)

.region_sram    0x00300040        0x0
                0x00300040                . = ALIGN (0x4)
 *(.region_sram)

.region_ram     0x23f05780        0x0
                0x23f05780                . = ALIGN (0x4)
 *(.region_ram)

.region_nocache
                0x20000000        0x0
                0x20000000                . = ALIGN (0x4)
 *(.region_nocache)

.bss            0x23f08000    0x26498
                0x23f08000                . = ALIGN (0x4)
                0x23f08000                PROVIDE (_szero = .)
 *(.bss .bss.*)
 .bss           0x23f08000       0x1c c:/program files/microchip/xc32/v3.01/bin/bin/../../lib/gcc/pic32c/8.3.1/arm/v5te/nofp/crtbegin.o
 .bss.drvSDMMC0BufferObjPool
                0x23f0801c       0x48 build/sam_9x75_eb/production/_ext/2080577836/initialization.o
 .bss.drvSDMMC0ClientObjPool
                0x23f08064       0x10 build/sam_9x75_eb/production/_ext/2080577836/initialization.o
 .bss.sysObj    0x23f08074        0x8 build/sam_9x75_eb/production/_ext/2080577836/initialization.o
                0x23f08074                sysObj
 .bss.spuriousEventCount
                0x23f0807c        0x4 build/sam_9x75_eb/production/_ext/2080577836/interrupts.o
                0x23f0807c                spuriousEventCount
 *fill*         0x23f08080     0x3f80 
 .bss.trns_tbl  0x23f0c000     0x4000 build/sam_9x75_eb/production/_ext/601893115/plib_mmu.o
 .bss.sdmmc0DmaDescrTable
                0x23f10000       0x20 build/sam_9x75_eb/production/_ext/1406570242/plib_sdmmc0.o
 .bss.sdmmc0Obj
                0x23f10020        0xc build/sam_9x75_eb/production/_ext/1406570242/plib_sdmmc0.o
 .bss.TC0_CH0_CallbackObj
                0x23f1002c        0x8 build/sam_9x75_eb/production/_ext/1404889025/plib_tc0.o
                0x23f1002c                TC0_CH0_CallbackObj
 *fill*         0x23f10034        0xc 
 .bss.gDrvSDMMCObj
                0x23f10040      0x340 build/sam_9x75_eb/production/_ext/613417341/drv_sdmmc.o
 .bss.appData   0x23f10380       0x20 build/sam_9x75_eb/production/_ext/1360937237/app.o
                0x23f10380                appData
 .bss.geometry  0x23f103a0        0x4 build/sam_9x75_eb/production/_ext/1360937237/app.o
                0x23f103a0                geometry
 *fill*         0x23f103a4       0x1c 
 .bss.readBuffer
                0x23f103c0     0xf000 build/sam_9x75_eb/production/_ext/1360937237/app.o
                0x23f103c0                readBuffer
 .bss.writeBuffer
                0x23f1f3c0     0xf000 build/sam_9x75_eb/production/_ext/1360937237/app.o
                0x23f1f3c0                writeBuffer
 .bss.gSystemCounterObj
                0x23f2e3c0       0x38 build/sam_9x75_eb/production/_ext/848834719/sys_time.o
 .bss.timers    0x23f2e3f8       0xa0 build/sam_9x75_eb/production/_ext/848834719/sys_time.o
 *(COMMON)
                0x23f2e498                . = ALIGN (0x4)
                0x23f2e498                PROVIDE (_ezero = .)

.region_cache_aligned
                0x23f2e498        0x8
                0x23f2e4a0                . = ALIGN (0x20)
 *fill*         0x23f2e498        0x8 
 *(.region_cache_aligned)
                0x23f2e4a0                . = ALIGN (0x20)

.stacks         0x23f2e4a0     0x2140
                0x23f2e500                . = (. + IRQ_STACK_SIZE)
 *fill*         0x23f2e4a0       0x60 
                0x23f2e500                . = ALIGN (0x8)
                0x23f2e500                _irqstack = .
                0x23f2e560                . = (. + FIQ_STACK_SIZE)
 *fill*         0x23f2e500       0x60 
                0x23f2e560                . = ALIGN (0x8)
                0x23f2e560                _fiqstack = .
                0x23f2e5a0                . = (. + ABT_STACK_SIZE)
 *fill*         0x23f2e560       0x40 
                0x23f2e5a0                . = ALIGN (0x8)
                0x23f2e5a0                _abtstack = .
                0x23f2e5e0                . = (. + UND_STACK_SIZE)
 *fill*         0x23f2e5a0       0x40 
                0x23f2e5e0                . = ALIGN (0x8)
                0x23f2e5e0                _undstack = .
                0x23f2f5e0                . = (. + SVC_STACK_SIZE)
 *fill*         0x23f2e5e0     0x1000 
                0x23f2f5e0                . = ALIGN (0x8)
                0x23f2f5e0                _svcstack = .
                0x23f305e0                . = (. + C_STACK_SIZE)
 *fill*         0x23f2f5e0     0x1000 
                0x23f305e0                . = ALIGN (0x8)
                0x23f305e0                _cstack = .
                0x23f305e0                _end = .
                0x23f305e0                _ramcode_lma = _end

.ramcode        0x00300040        0x0 load address 0x23f305e0
                0x00300040                _sramcode = .
 *(.ramcode_section)
                0x00300040                _eramcode = .
                0x23f305e0                _ramdata_lma = ((_end + _eramcode) - _sramcode)

.ramdata        0x00300040        0x0 load address 0x23f305e0
                0x00300040                _sramdata = .
 *(.ramdata_section)
                0x00300040                _eramdata = .
                0x00000200                _min_heap_size = 0x200
START GROUP
LOAD c:/program files/microchip/xc32/v3.01/bin/bin/../../lib/gcc/pic32c/8.3.1/../../../../pic32c/lib/arm/v5te/nofp\libpic32c.a
LOAD c:/program files/microchip/xc32/v3.01/bin/bin/../../lib/gcc/pic32c/8.3.1/arm/v5te/nofp\libgcc.a
LOAD c:/program files/microchip/xc32/v3.01/bin/bin/../../lib/gcc/pic32c/8.3.1/../../../../pic32c/lib/arm/v5te/nofp\libm_nano.a
LOAD c:/program files/microchip/xc32/v3.01/bin/bin/../../lib/gcc/pic32c/8.3.1/../../../../pic32c/lib/arm/v5te/nofp\libc_nano.a
END GROUP
LOAD c:/program files/microchip/xc32/v3.01/bin/bin/../../lib/gcc/pic32c/8.3.1/arm/v5te/nofp/crtend.o
LOAD c:/program files/microchip/xc32/v3.01/bin/bin/../../lib/gcc/pic32c/8.3.1/arm/v5te/nofp/crtn.o
OUTPUT(dist/sam_9x75_eb/production/sam_9x75_eb.X.production.elf elf32-littlearm)
LOAD stack

.ARM.attributes
                0x00000000       0x28
 .ARM.attributes
                0x00000000       0x1d c:/program files/microchip/xc32/v3.01/bin/bin/../../lib/gcc/pic32c/8.3.1/arm/v5te/nofp/crti.o
 .ARM.attributes
                0x0000001d       0x2b c:/program files/microchip/xc32/v3.01/bin/bin/../../lib/gcc/pic32c/8.3.1/arm/v5te/nofp/crtbegin.o
 .ARM.attributes
                0x00000048       0x2c build/sam_9x75_eb/production/_ext/1360937237/main.o
 .ARM.attributes
                0x00000074       0x2c build/sam_9x75_eb/production/_ext/2080577836/initialization.o
 .ARM.attributes
                0x000000a0       0x2c build/sam_9x75_eb/production/_ext/2080577836/interrupts.o
 .ARM.attributes
                0x000000cc       0x2c build/sam_9x75_eb/production/_ext/601893115/plib_mmu.o
 .ARM.attributes
                0x000000f8       0x2c build/sam_9x75_eb/production/_ext/601902766/plib_clk.o
 .ARM.attributes
                0x00000124       0x2c build/sam_9x75_eb/production/_ext/601890362/plib_pio.o
 .ARM.attributes
                0x00000150       0x2c build/sam_9x75_eb/production/_ext/601904789/plib_aic.o
 .ARM.attributes
                0x0000017c       0x1c build/sam_9x75_eb/production/_ext/2080577836/cstartup.o
 .ARM.attributes
                0x00000198       0x1c build/sam_9x75_eb/production/_ext/2080577836/vectortrap.o
 .ARM.attributes
                0x000001b4       0x2c build/sam_9x75_eb/production/_ext/1406570242/plib_sdmmc0.o
 .ARM.attributes
                0x000001e0       0x2c build/sam_9x75_eb/production/_ext/1404889025/plib_tc0.o
 .ARM.attributes
                0x0000020c       0x2c build/sam_9x75_eb/production/_ext/613417341/drv_sdmmc.o
 .ARM.attributes
                0x00000238       0x2c build/sam_9x75_eb/production/_ext/626097884/bsp.o
 .ARM.attributes
                0x00000264       0x2c build/sam_9x75_eb/production/_ext/1219600167/sys_int.o
 .ARM.attributes
                0x00000290       0x2c build/sam_9x75_eb/production/_ext/1045604261/sys_cache.o
 .ARM.attributes
                0x000002bc       0x2c build/sam_9x75_eb/production/_ext/1360937237/app.o
 .ARM.attributes
                0x000002e8       0x2c build/sam_9x75_eb/production/_ext/2080577836/tasks.o
 .ARM.attributes
                0x00000314       0x2c build/sam_9x75_eb/production/_ext/848834719/sys_time.o
 .ARM.attributes
                0x00000340       0x1d c:/program files/microchip/xc32/v3.01/bin/bin/../../lib/gcc/pic32c/8.3.1/arm/v5te/nofp\libgcc.a(_udivsi3.o)
 .ARM.attributes
                0x0000035d       0x1d c:/program files/microchip/xc32/v3.01/bin/bin/../../lib/gcc/pic32c/8.3.1/arm/v5te/nofp\libgcc.a(_divsi3.o)
 .ARM.attributes
                0x0000037a       0x1d c:/program files/microchip/xc32/v3.01/bin/bin/../../lib/gcc/pic32c/8.3.1/arm/v5te/nofp\libgcc.a(_dvmd_tls.o)
 .ARM.attributes
                0x00000397       0x1d c:/program files/microchip/xc32/v3.01/bin/bin/../../lib/gcc/pic32c/8.3.1/arm/v5te/nofp\libgcc.a(_aeabi_uldivmod.o)
 .ARM.attributes
                0x000003b4       0x2b c:/program files/microchip/xc32/v3.01/bin/bin/../../lib/gcc/pic32c/8.3.1/arm/v5te/nofp\libgcc.a(_udivmoddi4.o)
 .ARM.attributes
                0x000003df       0x2b c:/program files/microchip/xc32/v3.01/bin/bin/../../lib/gcc/pic32c/8.3.1/../../../../pic32c/lib/arm/v5te/nofp\libc_nano.a(lib_a-init.o)
 .ARM.attributes
                0x0000040a       0x2b c:/program files/microchip/xc32/v3.01/bin/bin/../../lib/gcc/pic32c/8.3.1/../../../../pic32c/lib/arm/v5te/nofp\libc_nano.a(lib_a-memcmp.o)
 .ARM.attributes
                0x00000435       0x2b c:/program files/microchip/xc32/v3.01/bin/bin/../../lib/gcc/pic32c/8.3.1/../../../../pic32c/lib/arm/v5te/nofp\libc_nano.a(lib_a-memset.o)
 .ARM.attributes
                0x00000460       0x1d c:/program files/microchip/xc32/v3.01/bin/bin/../../lib/gcc/pic32c/8.3.1/arm/v5te/nofp/crtn.o

.comment        0x00000000       0x53
 .comment       0x00000000       0x53 c:/program files/microchip/xc32/v3.01/bin/bin/../../lib/gcc/pic32c/8.3.1/arm/v5te/nofp/crtbegin.o
                                 0x54 (size before relaxing)
 .comment       0x00000053       0x54 build/sam_9x75_eb/production/_ext/1360937237/main.o
 .comment       0x00000053       0x54 build/sam_9x75_eb/production/_ext/2080577836/initialization.o
 .comment       0x00000053       0x54 build/sam_9x75_eb/production/_ext/2080577836/interrupts.o
 .comment       0x00000053       0x54 build/sam_9x75_eb/production/_ext/601893115/plib_mmu.o
 .comment       0x00000053       0x54 build/sam_9x75_eb/production/_ext/601902766/plib_clk.o
 .comment       0x00000053       0x54 build/sam_9x75_eb/production/_ext/601890362/plib_pio.o
 .comment       0x00000053       0x54 build/sam_9x75_eb/production/_ext/601904789/plib_aic.o
 .comment       0x00000053       0x54 build/sam_9x75_eb/production/_ext/1406570242/plib_sdmmc0.o
 .comment       0x00000053       0x54 build/sam_9x75_eb/production/_ext/1404889025/plib_tc0.o
 .comment       0x00000053       0x54 build/sam_9x75_eb/production/_ext/613417341/drv_sdmmc.o
 .comment       0x00000053       0x54 build/sam_9x75_eb/production/_ext/626097884/bsp.o
 .comment       0x00000053       0x54 build/sam_9x75_eb/production/_ext/1219600167/sys_int.o
 .comment       0x00000053       0x54 build/sam_9x75_eb/production/_ext/1045604261/sys_cache.o
 .comment       0x00000053       0x54 build/sam_9x75_eb/production/_ext/1360937237/app.o
 .comment       0x00000053       0x54 build/sam_9x75_eb/production/_ext/2080577836/tasks.o
 .comment       0x00000053       0x54 build/sam_9x75_eb/production/_ext/848834719/sys_time.o
 .comment       0x00000053       0x54 c:/program files/microchip/xc32/v3.01/bin/bin/../../lib/gcc/pic32c/8.3.1/arm/v5te/nofp\libgcc.a(_udivmoddi4.o)
 .comment       0x00000053       0x54 c:/program files/microchip/xc32/v3.01/bin/bin/../../lib/gcc/pic32c/8.3.1/../../../../pic32c/lib/arm/v5te/nofp\libc_nano.a(lib_a-init.o)
 .comment       0x00000053       0x54 c:/program files/microchip/xc32/v3.01/bin/bin/../../lib/gcc/pic32c/8.3.1/../../../../pic32c/lib/arm/v5te/nofp\libc_nano.a(lib_a-memcmp.o)
 .comment       0x00000053       0x54 c:/program files/microchip/xc32/v3.01/bin/bin/../../lib/gcc/pic32c/8.3.1/../../../../pic32c/lib/arm/v5te/nofp\libc_nano.a(lib_a-memset.o)

.debug_info     0x00000000    0x1c2f1
 .debug_info    0x00000000     0x100c build/sam_9x75_eb/production/_ext/1360937237/main.o
 .debug_info    0x0000100c     0x3137 build/sam_9x75_eb/production/_ext/2080577836/initialization.o
 .debug_info    0x00004143     0x15c9 build/sam_9x75_eb/production/_ext/2080577836/interrupts.o
 .debug_info    0x0000570c      0xe3a build/sam_9x75_eb/production/_ext/601893115/plib_mmu.o
 .debug_info    0x00006546      0x8cf build/sam_9x75_eb/production/_ext/601902766/plib_clk.o
 .debug_info    0x00006e15      0xc2b build/sam_9x75_eb/production/_ext/601890362/plib_pio.o
 .debug_info    0x00007a40     0x1747 build/sam_9x75_eb/production/_ext/601904789/plib_aic.o
 .debug_info    0x00009187       0x22 build/sam_9x75_eb/production/_ext/2080577836/cstartup.o
 .debug_info    0x000091a9       0x26 build/sam_9x75_eb/production/_ext/2080577836/vectortrap.o
 .debug_info    0x000091cf     0x1bd5 build/sam_9x75_eb/production/_ext/1406570242/plib_sdmmc0.o
 .debug_info    0x0000ada4      0x9a2 build/sam_9x75_eb/production/_ext/1404889025/plib_tc0.o
 .debug_info    0x0000b746     0x5a53 build/sam_9x75_eb/production/_ext/613417341/drv_sdmmc.o
 .debug_info    0x00011199     0x1539 build/sam_9x75_eb/production/_ext/626097884/bsp.o
 .debug_info    0x000126d2     0x122c build/sam_9x75_eb/production/_ext/1219600167/sys_int.o
 .debug_info    0x000138fe      0x7a5 build/sam_9x75_eb/production/_ext/1045604261/sys_cache.o
 .debug_info    0x000140a3     0x1dfc build/sam_9x75_eb/production/_ext/1360937237/app.o
 .debug_info    0x00015e9f     0x1018 build/sam_9x75_eb/production/_ext/2080577836/tasks.o
 .debug_info    0x00016eb7     0x379e build/sam_9x75_eb/production/_ext/848834719/sys_time.o
 .debug_info    0x0001a655       0x26 c:/program files/microchip/xc32/v3.01/bin/bin/../../lib/gcc/pic32c/8.3.1/arm/v5te/nofp\libgcc.a(_udivsi3.o)
 .debug_info    0x0001a67b       0x26 c:/program files/microchip/xc32/v3.01/bin/bin/../../lib/gcc/pic32c/8.3.1/arm/v5te/nofp\libgcc.a(_divsi3.o)
 .debug_info    0x0001a6a1       0x26 c:/program files/microchip/xc32/v3.01/bin/bin/../../lib/gcc/pic32c/8.3.1/arm/v5te/nofp\libgcc.a(_dvmd_tls.o)
 .debug_info    0x0001a6c7       0x26 c:/program files/microchip/xc32/v3.01/bin/bin/../../lib/gcc/pic32c/8.3.1/arm/v5te/nofp\libgcc.a(_aeabi_uldivmod.o)
 .debug_info    0x0001a6ed     0x1c04 c:/program files/microchip/xc32/v3.01/bin/bin/../../lib/gcc/pic32c/8.3.1/arm/v5te/nofp\libgcc.a(_udivmoddi4.o)

.debug_abbrev   0x00000000     0x2d76
 .debug_abbrev  0x00000000      0x20d build/sam_9x75_eb/production/_ext/1360937237/main.o
 .debug_abbrev  0x0000020d      0x32b build/sam_9x75_eb/production/_ext/2080577836/initialization.o
 .debug_abbrev  0x00000538      0x211 build/sam_9x75_eb/production/_ext/2080577836/interrupts.o
 .debug_abbrev  0x00000749      0x242 build/sam_9x75_eb/production/_ext/601893115/plib_mmu.o
 .debug_abbrev  0x0000098b      0x151 build/sam_9x75_eb/production/_ext/601902766/plib_clk.o
 .debug_abbrev  0x00000adc      0x155 build/sam_9x75_eb/production/_ext/601890362/plib_pio.o
 .debug_abbrev  0x00000c31      0x2e7 build/sam_9x75_eb/production/_ext/601904789/plib_aic.o
 .debug_abbrev  0x00000f18       0x12 build/sam_9x75_eb/production/_ext/2080577836/cstartup.o
 .debug_abbrev  0x00000f2a       0x14 build/sam_9x75_eb/production/_ext/2080577836/vectortrap.o
 .debug_abbrev  0x00000f3e      0x375 build/sam_9x75_eb/production/_ext/1406570242/plib_sdmmc0.o
 .debug_abbrev  0x000012b3      0x1bb build/sam_9x75_eb/production/_ext/1404889025/plib_tc0.o
 .debug_abbrev  0x0000146e      0x6ca build/sam_9x75_eb/production/_ext/613417341/drv_sdmmc.o
 .debug_abbrev  0x00001b38      0x1cb build/sam_9x75_eb/production/_ext/626097884/bsp.o
 .debug_abbrev  0x00001d03      0x290 build/sam_9x75_eb/production/_ext/1219600167/sys_int.o
 .debug_abbrev  0x00001f93       0x9f build/sam_9x75_eb/production/_ext/1045604261/sys_cache.o
 .debug_abbrev  0x00002032      0x2d7 build/sam_9x75_eb/production/_ext/1360937237/app.o
 .debug_abbrev  0x00002309      0x206 build/sam_9x75_eb/production/_ext/2080577836/tasks.o
 .debug_abbrev  0x0000250f      0x6b1 build/sam_9x75_eb/production/_ext/848834719/sys_time.o
 .debug_abbrev  0x00002bc0       0x14 c:/program files/microchip/xc32/v3.01/bin/bin/../../lib/gcc/pic32c/8.3.1/arm/v5te/nofp\libgcc.a(_udivsi3.o)
 .debug_abbrev  0x00002bd4       0x14 c:/program files/microchip/xc32/v3.01/bin/bin/../../lib/gcc/pic32c/8.3.1/arm/v5te/nofp\libgcc.a(_divsi3.o)
 .debug_abbrev  0x00002be8       0x14 c:/program files/microchip/xc32/v3.01/bin/bin/../../lib/gcc/pic32c/8.3.1/arm/v5te/nofp\libgcc.a(_dvmd_tls.o)
 .debug_abbrev  0x00002bfc       0x14 c:/program files/microchip/xc32/v3.01/bin/bin/../../lib/gcc/pic32c/8.3.1/arm/v5te/nofp\libgcc.a(_aeabi_uldivmod.o)
 .debug_abbrev  0x00002c10      0x166 c:/program files/microchip/xc32/v3.01/bin/bin/../../lib/gcc/pic32c/8.3.1/arm/v5te/nofp\libgcc.a(_udivmoddi4.o)

.debug_loc      0x00000000     0x6990
 .debug_loc     0x00000000       0x20 build/sam_9x75_eb/production/_ext/1360937237/main.o
 .debug_loc     0x00000020       0xf8 build/sam_9x75_eb/production/_ext/2080577836/initialization.o
 .debug_loc     0x00000118      0x584 build/sam_9x75_eb/production/_ext/601893115/plib_mmu.o
 .debug_loc     0x0000069c       0x4e build/sam_9x75_eb/production/_ext/601902766/plib_clk.o
 .debug_loc     0x000006ea       0x94 build/sam_9x75_eb/production/_ext/601890362/plib_pio.o
 .debug_loc     0x0000077e      0x142 build/sam_9x75_eb/production/_ext/601904789/plib_aic.o
 .debug_loc     0x000008c0      0x916 build/sam_9x75_eb/production/_ext/1406570242/plib_sdmmc0.o
 .debug_loc     0x000011d6       0x66 build/sam_9x75_eb/production/_ext/1404889025/plib_tc0.o
 .debug_loc     0x0000123c     0x2fa4 build/sam_9x75_eb/production/_ext/613417341/drv_sdmmc.o
 .debug_loc     0x000041e0      0x53a build/sam_9x75_eb/production/_ext/1219600167/sys_int.o
 .debug_loc     0x0000471a      0x27e build/sam_9x75_eb/production/_ext/1045604261/sys_cache.o
 .debug_loc     0x00004998       0xa1 build/sam_9x75_eb/production/_ext/1360937237/app.o
 .debug_loc     0x00004a39       0x20 build/sam_9x75_eb/production/_ext/2080577836/tasks.o
 .debug_loc     0x00004a59     0x1d36 build/sam_9x75_eb/production/_ext/848834719/sys_time.o
 .debug_loc     0x0000678f      0x201 c:/program files/microchip/xc32/v3.01/bin/bin/../../lib/gcc/pic32c/8.3.1/arm/v5te/nofp\libgcc.a(_udivmoddi4.o)

.debug_aranges  0x00000000      0x708
 .debug_aranges
                0x00000000       0x20 build/sam_9x75_eb/production/_ext/1360937237/main.o
 .debug_aranges
                0x00000020       0x20 build/sam_9x75_eb/production/_ext/2080577836/initialization.o
 .debug_aranges
                0x00000040       0x40 build/sam_9x75_eb/production/_ext/2080577836/interrupts.o
 .debug_aranges
                0x00000080       0x78 build/sam_9x75_eb/production/_ext/601893115/plib_mmu.o
 .debug_aranges
                0x000000f8       0x20 build/sam_9x75_eb/production/_ext/601902766/plib_clk.o
 .debug_aranges
                0x00000118       0x60 build/sam_9x75_eb/production/_ext/601890362/plib_pio.o
 .debug_aranges
                0x00000178       0x38 build/sam_9x75_eb/production/_ext/601904789/plib_aic.o
 .debug_aranges
                0x000001b0       0x30 build/sam_9x75_eb/production/_ext/2080577836/cstartup.o
 .debug_aranges
                0x000001e0       0x20 build/sam_9x75_eb/production/_ext/2080577836/vectortrap.o
 .debug_aranges
                0x00000200       0xb8 build/sam_9x75_eb/production/_ext/1406570242/plib_sdmmc0.o
 .debug_aranges
                0x000002b8       0x70 build/sam_9x75_eb/production/_ext/1404889025/plib_tc0.o
 .debug_aranges
                0x00000328       0xb0 build/sam_9x75_eb/production/_ext/613417341/drv_sdmmc.o
 .debug_aranges
                0x000003d8       0x20 build/sam_9x75_eb/production/_ext/626097884/bsp.o
 .debug_aranges
                0x000003f8       0x70 build/sam_9x75_eb/production/_ext/1219600167/sys_int.o
 .debug_aranges
                0x00000468       0x80 build/sam_9x75_eb/production/_ext/1045604261/sys_cache.o
 .debug_aranges
                0x000004e8       0x30 build/sam_9x75_eb/production/_ext/1360937237/app.o
 .debug_aranges
                0x00000518       0x20 build/sam_9x75_eb/production/_ext/2080577836/tasks.o
 .debug_aranges
                0x00000538      0x130 build/sam_9x75_eb/production/_ext/848834719/sys_time.o
 .debug_aranges
                0x00000668       0x20 c:/program files/microchip/xc32/v3.01/bin/bin/../../lib/gcc/pic32c/8.3.1/arm/v5te/nofp\libgcc.a(_udivsi3.o)
 .debug_aranges
                0x00000688       0x20 c:/program files/microchip/xc32/v3.01/bin/bin/../../lib/gcc/pic32c/8.3.1/arm/v5te/nofp\libgcc.a(_divsi3.o)
 .debug_aranges
                0x000006a8       0x20 c:/program files/microchip/xc32/v3.01/bin/bin/../../lib/gcc/pic32c/8.3.1/arm/v5te/nofp\libgcc.a(_dvmd_tls.o)
 .debug_aranges
                0x000006c8       0x20 c:/program files/microchip/xc32/v3.01/bin/bin/../../lib/gcc/pic32c/8.3.1/arm/v5te/nofp\libgcc.a(_aeabi_uldivmod.o)
 .debug_aranges
                0x000006e8       0x20 c:/program files/microchip/xc32/v3.01/bin/bin/../../lib/gcc/pic32c/8.3.1/arm/v5te/nofp\libgcc.a(_udivmoddi4.o)

.debug_ranges   0x00000000      0x7e8
 .debug_ranges  0x00000000       0x10 build/sam_9x75_eb/production/_ext/1360937237/main.o
 .debug_ranges  0x00000010       0x10 build/sam_9x75_eb/production/_ext/2080577836/initialization.o
 .debug_ranges  0x00000020       0x30 build/sam_9x75_eb/production/_ext/2080577836/interrupts.o
 .debug_ranges  0x00000050      0x170 build/sam_9x75_eb/production/_ext/601893115/plib_mmu.o
 .debug_ranges  0x000001c0       0x10 build/sam_9x75_eb/production/_ext/601902766/plib_clk.o
 .debug_ranges  0x000001d0       0x50 build/sam_9x75_eb/production/_ext/601890362/plib_pio.o
 .debug_ranges  0x00000220       0x40 build/sam_9x75_eb/production/_ext/601904789/plib_aic.o
 .debug_ranges  0x00000260       0x28 build/sam_9x75_eb/production/_ext/2080577836/cstartup.o
 .debug_ranges  0x00000288       0xf0 build/sam_9x75_eb/production/_ext/1406570242/plib_sdmmc0.o
 .debug_ranges  0x00000378       0x60 build/sam_9x75_eb/production/_ext/1404889025/plib_tc0.o
 .debug_ranges  0x000003d8      0x148 build/sam_9x75_eb/production/_ext/613417341/drv_sdmmc.o
 .debug_ranges  0x00000520       0x10 build/sam_9x75_eb/production/_ext/626097884/bsp.o
 .debug_ranges  0x00000530       0x98 build/sam_9x75_eb/production/_ext/1219600167/sys_int.o
 .debug_ranges  0x000005c8       0x70 build/sam_9x75_eb/production/_ext/1045604261/sys_cache.o
 .debug_ranges  0x00000638       0x20 build/sam_9x75_eb/production/_ext/1360937237/app.o
 .debug_ranges  0x00000658       0x10 build/sam_9x75_eb/production/_ext/2080577836/tasks.o
 .debug_ranges  0x00000668      0x180 build/sam_9x75_eb/production/_ext/848834719/sys_time.o

.debug_line     0x00000000     0x7256
 .debug_line    0x00000000      0x223 build/sam_9x75_eb/production/_ext/1360937237/main.o
 .debug_line    0x00000223      0x643 build/sam_9x75_eb/production/_ext/2080577836/initialization.o
 .debug_line    0x00000866      0x2e7 build/sam_9x75_eb/production/_ext/2080577836/interrupts.o
 .debug_line    0x00000b4d      0x710 build/sam_9x75_eb/production/_ext/601893115/plib_mmu.o
 .debug_line    0x0000125d      0x199 build/sam_9x75_eb/production/_ext/601902766/plib_clk.o
 .debug_line    0x000013f6      0x370 build/sam_9x75_eb/production/_ext/601890362/plib_pio.o
 .debug_line    0x00001766      0x50d build/sam_9x75_eb/production/_ext/601904789/plib_aic.o
 .debug_line    0x00001c73       0xf6 build/sam_9x75_eb/production/_ext/2080577836/cstartup.o
 .debug_line    0x00001d69       0x56 build/sam_9x75_eb/production/_ext/2080577836/vectortrap.o
 .debug_line    0x00001dbf      0x8a6 build/sam_9x75_eb/production/_ext/1406570242/plib_sdmmc0.o
 .debug_line    0x00002665      0x296 build/sam_9x75_eb/production/_ext/1404889025/plib_tc0.o
 .debug_line    0x000028fb     0x2062 build/sam_9x75_eb/production/_ext/613417341/drv_sdmmc.o
 .debug_line    0x0000495d      0x1d3 build/sam_9x75_eb/production/_ext/626097884/bsp.o
 .debug_line    0x00004b30      0x569 build/sam_9x75_eb/production/_ext/1219600167/sys_int.o
 .debug_line    0x00005099      0x270 build/sam_9x75_eb/production/_ext/1045604261/sys_cache.o
 .debug_line    0x00005309      0x3fe build/sam_9x75_eb/production/_ext/1360937237/app.o
 .debug_line    0x00005707      0x267 build/sam_9x75_eb/production/_ext/2080577836/tasks.o
 .debug_line    0x0000596e     0x12a5 build/sam_9x75_eb/production/_ext/848834719/sys_time.o
 .debug_line    0x00006c13       0xb9 c:/program files/microchip/xc32/v3.01/bin/bin/../../lib/gcc/pic32c/8.3.1/arm/v5te/nofp\libgcc.a(_udivsi3.o)
 .debug_line    0x00006ccc       0xc5 c:/program files/microchip/xc32/v3.01/bin/bin/../../lib/gcc/pic32c/8.3.1/arm/v5te/nofp\libgcc.a(_divsi3.o)
 .debug_line    0x00006d91       0x9c c:/program files/microchip/xc32/v3.01/bin/bin/../../lib/gcc/pic32c/8.3.1/arm/v5te/nofp\libgcc.a(_dvmd_tls.o)
 .debug_line    0x00006e2d       0x9c c:/program files/microchip/xc32/v3.01/bin/bin/../../lib/gcc/pic32c/8.3.1/arm/v5te/nofp\libgcc.a(_aeabi_uldivmod.o)
 .debug_line    0x00006ec9      0x38d c:/program files/microchip/xc32/v3.01/bin/bin/../../lib/gcc/pic32c/8.3.1/arm/v5te/nofp\libgcc.a(_udivmoddi4.o)

.debug_str      0x00000000      0xbfb
 .debug_str     0x00000000       0x27 build/sam_9x75_eb/production/_ext/1360937237/main.o
 .debug_str     0x00000027       0xe1 build/sam_9x75_eb/production/_ext/2080577836/initialization.o
 .debug_str     0x00000108        0xe build/sam_9x75_eb/production/_ext/2080577836/interrupts.o
 .debug_str     0x00000116        0xd build/sam_9x75_eb/production/_ext/601893115/plib_mmu.o
 .debug_str     0x00000123        0x0 build/sam_9x75_eb/production/_ext/601902766/plib_clk.o
 .debug_str     0x00000123        0xa build/sam_9x75_eb/production/_ext/601890362/plib_pio.o
 .debug_str     0x0000012d        0xe build/sam_9x75_eb/production/_ext/601904789/plib_aic.o
 .debug_str     0x0000013b       0x8b build/sam_9x75_eb/production/_ext/2080577836/cstartup.o
 .debug_str     0x000001c6       0x8d build/sam_9x75_eb/production/_ext/2080577836/vectortrap.o
 .debug_str     0x00000253       0x1c build/sam_9x75_eb/production/_ext/1406570242/plib_sdmmc0.o
 .debug_str     0x0000026f        0xa build/sam_9x75_eb/production/_ext/1404889025/plib_tc0.o
 .debug_str     0x00000279      0x268 build/sam_9x75_eb/production/_ext/613417341/drv_sdmmc.o
 .debug_str     0x000004e1        0xe build/sam_9x75_eb/production/_ext/626097884/bsp.o
 .debug_str     0x000004ef       0x64 build/sam_9x75_eb/production/_ext/1219600167/sys_int.o
 .debug_str     0x00000553       0xd6 build/sam_9x75_eb/production/_ext/1045604261/sys_cache.o
 .debug_str     0x00000629       0x9b build/sam_9x75_eb/production/_ext/1360937237/app.o
 .debug_str     0x000006c4       0x28 build/sam_9x75_eb/production/_ext/2080577836/tasks.o
 .debug_str     0x000006ec      0x163 build/sam_9x75_eb/production/_ext/848834719/sys_time.o
 .debug_str     0x0000084f       0xec c:/program files/microchip/xc32/v3.01/bin/bin/../../lib/gcc/pic32c/8.3.1/arm/v5te/nofp\libgcc.a(_udivsi3.o)
 .debug_str     0x0000093b       0xec c:/program files/microchip/xc32/v3.01/bin/bin/../../lib/gcc/pic32c/8.3.1/arm/v5te/nofp\libgcc.a(_divsi3.o)
 .debug_str     0x00000a27       0xec c:/program files/microchip/xc32/v3.01/bin/bin/../../lib/gcc/pic32c/8.3.1/arm/v5te/nofp\libgcc.a(_dvmd_tls.o)
 .debug_str     0x00000b13       0xe8 c:/program files/microchip/xc32/v3.01/bin/bin/../../lib/gcc/pic32c/8.3.1/arm/v5te/nofp\libgcc.a(_aeabi_uldivmod.o)
 .debug_str     0x00000bfb        0x0 c:/program files/microchip/xc32/v3.01/bin/bin/../../lib/gcc/pic32c/8.3.1/arm/v5te/nofp\libgcc.a(_udivmoddi4.o)

.debug_frame    0x00000000      0xed0
 .debug_frame   0x00000000       0x28 build/sam_9x75_eb/production/_ext/1360937237/main.o
 .debug_frame   0x00000028       0x28 build/sam_9x75_eb/production/_ext/2080577836/initialization.o
 .debug_frame   0x00000050       0x60 build/sam_9x75_eb/production/_ext/2080577836/interrupts.o
 .debug_frame   0x000000b0       0xf8 build/sam_9x75_eb/production/_ext/601893115/plib_mmu.o
 .debug_frame   0x000001a8       0x2c build/sam_9x75_eb/production/_ext/601902766/plib_clk.o
 .debug_frame   0x000001d4       0xa0 build/sam_9x75_eb/production/_ext/601890362/plib_pio.o
 .debug_frame   0x00000274       0x64 build/sam_9x75_eb/production/_ext/601904789/plib_aic.o
 .debug_frame   0x000002d8      0x19c build/sam_9x75_eb/production/_ext/1406570242/plib_sdmmc0.o
 .debug_frame   0x00000474       0xd0 build/sam_9x75_eb/production/_ext/1404889025/plib_tc0.o
 .debug_frame   0x00000544      0x214 build/sam_9x75_eb/production/_ext/613417341/drv_sdmmc.o
 .debug_frame   0x00000758       0x20 build/sam_9x75_eb/production/_ext/626097884/bsp.o
 .debug_frame   0x00000778      0x118 build/sam_9x75_eb/production/_ext/1219600167/sys_int.o
 .debug_frame   0x00000890      0x148 build/sam_9x75_eb/production/_ext/1045604261/sys_cache.o
 .debug_frame   0x000009d8       0x54 build/sam_9x75_eb/production/_ext/1360937237/app.o
 .debug_frame   0x00000a2c       0x28 build/sam_9x75_eb/production/_ext/2080577836/tasks.o
 .debug_frame   0x00000a54      0x3d8 build/sam_9x75_eb/production/_ext/848834719/sys_time.o
 .debug_frame   0x00000e2c       0x20 c:/program files/microchip/xc32/v3.01/bin/bin/../../lib/gcc/pic32c/8.3.1/arm/v5te/nofp\libgcc.a(_udivsi3.o)
 .debug_frame   0x00000e4c       0x20 c:/program files/microchip/xc32/v3.01/bin/bin/../../lib/gcc/pic32c/8.3.1/arm/v5te/nofp\libgcc.a(_divsi3.o)
 .debug_frame   0x00000e6c       0x2c c:/program files/microchip/xc32/v3.01/bin/bin/../../lib/gcc/pic32c/8.3.1/arm/v5te/nofp\libgcc.a(_aeabi_uldivmod.o)
 .debug_frame   0x00000e98       0x38 c:/program files/microchip/xc32/v3.01/bin/bin/../../lib/gcc/pic32c/8.3.1/arm/v5te/nofp\libgcc.a(_udivmoddi4.o)

.stack          0x23f30800      0x100
 .stack         0x23f30800      0x100 stack

.eh_frame%z1    0x00000000        0x0
 .eh_frame      0x00000000        0x0 c:/program files/microchip/xc32/v3.01/bin/bin/../../lib/gcc/pic32c/8.3.1/arm/v5te/nofp/crtbegin.o
