Archive member included to satisfy reference by file (symbol)

c:/program files/microchip/xc32/v3.01/bin/bin/../../lib/gcc/pic32c/8.3.1/arm/v5te/nofp\libgcc.a(_udivsi3.o)
                              build/sam_9x75_eb/production/_ext/1479096388/plib_dbgu.o (__aeabi_uidiv)
c:/program files/microchip/xc32/v3.01/bin/bin/../../lib/gcc/pic32c/8.3.1/arm/v5te/nofp\libgcc.a(_dvmd_tls.o)
                              c:/program files/microchip/xc32/v3.01/bin/bin/../../lib/gcc/pic32c/8.3.1/arm/v5te/nofp\libgcc.a(_udivsi3.o) (__aeabi_idiv0)
c:/program files/microchip/xc32/v3.01/bin/bin/../../lib/gcc/pic32c/8.3.1/../../../../pic32c/lib/arm/v5te/nofp\libc_nano.a(lib_a-init.o)
                              build/sam_9x75_eb/production/_ext/2080577836/cstartup.o (__libc_init_array)
c:/program files/microchip/xc32/v3.01/bin/bin/../../lib/gcc/pic32c/8.3.1/../../../../pic32c/lib/arm/v5te/nofp\libc_nano.a(lib_a-memcpy-stub.o)
                              build/sam_9x75_eb/production/_ext/404212886/queue.o (memcpy)
c:/program files/microchip/xc32/v3.01/bin/bin/../../lib/gcc/pic32c/8.3.1/../../../../pic32c/lib/arm/v5te/nofp\libc_nano.a(lib_a-memset.o)
                              build/sam_9x75_eb/production/_ext/404212886/FreeRTOS_tasks.o (memset)

Microchip PIC32 Memory-Usage Report
        --------------------------------------------------------------------------
         Total Program Memory used  :           0           0  
        --------------------------------------------------------------------------


RAM Data-Memory Usage
section                    address  length [bytes]      (dec)  Description
-------                 ----------  -------------------------  -----------
.text                   0x23f00000         0x3138       12600   
.data                   0x23f03138           0x4c          76  Initialized data 
.relocate               0x23f03184           0x40          64   
.region_cache_aligned_c 0x23f03184           0x1c          28   
.bss                    0x23f04000        0x12158       74072  Uninitialized data 
.region_cache_aligned   0x23f16158            0x8           8   
.stacks                 0x23f16160         0x2140        8512   
         Total RAM used  :     0x17480       95360  0.0% of 0xf000000
        --------------------------------------------------------------------------
            Total Data Memory used  :     0x17480       95360  0.0% of 0xf000000
        --------------------------------------------------------------------------


Dynamic Data-Memory Reservation
section                    address  length [bytes]      (dec)  Description
-------                 ----------  -------------------------  -----------
heap                    0x23f182a8          0x200         512  Reserved for heap 
stack                   0x23f184c0      0xc0e7b38   202275640  Reserved for stack 

        --------------------------------------------------------------------------

Discarded input sections

 .text          0x00000000        0x0 c:/program files/microchip/xc32/v3.01/bin/bin/../../lib/gcc/pic32c/8.3.1/arm/v5te/nofp/crti.o
 .data          0x00000000        0x0 c:/program files/microchip/xc32/v3.01/bin/bin/../../lib/gcc/pic32c/8.3.1/arm/v5te/nofp/crti.o
 .bss           0x00000000        0x0 c:/program files/microchip/xc32/v3.01/bin/bin/../../lib/gcc/pic32c/8.3.1/arm/v5te/nofp/crti.o
 .xc_stack_usage.hdr
                0x00000000        0xe c:/program files/microchip/xc32/v3.01/bin/bin/../../lib/gcc/pic32c/8.3.1/arm/v5te/nofp/crti.o
 .xc_stack_usage
                0x00000000       0x26 c:/program files/microchip/xc32/v3.01/bin/bin/../../lib/gcc/pic32c/8.3.1/arm/v5te/nofp/crti.o
 .data          0x00000000        0x4 c:/program files/microchip/xc32/v3.01/bin/bin/../../lib/gcc/pic32c/8.3.1/arm/v5te/nofp/crtbegin.o
 .xc_stack_usage
                0x00000000       0x3c c:/program files/microchip/xc32/v3.01/bin/bin/../../lib/gcc/pic32c/8.3.1/arm/v5te/nofp/crtbegin.o
 .xc_stack_usage.hdr
                0x00000000        0xe c:/program files/microchip/xc32/v3.01/bin/bin/../../lib/gcc/pic32c/8.3.1/arm/v5te/nofp/crtbegin.o
 .text          0x00000000        0x0 build/sam_9x75_eb/production/_ext/626097884/bsp.o
 .data          0x00000000        0x0 build/sam_9x75_eb/production/_ext/626097884/bsp.o
 .bss           0x00000000        0x0 build/sam_9x75_eb/production/_ext/626097884/bsp.o
 .text          0x00000000        0x0 build/sam_9x75_eb/production/_ext/2065415150/osal_freertos.o
 .data          0x00000000        0x0 build/sam_9x75_eb/production/_ext/2065415150/osal_freertos.o
 .bss           0x00000000        0x0 build/sam_9x75_eb/production/_ext/2065415150/osal_freertos.o
 .text.OSAL_CRIT_Enter
                0x00000000       0x2c build/sam_9x75_eb/production/_ext/2065415150/osal_freertos.o
 .text.OSAL_CRIT_Leave
                0x00000000       0x24 build/sam_9x75_eb/production/_ext/2065415150/osal_freertos.o
 .text.OSAL_SEM_Create
[...]
Memory Configuration

Name             Origin             Length             Attributes
sram             0x00300000         0x00010000         xw
ram              0x21000000         0x0f000000         xwl !r
ram_nocache      0x20000000         0x01000000         !xrw
rom              0x00000000         0x00000000         xrl
*default*        0x00000000         0xffffffff

Linker script and memory map

LOAD c:/program files/microchip/xc32/v3.01/bin/bin/../../lib/gcc/pic32c/8.3.1/arm/v5te/nofp/crti.o
LOAD c:/program files/microchip/xc32/v3.01/bin/bin/../../lib/gcc/pic32c/8.3.1/arm/v5te/nofp/crtbegin.o
LOAD build/sam_9x75_eb/production/_ext/626097884/bsp.o
LOAD build/sam_9x75_eb/production/_ext/2065415150/osal_freertos.o
LOAD build/sam_9x75_eb/production/_ext/601904789/plib_aic.o
LOAD build/sam_9x75_eb/production/_ext/601902766/plib_clk.o
LOAD build/sam_9x75_eb/production/_ext/1479096388/plib_dbgu.o
LOAD build/sam_9x75_eb/production/_ext/601893115/plib_mmu.o
LOAD build/sam_9x75_eb/production/_ext/601890362/plib_pio.o
LOAD build/sam_9x75_eb/production/_ext/601890357/plib_pit.o
LOAD build/sam_9x75_eb/production/_ext/400366566/xc32_monitor.o
LOAD build/sam_9x75_eb/production/_ext/1045604261/sys_cache.o
LOAD build/sam_9x75_eb/production/_ext/1219600167/sys_int.o
LOAD build/sam_9x75_eb/production/_ext/2080577836/initialization.o
LOAD build/sam_9x75_eb/production/_ext/2080577836/interrupts.o
LOAD build/sam_9x75_eb/production/_ext/2080577836/cstartup.o
LOAD build/sam_9x75_eb/production/_ext/2080577836/vectortrap.o
LOAD build/sam_9x75_eb/production/_ext/2080577836/freertos_hooks.o
LOAD build/sam_9x75_eb/production/_ext/2080577836/tasks.o
LOAD build/sam_9x75_eb/production/_ext/1665200909/heap_1.o
LOAD build/sam_9x75_eb/production/_ext/244007993/port.o
LOAD build/sam_9x75_eb/production/_ext/244007993/portASM.o
LOAD build/sam_9x75_eb/production/_ext/244007993/FreeRTOS_tick_config.o
LOAD build/sam_9x75_eb/production/_ext/404212886/croutine.o
LOAD build/sam_9x75_eb/production/_ext/404212886/list.o
LOAD build/sam_9x75_eb/production/_ext/404212886/queue.o
LOAD build/sam_9x75_eb/production/_ext/404212886/FreeRTOS_tasks.o
LOAD build/sam_9x75_eb/production/_ext/404212886/timers.o
LOAD build/sam_9x75_eb/production/_ext/404212886/event_groups.o
LOAD build/sam_9x75_eb/production/_ext/404212886/stream_buffer.o
LOAD build/sam_9x75_eb/production/_ext/1360937237/main.o
LOAD build/sam_9x75_eb/production/_ext/1360937237/task1.o
LOAD build/sam_9x75_eb/production/_ext/1360937237/task2.o
LOAD build/sam_9x75_eb/production/_ext/1360937237/task3.o
LOAD build/sam_9x75_eb/production/_ext/1360937237/task4.o
                0x00000001                __MPLAB_BUILD = 0x1
                0x00001000                C_STACK_SIZE = 0x1000
                0x00000060                IRQ_STACK_SIZE = 0x60
                0x00000060                FIQ_STACK_SIZE = 0x60
                0x00001000                SVC_STACK_SIZE = 0x1000
                0x00000040                ABT_STACK_SIZE = 0x40
                0x00000040                UND_STACK_SIZE = 0x40

.text           0x23f00000     0x3138
                0x23f00000                . = ALIGN (0x4)
                [!provide]                PROVIDE (_sfixed = .)
 *(.textEntry)
 .textEntry     0x23f00000      0x10c build/sam_9x75_eb/production/_ext/2080577836/cstartup.o
                0x23f00000                entry
 *(.text .text.* .gnu.linkonce.t.*)
 .text          0x23f0010c       0x6c c:/program files/microchip/xc32/v3.01/bin/bin/../../lib/gcc/pic32c/8.3.1/arm/v5te/nofp/crtbegin.o
 .text.BSP_Initialize
                0x23f00178       0x20 build/sam_9x75_eb/production/_ext/626097884/bsp.o
                0x23f00178                BSP_Initialize
 .text.AIC_INT_Initialize
                0x23f00198      0x110 build/sam_9x75_eb/production/_ext/601904789/plib_aic.o
                0x23f00198                AIC_INT_Initialize
 .text.CLK_Initialize
                0x23f002a8       0xb0 build/sam_9x75_eb/production/_ext/601902766/plib_clk.o
                0x23f002a8                CLK_Initialize
 .text.DBGU_WritePendingBytesGet
                0x23f00358       0x20 build/sam_9x75_eb/production/_ext/1479096388/plib_dbgu.o
 .text.DBGU_Initialize
                0x23f00378       0x6c build/sam_9x75_eb/production/_ext/1479096388/plib_dbgu.o
                0x23f00378                DBGU_Initialize
 .text.DBGU_Read
                0x23f003e4       0xcc build/sam_9x75_eb/production/_ext/1479096388/plib_dbgu.o
                0x23f003e4                DBGU_Read
 .text.DBGU_ReadCountGet
                0x23f004b0       0x20 build/sam_9x75_eb/production/_ext/1479096388/plib_dbgu.o
                0x23f004b0                DBGU_ReadCountGet
 .text.DBGU_ReadNotificationEnable
                0x23f004d0       0x1c build/sam_9x75_eb/production/_ext/1479096388/plib_dbgu.o
                0x23f004d0                DBGU_ReadNotificationEnable
 .text.DBGU_ReadThresholdSet
                0x23f004ec       0x14 build/sam_9x75_eb/production/_ext/1479096388/plib_dbgu.o
                0x23f004ec                DBGU_ReadThresholdSet
 .text.DBGU_ReadCallbackRegister
                0x23f00500       0x14 build/sam_9x75_eb/production/_ext/1479096388/plib_dbgu.o
                0x23f00500                DBGU_ReadCallbackRegister
 .text.DBGU_Write
                0x23f00514       0x94 build/sam_9x75_eb/production/_ext/1479096388/plib_dbgu.o
                0x23f00514                DBGU_Write
 .text.DBGU_WriteFreeBufferCountGet
                0x23f005a8       0x14 build/sam_9x75_eb/production/_ext/1479096388/plib_dbgu.o
                0x23f005a8                DBGU_WriteFreeBufferCountGet
 .text.DBGU_InterruptHandler
                0x23f005bc      0x224 build/sam_9x75_eb/production/_ext/1479096388/plib_dbgu.o
                0x23f005bc                DBGU_InterruptHandler
 .text.icache_InvalidateAll
                0x23f007e0        0xc build/sam_9x75_eb/production/_ext/601893115/plib_mmu.o
                0x23f007e0                icache_InvalidateAll
 .text.icache_Enable
                0x23f007ec       0x20 build/sam_9x75_eb/production/_ext/601893115/plib_mmu.o
                0x23f007ec                icache_Enable
 .text.dcache_InvalidateAll
                0x23f0080c       0x38 build/sam_9x75_eb/production/_ext/601893115/plib_mmu.o
                0x23f0080c                dcache_InvalidateAll
 .text.dcache_Enable
                0x23f00844       0x20 build/sam_9x75_eb/production/_ext/601893115/plib_mmu.o
                0x23f00844                dcache_Enable
 .text.MMU_Initialize
                0x23f00864      0x20c build/sam_9x75_eb/production/_ext/601893115/plib_mmu.o
                0x23f00864                MMU_Initialize
 .text.PIO_Initialize
                0x23f00a70       0xfc build/sam_9x75_eb/production/_ext/601890362/plib_pio.o
                0x23f00a70                PIO_Initialize
 .text.PIO_PortInterruptEnable
                0x23f00b6c        0x8 build/sam_9x75_eb/production/_ext/601890362/plib_pio.o
                0x23f00b6c                PIO_PortInterruptEnable
 .text.PIO_PinInterruptCallbackRegister
                0x23f00b74       0xac build/sam_9x75_eb/production/_ext/601890362/plib_pio.o
                0x23f00b74                PIO_PinInterruptCallbackRegister
 .text._PIO_Interrupt_Handler
                0x23f00c20       0x80 build/sam_9x75_eb/production/_ext/601890362/plib_pio.o
                0x23f00c20                _PIO_Interrupt_Handler
 .text.PIOC_InterruptHandler
                0x23f00ca0       0x14 build/sam_9x75_eb/production/_ext/601890362/plib_pio.o
                0x23f00ca0                PIOC_InterruptHandler
 .text.PIT_TimerInitialize
                0x23f00cb4       0x18 build/sam_9x75_eb/production/_ext/601890357/plib_pit.o
                0x23f00cb4                PIT_TimerInitialize
 .text.PIT_TimerStart
                0x23f00ccc       0x14 build/sam_9x75_eb/production/_ext/601890357/plib_pit.o
                0x23f00ccc                PIT_TimerStart
 .text.PIT_TimerStop
                0x23f00ce0       0x28 build/sam_9x75_eb/production/_ext/601890357/plib_pit.o
                0x23f00ce0                PIT_TimerStop
 .text.PIT_TimerPeriodSet
                0x23f00d08       0x3c build/sam_9x75_eb/production/_ext/601890357/plib_pit.o
                0x23f00d08                PIT_TimerPeriodSet
 .text.PIT_TimerFrequencyGet
                0x23f00d44        0xc build/sam_9x75_eb/production/_ext/601890357/plib_pit.o
                0x23f00d44                PIT_TimerFrequencyGet
 .text.PIT_TimerCallbackSet
                0x23f00d50       0x14 build/sam_9x75_eb/production/_ext/601890357/plib_pit.o
                0x23f00d50                PIT_TimerCallbackSet
 .text.PIT_InterruptHandler
                0x23f00d64       0x5c build/sam_9x75_eb/production/_ext/601890357/plib_pit.o
                0x23f00d64                PIT_InterruptHandler
 .text.SYS_Initialize
                0x23f00dc0       0x94 build/sam_9x75_eb/production/_ext/2080577836/initialization.o
                0x23f00dc0                SYS_Initialize
 .text.SYSC_SharedHandler
                0x23f00e54        0xc build/sam_9x75_eb/production/_ext/2080577836/interrupts.o
                0x23f00e54                SYSC_SharedHandler
 .text.DefaultInterruptHandlerForSpurious
                0x23f00e60       0x18 build/sam_9x75_eb/production/_ext/2080577836/interrupts.o
                0x23f00e60                DefaultInterruptHandlerForSpurious
 *fill*         0x23f00e78        0x8 
 .text          0x23f00e80       0xa0 build/sam_9x75_eb/production/_ext/2080577836/cstartup.o
 .text.vApplicationStackOverflowHook
                0x23f00f20       0x18 build/sam_9x75_eb/production/_ext/2080577836/freertos_hooks.o
                0x23f00f20                vApplicationStackOverflowHook
 .text.vApplicationMallocFailedHook
                0x23f00f38       0x18 build/sam_9x75_eb/production/_ext/2080577836/freertos_hooks.o
                0x23f00f38                vApplicationMallocFailedHook
 .text._TASK1_Tasks
                0x23f00f50        0xc build/sam_9x75_eb/production/_ext/2080577836/tasks.o
                0x23f00f50                _TASK1_Tasks
 .text._TASK2_Tasks
                0x23f00f5c        0xc build/sam_9x75_eb/production/_ext/2080577836/tasks.o
                0x23f00f5c                _TASK2_Tasks
 .text._TASK3_Tasks
                0x23f00f68        0xc build/sam_9x75_eb/production/_ext/2080577836/tasks.o
                0x23f00f68                _TASK3_Tasks
 .text._TASK4_Tasks
                0x23f00f74        0xc build/sam_9x75_eb/production/_ext/2080577836/tasks.o
                0x23f00f74                _TASK4_Tasks
 .text.SYS_Tasks
                0x23f00f80       0xcc build/sam_9x75_eb/production/_ext/2080577836/tasks.o
                0x23f00f80                SYS_Tasks
 .text.pvPortMalloc
                0x23f0104c       0xa4 build/sam_9x75_eb/production/_ext/1665200909/heap_1.o
                0x23f0104c                pvPortMalloc
 .text.vPortFree
                0x23f010f0        0x4 build/sam_9x75_eb/production/_ext/1665200909/heap_1.o
                0x23f010f0                vPortFree
 .text.prvTaskExitError
                0x23f010f4       0x18 build/sam_9x75_eb/production/_ext/244007993/port.o
 .text.pxPortInitialiseStack
                0x23f0110c       0xbc build/sam_9x75_eb/production/_ext/244007993/port.o
                0x23f0110c                pxPortInitialiseStack
 .text.xPortStartScheduler
                0x23f011c8       0x14 build/sam_9x75_eb/production/_ext/244007993/port.o
                0x23f011c8                xPortStartScheduler
 .text.vPortEnterCritical
                0x23f011dc       0x2c build/sam_9x75_eb/production/_ext/244007993/port.o
                0x23f011dc                vPortEnterCritical
 .text.vPortExitCritical
                0x23f01208       0x48 build/sam_9x75_eb/production/_ext/244007993/port.o
                0x23f01208                vPortExitCritical
 .text.FreeRTOS_Tick_Handler
                0x23f01250       0x48 build/sam_9x75_eb/production/_ext/244007993/port.o
                0x23f01250                FreeRTOS_Tick_Handler
 *fill*         0x23f01298        0x8 
 .text          0x23f012a0      0x190 build/sam_9x75_eb/production/_ext/244007993/portASM.o
                0x23f012a0                FreeRTOS_SWI_Handler
                0x23f01330                FreeRTOS_IRQ_Handler
                0x23f013f0                vPortStartFirstTask
 .text.vConfigureTickInterrupt
                0x23f01430       0x38 build/sam_9x75_eb/production/_ext/244007993/FreeRTOS_tick_config.o
                0x23f01430                vConfigureTickInterrupt
 .text.vClear_Tick_Interrupt
                0x23f01468        0xc build/sam_9x75_eb/production/_ext/244007993/FreeRTOS_tick_config.o
                0x23f01468                vClear_Tick_Interrupt
 .text.vListInitialise
                0x23f01474       0x24 build/sam_9x75_eb/production/_ext/404212886/list.o
                0x23f01474                vListInitialise
 .text.vListInitialiseItem
                0x23f01498        0xc build/sam_9x75_eb/production/_ext/404212886/list.o
                0x23f01498                vListInitialiseItem
 .text.vListInsertEnd
                0x23f014a4       0x2c build/sam_9x75_eb/production/_ext/404212886/list.o
                0x23f014a4                vListInsertEnd
 .text.vListInsert
                0x23f014d0       0x58 build/sam_9x75_eb/production/_ext/404212886/list.o
                0x23f014d0                vListInsert
 .text.uxListRemove
                0x23f01528       0x44 build/sam_9x75_eb/production/_ext/404212886/list.o
                0x23f01528                uxListRemove
 .text.prvIsQueueEmpty
                0x23f0156c       0x20 build/sam_9x75_eb/production/_ext/404212886/queue.o
 .text.prvCopyDataToQueue
                0x23f0158c       0xdc build/sam_9x75_eb/production/_ext/404212886/queue.o
 .text.prvUnlockQueue
                0x23f01668       0xec build/sam_9x75_eb/production/_ext/404212886/queue.o
 .text.xQueueGenericReset
                0x23f01754       0x98 build/sam_9x75_eb/production/_ext/404212886/queue.o
                0x23f01754                xQueueGenericReset
 .text.xQueueGenericCreate
                0x23f017ec       0x4c build/sam_9x75_eb/production/_ext/404212886/queue.o
                0x23f017ec                xQueueGenericCreate
 .text.xQueueGenericSend
                0x23f01838      0x178 build/sam_9x75_eb/production/_ext/404212886/queue.o
                0x23f01838                xQueueGenericSend
 .text.xQueueCreateMutex
                0x23f019b0       0x44 build/sam_9x75_eb/production/_ext/404212886/queue.o
                0x23f019b0                xQueueCreateMutex
 .text.xQueueGiveFromISR
                0x23f019f4       0xd0 build/sam_9x75_eb/production/_ext/404212886/queue.o
                0x23f019f4                xQueueGiveFromISR
 .text.xQueueSemaphoreTake
                0x23f01ac4      0x1c0 build/sam_9x75_eb/production/_ext/404212886/queue.o
                0x23f01ac4                xQueueSemaphoreTake
 .text.prvResetNextTaskUnblockTime
                0x23f01c84       0x40 build/sam_9x75_eb/production/_ext/404212886/FreeRTOS_tasks.o
 .text.prvIdleTask
                0x23f01cc4       0x90 build/sam_9x75_eb/production/_ext/404212886/FreeRTOS_tasks.o
 .text.prvAddCurrentTaskToDelayedList
                0x23f01d54      0x100 build/sam_9x75_eb/production/_ext/404212886/FreeRTOS_tasks.o
 .text.xTaskCreate
                0x23f01e54      0x2b4 build/sam_9x75_eb/production/_ext/404212886/FreeRTOS_tasks.o
                0x23f01e54                xTaskCreate
 .text.vTaskStartScheduler
                0x23f02108       0x90 build/sam_9x75_eb/production/_ext/404212886/FreeRTOS_tasks.o
                0x23f02108                vTaskStartScheduler
 .text.vTaskSuspendAll
                0x23f02198       0x18 build/sam_9x75_eb/production/_ext/404212886/FreeRTOS_tasks.o
                0x23f02198                vTaskSuspendAll
 .text.xTaskGetTickCount
                0x23f021b0       0x10 build/sam_9x75_eb/production/_ext/404212886/FreeRTOS_tasks.o
                0x23f021b0                xTaskGetTickCount
 .text.xTaskIncrementTick
                0x23f021c0      0x1a4 build/sam_9x75_eb/production/_ext/404212886/FreeRTOS_tasks.o
                0x23f021c0                xTaskIncrementTick
 .text.xTaskResumeAll
                0x23f02364      0x140 build/sam_9x75_eb/production/_ext/404212886/FreeRTOS_tasks.o
                0x23f02364                xTaskResumeAll
 .text.vTaskDelay
                0x23f024a4       0x34 build/sam_9x75_eb/production/_ext/404212886/FreeRTOS_tasks.o
                0x23f024a4                vTaskDelay
 .text.vTaskSwitchContext
                0x23f024d8      0x110 build/sam_9x75_eb/production/_ext/404212886/FreeRTOS_tasks.o
                0x23f024d8                vTaskSwitchContext
 .text.vTaskPlaceOnEventList
                0x23f025e8       0x2c build/sam_9x75_eb/production/_ext/404212886/FreeRTOS_tasks.o
                0x23f025e8                vTaskPlaceOnEventList
 .text.xTaskRemoveFromEventList
                0x23f02614       0xb0 build/sam_9x75_eb/production/_ext/404212886/FreeRTOS_tasks.o
                0x23f02614                xTaskRemoveFromEventList
 .text.vTaskInternalSetTimeOutState
                0x23f026c4       0x24 build/sam_9x75_eb/production/_ext/404212886/FreeRTOS_tasks.o
                0x23f026c4                vTaskInternalSetTimeOutState
 .text.xTaskCheckForTimeOut
                0x23f026e8       0x9c build/sam_9x75_eb/production/_ext/404212886/FreeRTOS_tasks.o
                0x23f026e8                xTaskCheckForTimeOut
 .text.vTaskMissedYield
                0x23f02784       0x14 build/sam_9x75_eb/production/_ext/404212886/FreeRTOS_tasks.o
                0x23f02784                vTaskMissedYield
 .text.xTaskPriorityInherit
                0x23f02798      0x114 build/sam_9x75_eb/production/_ext/404212886/FreeRTOS_tasks.o
                0x23f02798                xTaskPriorityInherit
 .text.xTaskPriorityDisinherit
                0x23f028ac       0xd0 build/sam_9x75_eb/production/_ext/404212886/FreeRTOS_tasks.o
                0x23f028ac                xTaskPriorityDisinherit
 .text.vTaskPriorityDisinheritAfterTimeout
                0x23f0297c       0xc4 build/sam_9x75_eb/production/_ext/404212886/FreeRTOS_tasks.o
                0x23f0297c                vTaskPriorityDisinheritAfterTimeout
 .text.pvTaskIncrementMutexHeldCount
                0x23f02a40       0x30 build/sam_9x75_eb/production/_ext/404212886/FreeRTOS_tasks.o
                0x23f02a40                pvTaskIncrementMutexHeldCount
 .text.main     0x23f02a70       0x14 build/sam_9x75_eb/production/_ext/1360937237/main.o
                0x23f02a70                main
 .text.TASK1_Initialize
                0x23f02a84       0x44 build/sam_9x75_eb/production/_ext/1360937237/task1.o
                0x23f02a84                TASK1_Initialize
 .text.TASK1_Tasks
                0x23f02ac8       0x9c build/sam_9x75_eb/production/_ext/1360937237/task1.o
                0x23f02ac8                TASK1_Tasks
 .text.TASK2_Initialize
                0x23f02b64       0x14 build/sam_9x75_eb/production/_ext/1360937237/task2.o
                0x23f02b64                TASK2_Initialize
 .text.TASK2_Tasks
                0x23f02b78       0x9c build/sam_9x75_eb/production/_ext/1360937237/task2.o
                0x23f02b78                TASK2_Tasks
 .text.uartReadEventHandler
                0x23f02c14       0x44 build/sam_9x75_eb/production/_ext/1360937237/task3.o
                0x23f02c14                uartReadEventHandler
 .text.TASK3_Initialize
                0x23f02c58       0x14 build/sam_9x75_eb/production/_ext/1360937237/task3.o
                0x23f02c58                TASK3_Initialize
 .text.TASK3_Tasks
                0x23f02c6c      0x138 build/sam_9x75_eb/production/_ext/1360937237/task3.o
                0x23f02c6c                TASK3_Tasks
 .text.SwitchPress_Handler
                0x23f02da4       0x3c build/sam_9x75_eb/production/_ext/1360937237/task4.o
 .text.TASK4_Initialize
                0x23f02de0       0x14 build/sam_9x75_eb/production/_ext/1360937237/task4.o
                0x23f02de0                TASK4_Initialize
 .text.TASK4_Tasks
                0x23f02df4       0xf8 build/sam_9x75_eb/production/_ext/1360937237/task4.o
                0x23f02df4                TASK4_Tasks
 .text.__libc_init_array
                0x23f02eec       0x70 c:/program files/microchip/xc32/v3.01/bin/bin/../../lib/gcc/pic32c/8.3.1/../../../../pic32c/lib/arm/v5te/nofp\libc_nano.a(lib_a-init.o)
                0x23f02eec                __libc_init_array
 .text.memcpy   0x23f02f5c       0x1c c:/program files/microchip/xc32/v3.01/bin/bin/../../lib/gcc/pic32c/8.3.1/../../../../pic32c/lib/arm/v5te/nofp\libc_nano.a(lib_a-memcpy-stub.o)
                0x23f02f5c                memcpy
 .text.memset   0x23f02f78       0x18 c:/program files/microchip/xc32/v3.01/bin/bin/../../lib/gcc/pic32c/8.3.1/../../../../pic32c/lib/arm/v5te/nofp\libc_nano.a(lib_a-memset.o)
                0x23f02f78                memset
 *(.rodata .rodata* .gnu.linkonce.r.*)
 .rodata        0x23f02f90       0x20 build/sam_9x75_eb/production/_ext/601902766/plib_clk.o
 .rodata        0x23f02fb0       0x30 build/sam_9x75_eb/production/_ext/2080577836/tasks.o
 .rodata        0x23f02fe0        0x8 build/sam_9x75_eb/production/_ext/404212886/FreeRTOS_tasks.o
 .rodata        0x23f02fe8       0x40 build/sam_9x75_eb/production/_ext/1360937237/task1.o
 .rodata        0x23f03028       0x30 build/sam_9x75_eb/production/_ext/1360937237/task2.o
 .rodata        0x23f03058       0x48 build/sam_9x75_eb/production/_ext/1360937237/task3.o
 .rodata        0x23f030a0       0x60 build/sam_9x75_eb/production/_ext/1360937237/task4.o
 *(.ARM.extab* .gnu.linkonce.armextab.*)
                0x23f03100                . = ALIGN (0x4)
 *(.init)
 .init          0x23f03100        0xc c:/program files/microchip/xc32/v3.01/bin/bin/../../lib/gcc/pic32c/8.3.1/arm/v5te/nofp/crti.o
                0x23f03100                _init
 .init          0x23f0310c        0xc c:/program files/microchip/xc32/v3.01/bin/bin/../../lib/gcc/pic32c/8.3.1/arm/v5te/nofp/crtn.o
                0x23f03118                . = ALIGN (0x4)
                0x23f03118                PROVIDE (__preinit_array_start = .)
 *(.preinit_array)
                0x23f03118                PROVIDE (__preinit_array_end = .)
                0x23f03118                . = ALIGN (0x4)
                0x23f03118                PROVIDE (__init_array_start = .)
 *(SORT_BY_NAME(.init_array.*))
 *(.init_array)
 .init_array    0x23f03118        0x4 c:/program files/microchip/xc32/v3.01/bin/bin/../../lib/gcc/pic32c/8.3.1/arm/v5te/nofp/crtbegin.o
                0x23f0311c                PROVIDE (__init_array_end = .)
                0x23f0311c                . = ALIGN (0x4)
 *crtbegin.o(.ctors)
 *(EXCLUDE_FILE(*crtend.o) .ctors)
 *(SORT_BY_NAME(.ctors.*))
 *crtend.o(.ctors)
                0x23f0311c                . = ALIGN (0x4)
 *(.fini)
 .fini          0x23f0311c        0xc c:/program files/microchip/xc32/v3.01/bin/bin/../../lib/gcc/pic32c/8.3.1/arm/v5te/nofp/crti.o
                0x23f0311c                _fini
 .fini          0x23f03128        0xc c:/program files/microchip/xc32/v3.01/bin/bin/../../lib/gcc/pic32c/8.3.1/arm/v5te/nofp/crtn.o
                0x23f03134                . = ALIGN (0x4)
                [!provide]                PROVIDE (__fini_array_start = .)
 *(.fini_array)
 .fini_array    0x23f03134        0x4 c:/program files/microchip/xc32/v3.01/bin/bin/../../lib/gcc/pic32c/8.3.1/arm/v5te/nofp/crtbegin.o
 *(SORT_BY_NAME(.fini_array.*))
                [!provide]                PROVIDE (__fini_array_end = .)
 *crtbegin.o(.dtors)
 *(EXCLUDE_FILE(*crtend.o) .dtors)
 *(SORT_BY_NAME(.dtors.*))
 *crtend.o(.dtors)
 *(.dinit*)
                0x23f03138                . = ALIGN (0x4)

.data           0x23f03138       0x4c
 *(.data .data.*)
 .data.portNumCb
                0x23f03138        0x6 build/sam_9x75_eb/production/_ext/601890362/plib_pio.o
                0x23f03138                portNumCb
 *fill*         0x23f0313e        0x2 
 .data.irqData  0x23f03140       0x3c build/sam_9x75_eb/production/_ext/2080577836/interrupts.o
                0x23f03140                irqData
 .data.irqDataEntryCount
                0x23f0317c        0x4 build/sam_9x75_eb/production/_ext/2080577836/interrupts.o
                0x23f0317c                irqDataEntryCount
 .data.ulCriticalNesting
                0x23f03180        0x4 build/sam_9x75_eb/production/_ext/244007993/port.o
                0x23f03180                ulCriticalNesting
                0x23f03184                . = ALIGN (0x4)
                [!provide]                PROVIDE (_efixed = .)
                [!provide]                PROVIDE (__exidx_start = .)

.ARM.exidx
 *(.ARM.exidx* .gnu.linkonce.armexidx.*)
                [!provide]                PROVIDE (__exidx_end = .)
                0x23f03184                . = ALIGN (0x4)
                0x23f03184                PROVIDE (_etext = .)

.relocate       0x00300000       0x40 load address 0x23f03184
                0x00300000                . = ALIGN (0x4)
                0x00300000                PROVIDE (_srelocate = .)
 *(.vectors .vectors.*)
 .vectors       0x00300000       0x3c build/sam_9x75_eb/production/_ext/2080577836/cstartup.o
 .vectors       0x0030003c        0x4 build/sam_9x75_eb/production/_ext/2080577836/vectortrap.o
                0x0030003c                software_interrupt_irq_handler
                0x0030003c                prefetch_abort_irq_handler
                0x0030003c                data_abort_irq_handler
                0x0030003c                undefined_instruction_irq_handler
 *(.ramfunc)
                0x00300040                . = ALIGN (0x4)
                0x00300040                PROVIDE (_erelocate = .)

.region_cache_aligned_const
                0x23f03184       0x1c
                0x23f031a0                . = ALIGN (0x20)
 *fill*         0x23f03184       0x1c 
 *(.region_cache_aligned_const)
                0x23f031a0                . = ALIGN (0x20)

.region_sram    0x00300040        0x0
                0x00300040                . = ALIGN (0x4)
 *(.region_sram)

.region_ram     0x23f031a0        0x0
                0x23f031a0                . = ALIGN (0x4)
 *(.region_ram)

.region_nocache
                0x20000000        0x0
                0x20000000                . = ALIGN (0x4)
 *(.region_nocache)

.bss            0x23f04000    0x12158
                0x23f04000                . = ALIGN (0x4)
                0x23f04000                PROVIDE (_szero = .)
 *(.bss .bss.*)
 .bss           0x23f04000       0x1c c:/program files/microchip/xc32/v3.01/bin/bin/../../lib/gcc/pic32c/8.3.1/arm/v5te/nofp/crtbegin.o
 .bss.DBGU_ReadBuffer
                0x23f0401c       0x10 build/sam_9x75_eb/production/_ext/1479096388/plib_dbgu.o
 .bss.DBGU_WriteBuffer
                0x23f0402c      0x200 build/sam_9x75_eb/production/_ext/1479096388/plib_dbgu.o
 .bss.dbguObj   0x23f0422c       0x38 build/sam_9x75_eb/production/_ext/1479096388/plib_dbgu.o
                0x23f0422c                dbguObj
 *fill*         0x23f04264     0x3d9c 
 .bss.trns_tbl  0x23f08000     0x4000 build/sam_9x75_eb/production/_ext/601893115/plib_mmu.o
 .bss.portPinCbObj
                0x23f0c000        0xc build/sam_9x75_eb/production/_ext/601890362/plib_pio.o
                0x23f0c000                portPinCbObj
 .bss.pit       0x23f0c00c        0xc build/sam_9x75_eb/production/_ext/601890357/plib_pit.o
 .bss.spuriousEventCount
                0x23f0c018        0x4 build/sam_9x75_eb/production/_ext/2080577836/interrupts.o
                0x23f0c018                spuriousEventCount
 .bss.xTASK1_Tasks
                0x23f0c01c        0x4 build/sam_9x75_eb/production/_ext/2080577836/tasks.o
                0x23f0c01c                xTASK1_Tasks
 .bss.xTASK2_Tasks
                0x23f0c020        0x4 build/sam_9x75_eb/production/_ext/2080577836/tasks.o
                0x23f0c020                xTASK2_Tasks
 .bss.xTASK3_Tasks
                0x23f0c024        0x4 build/sam_9x75_eb/production/_ext/2080577836/tasks.o
                0x23f0c024                xTASK3_Tasks
 .bss.xTASK4_Tasks
                0x23f0c028        0x4 build/sam_9x75_eb/production/_ext/2080577836/tasks.o
                0x23f0c028                xTASK4_Tasks
 .bss.pucAlignedHeap.5354
                0x23f0c02c        0x4 build/sam_9x75_eb/production/_ext/1665200909/heap_1.o
 .bss.ucHeap    0x23f0c030     0xa000 build/sam_9x75_eb/production/_ext/1665200909/heap_1.o
 .bss.xNextFreeByte
                0x23f16030        0x4 build/sam_9x75_eb/production/_ext/1665200909/heap_1.o
 .bss.ulPortYieldRequired
                0x23f16034        0x4 build/sam_9x75_eb/production/_ext/244007993/port.o
                0x23f16034                ulPortYieldRequired
 .bss.pxCurrentTCB
                0x23f16038        0x4 build/sam_9x75_eb/production/_ext/404212886/FreeRTOS_tasks.o
                0x23f16038                pxCurrentTCB
 .bss.pxDelayedTaskList
                0x23f1603c        0x4 build/sam_9x75_eb/production/_ext/404212886/FreeRTOS_tasks.o
 .bss.pxOverflowDelayedTaskList
                0x23f16040        0x4 build/sam_9x75_eb/production/_ext/404212886/FreeRTOS_tasks.o
 .bss.pxReadyTasksLists
                0x23f16044       0x64 build/sam_9x75_eb/production/_ext/404212886/FreeRTOS_tasks.o
 .bss.uxCurrentNumberOfTasks
                0x23f160a8        0x4 build/sam_9x75_eb/production/_ext/404212886/FreeRTOS_tasks.o
 .bss.uxDeletedTasksWaitingCleanUp
                0x23f160ac        0x4 build/sam_9x75_eb/production/_ext/404212886/FreeRTOS_tasks.o
 .bss.uxSchedulerSuspended
                0x23f160b0        0x4 build/sam_9x75_eb/production/_ext/404212886/FreeRTOS_tasks.o
 .bss.uxTaskNumber
                0x23f160b4        0x4 build/sam_9x75_eb/production/_ext/404212886/FreeRTOS_tasks.o
 .bss.uxTopReadyPriority
                0x23f160b8        0x4 build/sam_9x75_eb/production/_ext/404212886/FreeRTOS_tasks.o
 .bss.xDelayedTaskList1
                0x23f160bc       0x14 build/sam_9x75_eb/production/_ext/404212886/FreeRTOS_tasks.o
 .bss.xDelayedTaskList2
                0x23f160d0       0x14 build/sam_9x75_eb/production/_ext/404212886/FreeRTOS_tasks.o
 .bss.xIdleTaskHandle
                0x23f160e4        0x4 build/sam_9x75_eb/production/_ext/404212886/FreeRTOS_tasks.o
 .bss.xNextTaskUnblockTime
                0x23f160e8        0x4 build/sam_9x75_eb/production/_ext/404212886/FreeRTOS_tasks.o
 .bss.xNumOfOverflows
                0x23f160ec        0x4 build/sam_9x75_eb/production/_ext/404212886/FreeRTOS_tasks.o
 .bss.xPendedTicks
                0x23f160f0        0x4 build/sam_9x75_eb/production/_ext/404212886/FreeRTOS_tasks.o
 .bss.xPendingReadyList
                0x23f160f4       0x14 build/sam_9x75_eb/production/_ext/404212886/FreeRTOS_tasks.o
 .bss.xSchedulerRunning
                0x23f16108        0x4 build/sam_9x75_eb/production/_ext/404212886/FreeRTOS_tasks.o
 .bss.xSuspendedTaskList
                0x23f1610c       0x14 build/sam_9x75_eb/production/_ext/404212886/FreeRTOS_tasks.o
 .bss.xTasksWaitingTermination
                0x23f16120       0x14 build/sam_9x75_eb/production/_ext/404212886/FreeRTOS_tasks.o
 .bss.xTickCount
                0x23f16134        0x4 build/sam_9x75_eb/production/_ext/404212886/FreeRTOS_tasks.o
 .bss.xYieldPending
                0x23f16138        0x4 build/sam_9x75_eb/production/_ext/404212886/FreeRTOS_tasks.o
 .bss.task1Data
                0x23f1613c        0x1 build/sam_9x75_eb/production/_ext/1360937237/task1.o
                0x23f1613c                task1Data
 *fill*         0x23f1613d        0x3 
 .bss.uartMutexLock
                0x23f16140        0x4 build/sam_9x75_eb/production/_ext/1360937237/task1.o
                0x23f16140                uartMutexLock
 .bss.task2Data
                0x23f16144        0x1 build/sam_9x75_eb/production/_ext/1360937237/task2.o
                0x23f16144                task2Data
 *fill*         0x23f16145        0x3 
 .bss.dataRxSemaphore
                0x23f16148        0x4 build/sam_9x75_eb/production/_ext/1360937237/task3.o
 .bss.task3Data
                0x23f1614c        0x1 build/sam_9x75_eb/production/_ext/1360937237/task3.o
                0x23f1614c                task3Data
 *fill*         0x23f1614d        0x3 
 .bss.switchPressSemaphore
                0x23f16150        0x4 build/sam_9x75_eb/production/_ext/1360937237/task4.o
 .bss.task4Data
                0x23f16154        0x1 build/sam_9x75_eb/production/_ext/1360937237/task4.o
                0x23f16154                task4Data
 *(COMMON)
                0x23f16158                . = ALIGN (0x4)
 *fill*         0x23f16155        0x3 
                0x23f16158                PROVIDE (_ezero = .)

.region_cache_aligned
                0x23f16158        0x8
                0x23f16160                . = ALIGN (0x20)
 *fill*         0x23f16158        0x8 
 *(.region_cache_aligned)
                0x23f16160                . = ALIGN (0x20)

.stacks         0x23f16160     0x2140
                0x23f161c0                . = (. + IRQ_STACK_SIZE)
 *fill*         0x23f16160       0x60 
                0x23f161c0                . = ALIGN (0x8)
                0x23f161c0                _irqstack = .
                0x23f16220                . = (. + FIQ_STACK_SIZE)
 *fill*         0x23f161c0       0x60 
                0x23f16220                . = ALIGN (0x8)
                0x23f16220                _fiqstack = .
                0x23f16260                . = (. + ABT_STACK_SIZE)
 *fill*         0x23f16220       0x40 
                0x23f16260                . = ALIGN (0x8)
                0x23f16260                _abtstack = .
                0x23f162a0                . = (. + UND_STACK_SIZE)
 *fill*         0x23f16260       0x40 
                0x23f162a0                . = ALIGN (0x8)
                0x23f162a0                _undstack = .
                0x23f172a0                . = (. + SVC_STACK_SIZE)
 *fill*         0x23f162a0     0x1000 
                0x23f172a0                . = ALIGN (0x8)
                0x23f172a0                _svcstack = .
                0x23f182a0                . = (. + C_STACK_SIZE)
 *fill*         0x23f172a0     0x1000 
                0x23f182a0                . = ALIGN (0x8)
                0x23f182a0                _cstack = .
                0x23f182a0                _end = .
                0x23f182a0                _ramcode_lma = _end

.ramcode        0x00300040        0x0 load address 0x23f182a0
                0x00300040                _sramcode = .
 *(.ramcode_section)
                0x00300040                _eramcode = .
                0x23f182a0                _ramdata_lma = ((_end + _eramcode) - _sramcode)

.ramdata        0x00300040        0x0 load address 0x23f182a0
                0x00300040                _sramdata = .
 *(.ramdata_section)
                0x00300040                _eramdata = .
                0x00000200                _min_heap_size = 0x200
START GROUP
LOAD c:/program files/microchip/xc32/v3.01/bin/bin/../../lib/gcc/pic32c/8.3.1/../../../../pic32c/lib/arm/v5te/nofp\libpic32c.a
LOAD c:/program files/microchip/xc32/v3.01/bin/bin/../../lib/gcc/pic32c/8.3.1/arm/v5te/nofp\libgcc.a
LOAD c:/program files/microchip/xc32/v3.01/bin/bin/../../lib/gcc/pic32c/8.3.1/../../../../pic32c/lib/arm/v5te/nofp\libm_nano.a
LOAD c:/program files/microchip/xc32/v3.01/bin/bin/../../lib/gcc/pic32c/8.3.1/../../../../pic32c/lib/arm/v5te/nofp\libc_nano.a
END GROUP
LOAD c:/program files/microchip/xc32/v3.01/bin/bin/../../lib/gcc/pic32c/8.3.1/arm/v5te/nofp/crtend.o
LOAD c:/program files/microchip/xc32/v3.01/bin/bin/../../lib/gcc/pic32c/8.3.1/arm/v5te/nofp/crtn.o
OUTPUT(dist/sam_9x75_eb/production/sam_9x75_eb.X.production.elf elf32-littlearm)
LOAD stack

.ARM.attributes
                0x00000000       0x28
 .ARM.attributes
                0x00000000       0x1d c:/program files/microchip/xc32/v3.01/bin/bin/../../lib/gcc/pic32c/8.3.1/arm/v5te/nofp/crti.o
 .ARM.attributes
                0x0000001d       0x2b c:/program files/microchip/xc32/v3.01/bin/bin/../../lib/gcc/pic32c/8.3.1/arm/v5te/nofp/crtbegin.o
 .ARM.attributes
                0x00000048       0x2c build/sam_9x75_eb/production/_ext/626097884/bsp.o
 .ARM.attributes
                0x00000074       0x2c build/sam_9x75_eb/production/_ext/601904789/plib_aic.o
 .ARM.attributes
                0x000000a0       0x2c build/sam_9x75_eb/production/_ext/601902766/plib_clk.o
 .ARM.attributes
                0x000000cc       0x2c build/sam_9x75_eb/production/_ext/1479096388/plib_dbgu.o
 .ARM.attributes
                0x000000f8       0x2c build/sam_9x75_eb/production/_ext/601893115/plib_mmu.o
 .ARM.attributes
                0x00000124       0x2c build/sam_9x75_eb/production/_ext/601890362/plib_pio.o
 .ARM.attributes
                0x00000150       0x2c build/sam_9x75_eb/production/_ext/601890357/plib_pit.o
 .ARM.attributes
                0x0000017c       0x2c build/sam_9x75_eb/production/_ext/2080577836/initialization.o
 .ARM.attributes
                0x000001a8       0x2c build/sam_9x75_eb/production/_ext/2080577836/interrupts.o
 .ARM.attributes
                0x000001d4       0x1c build/sam_9x75_eb/production/_ext/2080577836/cstartup.o
 .ARM.attributes
                0x000001f0       0x1c build/sam_9x75_eb/production/_ext/2080577836/vectortrap.o
 .ARM.attributes
                0x0000020c       0x2c build/sam_9x75_eb/production/_ext/2080577836/freertos_hooks.o
 .ARM.attributes
                0x00000238       0x2c build/sam_9x75_eb/production/_ext/2080577836/tasks.o
 .ARM.attributes
                0x00000264       0x2c build/sam_9x75_eb/production/_ext/1665200909/heap_1.o
 .ARM.attributes
                0x00000290       0x2c build/sam_9x75_eb/production/_ext/244007993/port.o
 .ARM.attributes
                0x000002bc       0x1c build/sam_9x75_eb/production/_ext/244007993/portASM.o
 .ARM.attributes
                0x000002d8       0x2c build/sam_9x75_eb/production/_ext/244007993/FreeRTOS_tick_config.o
 .ARM.attributes
                0x00000304       0x2c build/sam_9x75_eb/production/_ext/404212886/list.o
 .ARM.attributes
                0x00000330       0x2c build/sam_9x75_eb/production/_ext/404212886/queue.o
 .ARM.attributes
                0x0000035c       0x2c build/sam_9x75_eb/production/_ext/404212886/FreeRTOS_tasks.o
 .ARM.attributes
                0x00000388       0x2c build/sam_9x75_eb/production/_ext/1360937237/main.o
 .ARM.attributes
                0x000003b4       0x2c build/sam_9x75_eb/production/_ext/1360937237/task1.o
 .ARM.attributes
                0x000003e0       0x2c build/sam_9x75_eb/production/_ext/1360937237/task2.o
 .ARM.attributes
                0x0000040c       0x2c build/sam_9x75_eb/production/_ext/1360937237/task3.o
 .ARM.attributes
                0x00000438       0x2c build/sam_9x75_eb/production/_ext/1360937237/task4.o
 .ARM.attributes
                0x00000464       0x2b c:/program files/microchip/xc32/v3.01/bin/bin/../../lib/gcc/pic32c/8.3.1/../../../../pic32c/lib/arm/v5te/nofp\libc_nano.a(lib_a-init.o)
 .ARM.attributes
                0x0000048f       0x2b c:/program files/microchip/xc32/v3.01/bin/bin/../../lib/gcc/pic32c/8.3.1/../../../../pic32c/lib/arm/v5te/nofp\libc_nano.a(lib_a-memcpy-stub.o)
 .ARM.attributes
                0x000004ba       0x2b c:/program files/microchip/xc32/v3.01/bin/bin/../../lib/gcc/pic32c/8.3.1/../../../../pic32c/lib/arm/v5te/nofp\libc_nano.a(lib_a-memset.o)
 .ARM.attributes
                0x000004e5       0x1d c:/program files/microchip/xc32/v3.01/bin/bin/../../lib/gcc/pic32c/8.3.1/arm/v5te/nofp/crtn.o

.comment        0x00000000       0x53
 .comment       0x00000000       0x53 c:/program files/microchip/xc32/v3.01/bin/bin/../../lib/gcc/pic32c/8.3.1/arm/v5te/nofp/crtbegin.o
                                 0x54 (size before relaxing)
 .comment       0x00000053       0x54 build/sam_9x75_eb/production/_ext/626097884/bsp.o
 .comment       0x00000053       0x54 build/sam_9x75_eb/production/_ext/601904789/plib_aic.o
 .comment       0x00000053       0x54 build/sam_9x75_eb/production/_ext/601902766/plib_clk.o
 .comment       0x00000053       0x54 build/sam_9x75_eb/production/_ext/1479096388/plib_dbgu.o
 .comment       0x00000053       0x54 build/sam_9x75_eb/production/_ext/601893115/plib_mmu.o
 .comment       0x00000053       0x54 build/sam_9x75_eb/production/_ext/601890362/plib_pio.o
 .comment       0x00000053       0x54 build/sam_9x75_eb/production/_ext/601890357/plib_pit.o
 .comment       0x00000053       0x54 build/sam_9x75_eb/production/_ext/2080577836/initialization.o
 .comment       0x00000053       0x54 build/sam_9x75_eb/production/_ext/2080577836/interrupts.o
 .comment       0x00000053       0x54 build/sam_9x75_eb/production/_ext/2080577836/freertos_hooks.o
 .comment       0x00000053       0x54 build/sam_9x75_eb/production/_ext/2080577836/tasks.o
 .comment       0x00000053       0x54 build/sam_9x75_eb/production/_ext/1665200909/heap_1.o
 .comment       0x00000053       0x54 build/sam_9x75_eb/production/_ext/244007993/port.o
 .comment       0x00000053       0x54 build/sam_9x75_eb/production/_ext/244007993/FreeRTOS_tick_config.o
 .comment       0x00000053       0x54 build/sam_9x75_eb/production/_ext/404212886/list.o
 .comment       0x00000053       0x54 build/sam_9x75_eb/production/_ext/404212886/queue.o
 .comment       0x00000053       0x54 build/sam_9x75_eb/production/_ext/404212886/FreeRTOS_tasks.o
 .comment       0x00000053       0x54 build/sam_9x75_eb/production/_ext/1360937237/main.o
 .comment       0x00000053       0x54 build/sam_9x75_eb/production/_ext/1360937237/task1.o
 .comment       0x00000053       0x54 build/sam_9x75_eb/production/_ext/1360937237/task2.o
 .comment       0x00000053       0x54 build/sam_9x75_eb/production/_ext/1360937237/task3.o
 .comment       0x00000053       0x54 build/sam_9x75_eb/production/_ext/1360937237/task4.o
 .comment       0x00000053       0x54 c:/program files/microchip/xc32/v3.01/bin/bin/../../lib/gcc/pic32c/8.3.1/../../../../pic32c/lib/arm/v5te/nofp\libc_nano.a(lib_a-init.o)
 .comment       0x00000053       0x54 c:/program files/microchip/xc32/v3.01/bin/bin/../../lib/gcc/pic32c/8.3.1/../../../../pic32c/lib/arm/v5te/nofp\libc_nano.a(lib_a-memcpy-stub.o)
 .comment       0x00000053       0x54 c:/program files/microchip/xc32/v3.01/bin/bin/../../lib/gcc/pic32c/8.3.1/../../../../pic32c/lib/arm/v5te/nofp\libc_nano.a(lib_a-memset.o)

.debug_info     0x00000000    0x1d0c7
 .debug_info    0x00000000     0x1532 build/sam_9x75_eb/production/_ext/626097884/bsp.o
 .debug_info    0x00001532     0x16ef build/sam_9x75_eb/production/_ext/601904789/plib_aic.o
 .debug_info    0x00002c21      0x8c8 build/sam_9x75_eb/production/_ext/601902766/plib_clk.o
 .debug_info    0x000034e9     0x143c build/sam_9x75_eb/production/_ext/1479096388/plib_dbgu.o
 .debug_info    0x00004925      0xe33 build/sam_9x75_eb/production/_ext/601893115/plib_mmu.o
 .debug_info    0x00005758     0x1593 build/sam_9x75_eb/production/_ext/601890362/plib_pio.o
 .debug_info    0x00006ceb      0x815 build/sam_9x75_eb/production/_ext/601890357/plib_pit.o
 .debug_info    0x00007500     0x15ee build/sam_9x75_eb/production/_ext/2080577836/initialization.o
 .debug_info    0x00008aee     0x14ac build/sam_9x75_eb/production/_ext/2080577836/interrupts.o
 .debug_info    0x00009f9a       0x22 build/sam_9x75_eb/production/_ext/2080577836/cstartup.o
 .debug_info    0x00009fbc       0x26 build/sam_9x75_eb/production/_ext/2080577836/vectortrap.o
 .debug_info    0x00009fe2      0x493 build/sam_9x75_eb/production/_ext/2080577836/freertos_hooks.o
 .debug_info    0x0000a475     0x12a6 build/sam_9x75_eb/production/_ext/2080577836/tasks.o
 .debug_info    0x0000b71b     0x10ce build/sam_9x75_eb/production/_ext/1665200909/heap_1.o
 .debug_info    0x0000c7e9     0x12fc build/sam_9x75_eb/production/_ext/244007993/port.o
 .debug_info    0x0000dae5       0x26 build/sam_9x75_eb/production/_ext/244007993/portASM.o
 .debug_info    0x0000db0b     0x1540 build/sam_9x75_eb/production/_ext/244007993/FreeRTOS_tick_config.o
 .debug_info    0x0000f04b     0x11f1 build/sam_9x75_eb/production/_ext/404212886/list.o
 .debug_info    0x0001023c     0x2c17 build/sam_9x75_eb/production/_ext/404212886/queue.o
 .debug_info    0x00012e53     0x385d build/sam_9x75_eb/production/_ext/404212886/FreeRTOS_tasks.o
 .debug_info    0x000166b0      0xfb4 build/sam_9x75_eb/production/_ext/1360937237/main.o
 .debug_info    0x00017664     0x1269 build/sam_9x75_eb/production/_ext/1360937237/task1.o
 .debug_info    0x000188cd     0x1225 build/sam_9x75_eb/production/_ext/1360937237/task2.o
 .debug_info    0x00019af2     0x1b10 build/sam_9x75_eb/production/_ext/1360937237/task3.o
 .debug_info    0x0001b602     0x1ac5 build/sam_9x75_eb/production/_ext/1360937237/task4.o

.debug_abbrev   0x00000000     0x39ef
 .debug_abbrev  0x00000000      0x1cb build/sam_9x75_eb/production/_ext/626097884/bsp.o
 .debug_abbrev  0x000001cb      0x2e7 build/sam_9x75_eb/production/_ext/601904789/plib_aic.o
 .debug_abbrev  0x000004b2      0x151 build/sam_9x75_eb/production/_ext/601902766/plib_clk.o
 .debug_abbrev  0x00000603      0x4a1 build/sam_9x75_eb/production/_ext/1479096388/plib_dbgu.o
 .debug_abbrev  0x00000aa4      0x242 build/sam_9x75_eb/production/_ext/601893115/plib_mmu.o
 .debug_abbrev  0x00000ce6      0x285 build/sam_9x75_eb/production/_ext/601890362/plib_pio.o
 .debug_abbrev  0x00000f6b      0x1a9 build/sam_9x75_eb/production/_ext/601890357/plib_pit.o
 .debug_abbrev  0x00001114      0x26b build/sam_9x75_eb/production/_ext/2080577836/initialization.o
 .debug_abbrev  0x0000137f      0x243 build/sam_9x75_eb/production/_ext/2080577836/interrupts.o
 .debug_abbrev  0x000015c2       0x12 build/sam_9x75_eb/production/_ext/2080577836/cstartup.o
 .debug_abbrev  0x000015d4       0x14 build/sam_9x75_eb/production/_ext/2080577836/vectortrap.o
 .debug_abbrev  0x000015e8       0xf7 build/sam_9x75_eb/production/_ext/2080577836/freertos_hooks.o
 .debug_abbrev  0x000016df      0x246 build/sam_9x75_eb/production/_ext/2080577836/tasks.o
 .debug_abbrev  0x00001925      0x2af build/sam_9x75_eb/production/_ext/1665200909/heap_1.o
 .debug_abbrev  0x00001bd4      0x2ee build/sam_9x75_eb/production/_ext/244007993/port.o
 .debug_abbrev  0x00001ec2       0x14 build/sam_9x75_eb/production/_ext/244007993/portASM.o
 .debug_abbrev  0x00001ed6      0x2aa build/sam_9x75_eb/production/_ext/244007993/FreeRTOS_tick_config.o
 .debug_abbrev  0x00002180      0x270 build/sam_9x75_eb/production/_ext/404212886/list.o
 .debug_abbrev  0x000023f0      0x464 build/sam_9x75_eb/production/_ext/404212886/queue.o
 .debug_abbrev  0x00002854      0x516 build/sam_9x75_eb/production/_ext/404212886/FreeRTOS_tasks.o
 .debug_abbrev  0x00002d6a      0x20d build/sam_9x75_eb/production/_ext/1360937237/main.o
 .debug_abbrev  0x00002f77      0x251 build/sam_9x75_eb/production/_ext/1360937237/task1.o
 .debug_abbrev  0x000031c8      0x260 build/sam_9x75_eb/production/_ext/1360937237/task2.o
 .debug_abbrev  0x00003428      0x2ba build/sam_9x75_eb/production/_ext/1360937237/task3.o
 .debug_abbrev  0x000036e2      0x30d build/sam_9x75_eb/production/_ext/1360937237/task4.o

.debug_aranges  0x00000000      0x800
 .debug_aranges
                0x00000000       0x20 build/sam_9x75_eb/production/_ext/626097884/bsp.o
 .debug_aranges
                0x00000020       0x38 build/sam_9x75_eb/production/_ext/601904789/plib_aic.o
 .debug_aranges
                0x00000058       0x20 build/sam_9x75_eb/production/_ext/601902766/plib_clk.o
 .debug_aranges
                0x00000078       0xb0 build/sam_9x75_eb/production/_ext/1479096388/plib_dbgu.o
 .debug_aranges
                0x00000128       0x78 build/sam_9x75_eb/production/_ext/601893115/plib_mmu.o
 .debug_aranges
                0x000001a0       0x88 build/sam_9x75_eb/production/_ext/601890362/plib_pio.o
 .debug_aranges
                0x00000228       0x80 build/sam_9x75_eb/production/_ext/601890357/plib_pit.o
 .debug_aranges
                0x000002a8       0x20 build/sam_9x75_eb/production/_ext/2080577836/initialization.o
 .debug_aranges
                0x000002c8       0x40 build/sam_9x75_eb/production/_ext/2080577836/interrupts.o
 .debug_aranges
                0x00000308       0x30 build/sam_9x75_eb/production/_ext/2080577836/cstartup.o
 .debug_aranges
                0x00000338       0x20 build/sam_9x75_eb/production/_ext/2080577836/vectortrap.o
 .debug_aranges
                0x00000358       0x40 build/sam_9x75_eb/production/_ext/2080577836/freertos_hooks.o
 .debug_aranges
                0x00000398       0x40 build/sam_9x75_eb/production/_ext/2080577836/tasks.o
 .debug_aranges
                0x000003d8       0x38 build/sam_9x75_eb/production/_ext/1665200909/heap_1.o
 .debug_aranges
                0x00000410       0x50 build/sam_9x75_eb/production/_ext/244007993/port.o
 .debug_aranges
                0x00000460       0x20 build/sam_9x75_eb/production/_ext/244007993/portASM.o
 .debug_aranges
                0x00000480       0x30 build/sam_9x75_eb/production/_ext/244007993/FreeRTOS_tick_config.o
 .debug_aranges
                0x000004b0       0x40 build/sam_9x75_eb/production/_ext/404212886/list.o
 .debug_aranges
                0x000004f0       0xc8 build/sam_9x75_eb/production/_ext/404212886/queue.o
 .debug_aranges
                0x000005b8      0x178 build/sam_9x75_eb/production/_ext/404212886/FreeRTOS_tasks.o
 .debug_aranges
                0x00000730       0x20 build/sam_9x75_eb/production/_ext/1360937237/main.o
 .debug_aranges
                0x00000750       0x28 build/sam_9x75_eb/production/_ext/1360937237/task1.o
 .debug_aranges
                0x00000778       0x28 build/sam_9x75_eb/production/_ext/1360937237/task2.o
 .debug_aranges
                0x000007a0       0x30 build/sam_9x75_eb/production/_ext/1360937237/task3.o
 .debug_aranges
                0x000007d0       0x30 build/sam_9x75_eb/production/_ext/1360937237/task4.o

.debug_ranges   0x00000000      0x9d0
 .debug_ranges  0x00000000       0x10 build/sam_9x75_eb/production/_ext/626097884/bsp.o
 .debug_ranges  0x00000010       0x40 build/sam_9x75_eb/production/_ext/601904789/plib_aic.o
 .debug_ranges  0x00000050       0x10 build/sam_9x75_eb/production/_ext/601902766/plib_clk.o
 .debug_ranges  0x00000060      0x150 build/sam_9x75_eb/production/_ext/1479096388/plib_dbgu.o
 .debug_ranges  0x000001b0      0x170 build/sam_9x75_eb/production/_ext/601893115/plib_mmu.o
 .debug_ranges  0x00000320       0x78 build/sam_9x75_eb/production/_ext/601890362/plib_pio.o
 .debug_ranges  0x00000398       0x70 build/sam_9x75_eb/production/_ext/601890357/plib_pit.o
 .debug_ranges  0x00000408       0x10 build/sam_9x75_eb/production/_ext/2080577836/initialization.o
 .debug_ranges  0x00000418       0x30 build/sam_9x75_eb/production/_ext/2080577836/interrupts.o
 .debug_ranges  0x00000448       0x28 build/sam_9x75_eb/production/_ext/2080577836/cstartup.o
 .debug_ranges  0x00000470       0x30 build/sam_9x75_eb/production/_ext/2080577836/freertos_hooks.o
 .debug_ranges  0x000004a0       0x30 build/sam_9x75_eb/production/_ext/2080577836/tasks.o
 .debug_ranges  0x000004d0       0x28 build/sam_9x75_eb/production/_ext/1665200909/heap_1.o
 .debug_ranges  0x000004f8       0x40 build/sam_9x75_eb/production/_ext/244007993/port.o
 .debug_ranges  0x00000538       0x20 build/sam_9x75_eb/production/_ext/244007993/FreeRTOS_tick_config.o
 .debug_ranges  0x00000558       0x30 build/sam_9x75_eb/production/_ext/404212886/list.o
 .debug_ranges  0x00000588      0x190 build/sam_9x75_eb/production/_ext/404212886/queue.o
 .debug_ranges  0x00000718      0x238 build/sam_9x75_eb/production/_ext/404212886/FreeRTOS_tasks.o
 .debug_ranges  0x00000950       0x10 build/sam_9x75_eb/production/_ext/1360937237/main.o
 .debug_ranges  0x00000960       0x18 build/sam_9x75_eb/production/_ext/1360937237/task1.o
 .debug_ranges  0x00000978       0x18 build/sam_9x75_eb/production/_ext/1360937237/task2.o
 .debug_ranges  0x00000990       0x20 build/sam_9x75_eb/production/_ext/1360937237/task3.o
 .debug_ranges  0x000009b0       0x20 build/sam_9x75_eb/production/_ext/1360937237/task4.o

.debug_line     0x00000000     0x7270
 .debug_line    0x00000000      0x1d3 build/sam_9x75_eb/production/_ext/626097884/bsp.o
 .debug_line    0x000001d3      0x4d9 build/sam_9x75_eb/production/_ext/601904789/plib_aic.o
 .debug_line    0x000006ac      0x198 build/sam_9x75_eb/production/_ext/601902766/plib_clk.o
 .debug_line    0x00000844      0x86b build/sam_9x75_eb/production/_ext/1479096388/plib_dbgu.o
 .debug_line    0x000010af      0x710 build/sam_9x75_eb/production/_ext/601893115/plib_mmu.o
 .debug_line    0x000017bf      0x4c1 build/sam_9x75_eb/production/_ext/601890362/plib_pio.o
 .debug_line    0x00001c80      0x3ab build/sam_9x75_eb/production/_ext/601890357/plib_pit.o
 .debug_line    0x0000202b      0x47a build/sam_9x75_eb/production/_ext/2080577836/initialization.o
 .debug_line    0x000024a5      0x2a7 build/sam_9x75_eb/production/_ext/2080577836/interrupts.o
 .debug_line    0x0000274c       0xf6 build/sam_9x75_eb/production/_ext/2080577836/cstartup.o
 .debug_line    0x00002842       0x56 build/sam_9x75_eb/production/_ext/2080577836/vectortrap.o
 .debug_line    0x00002898      0x181 build/sam_9x75_eb/production/_ext/2080577836/freertos_hooks.o
 .debug_line    0x00002a19      0x27f build/sam_9x75_eb/production/_ext/2080577836/tasks.o
 .debug_line    0x00002c98      0x2d6 build/sam_9x75_eb/production/_ext/1665200909/heap_1.o
 .debug_line    0x00002f6e      0x429 build/sam_9x75_eb/production/_ext/244007993/port.o
 .debug_line    0x00003397       0xa4 build/sam_9x75_eb/production/_ext/244007993/portASM.o
 .debug_line    0x0000343b      0x34c build/sam_9x75_eb/production/_ext/244007993/FreeRTOS_tick_config.o
 .debug_line    0x00003787      0x3c7 build/sam_9x75_eb/production/_ext/404212886/list.o
 .debug_line    0x00003b4e      0xffd build/sam_9x75_eb/production/_ext/404212886/queue.o
 .debug_line    0x00004b4b     0x17c9 build/sam_9x75_eb/production/_ext/404212886/FreeRTOS_tasks.o
 .debug_line    0x00006314      0x191 build/sam_9x75_eb/production/_ext/1360937237/main.o
 .debug_line    0x000064a5      0x32e build/sam_9x75_eb/production/_ext/1360937237/task1.o
 .debug_line    0x000067d3      0x319 build/sam_9x75_eb/production/_ext/1360937237/task2.o
 .debug_line    0x00006aec      0x3db build/sam_9x75_eb/production/_ext/1360937237/task3.o
 .debug_line    0x00006ec7      0x3a9 build/sam_9x75_eb/production/_ext/1360937237/task4.o

.debug_str      0x00000000      0xd21
 .debug_str     0x00000000        0xe build/sam_9x75_eb/production/_ext/626097884/bsp.o
 .debug_str     0x0000000e        0xe build/sam_9x75_eb/production/_ext/601904789/plib_aic.o
 .debug_str     0x0000001c        0x0 build/sam_9x75_eb/production/_ext/601902766/plib_clk.o
 .debug_str     0x0000001c       0xa5 build/sam_9x75_eb/production/_ext/1479096388/plib_dbgu.o
 .debug_str     0x000000c1        0xd build/sam_9x75_eb/production/_ext/601893115/plib_mmu.o
 .debug_str     0x000000ce       0x1d build/sam_9x75_eb/production/_ext/601890362/plib_pio.o
 .debug_str     0x000000eb       0x45 build/sam_9x75_eb/production/_ext/601890357/plib_pit.o
 .debug_str     0x00000130       0xc5 build/sam_9x75_eb/production/_ext/2080577836/initialization.o
 .debug_str     0x000001f5       0x23 build/sam_9x75_eb/production/_ext/2080577836/interrupts.o
 .debug_str     0x00000218       0x84 build/sam_9x75_eb/production/_ext/2080577836/cstartup.o
 .debug_str     0x0000029c       0x86 build/sam_9x75_eb/production/_ext/2080577836/vectortrap.o
 .debug_str     0x00000322       0x25 build/sam_9x75_eb/production/_ext/2080577836/freertos_hooks.o
 .debug_str     0x00000347       0x6b build/sam_9x75_eb/production/_ext/2080577836/tasks.o
 .debug_str     0x000003b2       0x4a build/sam_9x75_eb/production/_ext/1665200909/heap_1.o
 .debug_str     0x000003fc       0x76 build/sam_9x75_eb/production/_ext/244007993/port.o
 .debug_str     0x00000472       0xaa build/sam_9x75_eb/production/_ext/244007993/portASM.o
 .debug_str     0x0000051c       0x5b build/sam_9x75_eb/production/_ext/244007993/FreeRTOS_tick_config.o
 .debug_str     0x00000577       0x39 build/sam_9x75_eb/production/_ext/404212886/list.o
 .debug_str     0x000005b0      0x28d build/sam_9x75_eb/production/_ext/404212886/queue.o
 .debug_str     0x0000083d      0x276 build/sam_9x75_eb/production/_ext/404212886/FreeRTOS_tasks.o
 .debug_str     0x00000ab3       0x27 build/sam_9x75_eb/production/_ext/1360937237/main.o
 .debug_str     0x00000ada       0x6e build/sam_9x75_eb/production/_ext/1360937237/task1.o
 .debug_str     0x00000b48       0x5c build/sam_9x75_eb/production/_ext/1360937237/task2.o
 .debug_str     0x00000ba4       0xcd build/sam_9x75_eb/production/_ext/1360937237/task3.o
 .debug_str     0x00000c71       0xb0 build/sam_9x75_eb/production/_ext/1360937237/task4.o

.debug_frame    0x00000000     0x1118
 .debug_frame   0x00000000       0x20 build/sam_9x75_eb/production/_ext/626097884/bsp.o
 .debug_frame   0x00000020       0x64 build/sam_9x75_eb/production/_ext/601904789/plib_aic.o
 .debug_frame   0x00000084       0x2c build/sam_9x75_eb/production/_ext/601902766/plib_clk.o
 .debug_frame   0x000000b0      0x198 build/sam_9x75_eb/production/_ext/1479096388/plib_dbgu.o
 .debug_frame   0x00000248       0xf8 build/sam_9x75_eb/production/_ext/601893115/plib_mmu.o
 .debug_frame   0x00000340      0x10c build/sam_9x75_eb/production/_ext/601890362/plib_pio.o
 .debug_frame   0x0000044c      0x104 build/sam_9x75_eb/production/_ext/601890357/plib_pit.o
 .debug_frame   0x00000550       0x28 build/sam_9x75_eb/production/_ext/2080577836/initialization.o
 .debug_frame   0x00000578       0x68 build/sam_9x75_eb/production/_ext/2080577836/interrupts.o
 .debug_frame   0x000005e0       0x6c build/sam_9x75_eb/production/_ext/2080577836/freertos_hooks.o
 .debug_frame   0x0000064c       0x90 build/sam_9x75_eb/production/_ext/2080577836/tasks.o
 .debug_frame   0x000006dc       0x5c build/sam_9x75_eb/production/_ext/1665200909/heap_1.o
 .debug_frame   0x00000738       0x90 build/sam_9x75_eb/production/_ext/244007993/port.o
 .debug_frame   0x000007c8       0x50 build/sam_9x75_eb/production/_ext/244007993/FreeRTOS_tick_config.o
 .debug_frame   0x00000818       0x68 build/sam_9x75_eb/production/_ext/404212886/list.o
 .debug_frame   0x00000880      0x298 build/sam_9x75_eb/production/_ext/404212886/queue.o
 .debug_frame   0x00000b18      0x484 build/sam_9x75_eb/production/_ext/404212886/FreeRTOS_tasks.o
 .debug_frame   0x00000f9c       0x28 build/sam_9x75_eb/production/_ext/1360937237/main.o
 .debug_frame   0x00000fc4       0x48 build/sam_9x75_eb/production/_ext/1360937237/task1.o
 .debug_frame   0x0000100c       0x40 build/sam_9x75_eb/production/_ext/1360937237/task2.o
 .debug_frame   0x0000104c       0x68 build/sam_9x75_eb/production/_ext/1360937237/task3.o
 .debug_frame   0x000010b4       0x64 build/sam_9x75_eb/production/_ext/1360937237/task4.o

.debug_loc      0x00000000     0x4ee8
 .debug_loc     0x00000000      0x142 build/sam_9x75_eb/production/_ext/601904789/plib_aic.o
 .debug_loc     0x00000142       0x4e build/sam_9x75_eb/production/_ext/601902766/plib_clk.o
 .debug_loc     0x00000190      0x89c build/sam_9x75_eb/production/_ext/1479096388/plib_dbgu.o
 .debug_loc     0x00000a2c      0x584 build/sam_9x75_eb/production/_ext/601893115/plib_mmu.o
 .debug_loc     0x00000fb0      0x33d build/sam_9x75_eb/production/_ext/601890362/plib_pio.o
 .debug_loc     0x000012ed      0x2ec build/sam_9x75_eb/production/_ext/601890357/plib_pit.o
 .debug_loc     0x000015d9       0xd4 build/sam_9x75_eb/production/_ext/2080577836/initialization.o
 .debug_loc     0x000016ad       0x20 build/sam_9x75_eb/production/_ext/2080577836/interrupts.o
 .debug_loc     0x000016cd       0x82 build/sam_9x75_eb/production/_ext/2080577836/freertos_hooks.o
 .debug_loc     0x0000174f      0x14c build/sam_9x75_eb/production/_ext/2080577836/tasks.o
 .debug_loc     0x0000189b       0xbe build/sam_9x75_eb/production/_ext/1665200909/heap_1.o
 .debug_loc     0x00001959      0x1e0 build/sam_9x75_eb/production/_ext/244007993/port.o
 .debug_loc     0x00001b39       0x55 build/sam_9x75_eb/production/_ext/244007993/FreeRTOS_tick_config.o
 .debug_loc     0x00001b8e       0x99 build/sam_9x75_eb/production/_ext/404212886/list.o
 .debug_loc     0x00001c27     0x1480 build/sam_9x75_eb/production/_ext/404212886/queue.o
 .debug_loc     0x000030a7     0x1b31 build/sam_9x75_eb/production/_ext/404212886/FreeRTOS_tasks.o
 .debug_loc     0x00004bd8       0x20 build/sam_9x75_eb/production/_ext/1360937237/main.o
 .debug_loc     0x00004bf8       0x6f build/sam_9x75_eb/production/_ext/1360937237/task1.o
 .debug_loc     0x00004c67       0x4f build/sam_9x75_eb/production/_ext/1360937237/task2.o
 .debug_loc     0x00004cb6      0x122 build/sam_9x75_eb/production/_ext/1360937237/task3.o
 .debug_loc     0x00004dd8      0x110 build/sam_9x75_eb/production/_ext/1360937237/task4.o

.stack          0x23f184c0      0x100
 .stack         0x23f184c0      0x100 stack

.eh_frame%z1    0x00000000        0x0
 .eh_frame      0x00000000        0x0 c:/program files/microchip/xc32/v3.01/bin/bin/../../lib/gcc/pic32c/8.3.1/arm/v5te/nofp/crtbegin.o
